Clock: clk
Sources: wb_clk_i 
Generated: no
Virtual: yes
Propagated: no
Period: 25.000000

===========================================================================
report_clock_properties
============================================================================
Clock                   Period          Waveform
----------------------------------------------------
clk                  25.000000    0.000000 12.500000

===========================================================================
report_clock_latency
============================================================================
Clock clk
rise -> rise
    min     max
4.650000 5.570000 source latency
5.052762         network latency u_afe_wb/_1685_/CLK
        6.055997 network latency u_afe_wb/_1474_/CLK
---------------
9.702762 11.625998 latency
        1.923236 skew

fall -> fall
    min     max
4.650000 5.570000 source latency
5.196774         network latency u_afe_wb/_1685_/CLK
        6.205289 network latency u_afe_wb/_1474_/CLK
---------------
9.846774 11.775289 latency
        1.928514 skew



===========================================================================
report_clock_min_period
============================================================================
clk period_min = 3.23 fmax = 309.93
