Clock: clk
Sources: wb_clk_i 
Generated: no
Virtual: yes
Propagated: no
Period: 25.000000

===========================================================================
report_clock_properties
============================================================================
Clock                   Period          Waveform
----------------------------------------------------
clk                  25.000000    0.000000 12.500000

===========================================================================
report_clock_latency
============================================================================
Clock clk
rise -> rise
    min     max
4.650000 5.570000 source latency
5.065121         network latency u_afe_wb/_1613_/CLK
        6.075623 network latency u_afe_wb/_1627_/CLK
---------------
9.715121 11.645623 latency
        1.930502 skew

fall -> fall
    min     max
4.650000 5.570000 source latency
5.206894         network latency u_afe_wb/_1613_/CLK
        6.222034 network latency u_afe_wb/_1650_/CLK
---------------
9.856894 11.792034 latency
        1.935140 skew



===========================================================================
report_clock_min_period
============================================================================
clk period_min = 2.15 fmax = 465.92
