
===========================================================================
 report_power
============================================================================
======================= min_ff_n40C_1v95 Corner ===================================

Group                    Internal    Switching      Leakage        Total
                            Power        Power        Power        Power (Watts)
------------------------------------------------------------------------
Sequential           5.418184e-04 1.021757e-05 5.935347e-09 5.520419e-04  44.0%
Combinational        6.079139e-05 1.292016e-04 3.366100e-08 1.900267e-04  15.1%
Clock                2.625066e-04 2.510732e-04 3.170811e-09 5.135830e-04  40.9%
Macro                0.000000e+00 0.000000e+00 0.000000e+00 0.000000e+00   0.0%
Pad                  0.000000e+00 0.000000e+00 0.000000e+00 0.000000e+00   0.0%
------------------------------------------------------------------------
Total                8.651168e-04 3.904926e-04 4.276730e-08 1.255652e-03 100.0%
                            68.9%        31.1%         0.0%

