
===========================================================================
 report_power
============================================================================
======================= min_ff_n40C_1v95 Corner ===================================

Group                    Internal    Switching      Leakage        Total
                            Power        Power        Power        Power (Watts)
------------------------------------------------------------------------
Sequential           5.411300e-04 1.158687e-05 4.494203e-09 5.527214e-04  41.9%
Combinational        5.002257e-05 1.250174e-04 2.479579e-08 1.750647e-04  13.3%
Clock                3.088512e-04 2.824370e-04 3.694538e-09 5.912919e-04  44.8%
Macro                0.000000e+00 0.000000e+00 0.000000e+00 0.000000e+00   0.0%
Pad                  0.000000e+00 0.000000e+00 0.000000e+00 0.000000e+00   0.0%
------------------------------------------------------------------------
Total                9.000035e-04 4.190415e-04 3.298445e-08 1.319078e-03 100.0%
                            68.2%        31.8%         0.0%

