
===========================================================================
report_checks -unconstrained
===========================================================================
======================= max_ff_n40C_1v95 Corner ===================================

Startpoint: wb_rst_i (input port clocked by clk)
Endpoint: u_afe_wb/_1668_ (rising edge-triggered flip-flop clocked by clk)
Path Group: clk
Path Type: max

Fanout         Cap        Slew       Delay        Time   Description
---------------------------------------------------------------------------------------------
                                  0.000000    0.000000   clock clk (rise edge)
                                  5.570000    5.570000   clock network delay (propagated)
                                 12.500000   18.070000 v input external delay
     1    0.016267    0.000000    0.000000   18.070000 v wb_rst_i (in)
                                                         wb_rst_i (net)
                      0.002140    0.001124   18.071123 v u_afe_wb/input14/A (sky130_fd_sc_hd__clkdlybuf4s25_1)
     1    0.005316    0.038373    0.164777   18.235901 v u_afe_wb/input14/X (sky130_fd_sc_hd__clkdlybuf4s25_1)
                                                         u_afe_wb/net14 (net)
                      0.038376    0.000407   18.236307 v u_afe_wb/_0737_/A (sky130_fd_sc_hd__inv_2)
     4    0.070750    0.243302    0.187724   18.424030 ^ u_afe_wb/_0737_/Y (sky130_fd_sc_hd__inv_2)
                                                         u_afe_wb/_0478_ (net)
                      0.244953    0.017140   18.441172 ^ u_afe_wb/fanout492/A (sky130_fd_sc_hd__clkdlybuf4s25_1)
     4    0.038499    0.290930    0.387901   18.829073 ^ u_afe_wb/fanout492/X (sky130_fd_sc_hd__clkdlybuf4s25_1)
                                                         u_afe_wb/net492 (net)
                      0.291084    0.003727   18.832800 ^ u_afe_wb/fanout491/A (sky130_fd_sc_hd__clkdlybuf4s25_1)
     9    0.069826    0.519819    0.553383   19.386183 ^ u_afe_wb/fanout491/X (sky130_fd_sc_hd__clkdlybuf4s25_1)
                                                         u_afe_wb/net491 (net)
                      0.520269    0.013355   19.399536 ^ u_afe_wb/fanout486/A (sky130_fd_sc_hd__clkdlybuf4s25_1)
    13    0.064040    0.477542    0.529381   19.928917 ^ u_afe_wb/fanout486/X (sky130_fd_sc_hd__clkdlybuf4s25_1)
                                                         u_afe_wb/net486 (net)
                      0.477720    0.008086   19.937004 ^ u_afe_wb/_1281_/C1 (sky130_fd_sc_hd__o211a_2)
     1    0.002130    0.034903    0.112687   20.049690 ^ u_afe_wb/_1281_/X (sky130_fd_sc_hd__o211a_2)
                                                         u_afe_wb/_0194_ (net)
                      0.034903    0.000162   20.049852 ^ u_afe_wb/hold585/A (sky130_fd_sc_hd__dlygate4sd3_1)
     1    0.002560    0.035832    0.388541   20.438393 ^ u_afe_wb/hold585/X (sky130_fd_sc_hd__dlygate4sd3_1)
                                                         u_afe_wb/net585 (net)
                      0.035832    0.000181   20.438574 ^ u_afe_wb/_1668_/D (sky130_fd_sc_hd__dfxtp_2)
                                             20.438574   data arrival time

                                 25.000000   25.000000   clock clk (rise edge)
                                  4.650000   29.650000   clock source latency
     1    0.074704    0.610000    0.000000   29.650000 ^ wb_clk_i (in)
                                                         wb_clk_i (net)
                      0.649535    0.018780   29.668779 ^ u_afe_wb/clkbuf_0_wb_clk_i/A (sky130_fd_sc_hd__clkbuf_16)
     4    0.079405    0.084761    0.168376   29.837154 ^ u_afe_wb/clkbuf_0_wb_clk_i/X (sky130_fd_sc_hd__clkbuf_16)
                                                         u_afe_wb/clknet_0_wb_clk_i (net)
                      0.085482    0.005819   29.842974 ^ u_afe_wb/clkbuf_2_3__f_wb_clk_i/A (sky130_fd_sc_hd__clkbuf_16)
    10    0.115864    0.102022    0.140350   29.983324 ^ u_afe_wb/clkbuf_2_3__f_wb_clk_i/X (sky130_fd_sc_hd__clkbuf_16)
                                                         u_afe_wb/clknet_2_3__leaf_wb_clk_i (net)
                      0.103750    0.010029   29.993353 ^ u_afe_wb/clkbuf_leaf_16_wb_clk_i/A (sky130_fd_sc_hd__clkbuf_8)
     9    0.037317    0.058600    0.117140   30.110493 ^ u_afe_wb/clkbuf_leaf_16_wb_clk_i/X (sky130_fd_sc_hd__clkbuf_8)
                                                         u_afe_wb/clknet_leaf_16_wb_clk_i (net)
                      0.058767    0.002071   30.112564 ^ u_afe_wb/_1668_/CLK (sky130_fd_sc_hd__dfxtp_2)
                                 -0.250000   29.862562   clock uncertainty
                                  0.000000   29.862562   clock reconvergence pessimism
                                 -0.031036   29.831526   library setup time
                                             29.831526   data required time
---------------------------------------------------------------------------------------------
                                             29.831526   data required time
                                            -20.438574   data arrival time
---------------------------------------------------------------------------------------------
                                              9.392953   slack (MET)




===========================================================================
report_checks --slack_max -0.01
============================================================================
======================= max_ff_n40C_1v95 Corner ===================================

No paths found.


===========================================================================
 report_check_types -max_slew -max_cap -max_fanout -violators
============================================================================
======================= max_ff_n40C_1v95 Corner ===================================

max fanout

Pin                                   Limit Fanout  Slack
---------------------------------------------------------
u_afe_wb/fanout217/X                     10     17     -7 (VIOLATED)
u_afe_wb/_0945_/X                        10     16     -6 (VIOLATED)
u_afe_wb/fanout208/X                     10     16     -6 (VIOLATED)
u_afe_wb/fanout216/X                     10     16     -6 (VIOLATED)
u_afe_wb/fanout223/X                     10     16     -6 (VIOLATED)
u_afe_wb/fanout230/X                     10     16     -6 (VIOLATED)
u_afe_wb/fanout231/X                     10     16     -6 (VIOLATED)
u_afe_wb/fanout236/X                     10     16     -6 (VIOLATED)
u_afe_wb/fanout237/X                     10     16     -6 (VIOLATED)
u_afe_wb/fanout243/X                     10     16     -6 (VIOLATED)
u_afe_wb/fanout250/X                     10     16     -6 (VIOLATED)
u_afe_wb/fanout251/X                     10     16     -6 (VIOLATED)
u_afe_wb/load_slew475/X                  10     14     -4 (VIOLATED)
u_afe_wb/load_slew479/X                  10     14     -4 (VIOLATED)
u_afe_wb/load_slew490/X                  10     14     -4 (VIOLATED)
u_afe_wb/wire467/X                       10     14     -4 (VIOLATED)
u_afe_wb/fanout486/X                     10     13     -3 (VIOLATED)
u_afe_wb/load_slew464/X                  10     13     -3 (VIOLATED)
u_afe_wb/load_slew483/X                  10     13     -3 (VIOLATED)
u_afe_wb/load_slew260/X                  10     12     -2 (VIOLATED)
u_afe_wb/load_slew469/X                  10     12     -2 (VIOLATED)
u_afe_wb/load_slew477/X                  10     12     -2 (VIOLATED)
u_afe_wb/wire233/X                       10     12     -2 (VIOLATED)
u_afe_wb/wire239/X                       10     12     -2 (VIOLATED)
u_afe_wb/fanout465/X                     10     11        (VIOLATED)
u_afe_wb/wire225/X                       10     11        (VIOLATED)
u_afe_wb/wire421/X                       10     11        (VIOLATED)
u_afe_wb/wire443/X                       10     11        (VIOLATED)



===========================================================================
report_parasitic_annotation -report_unannotated
============================================================================
Found 389 unannotated drivers.
 analog_io[23]
 analog_io[28]
 io_in[0]
 io_in[10]
 io_in[11]
 io_in[12]
 io_in[13]
 io_in[14]
 io_in[15]
 io_in[16]
 io_in[17]
 io_in[18]
 io_in[19]
 io_in[1]
 io_in[20]
 io_in[21]
 io_in[22]
 io_in[23]
 io_in[24]
 io_in[25]
 io_in[26]
 io_in[27]
 io_in[28]
 io_in[29]
 io_in[2]
 io_in[30]
 io_in[31]
 io_in[32]
 io_in[33]
 io_in[34]
 io_in[35]
 io_in[36]
 io_in[37]
 io_in[3]
 io_in[4]
 io_in[5]
 io_in[6]
 io_in[7]
 io_in[8]
 io_in[9]
 la_data_in[0]
 la_data_in[100]
 la_data_in[101]
 la_data_in[102]
 la_data_in[103]
 la_data_in[104]
 la_data_in[105]
 la_data_in[106]
 la_data_in[107]
 la_data_in[108]
 la_data_in[109]
 la_data_in[10]
 la_data_in[110]
 la_data_in[111]
 la_data_in[112]
 la_data_in[113]
 la_data_in[114]
 la_data_in[115]
 la_data_in[116]
 la_data_in[117]
 la_data_in[118]
 la_data_in[119]
 la_data_in[11]
 la_data_in[120]
 la_data_in[121]
 la_data_in[122]
 la_data_in[123]
 la_data_in[124]
 la_data_in[125]
 la_data_in[126]
 la_data_in[127]
 la_data_in[12]
 la_data_in[13]
 la_data_in[14]
 la_data_in[15]
 la_data_in[16]
 la_data_in[17]
 la_data_in[18]
 la_data_in[19]
 la_data_in[1]
 la_data_in[20]
 la_data_in[21]
 la_data_in[22]
 la_data_in[23]
 la_data_in[24]
 la_data_in[25]
 la_data_in[26]
 la_data_in[27]
 la_data_in[28]
 la_data_in[29]
 la_data_in[2]
 la_data_in[30]
 la_data_in[31]
 la_data_in[32]
 la_data_in[33]
 la_data_in[34]
 la_data_in[35]
 la_data_in[36]
 la_data_in[37]
 la_data_in[38]
 la_data_in[39]
 la_data_in[3]
 la_data_in[40]
 la_data_in[41]
 la_data_in[42]
 la_data_in[43]
 la_data_in[44]
 la_data_in[45]
 la_data_in[46]
 la_data_in[47]
 la_data_in[48]
 la_data_in[49]
 la_data_in[4]
 la_data_in[50]
 la_data_in[51]
 la_data_in[52]
 la_data_in[53]
 la_data_in[54]
 la_data_in[55]
 la_data_in[56]
 la_data_in[57]
 la_data_in[58]
 la_data_in[59]
 la_data_in[5]
 la_data_in[60]
 la_data_in[61]
 la_data_in[62]
 la_data_in[63]
 la_data_in[64]
 la_data_in[65]
 la_data_in[66]
 la_data_in[67]
 la_data_in[68]
 la_data_in[69]
 la_data_in[6]
 la_data_in[70]
 la_data_in[71]
 la_data_in[72]
 la_data_in[73]
 la_data_in[74]
 la_data_in[75]
 la_data_in[76]
 la_data_in[77]
 la_data_in[78]
 la_data_in[79]
 la_data_in[7]
 la_data_in[80]
 la_data_in[81]
 la_data_in[82]
 la_data_in[83]
 la_data_in[84]
 la_data_in[85]
 la_data_in[86]
 la_data_in[87]
 la_data_in[88]
 la_data_in[89]
 la_data_in[8]
 la_data_in[90]
 la_data_in[91]
 la_data_in[92]
 la_data_in[93]
 la_data_in[94]
 la_data_in[95]
 la_data_in[96]
 la_data_in[97]
 la_data_in[98]
 la_data_in[99]
 la_data_in[9]
 la_oenb[0]
 la_oenb[100]
 la_oenb[101]
 la_oenb[102]
 la_oenb[103]
 la_oenb[104]
 la_oenb[105]
 la_oenb[106]
 la_oenb[107]
 la_oenb[108]
 la_oenb[109]
 la_oenb[10]
 la_oenb[110]
 la_oenb[111]
 la_oenb[112]
 la_oenb[113]
 la_oenb[114]
 la_oenb[115]
 la_oenb[116]
 la_oenb[117]
 la_oenb[118]
 la_oenb[119]
 la_oenb[11]
 la_oenb[120]
 la_oenb[121]
 la_oenb[122]
 la_oenb[123]
 la_oenb[124]
 la_oenb[125]
 la_oenb[126]
 la_oenb[127]
 la_oenb[12]
 la_oenb[13]
 la_oenb[14]
 la_oenb[15]
 la_oenb[16]
 la_oenb[17]
 la_oenb[18]
 la_oenb[19]
 la_oenb[1]
 la_oenb[20]
 la_oenb[21]
 la_oenb[22]
 la_oenb[23]
 la_oenb[24]
 la_oenb[25]
 la_oenb[26]
 la_oenb[27]
 la_oenb[28]
 la_oenb[29]
 la_oenb[2]
 la_oenb[30]
 la_oenb[31]
 la_oenb[32]
 la_oenb[33]
 la_oenb[34]
 la_oenb[35]
 la_oenb[36]
 la_oenb[37]
 la_oenb[38]
 la_oenb[39]
 la_oenb[3]
 la_oenb[40]
 la_oenb[41]
 la_oenb[42]
 la_oenb[43]
 la_oenb[44]
 la_oenb[45]
 la_oenb[46]
 la_oenb[47]
 la_oenb[48]
 la_oenb[49]
 la_oenb[4]
 la_oenb[50]
 la_oenb[51]
 la_oenb[52]
 la_oenb[53]
 la_oenb[54]
 la_oenb[55]
 la_oenb[56]
 la_oenb[57]
 la_oenb[58]
 la_oenb[59]
 la_oenb[5]
 la_oenb[60]
 la_oenb[61]
 la_oenb[62]
 la_oenb[63]
 la_oenb[64]
 la_oenb[65]
 la_oenb[66]
 la_oenb[67]
 la_oenb[68]
 la_oenb[69]
 la_oenb[6]
 la_oenb[70]
 la_oenb[71]
 la_oenb[72]
 la_oenb[73]
 la_oenb[74]
 la_oenb[75]
 la_oenb[76]
 la_oenb[77]
 la_oenb[78]
 la_oenb[79]
 la_oenb[7]
 la_oenb[80]
 la_oenb[81]
 la_oenb[82]
 la_oenb[83]
 la_oenb[84]
 la_oenb[85]
 la_oenb[86]
 la_oenb[87]
 la_oenb[88]
 la_oenb[89]
 la_oenb[8]
 la_oenb[90]
 la_oenb[91]
 la_oenb[92]
 la_oenb[93]
 la_oenb[94]
 la_oenb[95]
 la_oenb[96]
 la_oenb[97]
 la_oenb[98]
 la_oenb[99]
 la_oenb[9]
 u_afe_wb/afe_wb/HI
 u_afe_wb/afe_wb_502/HI
 u_afe_wb/afe_wb_503/HI
 u_afe_wb/afe_wb_504/HI
 u_afe_wb/afe_wb_505/HI
 u_afe_wb/afe_wb_506/HI
 u_afe_wb/afe_wb_507/HI
 u_afe_wb/afe_wb_508/HI
 u_afe_wb/afe_wb_509/HI
 u_afe_wb/afe_wb_510/HI
 u_afe_wb/afe_wb_511/HI
 u_afe_wb/afe_wb_512/HI
 u_afe_wb/afe_wb_513/HI
 u_afe_wb/afe_wb_514/HI
 u_afe_wb/afe_wb_515/HI
 u_afe_wb/afe_wb_516/HI
 u_afe_wb/afe_wb_517/HI
 u_afe_wb/afe_wb_518/HI
 u_afe_wb/afe_wb_519/HI
 u_afe_wb/afe_wb_520/HI
 u_afe_wb/afe_wb_521/HI
 u_afe_wb/afe_wb_522/HI
 u_afe_wb/afe_wb_523/HI
 u_afe_wb/afe_wb_524/HI
 u_afe_wb/afe_wb_525/HI
 u_afe_wb/afe_wb_526/HI
 u_afe_wb/afe_wb_527/HI
 u_afe_wb/afe_wb_528/HI
 u_afe_wb/afe_wb_529/HI
 u_afe_wb/afe_wb_530/HI
 u_afe_wb/afe_wb_531/HI
 u_afe_wb/afe_wb_532/HI
 u_afe_wb/afe_wb_533/HI
 u_afe_wb/afe_wb_534/HI
 u_afe_wb/afe_wb_535/HI
 u_afe_wb/afe_wb_536/LO
 u_afe_wb/afe_wb_537/LO
 u_afe_wb/afe_wb_538/LO
 u_afe_wb/afe_wb_539/LO
 u_afe_wb/afe_wb_540/LO
 u_afe_wb/afe_wb_541/LO
 u_afe_wb/afe_wb_542/LO
 u_afe_wb/afe_wb_543/LO
 u_afe_wb/afe_wb_544/LO
 u_afe_wb/afe_wb_545/LO
 u_afe_wb/afe_wb_546/LO
 u_afe_wb/afe_wb_547/LO
 u_afe_wb/afe_wb_548/LO
 u_afe_wb/afe_wb_549/LO
 u_afe_wb/afe_wb_550/LO
 u_afe_wb/afe_wb_551/LO
 u_afe_wb/afe_wb_552/LO
 u_afe_wb/afe_wb_553/LO
 u_afe_wb/afe_wb_554/LO
 u_afe_wb/afe_wb_555/LO
 u_afe_wb/afe_wb_556/LO
 u_afe_wb/afe_wb_557/LO
 u_afe_wb/afe_wb_558/LO
 u_afe_wb/afe_wb_559/LO
 u_afe_wb/afe_wb_560/LO
 u_afe_wb/afe_wb_561/LO
 u_afe_wb/afe_wb_562/LO
 u_afe_wb/afe_wb_563/LO
 u_afe_wb/clkload0/Y
 u_afe_wb/clkload1/X
 u_afe_wb/clkload10/X
 u_afe_wb/clkload11/X
 u_afe_wb/clkload12/X
 u_afe_wb/clkload13/Y
 u_afe_wb/clkload14/X
 u_afe_wb/clkload15/Y
 u_afe_wb/clkload16/X
 u_afe_wb/clkload17/X
 u_afe_wb/clkload18/X
 u_afe_wb/clkload19/X
 u_afe_wb/clkload2/X
 u_afe_wb/clkload20/X
 u_afe_wb/clkload21/X
 u_afe_wb/clkload22/X
 u_afe_wb/clkload23/X
 u_afe_wb/clkload24/X
 u_afe_wb/clkload25/X
 u_afe_wb/clkload26/Y
 u_afe_wb/clkload27/X
 u_afe_wb/clkload28/X
 u_afe_wb/clkload29/X
 u_afe_wb/clkload3/X
 u_afe_wb/clkload4/X
 u_afe_wb/clkload5/X
 u_afe_wb/clkload6/X
 u_afe_wb/clkload7/X
 u_afe_wb/clkload8/X
 u_afe_wb/clkload9/X
Found 68 partially unannotated drivers.
 u_afe_wb/wire261/X
  u_cf_adc_sar12/sample_width[3]
 u_afe_wb/wire262/X
  u_cf_adc_sar12/sample_width[4]
 u_afe_wb/wire263/X
  u_cf_adc_sar12/sample_width[5]
 u_afe_wb/wire264/X
  u_cf_adc_sar12/sample_width[6]
 u_afe_wb/wire266/X
  u_cf_adc_sar12/sample_width[7]
 u_afe_wb/wire267/X
  u_cf_adc_sar12/sample_width[8]
 u_afe_wb/wire268/X
  u_cf_adc_sar12/sample_width[9]
 u_afe_wb/wire269/X
  u_cf_adc_sar12/resolution[0]
 u_afe_wb/wire270/X
  u_cf_adc_sar12/resolution[1]
 u_afe_wb/wire291/X
  u_cf_adc_sar12_sar_refs/S_LV[0]
 u_afe_wb/wire292/X
  u_cf_adc_sar12_sar_refs/S_LV[1]
 u_afe_wb/wire293/X
  u_cf_adc_sar12_sar_refs/S_LV[2]
 u_afe_wb/wire294/X
  u_cf_adc_sar12_sar_refs/S_LV[3]
 u_afe_wb/wire295/X
  u_cf_adc_sar12_sar_refs/S_LV[4]
 u_afe_wb/wire296/X
  u_cf_adc_sar12_sar_refs/S_LV[5]
 u_afe_wb/wire297/X
  u_cf_adc_sar12_sar_refs/S_LV[6]
 u_afe_wb/wire298/X
  u_cf_adc_sar12_sar_refs/S_LV[7]
 u_afe_wb/wire313/X
  u_cf_adc_sar12_sar_refs/muxsarref[0]
 u_afe_wb/wire315/X
  u_cf_adc_sar12_sar_refs/muxsarref[2]
 u_afe_wb/wire317/X
  u_cf_adc_sar12_sar_refs/PWR_CTRL_VREF[0]
 u_afe_wb/wire318/X
  u_cf_adc_sar12_sar_refs/PWR_CTRL_VREF[1]
 u_afe_wb/wire319/X
  u_cf_adc_sar12_sar_refs/vref[0]
 u_afe_wb/wire320/X
  u_cf_adc_sar12_sar_refs/vref[1]
 u_afe_wb/wire322/X
  u_cf_adc_sar12_sar_refs/vref[3]
 u_afe_wb/wire323/X
  u_cf_adc_sar12_sar_refs/vref[4]
 u_afe_wb/wire324/X
  u_cf_adc_sar12/sel_csel_dft[0]
 u_afe_wb/wire325/X
  u_cf_adc_sar12/sel_csel_dft[1]
 u_afe_wb/wire326/X
  u_cf_adc_sar12/sel_csel_dft[2]
 u_afe_wb/wire328/X
  u_cf_adc_sar12/sel_csel_dft[3]
 u_afe_wb/wire329/X
  u_cf_adc_sar12/dft_outc[0]
 u_afe_wb/wire331/X
  u_cf_adc_sar12/dft_outc[2]
 u_afe_wb/wire332/X
  u_cf_adc_sar12/dft_inc[0]
 u_afe_wb/wire333/X
  u_cf_adc_sar12/dft_inc[1]
 u_afe_wb/wire334/X
  u_cf_adc_sar12/dft_inc[2]
 u_afe_wb/wire335/X
  u_cf_adc_sar12/dft_inc[3]
 u_afe_wb/wire336/X
  u_cf_adc_sar12/icont_lv[0]
 u_afe_wb/wire337/X
  u_cf_adc_sar12/icont_lv[1]
 u_afe_wb/wire339/X
  u_cf_adc_sar12/cap_trim[0]
 u_afe_wb/wire341/X
  u_cf_adc_sar12/cap_trim[2]
 u_afe_wb/wire342/X
  u_cf_adc_sar12/sample_width[0]
 u_afe_wb/wire343/X
  u_cf_adc_sar12/sample_width[1]
 u_afe_wb/wire344/X
  u_cf_adc_sar12/sample_width[2]
 u_afe_wb/wire390/X
  u_cf_bgr/mux1sel[0]
 u_afe_wb/wire391/X
  u_cf_bgr/mux1sel[1]
 u_afe_wb/wire392/X
  u_cf_bgr/inl_ctrl[0]
 u_afe_wb/wire393/X
  u_cf_bgr/inl_ctrl[1]
 u_afe_wb/wire394/X
  u_cf_bgr/inl_ctrl[2]
 u_afe_wb/wire396/X
  u_cf_bgr/inl_ctrl[4]
 u_afe_wb/wire397/X
  u_cf_bgr/inl_ctrl[5]
 u_afe_wb/wire398/X
  u_cf_bgr/inl_ctrl[6]
 u_afe_wb/wire399/X
  u_cf_bgr/CurrAbsTrim[0]
 u_afe_wb/wire400/X
  u_cf_bgr/CurrAbsTrim[1]
 u_afe_wb/wire401/X
  u_cf_bgr/CurrAbsTrim[2]
 u_afe_wb/wire402/X
  u_cf_bgr/CurrAbsTrim[3]
 u_afe_wb/wire403/X
  u_cf_bgr/CurrAbsTrim[4]
 u_afe_wb/wire404/X
  u_cf_bgr/CurrAbsTrim[5]
 u_afe_wb/wire405/X
  u_cf_bgr/trimCurr[0]
 u_afe_wb/wire406/X
  u_cf_bgr/trimCurr[1]
 u_afe_wb/wire407/X
  u_cf_bgr/trimCurr[2]
 u_afe_wb/wire408/X
  u_cf_bgr/trimCurr[3]
 u_afe_wb/wire409/X
  u_cf_bgr/trimCurr[4]
 u_afe_wb/wire410/X
  u_cf_bgr/trimCurr[5]
 u_afe_wb/wire411/X
  u_cf_bgr/trimTC[0]
 u_afe_wb/wire412/X
  u_cf_bgr/trimTC[1]
 u_afe_wb/wire413/X
  u_cf_bgr/trimTC[2]
 u_afe_wb/wire415/X
  u_cf_bgr/trimTC[4]
 u_afe_wb/wire416/X
  u_cf_bgr/trimTC[5]
 u_afe_wb/wire417/X
  u_cf_bgr/trimTC[6]

===========================================================================
max slew violation count 0
max fanout violation count 28
max cap violation count 0
============================================================================

===========================================================================
check_setup -verbose -unconstrained_endpoints -multiple_clock -no_clock -no_input_delay -loops -generated_clocks
===========================================================================
Warning: There are 68 input ports missing set_input_delay.
  analog_io[0]
  analog_io[10]
  analog_io[11]
  analog_io[12]
  analog_io[13]
  analog_io[14]
  analog_io[15]
  analog_io[16]
  analog_io[17]
  analog_io[18]
  analog_io[19]
  analog_io[1]
  analog_io[20]
  analog_io[21]
  analog_io[22]
  analog_io[23]
  analog_io[24]
  analog_io[25]
  analog_io[26]
  analog_io[27]
  analog_io[28]
  analog_io[2]
  analog_io[3]
  analog_io[4]
  analog_io[5]
  analog_io[6]
  analog_io[7]
  analog_io[8]
  analog_io[9]
  io_in[0]
  io_in[10]
  io_in[11]
  io_in[12]
  io_in[13]
  io_in[14]
  io_in[15]
  io_in[16]
  io_in[17]
  io_in[18]
  io_in[19]
  io_in[1]
  io_in[20]
  io_in[21]
  io_in[22]
  io_in[23]
  io_in[24]
  io_in[25]
  io_in[26]
  io_in[27]
  io_in[28]
  io_in[29]
  io_in[2]
  io_in[30]
  io_in[31]
  io_in[32]
  io_in[33]
  io_in[34]
  io_in[35]
  io_in[36]
  io_in[37]
  io_in[3]
  io_in[4]
  io_in[5]
  io_in[6]
  io_in[7]
  io_in[8]
  io_in[9]
  user_clock2
Warning: There are 180 unconstrained endpoints.
  analog_io[0]
  analog_io[10]
  analog_io[11]
  analog_io[12]
  analog_io[13]
  analog_io[14]
  analog_io[15]
  analog_io[16]
  analog_io[17]
  analog_io[18]
  analog_io[19]
  analog_io[1]
  analog_io[20]
  analog_io[21]
  analog_io[22]
  analog_io[23]
  analog_io[24]
  analog_io[25]
  analog_io[26]
  analog_io[27]
  analog_io[28]
  analog_io[2]
  analog_io[3]
  analog_io[4]
  analog_io[5]
  analog_io[6]
  analog_io[7]
  analog_io[8]
  analog_io[9]
  io_oeb[0]
  io_oeb[1]
  io_oeb[2]
  io_oeb[35]
  io_oeb[36]
  io_oeb[37]
  io_oeb[3]
  io_oeb[4]
  io_oeb[5]
  io_oeb[6]
  io_out[0]
  io_out[1]
  io_out[2]
  io_out[35]
  io_out[36]
  io_out[37]
  io_out[3]
  io_out[4]
  io_out[5]
  io_out[6]
  la_data_out[0]
  la_data_out[100]
  la_data_out[101]
  la_data_out[102]
  la_data_out[103]
  la_data_out[104]
  la_data_out[105]
  la_data_out[106]
  la_data_out[107]
  la_data_out[108]
  la_data_out[109]
  la_data_out[10]
  la_data_out[110]
  la_data_out[111]
  la_data_out[112]
  la_data_out[113]
  la_data_out[114]
  la_data_out[115]
  la_data_out[116]
  la_data_out[117]
  la_data_out[118]
  la_data_out[119]
  la_data_out[11]
  la_data_out[120]
  la_data_out[121]
  la_data_out[122]
  la_data_out[123]
  la_data_out[124]
  la_data_out[125]
  la_data_out[126]
  la_data_out[127]
  la_data_out[12]
  la_data_out[13]
  la_data_out[14]
  la_data_out[15]
  la_data_out[16]
  la_data_out[17]
  la_data_out[18]
  la_data_out[19]
  la_data_out[1]
  la_data_out[20]
  la_data_out[21]
  la_data_out[22]
  la_data_out[23]
  la_data_out[24]
  la_data_out[25]
  la_data_out[26]
  la_data_out[27]
  la_data_out[28]
  la_data_out[29]
  la_data_out[2]
  la_data_out[30]
  la_data_out[31]
  la_data_out[32]
  la_data_out[33]
  la_data_out[34]
  la_data_out[35]
  la_data_out[36]
  la_data_out[37]
  la_data_out[38]
  la_data_out[39]
  la_data_out[3]
  la_data_out[40]
  la_data_out[41]
  la_data_out[42]
  la_data_out[43]
  la_data_out[44]
  la_data_out[45]
  la_data_out[46]
  la_data_out[47]
  la_data_out[48]
  la_data_out[49]
  la_data_out[4]
  la_data_out[50]
  la_data_out[51]
  la_data_out[52]
  la_data_out[53]
  la_data_out[54]
  la_data_out[55]
  la_data_out[56]
  la_data_out[57]
  la_data_out[58]
  la_data_out[59]
  la_data_out[5]
  la_data_out[60]
  la_data_out[61]
  la_data_out[62]
  la_data_out[63]
  la_data_out[64]
  la_data_out[65]
  la_data_out[66]
  la_data_out[67]
  la_data_out[68]
  la_data_out[69]
  la_data_out[6]
  la_data_out[70]
  la_data_out[71]
  la_data_out[72]
  la_data_out[73]
  la_data_out[74]
  la_data_out[75]
  la_data_out[76]
  la_data_out[77]
  la_data_out[78]
  la_data_out[79]
  la_data_out[7]
  la_data_out[80]
  la_data_out[81]
  la_data_out[82]
  la_data_out[83]
  la_data_out[84]
  la_data_out[85]
  la_data_out[86]
  la_data_out[87]
  la_data_out[88]
  la_data_out[89]
  la_data_out[8]
  la_data_out[90]
  la_data_out[91]
  la_data_out[92]
  la_data_out[93]
  la_data_out[94]
  la_data_out[95]
  la_data_out[96]
  la_data_out[97]
  la_data_out[98]
  la_data_out[99]
  la_data_out[9]
  user_irq[0]
  user_irq[1]
  user_irq[2]
