
===========================================================================
 report_power
============================================================================
======================= max_ff_n40C_1v95 Corner ===================================

Group                    Internal    Switching      Leakage        Total
                            Power        Power        Power        Power (Watts)
------------------------------------------------------------------------
Sequential           5.406468e-04 1.267796e-05 4.494328e-09 5.533292e-04  41.0%
Combinational        4.870187e-05 1.317178e-04 2.479451e-08 1.804445e-04  13.4%
Clock                3.087891e-04 3.083027e-04 3.694537e-09 6.170954e-04  45.7%
Macro                0.000000e+00 0.000000e+00 0.000000e+00 0.000000e+00   0.0%
Pad                  0.000000e+00 0.000000e+00 0.000000e+00 0.000000e+00   0.0%
------------------------------------------------------------------------
Total                8.981386e-04 4.526985e-04 3.298323e-08 1.350870e-03 100.0%
                            66.5%        33.5%         0.0%

