
===========================================================================
 report_power
============================================================================
======================= max_ff_n40C_1v95 Corner ===================================

Group                    Internal    Switching      Leakage        Total
                            Power        Power        Power        Power (Watts)
------------------------------------------------------------------------
Sequential           5.415677e-04 1.169927e-05 5.935347e-09 5.532729e-04  42.6%
Combinational        6.100317e-05 1.444887e-04 3.366100e-08 2.055255e-04  15.8%
Clock                2.627001e-04 2.771682e-04 3.170811e-09 5.398715e-04  41.6%
Macro                0.000000e+00 0.000000e+00 0.000000e+00 0.000000e+00   0.0%
Pad                  0.000000e+00 0.000000e+00 0.000000e+00 0.000000e+00   0.0%
------------------------------------------------------------------------
Total                8.652708e-04 4.333564e-04 4.276730e-08 1.298670e-03 100.0%
                            66.6%        33.4%         0.0%

