
===========================================================================
 report_power
============================================================================
======================= max_ff_n40C_1v95 Corner ===================================

Group                    Internal    Switching      Leakage        Total
                            Power        Power        Power        Power (Watts)
------------------------------------------------------------------------
Sequential           5.407872e-04 1.292403e-05 4.494203e-09 5.537157e-04  40.8%
Combinational        5.007829e-05 1.364256e-04 2.479579e-08 1.865287e-04  13.7%
Clock                3.087893e-04 3.083027e-04 3.694538e-09 6.170956e-04  45.5%
Macro                0.000000e+00 0.000000e+00 0.000000e+00 0.000000e+00   0.0%
Pad                  0.000000e+00 0.000000e+00 0.000000e+00 0.000000e+00   0.0%
------------------------------------------------------------------------
Total                8.996539e-04 4.576522e-04 3.298445e-08 1.357339e-03 100.0%
                            66.3%        33.7%         0.0%

