
===========================================================================
report_checks -unconstrained
===========================================================================
======================= nom_ff_n40C_1v95 Corner ===================================

Startpoint: wb_rst_i (input port clocked by clk)
Endpoint: _1521_ (rising edge-triggered flip-flop clocked by clk)
Path Group: clk
Path Type: max

Fanout         Cap        Slew       Delay        Time   Description
---------------------------------------------------------------------------------------------
                                  0.000000    0.000000   clock clk (rise edge)
                                  5.570000    5.570000   clock network delay (propagated)
                                 12.500000   18.070000 v input external delay
     1    0.003331    0.000000    0.000000   18.070000 v wb_rst_i (in)
                                                         wb_rst_i (net)
                      0.000097    0.000052   18.070051 v input14/A (sky130_fd_sc_hd__clkdlybuf4s25_1)
     1    0.005217    0.037946    0.163656   18.233707 v input14/X (sky130_fd_sc_hd__clkdlybuf4s25_1)
                                                         net14 (net)
                      0.037946    0.000176   18.233883 v _0737_/A (sky130_fd_sc_hd__inv_2)
     4    0.066561    0.228668    0.182098   18.415981 ^ _0737_/Y (sky130_fd_sc_hd__inv_2)
                                                         _0478_ (net)
                      0.229287    0.010267   18.426249 ^ fanout492/A (sky130_fd_sc_hd__clkdlybuf4s25_1)
     4    0.036528    0.276261    0.376636   18.802883 ^ fanout492/X (sky130_fd_sc_hd__clkdlybuf4s25_1)
                                                         net492 (net)
                      0.276272    0.002130   18.805014 ^ fanout491/A (sky130_fd_sc_hd__clkdlybuf4s25_1)
     9    0.066045    0.493728    0.536133   19.341146 ^ fanout491/X (sky130_fd_sc_hd__clkdlybuf4s25_1)
                                                         net491 (net)
                      0.493880    0.007581   19.348728 ^ fanout484/A (sky130_fd_sc_hd__clkdlybuf4s25_1)
     8    0.034114    0.258394    0.371966   19.720694 ^ fanout484/X (sky130_fd_sc_hd__clkdlybuf4s25_1)
                                                         net484 (net)
                      0.258397    0.001346   19.722040 ^ load_slew485/A (sky130_fd_sc_hd__buf_4)
     9    0.044877    0.099078    0.160286   19.882326 ^ load_slew485/X (sky130_fd_sc_hd__buf_4)
                                                         net485 (net)
                      0.099189    0.002826   19.885153 ^ _0977_/C1 (sky130_fd_sc_hd__o211a_2)
     1    0.002649    0.028396    0.094468   19.979620 ^ _0977_/X (sky130_fd_sc_hd__o211a_2)
                                                         _0047_ (net)
                      0.028396    0.000083   19.979704 ^ hold601/A (sky130_fd_sc_hd__dlygate4sd3_1)
     1    0.002204    0.033852    0.384713   20.364416 ^ hold601/X (sky130_fd_sc_hd__dlygate4sd3_1)
                                                         net601 (net)
                      0.033852    0.000068   20.364485 ^ _1521_/D (sky130_fd_sc_hd__dfxtp_2)
                                             20.364485   data arrival time

                                 25.000000   25.000000   clock clk (rise edge)
                                  4.650000   29.650000   clock source latency
     1    0.057072    0.610000    0.000000   29.650000 ^ wb_clk_i (in)
                                                         wb_clk_i (net)
                      0.628762    0.008912   29.658911 ^ clkbuf_0_wb_clk_i/A (sky130_fd_sc_hd__clkbuf_16)
     4    0.075022    0.081271    0.166079   29.824989 ^ clkbuf_0_wb_clk_i/X (sky130_fd_sc_hd__clkbuf_16)
                                                         clknet_0_wb_clk_i (net)
                      0.081646    0.003734   29.828724 ^ clkbuf_2_3__f_wb_clk_i/A (sky130_fd_sc_hd__clkbuf_16)
    10    0.110847    0.097323    0.139217   29.967939 ^ clkbuf_2_3__f_wb_clk_i/X (sky130_fd_sc_hd__clkbuf_16)
                                                         clknet_2_3__leaf_wb_clk_i (net)
                      0.097769    0.005077   29.973017 ^ clkbuf_leaf_15_wb_clk_i/A (sky130_fd_sc_hd__clkbuf_8)
     8    0.035125    0.055780    0.114476   30.087492 ^ clkbuf_leaf_15_wb_clk_i/X (sky130_fd_sc_hd__clkbuf_8)
                                                         clknet_leaf_15_wb_clk_i (net)
                      0.055789    0.000654   30.088146 ^ _1521_/CLK (sky130_fd_sc_hd__dfxtp_2)
                                 -0.250000   29.838144   clock uncertainty
                                  0.000000   29.838144   clock reconvergence pessimism
                                 -0.030942   29.807205   library setup time
                                             29.807205   data required time
---------------------------------------------------------------------------------------------
                                             29.807205   data required time
                                            -20.364485   data arrival time
---------------------------------------------------------------------------------------------
                                              9.442720   slack (MET)




===========================================================================
report_checks --slack_max -0.01
============================================================================
======================= nom_ff_n40C_1v95 Corner ===================================

No paths found.


===========================================================================
 report_check_types -max_slew -max_cap -max_fanout -violators
============================================================================
======================= nom_ff_n40C_1v95 Corner ===================================

max fanout

Pin                                   Limit Fanout  Slack
---------------------------------------------------------
fanout217/X                              16     17        (VIOLATED)



===========================================================================
report_parasitic_annotation -report_unannotated
============================================================================
Found 125 unannotated drivers.
 wbs_adr_i[0]
 wbs_adr_i[10]
 wbs_adr_i[11]
 wbs_adr_i[12]
 wbs_adr_i[13]
 wbs_adr_i[14]
 wbs_adr_i[15]
 wbs_adr_i[16]
 wbs_adr_i[17]
 wbs_adr_i[18]
 wbs_adr_i[19]
 wbs_adr_i[1]
 wbs_adr_i[20]
 wbs_adr_i[21]
 wbs_adr_i[22]
 wbs_adr_i[23]
 wbs_adr_i[24]
 wbs_adr_i[25]
 wbs_adr_i[26]
 wbs_adr_i[27]
 wbs_adr_i[28]
 wbs_adr_i[29]
 wbs_adr_i[30]
 wbs_adr_i[31]
 wbs_adr_i[6]
 wbs_adr_i[7]
 wbs_adr_i[8]
 wbs_adr_i[9]
 wbs_sel_i[0]
 wbs_sel_i[1]
 wbs_sel_i[2]
 wbs_sel_i[3]
 afe_wb/HI
 afe_wb_502/HI
 afe_wb_503/HI
 afe_wb_504/HI
 afe_wb_505/HI
 afe_wb_506/HI
 afe_wb_507/HI
 afe_wb_508/HI
 afe_wb_509/HI
 afe_wb_510/HI
 afe_wb_511/HI
 afe_wb_512/HI
 afe_wb_513/HI
 afe_wb_514/HI
 afe_wb_515/HI
 afe_wb_516/HI
 afe_wb_517/HI
 afe_wb_518/HI
 afe_wb_519/HI
 afe_wb_520/HI
 afe_wb_521/HI
 afe_wb_522/HI
 afe_wb_523/HI
 afe_wb_524/HI
 afe_wb_525/HI
 afe_wb_526/HI
 afe_wb_527/HI
 afe_wb_528/HI
 afe_wb_529/HI
 afe_wb_530/HI
 afe_wb_531/HI
 afe_wb_532/HI
 afe_wb_533/HI
 afe_wb_534/HI
 afe_wb_535/HI
 afe_wb_536/LO
 afe_wb_537/LO
 afe_wb_538/LO
 afe_wb_539/LO
 afe_wb_540/LO
 afe_wb_541/LO
 afe_wb_542/LO
 afe_wb_543/LO
 afe_wb_544/LO
 afe_wb_545/LO
 afe_wb_546/LO
 afe_wb_547/LO
 afe_wb_548/LO
 afe_wb_549/LO
 afe_wb_550/LO
 afe_wb_551/LO
 afe_wb_552/LO
 afe_wb_553/LO
 afe_wb_554/LO
 afe_wb_555/LO
 afe_wb_556/LO
 afe_wb_557/LO
 afe_wb_558/LO
 afe_wb_559/LO
 afe_wb_560/LO
 afe_wb_561/LO
 afe_wb_562/LO
 afe_wb_563/LO
 clkload0/Y
 clkload1/X
 clkload10/X
 clkload11/X
 clkload12/X
 clkload13/Y
 clkload14/X
 clkload15/Y
 clkload16/X
 clkload17/X
 clkload18/X
 clkload19/X
 clkload2/X
 clkload20/X
 clkload21/X
 clkload22/X
 clkload23/X
 clkload24/X
 clkload25/X
 clkload26/Y
 clkload27/X
 clkload28/X
 clkload29/X
 clkload3/X
 clkload4/X
 clkload5/X
 clkload6/X
 clkload7/X
 clkload8/X
 clkload9/X
Found 0 partially unannotated drivers.

===========================================================================
max slew violation count 0
max fanout violation count 1
max cap violation count 0
============================================================================

===========================================================================
check_setup -verbose -unconstrained_endpoints -multiple_clock -no_clock -no_input_delay -loops -generated_clocks
===========================================================================
Warning: There are 13 input ports missing set_input_delay.
  adc_data[0]
  adc_data[10]
  adc_data[11]
  adc_data[1]
  adc_data[2]
  adc_data[3]
  adc_data[4]
  adc_data[5]
  adc_data[6]
  adc_data[7]
  adc_data[8]
  adc_data[9]
  adc_eof
Warning: There are 116 unconstrained endpoints.
  analog_ctrl[0]
  analog_ctrl[104]
  analog_ctrl[105]
  analog_ctrl[106]
  analog_ctrl[107]
  analog_ctrl[108]
  analog_ctrl[109]
  analog_ctrl[10]
  analog_ctrl[110]
  analog_ctrl[111]
  analog_ctrl[112]
  analog_ctrl[113]
  analog_ctrl[114]
  analog_ctrl[115]
  analog_ctrl[116]
  analog_ctrl[117]
  analog_ctrl[118]
  analog_ctrl[119]
  analog_ctrl[11]
  analog_ctrl[120]
  analog_ctrl[121]
  analog_ctrl[122]
  analog_ctrl[12]
  analog_ctrl[13]
  analog_ctrl[14]
  analog_ctrl[15]
  analog_ctrl[16]
  analog_ctrl[17]
  analog_ctrl[18]
  analog_ctrl[19]
  analog_ctrl[1]
  analog_ctrl[20]
  analog_ctrl[21]
  analog_ctrl[22]
  analog_ctrl[23]
  analog_ctrl[24]
  analog_ctrl[25]
  analog_ctrl[26]
  analog_ctrl[27]
  analog_ctrl[28]
  analog_ctrl[29]
  analog_ctrl[2]
  analog_ctrl[30]
  analog_ctrl[31]
  analog_ctrl[32]
  analog_ctrl[33]
  analog_ctrl[34]
  analog_ctrl[35]
  analog_ctrl[36]
  analog_ctrl[37]
  analog_ctrl[38]
  analog_ctrl[39]
  analog_ctrl[3]
  analog_ctrl[40]
  analog_ctrl[41]
  analog_ctrl[42]
  analog_ctrl[43]
  analog_ctrl[44]
  analog_ctrl[45]
  analog_ctrl[46]
  analog_ctrl[47]
  analog_ctrl[48]
  analog_ctrl[49]
  analog_ctrl[4]
  analog_ctrl[50]
  analog_ctrl[51]
  analog_ctrl[52]
  analog_ctrl[53]
  analog_ctrl[54]
  analog_ctrl[55]
  analog_ctrl[56]
  analog_ctrl[57]
  analog_ctrl[58]
  analog_ctrl[59]
  analog_ctrl[5]
  analog_ctrl[60]
  analog_ctrl[61]
  analog_ctrl[62]
  analog_ctrl[63]
  analog_ctrl[64]
  analog_ctrl[65]
  analog_ctrl[66]
  analog_ctrl[67]
  analog_ctrl[68]
  analog_ctrl[69]
  analog_ctrl[6]
  analog_ctrl[70]
  analog_ctrl[71]
  analog_ctrl[72]
  analog_ctrl[73]
  analog_ctrl[74]
  analog_ctrl[75]
  analog_ctrl[76]
  analog_ctrl[77]
  analog_ctrl[78]
  analog_ctrl[79]
  analog_ctrl[80]
  analog_ctrl[81]
  analog_ctrl[82]
  analog_ctrl[83]
  analog_ctrl[84]
  analog_ctrl[85]
  analog_ctrl[86]
  analog_ctrl[87]
  analog_ctrl[88]
  analog_ctrl[89]
  analog_ctrl[8]
  analog_ctrl[90]
  analog_ctrl[91]
  analog_ctrl[92]
  analog_ctrl[93]
  analog_ctrl[94]
  analog_ctrl[95]
  analog_ctrl[96]
  analog_ctrl[97]
  analog_ctrl[9]
