Clock: clk
Sources: wb_clk_i 
Generated: no
Virtual: yes
Propagated: no
Period: 25.000000

===========================================================================
report_clock_properties
============================================================================
Clock                   Period          Waveform
----------------------------------------------------
clk                  25.000000    0.000000 12.500000

===========================================================================
report_clock_latency
============================================================================
Clock clk
rise -> rise
    min     max
4.650000 5.570000 source latency
5.094094         network latency _1613_/CLK
        6.063810 network latency _1650_/CLK
---------------
9.744094 11.633811 latency
        1.889717 skew

fall -> fall
    min     max
4.650000 5.570000 source latency
5.241567         network latency _1613_/CLK
        6.199338 network latency _1650_/CLK
---------------
9.891567 11.769338 latency
        1.877771 skew



===========================================================================
report_clock_min_period
============================================================================
clk period_min = 2.08 fmax = 481.47
