"input" in: sky130A_mr.drc:182
    Polygons (raw): 20028 (flat)  97 (hierarchical)
    Elapsed: 0.010s  Memory: 588.00M
"polygons" in: sky130A_mr.drc:183
    Polygons (raw): 4230 (flat)  2 (hierarchical)
    Elapsed: 0.010s  Memory: 588.00M
"polygons" in: sky130A_mr.drc:184
    Polygons (raw): 17620 (flat)  41 (hierarchical)
    Elapsed: 0.000s  Memory: 588.00M
"polygons" in: sky130A_mr.drc:185
    Polygons (raw): 4 (flat)  4 (hierarchical)
    Elapsed: 0.000s  Memory: 588.00M
"polygons" in: sky130A_mr.drc:186
    Polygons (raw): 0 (flat)  0 (hierarchical)
    Elapsed: 0.000s  Memory: 588.00M
"polygons" in: sky130A_mr.drc:187
    Polygons (raw): 0 (flat)  0 (hierarchical)
    Elapsed: 0.000s  Memory: 588.00M
"polygons" in: sky130A_mr.drc:188
    Polygons (raw): 0 (flat)  0 (hierarchical)
    Elapsed: 0.000s  Memory: 588.00M
"polygons" in: sky130A_mr.drc:189
    Polygons (raw): 0 (flat)  0 (hierarchical)
    Elapsed: 0.000s  Memory: 588.00M
"polygons" in: sky130A_mr.drc:190
    Polygons (raw): 17624 (flat)  43 (hierarchical)
    Elapsed: 0.010s  Memory: 588.00M
"polygons" in: sky130A_mr.drc:191
    Polygons (raw): 0 (flat)  0 (hierarchical)
    Elapsed: 0.000s  Memory: 588.00M
"polygons" in: sky130A_mr.drc:192
    Polygons (raw): 0 (flat)  0 (hierarchical)
    Elapsed: 0.000s  Memory: 588.00M
"polygons" in: sky130A_mr.drc:193
    Polygons (raw): 0 (flat)  0 (hierarchical)
    Elapsed: 0.000s  Memory: 588.00M
"polygons" in: sky130A_mr.drc:194
    Polygons (raw): 0 (flat)  0 (hierarchical)
    Elapsed: 0.000s  Memory: 588.00M
"polygons" in: sky130A_mr.drc:195
    Polygons (raw): 28349 (flat)  194 (hierarchical)
    Elapsed: 0.010s  Memory: 588.00M
"polygons" in: sky130A_mr.drc:196
    Polygons (raw): 0 (flat)  0 (hierarchical)
    Elapsed: 0.000s  Memory: 588.00M
"polygons" in: sky130A_mr.drc:197
    Polygons (raw): 19735 (flat)  42 (hierarchical)
    Elapsed: 0.010s  Memory: 588.00M
"polygons" in: sky130A_mr.drc:198
    Polygons (raw): 19735 (flat)  42 (hierarchical)
    Elapsed: 0.010s  Memory: 588.00M
"polygons" in: sky130A_mr.drc:199
    Polygons (raw): 0 (flat)  0 (hierarchical)
    Elapsed: 0.000s  Memory: 588.00M
"polygons" in: sky130A_mr.drc:200
    Polygons (raw): 0 (flat)  0 (hierarchical)
    Elapsed: 0.000s  Memory: 588.00M
"polygons" in: sky130A_mr.drc:201
    Polygons (raw): 9211 (flat)  41 (hierarchical)
    Elapsed: 0.010s  Memory: 588.00M
"polygons" in: sky130A_mr.drc:202
    Polygons (raw): 132734 (flat)  987 (hierarchical)
    Elapsed: 0.010s  Memory: 588.00M
"polygons" in: sky130A_mr.drc:204
    Polygons (raw): 94046 (flat)  6415 (hierarchical)
    Elapsed: 0.010s  Memory: 588.00M
"polygons" in: sky130A_mr.drc:205
    Polygons (raw): 0 (flat)  0 (hierarchical)
    Elapsed: 0.000s  Memory: 589.00M
"polygons" in: sky130A_mr.drc:206
    Polygons (raw): 242629 (flat)  6611 (hierarchical)
    Elapsed: 0.010s  Memory: 589.00M
"polygons" in: sky130A_mr.drc:208
    Polygons (raw): 46246 (flat)  9872 (hierarchical)
    Elapsed: 0.030s  Memory: 589.00M
"polygons" in: sky130A_mr.drc:209
    Polygons (raw): 9104 (flat)  9040 (hierarchical)
    Elapsed: 0.020s  Memory: 590.00M
"polygons" in: sky130A_mr.drc:211
    Polygons (raw): 7993 (flat)  7262 (hierarchical)
    Elapsed: 0.020s  Memory: 590.00M
"polygons" in: sky130A_mr.drc:212
    Polygons (raw): 2736 (flat)  2069 (hierarchical)
    Elapsed: 0.010s  Memory: 590.00M
"polygons" in: sky130A_mr.drc:214
    Polygons (raw): 3231 (flat)  2088 (hierarchical)
    Elapsed: 0.010s  Memory: 590.00M
"polygons" in: sky130A_mr.drc:215
    Polygons (raw): 8261 (flat)  7785 (hierarchical)
    Elapsed: 0.010s  Memory: 590.00M
"polygons" in: sky130A_mr.drc:217
    Polygons (raw): 4837 (flat)  929 (hierarchical)
    Elapsed: 0.010s  Memory: 590.00M
"polygons" in: sky130A_mr.drc:218
    Polygons (raw): 13560 (flat)  7 (hierarchical)
    Elapsed: 0.000s  Memory: 590.00M
"polygons" in: sky130A_mr.drc:220
    Polygons (raw): 3810 (flat)  378 (hierarchical)
    Elapsed: 0.000s  Memory: 590.00M
"polygons" in: sky130A_mr.drc:222
    Polygons (raw): 0 (flat)  0 (hierarchical)
    Elapsed: 0.000s  Memory: 590.00M
"polygons" in: sky130A_mr.drc:223
    Polygons (raw): 0 (flat)  0 (hierarchical)
    Elapsed: 0.000s  Memory: 590.00M
"polygons" in: sky130A_mr.drc:224
    Polygons (raw): 0 (flat)  0 (hierarchical)
    Elapsed: 0.000s  Memory: 591.00M
"polygons" in: sky130A_mr.drc:225
    Polygons (raw): 0 (flat)  0 (hierarchical)
    Elapsed: 0.000s  Memory: 591.00M
"polygons" in: sky130A_mr.drc:226
    Polygons (raw): 0 (flat)  0 (hierarchical)
    Elapsed: 0.000s  Memory: 591.00M
"polygons" in: sky130A_mr.drc:227
    Polygons (raw): 0 (flat)  0 (hierarchical)
    Elapsed: 0.000s  Memory: 591.00M
"polygons" in: sky130A_mr.drc:228
    Polygons (raw): 0 (flat)  0 (hierarchical)
    Elapsed: 0.000s  Memory: 591.00M
"polygons" in: sky130A_mr.drc:229
    Polygons (raw): 0 (flat)  0 (hierarchical)
    Elapsed: 0.000s  Memory: 591.00M
"polygons" in: sky130A_mr.drc:230
    Polygons (raw): 0 (flat)  0 (hierarchical)
    Elapsed: 0.000s  Memory: 591.00M
"polygons" in: sky130A_mr.drc:231
    Polygons (raw): 0 (flat)  0 (hierarchical)
    Elapsed: 0.000s  Memory: 591.00M
"polygons" in: sky130A_mr.drc:232
    Polygons (raw): 0 (flat)  0 (hierarchical)
    Elapsed: 0.000s  Memory: 591.00M
"polygons" in: sky130A_mr.drc:233
    Polygons (raw): 0 (flat)  0 (hierarchical)
    Elapsed: 0.010s  Memory: 591.00M
"polygons" in: sky130A_mr.drc:234
    Polygons (raw): 0 (flat)  0 (hierarchical)
    Elapsed: 0.000s  Memory: 591.00M
"polygons" in: sky130A_mr.drc:235
    Polygons (raw): 0 (flat)  0 (hierarchical)
    Elapsed: 0.000s  Memory: 591.00M
"polygons" in: sky130A_mr.drc:236
    Polygons (raw): 0 (flat)  0 (hierarchical)
    Elapsed: 0.000s  Memory: 592.00M
"polygons" in: sky130A_mr.drc:237
    Polygons (raw): 0 (flat)  0 (hierarchical)
    Elapsed: 0.000s  Memory: 592.00M
"polygons" in: sky130A_mr.drc:238
    Polygons (raw): 0 (flat)  0 (hierarchical)
    Elapsed: 0.000s  Memory: 592.00M
"polygons" in: sky130A_mr.drc:239
    Polygons (raw): 1 (flat)  1 (hierarchical)
    Elapsed: 0.020s  Memory: 592.00M
"polygons" in: sky130A_mr.drc:240
    Polygons (raw): 17620 (flat)  41 (hierarchical)
    Elapsed: 0.000s  Memory: 592.00M
"polygons" in: sky130A_mr.drc:241
    Polygons (raw): 0 (flat)  0 (hierarchical)
    Elapsed: 0.000s  Memory: 592.00M
"polygons" in: sky130A_mr.drc:242
    Polygons (raw): 0 (flat)  0 (hierarchical)
    Elapsed: 0.000s  Memory: 592.00M
"polygons" in: sky130A_mr.drc:243
    Polygons (raw): 0 (flat)  0 (hierarchical)
    Elapsed: 0.000s  Memory: 592.00M
"polygons" in: sky130A_mr.drc:244
    Polygons (raw): 0 (flat)  0 (hierarchical)
    Elapsed: 0.000s  Memory: 592.00M
"polygons" in: sky130A_mr.drc:245
    Polygons (raw): 0 (flat)  0 (hierarchical)
    Elapsed: 0.000s  Memory: 592.00M
"polygons" in: sky130A_mr.drc:246
    Polygons (raw): 0 (flat)  0 (hierarchical)
    Elapsed: 0.000s  Memory: 592.00M
"polygons" in: sky130A_mr.drc:247
    Polygons (raw): 0 (flat)  0 (hierarchical)
    Elapsed: 0.000s  Memory: 592.00M
"polygons" in: sky130A_mr.drc:248
    Polygons (raw): 0 (flat)  0 (hierarchical)
    Elapsed: 0.000s  Memory: 592.00M
"polygons" in: sky130A_mr.drc:249
    Polygons (raw): 0 (flat)  0 (hierarchical)
    Elapsed: 0.000s  Memory: 592.00M
"polygons" in: sky130A_mr.drc:250
    Polygons (raw): 0 (flat)  0 (hierarchical)
    Elapsed: 0.000s  Memory: 592.00M
"polygons" in: sky130A_mr.drc:251
    Polygons (raw): 0 (flat)  0 (hierarchical)
    Elapsed: 0.000s  Memory: 592.00M
"polygons" in: sky130A_mr.drc:252
    Polygons (raw): 0 (flat)  0 (hierarchical)
    Elapsed: 0.000s  Memory: 592.00M
"polygons" in: sky130A_mr.drc:253
    Polygons (raw): 11 (flat)  1 (hierarchical)
    Elapsed: 0.000s  Memory: 592.00M
"polygons" in: sky130A_mr.drc:254
    Polygons (raw): 0 (flat)  0 (hierarchical)
    Elapsed: 0.000s  Memory: 592.00M
"polygons" in: sky130A_mr.drc:255
    Polygons (raw): 0 (flat)  0 (hierarchical)
    Elapsed: 0.000s  Memory: 592.00M
"polygons" in: sky130A_mr.drc:256
    Polygons (raw): 0 (flat)  0 (hierarchical)
    Elapsed: 0.000s  Memory: 592.00M
"polygons" in: sky130A_mr.drc:257
    Polygons (raw): 0 (flat)  0 (hierarchical)
    Elapsed: 0.000s  Memory: 592.00M
"polygons" in: sky130A_mr.drc:258
    Polygons (raw): 0 (flat)  0 (hierarchical)
    Elapsed: 0.000s  Memory: 592.00M
"polygons" in: sky130A_mr.drc:259
    Polygons (raw): 0 (flat)  0 (hierarchical)
    Elapsed: 0.000s  Memory: 592.00M
"polygons" in: sky130A_mr.drc:260
    Polygons (raw): 0 (flat)  0 (hierarchical)
    Elapsed: 0.000s  Memory: 592.00M
"polygons" in: sky130A_mr.drc:261
    Polygons (raw): 0 (flat)  0 (hierarchical)
    Elapsed: 0.000s  Memory: 592.00M
"polygons" in: sky130A_mr.drc:262
    Polygons (raw): 0 (flat)  0 (hierarchical)
    Elapsed: 0.000s  Memory: 592.00M
"polygons" in: sky130A_mr.drc:263
    Polygons (raw): 0 (flat)  0 (hierarchical)
    Elapsed: 0.000s  Memory: 592.00M
"polygons" in: sky130A_mr.drc:264
    Polygons (raw): 0 (flat)  0 (hierarchical)
    Elapsed: 0.000s  Memory: 592.00M
"polygons" in: sky130A_mr.drc:265
    Polygons (raw): 0 (flat)  0 (hierarchical)
    Elapsed: 0.000s  Memory: 592.00M
"polygons" in: sky130A_mr.drc:266
    Polygons (raw): 0 (flat)  0 (hierarchical)
    Elapsed: 0.000s  Memory: 592.00M
"polygons" in: sky130A_mr.drc:267
    Polygons (raw): 0 (flat)  0 (hierarchical)
    Elapsed: 0.000s  Memory: 592.00M
"polygons" in: sky130A_mr.drc:268
    Polygons (raw): 0 (flat)  0 (hierarchical)
    Elapsed: 0.000s  Memory: 592.00M
"polygons" in: sky130A_mr.drc:269
    Polygons (raw): 0 (flat)  0 (hierarchical)
    Elapsed: 0.000s  Memory: 592.00M
"polygons" in: sky130A_mr.drc:270
    Polygons (raw): 0 (flat)  0 (hierarchical)
    Elapsed: 0.000s  Memory: 592.00M
"polygons" in: sky130A_mr.drc:271
    Polygons (raw): 0 (flat)  0 (hierarchical)
    Elapsed: 0.000s  Memory: 592.00M
"polygons" in: sky130A_mr.drc:272
    Polygons (raw): 0 (flat)  0 (hierarchical)
    Elapsed: 0.000s  Memory: 592.00M
"polygons" in: sky130A_mr.drc:273
    Polygons (raw): 0 (flat)  0 (hierarchical)
    Elapsed: 0.000s  Memory: 592.00M
"polygons" in: sky130A_mr.drc:274
    Polygons (raw): 0 (flat)  0 (hierarchical)
    Elapsed: 0.000s  Memory: 592.00M
"polygons" in: sky130A_mr.drc:275
    Polygons (raw): 0 (flat)  0 (hierarchical)
    Elapsed: 0.000s  Memory: 592.00M
"polygons" in: sky130A_mr.drc:276
    Polygons (raw): 0 (flat)  0 (hierarchical)
    Elapsed: 0.000s  Memory: 592.00M
"polygons" in: sky130A_mr.drc:277
    Polygons (raw): 0 (flat)  0 (hierarchical)
    Elapsed: 0.000s  Memory: 592.00M
"merged" in: sky130A_mr.drc:279
    Polygons (raw): 0 (flat)  0 (hierarchical)
    Elapsed: 0.000s  Memory: 592.00M
DRC section
BEOL section
START: 67/20 (li)
"outside" in: sky130A_mr.drc:1069
    Polygons (raw): 94046 (flat)  6415 (hierarchical)
    Elapsed: 0.000s  Memory: 592.00M
"interacting" in: sky130A_mr.drc:1070
    Polygons (raw): 0 (flat)  0 (hierarchical)
    Elapsed: 0.000s  Memory: 592.00M
"inside" in: sky130A_mr.drc:1070
    Polygons (raw): 0 (flat)  0 (hierarchical)
    Elapsed: 0.000s  Memory: 592.00M
"-" in: sky130A_mr.drc:1070
    Polygons (raw): 0 (flat)  0 (hierarchical)
    Elapsed: 0.000s  Memory: 592.00M
"or" in: sky130A_mr.drc:1069
    Polygons (raw): 12207 (flat)  6209 (hierarchical)
    Elapsed: 0.700s  Memory: 601.00M
"width" in: sky130A_mr.drc:1072
    Edge pairs: 0 (flat)  0 (hierarchical)
    Elapsed: 0.180s  Memory: 601.00M
"output" in: sky130A_mr.drc:1072
    Edge pairs: 0 (flat)  0 (hierarchical)
    Elapsed: 0.000s  Memory: 601.00M
"space" in: sky130A_mr.drc:1076
    Edge pairs: 0 (flat)  0 (hierarchical)
    Elapsed: 1.480s  Memory: 889.00M
"output" in: sky130A_mr.drc:1076
    Edge pairs: 0 (flat)  0 (hierarchical)
    Elapsed: 0.020s  Memory: 889.00M
"-" in: sky130A_mr.drc:1080
    Polygons (raw): 132734 (flat)  987 (hierarchical)
    Elapsed: 0.020s  Memory: 889.00M
"enclosing" in: sky130A_mr.drc:1082
    Edge pairs: 144259 (flat)  116171 (hierarchical)
    Elapsed: 4.240s  Memory: 895.00M
"second_edges" in: sky130A_mr.drc:1082
    Edges: 144259 (flat)  116171 (hierarchical)
    Elapsed: 0.030s  Memory: 897.00M
"width" in: sky130A_mr.drc:1083
    Edge pairs: 0 (flat)  0 (hierarchical)
    Elapsed: 0.540s  Memory: 922.00M
"polygons" in: sky130A_mr.drc:1084
    Polygons (raw): 0 (flat)  0 (hierarchical)
    Elapsed: 0.020s  Memory: 918.00M
"interacting" in: sky130A_mr.drc:1084
    Polygons (raw): 0 (flat)  0 (hierarchical)
    Elapsed: 0.000s  Memory: 918.00M
"output" in: sky130A_mr.drc:1085
    Polygons (raw): 0 (flat)  0 (hierarchical)
    Elapsed: 0.000s  Memory: 918.00M
"interacting" in: sky130A_mr.drc:1089
    Polygons (raw): 0 (flat)  0 (hierarchical)
    Elapsed: 0.000s  Memory: 918.00M
"-" in: sky130A_mr.drc:1089
    Polygons (raw): 94046 (flat)  6415 (hierarchical)
    Elapsed: 0.000s  Memory: 918.00M
"with_area" in: sky130A_mr.drc:1090
    Polygons (raw): 0 (flat)  0 (hierarchical)
    Elapsed: 0.740s  Memory: 918.00M
"output" in: sky130A_mr.drc:1090
    Polygons (raw): 0 (flat)  0 (hierarchical)
    Elapsed: 0.040s  Memory: 918.00M
"&" in: sky130A_mr.drc:1094
    Polygons (raw): 0 (flat)  0 (hierarchical)
    Elapsed: 0.000s  Memory: 918.00M
"space" in: sky130A_mr.drc:1095
    Edge pairs: 0 (flat)  0 (hierarchical)
    Elapsed: 0.000s  Memory: 918.00M
"output" in: sky130A_mr.drc:1095
    Edge pairs: 0 (flat)  0 (hierarchical)
    Elapsed: 0.000s  Memory: 918.00M
"width" in: sky130A_mr.drc:1099
    Edge pairs: 0 (flat)  0 (hierarchical)
    Elapsed: 0.000s  Memory: 918.00M
"output" in: sky130A_mr.drc:1099
    Edge pairs: 0 (flat)  0 (hierarchical)
    Elapsed: 0.000s  Memory: 918.00M
END: 67/20 (li)
START: 67/13 (li_res)
"width" in: sky130A_mr.drc:1107
    Edge pairs: 0 (flat)  0 (hierarchical)
    Elapsed: 0.000s  Memory: 918.00M
"output" in: sky130A_mr.drc:1107
    Edge pairs: 0 (flat)  0 (hierarchical)
    Elapsed: 0.000s  Memory: 918.00M
END: 67/13 (li_res)
START: 67/44 (mcon)
"-" in: sky130A_mr.drc:1115
    Polygons (raw): 242629 (flat)  6611 (hierarchical)
    Elapsed: 0.010s  Memory: 918.00M
"drc" in: sky130A_mr.drc:1117
    Polygons (raw): 0 (flat)  0 (hierarchical)
    Elapsed: 2.040s  Memory: 946.00M
"-" in: sky130A_mr.drc:1118
    Polygons (raw): 242629 (flat)  6611 (hierarchical)
    Elapsed: 0.030s  Memory: 946.00M
"outside" in: sky130A_mr.drc:1122
    Polygons (raw): 242629 (flat)  6611 (hierarchical)
    Elapsed: 0.000s  Memory: 946.00M
"non_rectangles" in: sky130A_mr.drc:1123
    Polygons (raw): 0 (flat)  0 (hierarchical)
    Elapsed: 1.760s  Memory: 948.00M
"output" in: sky130A_mr.drc:1123
    Polygons (raw): 0 (flat)  0 (hierarchical)
    Elapsed: 0.020s  Memory: 948.00M
"drc" in: sky130A_mr.drc:1128
    Edge pairs: 0 (flat)  0 (hierarchical)
    Elapsed: 2.100s  Memory: 950.00M
"output" in: sky130A_mr.drc:1128
    Edge pairs: 0 (flat)  0 (hierarchical)
    Elapsed: 0.020s  Memory: 950.00M
"drc" in: sky130A_mr.drc:1132
    Edges: 0 (flat)  0 (hierarchical)
    Elapsed: 0.410s  Memory: 950.00M
"output" in: sky130A_mr.drc:1132
    Edges: 0 (flat)  0 (hierarchical)
    Elapsed: 0.000s  Memory: 950.00M
"space" in: sky130A_mr.drc:1136
    Edge pairs: 0 (flat)  0 (hierarchical)
    Elapsed: 2.050s  Memory: 950.00M
"output" in: sky130A_mr.drc:1136
    Edge pairs: 0 (flat)  0 (hierarchical)
    Elapsed: 0.020s  Memory: 950.00M
"width" in: sky130A_mr.drc:1141
    Edge pairs: 0 (flat)  0 (hierarchical)
    Elapsed: 0.000s  Memory: 950.00M
"output" in: sky130A_mr.drc:1141
    Edge pairs: 0 (flat)  0 (hierarchical)
    Elapsed: 0.000s  Memory: 950.00M
"drc" in: sky130A_mr.drc:1145
    Edge pairs: 0 (flat)  0 (hierarchical)
    Elapsed: 0.010s  Memory: 950.00M
"output" in: sky130A_mr.drc:1145
    Edge pairs: 0 (flat)  0 (hierarchical)
    Elapsed: 0.000s  Memory: 950.00M
"-" in: sky130A_mr.drc:1149
    Polygons (raw): 0 (flat)  0 (hierarchical)
    Elapsed: 0.010s  Memory: 950.00M
"output" in: sky130A_mr.drc:1149
    Polygons (raw): 0 (flat)  0 (hierarchical)
    Elapsed: 0.000s  Memory: 950.00M
"-" in: sky130A_mr.drc:1154
    Polygons (raw): 0 (flat)  0 (hierarchical)
    Elapsed: 1.590s  Memory: 950.00M
"output" in: sky130A_mr.drc:1154
    Polygons (raw): 0 (flat)  0 (hierarchical)
    Elapsed: 0.020s  Memory: 950.00M
END: 67/44 (mcon)
START: 68/20 (m1)
"width" in: sky130A_mr.drc:1159
    Edge pairs: 0 (flat)  0 (hierarchical)
    Elapsed: 0.670s  Memory: 950.00M
"output" in: sky130A_mr.drc:1159
    Edge pairs: 0 (flat)  0 (hierarchical)
    Elapsed: 0.040s  Memory: 950.00M
"sized" in: sky130A_mr.drc:1160
    Polygons (raw): 1 (flat)  1 (hierarchical)
    Elapsed: 0.130s  Memory: 950.00M
"sized" in: sky130A_mr.drc:1160
    Polygons (raw): 1 (flat)  1 (hierarchical)
    Elapsed: 0.000s  Memory: 950.00M
"snap" in: sky130A_mr.drc:1160
    Polygons (raw): 1 (flat)  1 (hierarchical)
    Elapsed: 0.020s  Memory: 950.00M
"&" in: sky130A_mr.drc:1160
    Polygons (raw): 1 (flat)  1 (hierarchical)
    Elapsed: 0.000s  Memory: 950.00M
"edges" in: sky130A_mr.drc:1161
    Edges: 80882 (flat)  69482 (hierarchical)
    Elapsed: 0.000s  Memory: 950.00M
"-" in: sky130A_mr.drc:1161
    Edges: 80878 (flat)  69478 (hierarchical)
    Elapsed: 0.060s  Memory: 950.00M
"edges" in: sky130A_mr.drc:1162
    Edges: 4 (flat)  4 (hierarchical)
    Elapsed: 0.000s  Memory: 950.00M
"merged" in: sky130A_mr.drc:1162
    Polygons (raw): 6722 (flat)  6152 (hierarchical)
    Elapsed: 0.000s  Memory: 950.00M
"outside_part" in: sky130A_mr.drc:1162
    Edges: 4 (flat)  4 (hierarchical)
    Elapsed: 0.010s  Memory: 950.00M
"space" in: sky130A_mr.drc:1164
    Edge pairs: 0 (flat)  0 (hierarchical)
    Elapsed: 0.470s  Memory: 990.00M
"output" in: sky130A_mr.drc:1164
    Edge pairs: 0 (flat)  0 (hierarchical)
    Elapsed: 0.030s  Memory: 990.00M
"separation" in: sky130A_mr.drc:1170
    Edge pairs: 0 (flat)  0 (hierarchical)
    Elapsed: 0.010s  Memory: 990.00M
"space" in: sky130A_mr.drc:1171
    Edge pairs: 0 (flat)  0 (hierarchical)
    Elapsed: 0.000s  Memory: 990.00M
"+" in: sky130A_mr.drc:1170
    Edge pairs: 0 (flat)  0 (hierarchical)
    Elapsed: 0.000s  Memory: 990.00M
"output" in: sky130A_mr.drc:1172
    Edge pairs: 0 (flat)  0 (hierarchical)
    Elapsed: 0.000s  Memory: 990.00M
"input" in: sky130A_mr.drc:1183
    Polygons (raw): 46246 (flat)  10036 (hierarchical)
    Elapsed: 0.040s  Memory: 990.00M
"enclosing" in: sky130A_mr.drc:1185
    Edge pairs: 0 (flat)  0 (hierarchical)
    Elapsed: 2.070s  Memory: 990.00M
"output" in: sky130A_mr.drc:1185
    Edge pairs: 0 (flat)  0 (hierarchical)
    Elapsed: 0.030s  Memory: 990.00M
"-" in: sky130A_mr.drc:1189
    Polygons (raw): 0 (flat)  0 (hierarchical)
    Elapsed: 1.750s  Memory: 990.00M
"output" in: sky130A_mr.drc:1189
    Polygons (raw): 0 (flat)  0 (hierarchical)
    Elapsed: 0.020s  Memory: 990.00M
"input" in: sky130A_mr.drc:1203
    Polygons (raw): 0 (flat)  0 (hierarchical)
    Elapsed: 0.000s  Memory: 990.00M
"enclosing" in: sky130A_mr.drc:1204
    Edge pairs: 0 (flat)  0 (hierarchical)
    Elapsed: 0.000s  Memory: 990.00M
"output" in: sky130A_mr.drc:1204
    Edge pairs: 0 (flat)  0 (hierarchical)
    Elapsed: 0.000s  Memory: 990.00M
"-" in: sky130A_mr.drc:1209
    Polygons (raw): 0 (flat)  0 (hierarchical)
    Elapsed: 0.000s  Memory: 990.00M
"output" in: sky130A_mr.drc:1209
    Polygons (raw): 0 (flat)  0 (hierarchical)
    Elapsed: 0.000s  Memory: 990.00M
"with_area" in: sky130A_mr.drc:1214
    Polygons (raw): 0 (flat)  0 (hierarchical)
    Elapsed: 0.010s  Memory: 990.00M
"output" in: sky130A_mr.drc:1214
    Polygons (raw): 0 (flat)  0 (hierarchical)
    Elapsed: 0.000s  Memory: 990.00M
"holes" in: sky130A_mr.drc:1217
    Polygons (raw): 0 (flat)  0 (hierarchical)
    Elapsed: 0.000s  Memory: 990.00M
"with_area" in: sky130A_mr.drc:1218
    Polygons (raw): 0 (flat)  0 (hierarchical)
    Elapsed: 0.010s  Memory: 990.00M
"output" in: sky130A_mr.drc:1219
    Polygons (raw): 0 (flat)  0 (hierarchical)
    Elapsed: 0.000s  Memory: 990.00M
"enclosing" in: sky130A_mr.drc:1230
    Edge pairs: 16363 (flat)  12943 (hierarchical)
    Elapsed: 1.450s  Memory: 990.00M
"second_edges" in: sky130A_mr.drc:1230
    Edges: 16363 (flat)  12943 (hierarchical)
    Elapsed: 0.020s  Memory: 990.00M
"width" in: sky130A_mr.drc:1232
    Edge pairs: 0 (flat)  0 (hierarchical)
    Elapsed: 0.060s  Memory: 990.00M
"polygons" in: sky130A_mr.drc:1234
    Polygons (raw): 0 (flat)  0 (hierarchical)
    Elapsed: 0.000s  Memory: 990.00M
"interacting" in: sky130A_mr.drc:1234
    Polygons (raw): 0 (flat)  0 (hierarchical)
    Elapsed: 0.000s  Memory: 990.00M
"output" in: sky130A_mr.drc:1235
    Polygons (raw): 0 (flat)  0 (hierarchical)
    Elapsed: 0.010s  Memory: 990.00M
END: 68/20 (m1)
START: 68/44 (via)
"drc" in: sky130A_mr.drc:1246
    Polygons (raw): 0 (flat)  0 (hierarchical)
    Elapsed: 0.080s  Memory: 990.00M
"-" in: sky130A_mr.drc:1247
    Polygons (raw): 9104 (flat)  9040 (hierarchical)
    Elapsed: 0.000s  Memory: 990.00M
"-" in: sky130A_mr.drc:1252
    Polygons (raw): 9104 (flat)  9040 (hierarchical)
    Elapsed: 0.000s  Memory: 990.00M
"non_rectangles" in: sky130A_mr.drc:1254
    Polygons (raw): 0 (flat)  0 (hierarchical)
    Elapsed: 0.060s  Memory: 990.00M
"output" in: sky130A_mr.drc:1254
    Polygons (raw): 0 (flat)  0 (hierarchical)
    Elapsed: 0.010s  Memory: 990.00M
"width" in: sky130A_mr.drc:1258
    Edge pairs: 0 (flat)  0 (hierarchical)
    Elapsed: 0.010s  Memory: 990.00M
"output" in: sky130A_mr.drc:1258
    Edge pairs: 0 (flat)  0 (hierarchical)
    Elapsed: 0.000s  Memory: 990.00M
"drc" in: sky130A_mr.drc:1263
    Edges: 0 (flat)  0 (hierarchical)
    Elapsed: 0.030s  Memory: 990.00M
"output" in: sky130A_mr.drc:1263
    Edges: 0 (flat)  0 (hierarchical)
    Elapsed: 0.000s  Memory: 990.00M
"space" in: sky130A_mr.drc:1268
    Edge pairs: 0 (flat)  0 (hierarchical)
    Elapsed: 0.030s  Memory: 990.00M
"output" in: sky130A_mr.drc:1268
    Edge pairs: 0 (flat)  0 (hierarchical)
    Elapsed: 0.000s  Memory: 990.00M
"width" in: sky130A_mr.drc:1274
    Edge pairs: 0 (flat)  0 (hierarchical)
    Elapsed: 0.000s  Memory: 990.00M
"output" in: sky130A_mr.drc:1274
    Edge pairs: 0 (flat)  0 (hierarchical)
    Elapsed: 0.000s  Memory: 990.00M
"drc" in: sky130A_mr.drc:1278
    Edge pairs: 0 (flat)  0 (hierarchical)
    Elapsed: 0.010s  Memory: 990.00M
"output" in: sky130A_mr.drc:1278
    Edge pairs: 0 (flat)  0 (hierarchical)
    Elapsed: 0.000s  Memory: 990.00M
"-" in: sky130A_mr.drc:1282
    Polygons (raw): 0 (flat)  0 (hierarchical)
    Elapsed: 0.000s  Memory: 990.00M
"output" in: sky130A_mr.drc:1282
    Polygons (raw): 0 (flat)  0 (hierarchical)
    Elapsed: 0.000s  Memory: 990.00M
"edges" in: sky130A_mr.drc:1289
    Edges: 80882 (flat)  69482 (hierarchical)
    Elapsed: 0.000s  Memory: 990.00M
"drc" in: sky130A_mr.drc:1290
    Edges: 36416 (flat)  36160 (hierarchical)
    Elapsed: 0.160s  Memory: 990.00M
"enclosing" in: sky130A_mr.drc:1290
    Edge pairs: 0 (flat)  0 (hierarchical)
    Elapsed: 0.080s  Memory: 990.00M
"output" in: sky130A_mr.drc:1291
    Edge pairs: 0 (flat)  0 (hierarchical)
    Elapsed: 0.000s  Memory: 990.00M
"squares" in: sky130A_mr.drc:1293
    Polygons (raw): 9104 (flat)  9040 (hierarchical)
    Elapsed: 0.010s  Memory: 990.00M
"drc" in: sky130A_mr.drc:1294
    Edges: 36416 (flat)  36160 (hierarchical)
    Elapsed: 0.100s  Memory: 990.00M
"-" in: sky130A_mr.drc:1295
    Edges: 0 (flat)  0 (hierarchical)
    Elapsed: 0.290s  Memory: 990.00M
"output" in: sky130A_mr.drc:1296
    Edges: 0 (flat)  0 (hierarchical)
    Elapsed: 0.010s  Memory: 990.00M
"edges" in: sky130A_mr.drc:1300
    Edges: 80882 (flat)  69482 (hierarchical)
    Elapsed: 0.010s  Memory: 990.00M
"drc" in: sky130A_mr.drc:1301
    Edges: 36416 (flat)  36160 (hierarchical)
    Elapsed: 0.100s  Memory: 990.00M
"enclosing" in: sky130A_mr.drc:1301
    Edge pairs: 14125 (flat)  14125 (hierarchical)
    Elapsed: 0.170s  Memory: 990.00M
"second_edges" in: sky130A_mr.drc:1302
    Edges: 14125 (flat)  14125 (hierarchical)
    Elapsed: 0.000s  Memory: 990.00M
"width" in: sky130A_mr.drc:1304
    Edge pairs: 0 (flat)  0 (hierarchical)
    Elapsed: 0.050s  Memory: 990.00M
"polygons" in: sky130A_mr.drc:1305
    Polygons (raw): 0 (flat)  0 (hierarchical)
    Elapsed: 0.000s  Memory: 990.00M
"interacting" in: sky130A_mr.drc:1305
    Polygons (raw): 0 (flat)  0 (hierarchical)
    Elapsed: 0.000s  Memory: 990.00M
"output" in: sky130A_mr.drc:1306
    Polygons (raw): 0 (flat)  0 (hierarchical)
    Elapsed: 0.000s  Memory: 990.00M
END: 68/44 (via)
START: 69/20 (m2)
"&" in: sky130A_mr.drc:1315
    Polygons (raw): 0 (flat)  0 (hierarchical)
    Elapsed: 0.000s  Memory: 990.00M
"width" in: sky130A_mr.drc:1316
    Edge pairs: 0 (flat)  0 (hierarchical)
    Elapsed: 0.090s  Memory: 990.00M
"output" in: sky130A_mr.drc:1316
    Edge pairs: 0 (flat)  0 (hierarchical)
    Elapsed: 0.000s  Memory: 990.00M
"sized" in: sky130A_mr.drc:1318
    Polygons (raw): 15 (flat)  15 (hierarchical)
    Elapsed: 0.070s  Memory: 990.00M
"sized" in: sky130A_mr.drc:1318
    Polygons (raw): 15 (flat)  15 (hierarchical)
    Elapsed: 0.010s  Memory: 990.00M
"snap" in: sky130A_mr.drc:1318
    Polygons (raw): 15 (flat)  15 (hierarchical)
    Elapsed: 0.010s  Memory: 990.00M
"&" in: sky130A_mr.drc:1318
    Polygons (raw): 15 (flat)  15 (hierarchical)
    Elapsed: 0.000s  Memory: 990.00M
"edges" in: sky130A_mr.drc:1319
    Edges: 57060 (flat)  57060 (hierarchical)
    Elapsed: 0.000s  Memory: 990.00M
"-" in: sky130A_mr.drc:1319
    Edges: 56993 (flat)  56993 (hierarchical)
    Elapsed: 0.050s  Memory: 990.00M
"edges" in: sky130A_mr.drc:1320
    Edges: 60 (flat)  60 (hierarchical)
    Elapsed: 0.030s  Memory: 990.00M
"merged" in: sky130A_mr.drc:1320
    Polygons (raw): 4508 (flat)  4508 (hierarchical)
    Elapsed: 0.000s  Memory: 990.00M
"outside_part" in: sky130A_mr.drc:1320
    Edges: 67 (flat)  67 (hierarchical)
    Elapsed: 0.000s  Memory: 990.00M
"-" in: sky130A_mr.drc:1321
    Polygons (raw): 9104 (flat)  9040 (hierarchical)
    Elapsed: 0.000s  Memory: 990.00M
"space" in: sky130A_mr.drc:1323
    Edge pairs: 0 (flat)  0 (hierarchical)
    Elapsed: 0.370s  Memory: 990.00M
"output" in: sky130A_mr.drc:1323
    Edge pairs: 0 (flat)  0 (hierarchical)
    Elapsed: 0.000s  Memory: 990.00M
"separation" in: sky130A_mr.drc:1329
    Edge pairs: 0 (flat)  0 (hierarchical)
    Elapsed: 0.020s  Memory: 990.00M
"space" in: sky130A_mr.drc:1330
    Edge pairs: 0 (flat)  0 (hierarchical)
    Elapsed: 0.010s  Memory: 990.00M
"+" in: sky130A_mr.drc:1329
    Edge pairs: 0 (flat)  0 (hierarchical)
    Elapsed: 0.000s  Memory: 990.00M
"output" in: sky130A_mr.drc:1331
    Edge pairs: 0 (flat)  0 (hierarchical)
    Elapsed: 0.000s  Memory: 990.00M
"with_area" in: sky130A_mr.drc:1333
    Polygons (raw): 0 (flat)  0 (hierarchical)
    Elapsed: 0.000s  Memory: 990.00M
"output" in: sky130A_mr.drc:1333
    Polygons (raw): 0 (flat)  0 (hierarchical)
    Elapsed: 0.000s  Memory: 990.00M
"holes" in: sky130A_mr.drc:1335
    Polygons (raw): 0 (flat)  0 (hierarchical)
    Elapsed: 0.000s  Memory: 990.00M
"with_area" in: sky130A_mr.drc:1336
    Polygons (raw): 0 (flat)  0 (hierarchical)
    Elapsed: 0.000s  Memory: 990.00M
"output" in: sky130A_mr.drc:1337
    Polygons (raw): 0 (flat)  0 (hierarchical)
    Elapsed: 0.000s  Memory: 990.00M
"enclosing" in: sky130A_mr.drc:1345
    Edge pairs: 0 (flat)  0 (hierarchical)
    Elapsed: 0.070s  Memory: 990.00M
"output" in: sky130A_mr.drc:1345
    Edge pairs: 0 (flat)  0 (hierarchical)
    Elapsed: 0.030s  Memory: 990.00M
"-" in: sky130A_mr.drc:1349
    Polygons (raw): 0 (flat)  0 (hierarchical)
    Elapsed: 0.090s  Memory: 990.00M
"output" in: sky130A_mr.drc:1349
    Polygons (raw): 0 (flat)  0 (hierarchical)
    Elapsed: 0.000s  Memory: 990.00M
"enclosing" in: sky130A_mr.drc:1353
    Edge pairs: 0 (flat)  0 (hierarchical)
    Elapsed: 0.000s  Memory: 990.00M
"output" in: sky130A_mr.drc:1353
    Edge pairs: 0 (flat)  0 (hierarchical)
    Elapsed: 0.000s  Memory: 990.00M
"enclosing" in: sky130A_mr.drc:1358
    Edge pairs: 15026 (flat)  15026 (hierarchical)
    Elapsed: 0.130s  Memory: 990.00M
"second_edges" in: sky130A_mr.drc:1358
    Edges: 15026 (flat)  15026 (hierarchical)
    Elapsed: 0.010s  Memory: 990.00M
"width" in: sky130A_mr.drc:1360
    Edge pairs: 0 (flat)  0 (hierarchical)
    Elapsed: 0.060s  Memory: 990.00M
"polygons" in: sky130A_mr.drc:1361
    Polygons (raw): 0 (flat)  0 (hierarchical)
    Elapsed: 0.000s  Memory: 990.00M
"interacting" in: sky130A_mr.drc:1361
    Polygons (raw): 0 (flat)  0 (hierarchical)
    Elapsed: 0.000s  Memory: 990.00M
"output" in: sky130A_mr.drc:1362
    Polygons (raw): 0 (flat)  0 (hierarchical)
    Elapsed: 0.000s  Memory: 990.00M
END: 69/20 (m2)
START: 69/44 (via2)
"drc" in: sky130A_mr.drc:1373
    Polygons (raw): 0 (flat)  0 (hierarchical)
    Elapsed: 0.040s  Memory: 990.00M
"-" in: sky130A_mr.drc:1374
    Polygons (raw): 2736 (flat)  2069 (hierarchical)
    Elapsed: 0.000s  Memory: 990.00M
"-" in: sky130A_mr.drc:1379
    Polygons (raw): 2736 (flat)  2069 (hierarchical)
    Elapsed: 0.000s  Memory: 990.00M
"non_rectangles" in: sky130A_mr.drc:1380
    Polygons (raw): 0 (flat)  0 (hierarchical)
    Elapsed: 0.020s  Memory: 990.00M
"output" in: sky130A_mr.drc:1380
    Polygons (raw): 0 (flat)  0 (hierarchical)
    Elapsed: 0.000s  Memory: 990.00M
"width" in: sky130A_mr.drc:1384
    Edge pairs: 0 (flat)  0 (hierarchical)
    Elapsed: 0.010s  Memory: 990.00M
"output" in: sky130A_mr.drc:1384
    Edge pairs: 0 (flat)  0 (hierarchical)
    Elapsed: 0.000s  Memory: 990.00M
"edges" in: sky130A_mr.drc:1389
    Edges: 10944 (flat)  8276 (hierarchical)
    Elapsed: 0.000s  Memory: 990.00M
"without_length" in: sky130A_mr.drc:1390
    Edges: 0 (flat)  0 (hierarchical)
    Elapsed: 0.000s  Memory: 990.00M
"output" in: sky130A_mr.drc:1391
    Edges: 0 (flat)  0 (hierarchical)
    Elapsed: 0.000s  Memory: 990.00M
"space" in: sky130A_mr.drc:1392
    Edge pairs: 0 (flat)  0 (hierarchical)
    Elapsed: 0.010s  Memory: 990.00M
"output" in: sky130A_mr.drc:1392
    Edge pairs: 0 (flat)  0 (hierarchical)
    Elapsed: 0.000s  Memory: 990.00M
"width" in: sky130A_mr.drc:1398
    Edge pairs: 0 (flat)  0 (hierarchical)
    Elapsed: 0.000s  Memory: 990.00M
"output" in: sky130A_mr.drc:1398
    Edge pairs: 0 (flat)  0 (hierarchical)
    Elapsed: 0.000s  Memory: 990.00M
"drc" in: sky130A_mr.drc:1402
    Edge pairs: 0 (flat)  0 (hierarchical)
    Elapsed: 0.010s  Memory: 990.00M
"output" in: sky130A_mr.drc:1402
    Edge pairs: 0 (flat)  0 (hierarchical)
    Elapsed: 0.000s  Memory: 990.00M
"-" in: sky130A_mr.drc:1406
    Polygons (raw): 0 (flat)  0 (hierarchical)
    Elapsed: 0.000s  Memory: 990.00M
"output" in: sky130A_mr.drc:1406
    Polygons (raw): 0 (flat)  0 (hierarchical)
    Elapsed: 0.000s  Memory: 990.00M
"enclosing" in: sky130A_mr.drc:1412
    Edge pairs: 0 (flat)  0 (hierarchical)
    Elapsed: 0.020s  Memory: 990.00M
"output" in: sky130A_mr.drc:1412
    Edge pairs: 0 (flat)  0 (hierarchical)
    Elapsed: 0.010s  Memory: 990.00M
"-" in: sky130A_mr.drc:1416
    Polygons (raw): 0 (flat)  0 (hierarchical)
    Elapsed: 0.030s  Memory: 990.00M
"output" in: sky130A_mr.drc:1416
    Polygons (raw): 0 (flat)  0 (hierarchical)
    Elapsed: 0.030s  Memory: 990.00M
"enclosing" in: sky130A_mr.drc:1419
    Edge pairs: 2741 (flat)  2741 (hierarchical)
    Elapsed: 0.040s  Memory: 990.00M
"second_edges" in: sky130A_mr.drc:1419
    Edges: 2741 (flat)  2741 (hierarchical)
    Elapsed: 0.000s  Memory: 990.00M
"width" in: sky130A_mr.drc:1421
    Edge pairs: 0 (flat)  0 (hierarchical)
    Elapsed: 0.030s  Memory: 990.00M
"polygons" in: sky130A_mr.drc:1422
    Polygons (raw): 0 (flat)  0 (hierarchical)
    Elapsed: 0.000s  Memory: 990.00M
"interacting" in: sky130A_mr.drc:1422
    Polygons (raw): 0 (flat)  0 (hierarchical)
    Elapsed: 0.000s  Memory: 990.00M
"output" in: sky130A_mr.drc:1423
    Polygons (raw): 0 (flat)  0 (hierarchical)
    Elapsed: 0.010s  Memory: 990.00M
END: 69/44 (via2)
START: 70/20 (m3)
"width" in: sky130A_mr.drc:1432
    Edge pairs: 0 (flat)  0 (hierarchical)
    Elapsed: 0.050s  Memory: 990.00M
"output" in: sky130A_mr.drc:1432
    Edge pairs: 0 (flat)  0 (hierarchical)
    Elapsed: 0.000s  Memory: 990.00M
"sized" in: sky130A_mr.drc:1434
    Polygons (raw): 23 (flat)  23 (hierarchical)
    Elapsed: 0.030s  Memory: 990.00M
"sized" in: sky130A_mr.drc:1434
    Polygons (raw): 23 (flat)  23 (hierarchical)
    Elapsed: 0.000s  Memory: 990.00M
"snap" in: sky130A_mr.drc:1434
    Polygons (raw): 23 (flat)  23 (hierarchical)
    Elapsed: 0.010s  Memory: 990.00M
"&" in: sky130A_mr.drc:1434
    Polygons (raw): 23 (flat)  23 (hierarchical)
    Elapsed: 0.000s  Memory: 990.00M
"edges" in: sky130A_mr.drc:1435
    Edges: 13356 (flat)  13356 (hierarchical)
    Elapsed: 0.010s  Memory: 990.00M
"-" in: sky130A_mr.drc:1435
    Edges: 13263 (flat)  13263 (hierarchical)
    Elapsed: 0.020s  Memory: 990.00M
"edges" in: sky130A_mr.drc:1436
    Edges: 92 (flat)  92 (hierarchical)
    Elapsed: 0.000s  Memory: 990.00M
"merged" in: sky130A_mr.drc:1436
    Polygons (raw): 1380 (flat)  1380 (hierarchical)
    Elapsed: 0.000s  Memory: 990.00M
"outside_part" in: sky130A_mr.drc:1436
    Edges: 94 (flat)  94 (hierarchical)
    Elapsed: 0.010s  Memory: 990.00M
"space" in: sky130A_mr.drc:1438
    Edge pairs: 0 (flat)  0 (hierarchical)
    Elapsed: 0.150s  Memory: 990.00M
"output" in: sky130A_mr.drc:1438
    Edge pairs: 0 (flat)  0 (hierarchical)
    Elapsed: 0.000s  Memory: 990.00M
"separation" in: sky130A_mr.drc:1444
    Edge pairs: 0 (flat)  0 (hierarchical)
    Elapsed: 0.020s  Memory: 990.00M
"space" in: sky130A_mr.drc:1445
    Edge pairs: 0 (flat)  0 (hierarchical)
    Elapsed: 0.000s  Memory: 990.00M
"+" in: sky130A_mr.drc:1444
    Edge pairs: 0 (flat)  0 (hierarchical)
    Elapsed: 0.000s  Memory: 990.00M
"output" in: sky130A_mr.drc:1446
    Edge pairs: 0 (flat)  0 (hierarchical)
    Elapsed: 0.000s  Memory: 990.00M
"enclosing" in: sky130A_mr.drc:1454
    Edge pairs: 0 (flat)  0 (hierarchical)
    Elapsed: 0.030s  Memory: 990.00M
"output" in: sky130A_mr.drc:1454
    Edge pairs: 0 (flat)  0 (hierarchical)
    Elapsed: 0.000s  Memory: 990.00M
"-" in: sky130A_mr.drc:1458
    Polygons (raw): 0 (flat)  0 (hierarchical)
    Elapsed: 0.030s  Memory: 990.00M
"output" in: sky130A_mr.drc:1458
    Polygons (raw): 0 (flat)  0 (hierarchical)
    Elapsed: 0.030s  Memory: 990.00M
"with_area" in: sky130A_mr.drc:1460
    Polygons (raw): 0 (flat)  0 (hierarchical)
    Elapsed: 0.000s  Memory: 990.00M
"output" in: sky130A_mr.drc:1460
    Polygons (raw): 0 (flat)  0 (hierarchical)
    Elapsed: 0.010s  Memory: 990.00M
"holes" in: sky130A_mr.drc:1462
    Polygons (raw): 1 (flat)  1 (hierarchical)
    Elapsed: 0.000s  Memory: 990.00M
"with_area" in: sky130A_mr.drc:1463
    Polygons (raw): 0 (flat)  0 (hierarchical)
    Elapsed: 0.010s  Memory: 990.00M
"output" in: sky130A_mr.drc:1464
    Polygons (raw): 0 (flat)  0 (hierarchical)
    Elapsed: 0.000s  Memory: 990.00M
END: 70/20 (m3)
START: 70/44 (via3)
"drc" in: sky130A_mr.drc:1471
    Polygons (raw): 0 (flat)  0 (hierarchical)
    Elapsed: 0.080s  Memory: 990.00M
"-" in: sky130A_mr.drc:1472
    Polygons (raw): 8261 (flat)  7785 (hierarchical)
    Elapsed: 0.010s  Memory: 990.00M
"-" in: sky130A_mr.drc:1477
    Polygons (raw): 8261 (flat)  7785 (hierarchical)
    Elapsed: 0.000s  Memory: 990.00M
"non_rectangles" in: sky130A_mr.drc:1478
    Polygons (raw): 0 (flat)  0 (hierarchical)
    Elapsed: 0.050s  Memory: 990.00M
"output" in: sky130A_mr.drc:1478
    Polygons (raw): 0 (flat)  0 (hierarchical)
    Elapsed: 0.000s  Memory: 990.00M
"width" in: sky130A_mr.drc:1482
    Edge pairs: 0 (flat)  0 (hierarchical)
    Elapsed: 0.010s  Memory: 990.00M
"output" in: sky130A_mr.drc:1482
    Edge pairs: 0 (flat)  0 (hierarchical)
    Elapsed: 0.000s  Memory: 990.00M
"edges" in: sky130A_mr.drc:1487
    Edges: 33036 (flat)  31132 (hierarchical)
    Elapsed: 0.000s  Memory: 990.00M
"without_length" in: sky130A_mr.drc:1488
    Edges: 0 (flat)  0 (hierarchical)
    Elapsed: 0.000s  Memory: 990.00M
"output" in: sky130A_mr.drc:1489
    Edges: 0 (flat)  0 (hierarchical)
    Elapsed: 0.010s  Memory: 990.00M
"space" in: sky130A_mr.drc:1491
    Edge pairs: 0 (flat)  0 (hierarchical)
    Elapsed: 0.040s  Memory: 990.00M
"output" in: sky130A_mr.drc:1491
    Edge pairs: 0 (flat)  0 (hierarchical)
    Elapsed: 0.000s  Memory: 990.00M
"enclosing" in: sky130A_mr.drc:1495
    Edge pairs: 0 (flat)  0 (hierarchical)
    Elapsed: 0.090s  Memory: 990.00M
"output" in: sky130A_mr.drc:1495
    Edge pairs: 0 (flat)  0 (hierarchical)
    Elapsed: 0.010s  Memory: 990.00M
"-" in: sky130A_mr.drc:1499
    Polygons (raw): 0 (flat)  0 (hierarchical)
    Elapsed: 0.050s  Memory: 990.00M
"output" in: sky130A_mr.drc:1499
    Polygons (raw): 0 (flat)  0 (hierarchical)
    Elapsed: 0.000s  Memory: 990.00M
"enclosing" in: sky130A_mr.drc:1505
    Edge pairs: 4254 (flat)  4254 (hierarchical)
    Elapsed: 0.110s  Memory: 990.00M
"second_edges" in: sky130A_mr.drc:1505
    Edges: 4254 (flat)  4254 (hierarchical)
    Elapsed: 0.000s  Memory: 990.00M
"width" in: sky130A_mr.drc:1507
    Edge pairs: 0 (flat)  0 (hierarchical)
    Elapsed: 0.030s  Memory: 990.00M
"polygons" in: sky130A_mr.drc:1508
    Polygons (raw): 0 (flat)  0 (hierarchical)
    Elapsed: 0.000s  Memory: 990.00M
"interacting" in: sky130A_mr.drc:1508
    Polygons (raw): 0 (flat)  0 (hierarchical)
    Elapsed: 0.010s  Memory: 990.00M
"output" in: sky130A_mr.drc:1509
    Polygons (raw): 0 (flat)  0 (hierarchical)
    Elapsed: 0.000s  Memory: 990.00M
END: 70/44 (via3)
START: 71/20 (m4)
"width" in: sky130A_mr.drc:1518
    Edge pairs: 0 (flat)  0 (hierarchical)
    Elapsed: 0.070s  Memory: 990.00M
"output" in: sky130A_mr.drc:1518
    Edge pairs: 0 (flat)  0 (hierarchical)
    Elapsed: 0.030s  Memory: 990.00M
"sized" in: sky130A_mr.drc:1520
    Polygons (raw): 317 (flat)  317 (hierarchical)
    Elapsed: 0.010s  Memory: 990.00M
"sized" in: sky130A_mr.drc:1520
    Polygons (raw): 317 (flat)  317 (hierarchical)
    Elapsed: 0.010s  Memory: 990.00M
"snap" in: sky130A_mr.drc:1520
    Polygons (raw): 317 (flat)  317 (hierarchical)
    Elapsed: 0.010s  Memory: 990.00M
"&" in: sky130A_mr.drc:1520
    Polygons (raw): 317 (flat)  317 (hierarchical)
    Elapsed: 0.020s  Memory: 990.00M
"edges" in: sky130A_mr.drc:1521
    Edges: 4596 (flat)  4596 (hierarchical)
    Elapsed: 0.010s  Memory: 990.00M
"-" in: sky130A_mr.drc:1521
    Edges: 3328 (flat)  3328 (hierarchical)
    Elapsed: 0.020s  Memory: 990.00M
"edges" in: sky130A_mr.drc:1522
    Edges: 1268 (flat)  1268 (hierarchical)
    Elapsed: 0.010s  Memory: 990.00M
"merged" in: sky130A_mr.drc:1522
    Polygons (raw): 619 (flat)  619 (hierarchical)
    Elapsed: 0.000s  Memory: 990.00M
"outside_part" in: sky130A_mr.drc:1522
    Edges: 1268 (flat)  1268 (hierarchical)
    Elapsed: 0.000s  Memory: 990.00M
"space" in: sky130A_mr.drc:1524
    Edge pairs: 0 (flat)  0 (hierarchical)
    Elapsed: 0.030s  Memory: 990.00M
"output" in: sky130A_mr.drc:1524
    Edge pairs: 0 (flat)  0 (hierarchical)
    Elapsed: 0.010s  Memory: 990.00M
"with_area" in: sky130A_mr.drc:1529
    Polygons (raw): 0 (flat)  0 (hierarchical)
    Elapsed: 0.000s  Memory: 990.00M
"output" in: sky130A_mr.drc:1529
    Polygons (raw): 0 (flat)  0 (hierarchical)
    Elapsed: 0.000s  Memory: 990.00M
"separation" in: sky130A_mr.drc:1532
    Edge pairs: 0 (flat)  0 (hierarchical)
    Elapsed: 0.010s  Memory: 990.00M
"space" in: sky130A_mr.drc:1533
    Edge pairs: 0 (flat)  0 (hierarchical)
    Elapsed: 0.000s  Memory: 990.00M
"+" in: sky130A_mr.drc:1532
    Edge pairs: 0 (flat)  0 (hierarchical)
    Elapsed: 0.000s  Memory: 990.00M
"output" in: sky130A_mr.drc:1534
    Edge pairs: 0 (flat)  0 (hierarchical)
    Elapsed: 0.000s  Memory: 990.00M
"enclosing" in: sky130A_mr.drc:1542
    Edge pairs: 0 (flat)  0 (hierarchical)
    Elapsed: 0.070s  Memory: 990.00M
"output" in: sky130A_mr.drc:1542
    Edge pairs: 0 (flat)  0 (hierarchical)
    Elapsed: 0.000s  Memory: 990.00M
"-" in: sky130A_mr.drc:1546
    Polygons (raw): 0 (flat)  0 (hierarchical)
    Elapsed: 0.060s  Memory: 990.00M
"output" in: sky130A_mr.drc:1546
    Polygons (raw): 0 (flat)  0 (hierarchical)
    Elapsed: 0.000s  Memory: 990.00M
"holes" in: sky130A_mr.drc:1549
    Polygons (raw): 0 (flat)  0 (hierarchical)
    Elapsed: 0.000s  Memory: 990.00M
"with_area" in: sky130A_mr.drc:1550
    Polygons (raw): 0 (flat)  0 (hierarchical)
    Elapsed: 0.000s  Memory: 990.00M
"output" in: sky130A_mr.drc:1551
    Polygons (raw): 0 (flat)  0 (hierarchical)
    Elapsed: 0.000s  Memory: 990.00M
END: 71/20 (m4)
START: 71/44 (via4)
"drc" in: sky130A_mr.drc:1557
    Polygons (raw): 0 (flat)  0 (hierarchical)
    Elapsed: 0.030s  Memory: 990.00M
"-" in: sky130A_mr.drc:1558
    Polygons (raw): 13560 (flat)  7 (hierarchical)
    Elapsed: 0.000s  Memory: 990.00M
"-" in: sky130A_mr.drc:1563
    Polygons (raw): 13560 (flat)  7 (hierarchical)
    Elapsed: 0.000s  Memory: 990.00M
"non_rectangles" in: sky130A_mr.drc:1564
    Polygons (raw): 0 (flat)  0 (hierarchical)
    Elapsed: 0.020s  Memory: 990.00M
"output" in: sky130A_mr.drc:1564
    Polygons (raw): 0 (flat)  0 (hierarchical)
    Elapsed: 0.000s  Memory: 990.00M
"width" in: sky130A_mr.drc:1568
    Edge pairs: 0 (flat)  0 (hierarchical)
    Elapsed: 0.020s  Memory: 990.00M
"output" in: sky130A_mr.drc:1568
    Edge pairs: 0 (flat)  0 (hierarchical)
    Elapsed: 0.000s  Memory: 990.00M
"drc" in: sky130A_mr.drc:1572
    Edges: 0 (flat)  0 (hierarchical)
    Elapsed: 0.010s  Memory: 990.00M
"output" in: sky130A_mr.drc:1572
    Edges: 0 (flat)  0 (hierarchical)
    Elapsed: 0.000s  Memory: 990.00M
"space" in: sky130A_mr.drc:1578
    Edge pairs: 0 (flat)  0 (hierarchical)
    Elapsed: 0.020s  Memory: 990.00M
"polygons" in: sky130A_mr.drc:1579
    Polygons (raw): 0 (flat)  0 (hierarchical)
    Elapsed: 0.000s  Memory: 990.00M
"output" in: sky130A_mr.drc:1580
    Polygons (raw): 0 (flat)  0 (hierarchical)
    Elapsed: 0.000s  Memory: 990.00M
"width" in: sky130A_mr.drc:1583
    Edge pairs: 0 (flat)  0 (hierarchical)
    Elapsed: 0.000s  Memory: 990.00M
"output" in: sky130A_mr.drc:1583
    Edge pairs: 0 (flat)  0 (hierarchical)
    Elapsed: 0.000s  Memory: 990.00M
"drc" in: sky130A_mr.drc:1587
    Edge pairs: 0 (flat)  0 (hierarchical)
    Elapsed: 0.010s  Memory: 990.00M
"output" in: sky130A_mr.drc:1587
    Edge pairs: 0 (flat)  0 (hierarchical)
    Elapsed: 0.000s  Memory: 990.00M
"-" in: sky130A_mr.drc:1591
    Polygons (raw): 0 (flat)  0 (hierarchical)
    Elapsed: 0.000s  Memory: 990.00M
"output" in: sky130A_mr.drc:1591
    Polygons (raw): 0 (flat)  0 (hierarchical)
    Elapsed: 0.000s  Memory: 990.00M
"enclosing" in: sky130A_mr.drc:1597
    Edge pairs: 0 (flat)  0 (hierarchical)
    Elapsed: 0.080s  Memory: 990.00M
"output" in: sky130A_mr.drc:1597
    Edge pairs: 0 (flat)  0 (hierarchical)
    Elapsed: 0.040s  Memory: 990.00M
"-" in: sky130A_mr.drc:1601
    Polygons (raw): 0 (flat)  0 (hierarchical)
    Elapsed: 0.050s  Memory: 990.00M
"output" in: sky130A_mr.drc:1601
    Polygons (raw): 0 (flat)  0 (hierarchical)
    Elapsed: 0.010s  Memory: 990.00M
END: 71/44 (via4)
START: 72/20 (m5)
"width" in: sky130A_mr.drc:1606
    Edge pairs: 0 (flat)  0 (hierarchical)
    Elapsed: 0.040s  Memory: 990.00M
"output" in: sky130A_mr.drc:1606
    Edge pairs: 0 (flat)  0 (hierarchical)
    Elapsed: 0.000s  Memory: 990.00M
"space" in: sky130A_mr.drc:1608
    Edge pairs: 0 (flat)  0 (hierarchical)
    Elapsed: 0.080s  Memory: 990.00M
"output" in: sky130A_mr.drc:1608
    Edge pairs: 0 (flat)  0 (hierarchical)
    Elapsed: 0.000s  Memory: 990.00M
"enclosing" in: sky130A_mr.drc:1610
    Edge pairs: 0 (flat)  0 (hierarchical)
    Elapsed: 0.100s  Memory: 990.00M
"output" in: sky130A_mr.drc:1610
    Edge pairs: 0 (flat)  0 (hierarchical)
    Elapsed: 0.010s  Memory: 990.00M
"-" in: sky130A_mr.drc:1614
    Polygons (raw): 0 (flat)  0 (hierarchical)
    Elapsed: 0.040s  Memory: 990.00M
"output" in: sky130A_mr.drc:1614
    Polygons (raw): 0 (flat)  0 (hierarchical)
    Elapsed: 0.000s  Memory: 990.00M
"with_area" in: sky130A_mr.drc:1621
    Polygons (raw): 0 (flat)  0 (hierarchical)
    Elapsed: 0.010s  Memory: 990.00M
"output" in: sky130A_mr.drc:1621
    Polygons (raw): 0 (flat)  0 (hierarchical)
    Elapsed: 0.000s  Memory: 990.00M
"holes" in: sky130A_mr.drc:1623
    Polygons (raw): 0 (flat)  0 (hierarchical)
    Elapsed: 0.000s  Memory: 990.00M
"with_area" in: sky130A_mr.drc:1624
    Polygons (raw): 0 (flat)  0 (hierarchical)
    Elapsed: 0.000s  Memory: 990.00M
"output" in: sky130A_mr.drc:1625
    Polygons (raw): 0 (flat)  0 (hierarchical)
    Elapsed: 0.000s  Memory: 990.00M
END: 72/20 (m5)
START: 76/20 (pad)
"space" in: sky130A_mr.drc:1630
    Edge pairs: 0 (flat)  0 (hierarchical)
    Elapsed: 0.000s  Memory: 990.00M
"output" in: sky130A_mr.drc:1630
    Edge pairs: 0 (flat)  0 (hierarchical)
    Elapsed: 0.000s  Memory: 990.00M
END: 76/20 (pad)
START: 81/10 (moduleCut)
"output" in: sky130A_mr.drc:1636
    Polygons (raw): 0 (flat)  0 (hierarchical)
    Elapsed: 0.000s  Memory: 990.00M
END: 81/10 (moduleCut)
Writing report database: /tmp/tmpucwkft_g/repo/precheck_results/19_SEP_2026___03_36_26/outputs/reports/klayout_beol_check.xml ..
Total elapsed: 31.030s  Memory: 943.00M
Args:
	sram_exclude: false
	feol: false
	beol: true
	floating_met: false
	offgrid: false
	seal: 
 
Cell exclusion list:
   rule    | cell
   nwell.6 | sky130_fd_io__gpiov2_amux, sky130_fd_io__simple_pad_and_busses
 
release 2026.03.30_01.00
