"polygons" in: met_min_ca_density.lydrc:35
    Polygons (raw): 106996 (flat)  6688 (hierarchical)
    Elapsed: 0.020s  Memory: 588.00M
"polygons" in: met_min_ca_density.lydrc:36
    Polygons (raw): 242629 (flat)  6611 (hierarchical)
    Elapsed: 0.010s  Memory: 588.00M
"polygons" in: met_min_ca_density.lydrc:38
    Polygons (raw): 81615 (flat)  10081 (hierarchical)
    Elapsed: 0.040s  Memory: 588.00M
"polygons" in: met_min_ca_density.lydrc:39
    Polygons (raw): 9104 (flat)  9040 (hierarchical)
    Elapsed: 0.020s  Memory: 588.00M
"polygons" in: met_min_ca_density.lydrc:41
    Polygons (raw): 9030 (flat)  8299 (hierarchical)
    Elapsed: 0.030s  Memory: 588.00M
"polygons" in: met_min_ca_density.lydrc:42
    Polygons (raw): 2736 (flat)  2069 (hierarchical)
    Elapsed: 0.010s  Memory: 588.00M
"polygons" in: met_min_ca_density.lydrc:44
    Polygons (raw): 3743 (flat)  2600 (hierarchical)
    Elapsed: 0.010s  Memory: 588.00M
"polygons" in: met_min_ca_density.lydrc:45
    Polygons (raw): 8261 (flat)  7785 (hierarchical)
    Elapsed: 0.020s  Memory: 588.00M
"polygons" in: met_min_ca_density.lydrc:47
    Polygons (raw): 5196 (flat)  1288 (hierarchical)
    Elapsed: 0.010s  Memory: 588.00M
"polygons" in: met_min_ca_density.lydrc:48
    Polygons (raw): 0 (flat)  0 (hierarchical)
    Elapsed: 0.000s  Memory: 588.00M
"polygons" in: met_min_ca_density.lydrc:49
    Polygons (raw): 13560 (flat)  7 (hierarchical)
    Elapsed: 0.010s  Memory: 588.00M
"polygons" in: met_min_ca_density.lydrc:51
    Polygons (raw): 3982 (flat)  550 (hierarchical)
    Elapsed: 0.000s  Memory: 588.00M
"input" in: met_min_ca_density.lydrc:53
    Polygons (raw): 11 (flat)  11 (hierarchical)
    Elapsed: 0.010s  Memory: 588.00M
"area" in: met_min_ca_density.lydrc:55
    Elapsed: 0.010s  Memory: 590.00M
"polygons" in: met_min_ca_density.lydrc:59
    Polygons (raw): 106996 (flat)  6688 (hierarchical)
    Elapsed: 0.010s  Memory: 590.00M
"area" in: met_min_ca_density.lydrc:59
    Elapsed: 0.730s  Memory: 598.00M
li1_ca_density is 0.9859162017045454
"polygons" in: met_min_ca_density.lydrc:69
    Polygons (raw): 81615 (flat)  10081 (hierarchical)
    Elapsed: 0.050s  Memory: 598.00M
"area" in: met_min_ca_density.lydrc:69
    Elapsed: 0.660s  Memory: 598.00M
m1_ca_density is 0.9883248498599003
"polygons" in: met_min_ca_density.lydrc:79
    Polygons (raw): 9030 (flat)  8299 (hierarchical)
    Elapsed: 0.050s  Memory: 598.00M
"area" in: met_min_ca_density.lydrc:79
    Elapsed: 0.090s  Memory: 599.00M
m2_ca_density is 0.9882521373876284
"polygons" in: met_min_ca_density.lydrc:89
    Polygons (raw): 3743 (flat)  2600 (hierarchical)
    Elapsed: 0.010s  Memory: 599.00M
"area" in: met_min_ca_density.lydrc:89
    Elapsed: 0.050s  Memory: 599.00M
m3_ca_density is 0.9932730248287671
"polygons" in: met_min_ca_density.lydrc:99
    Polygons (raw): 5196 (flat)  1288 (hierarchical)
    Elapsed: 0.000s  Memory: 599.00M
"area" in: met_min_ca_density.lydrc:99
    Elapsed: 0.070s  Memory: 599.00M
m4_ca_density is 0.8293133722417886
"polygons" in: met_min_ca_density.lydrc:109
    Polygons (raw): 3982 (flat)  550 (hierarchical)
    Elapsed: 0.000s  Memory: 599.00M
"area" in: met_min_ca_density.lydrc:109
    Elapsed: 0.040s  Memory: 599.00M
m5_ca_density is 0.8433313823163138
Writing report database: /tmp/tmpucwkft_g/repo/precheck_results/19_SEP_2026___03_36_26/outputs/reports/klayout_met_min_ca_density_check.xml ..
Total elapsed: 2.120s  Memory: 599.00M
