CVC: Log output to /tmp/tmpvjn2kage/repo/precheck_results/16_SEP_2026___21_38_25/tmp_oeb/cvc.oeb.log
CVC: Error output to /tmp/tmpvjn2kage/repo/precheck_results/16_SEP_2026___21_38_25/tmp_oeb/cvc.oeb.error.gz
CVC: Debug output to /tmp/tmpvjn2kage/repo/precheck_results/16_SEP_2026___21_38_25/tmp_oeb/cvc.oeb.debug.gz
CVC: Circuit Validation Check  Version 1.1.7
CVC: Start: Wed Sep 16 21:40:05 2026

Using the following parameters for CVC (Circuit Validation Check) from /tmp/tmpvjn2kage/repo/precheck_results/16_SEP_2026___21_38_25/tmp_oeb/cvcrc.oeb
CVC_TOP = 'user_project_wrapper'
CVC_NETLIST = '/tmp/tmpvjn2kage/repo/precheck_results/16_SEP_2026___21_38_25/tmp_oeb/user_project_wrapper.cdl.gz'
CVC_MODE = 'user_project_wrapper'
CVC_MODEL_FILE = '/usr/local/lib/python3.9/site-packages/cf_precheck/be_checks/tech/sky130A/cvc.models'
CVC_POWER_FILE = '/tmp/tmpvjn2kage/repo/precheck_results/16_SEP_2026___21_38_25/tmp_oeb/cvc.power.user_project_wrapper'
CVC_FUSE_FILE = ''
CVC_REPORT_FILE = '/tmp/tmpvjn2kage/repo/precheck_results/16_SEP_2026___21_38_25/tmp_oeb/cvc.oeb.log'
CVC_REPORT_TITLE = 'CVC user_project_wrapper'
CVC_CIRCUIT_ERROR_LIMIT = '100'
CVC_SEARCH_LIMIT = '100'
CVC_LEAK_LIMIT = '0.0002'
CVC_SOI = 'false'
CVC_SCRC = 'false'
CVC_VTH_GATES = 'false'
CVC_MIN_VTH_GATES = 'false'
CVC_IGNORE_VTH_FLOATING = 'false'
CVC_IGNORE_NO_LEAK_FLOATING = 'false'
CVC_LEAK_OVERVOLTAGE = 'true'
CVC_LOGIC_DIODES = 'false'
CVC_ANALOG_GATES = 'true'
CVC_BACKUP_RESULTS = 'false'
CVC_MOS_DIODE_ERROR_THRESHOLD = '0'
CVC_SHORT_ERROR_THRESHOLD = '0'
CVC_BIAS_ERROR_THRESHOLD = '0'
CVC_FORWARD_ERROR_THRESHOLD = '0'
CVC_FLOATING_ERROR_THRESHOLD = '0'
CVC_GATE_ERROR_THRESHOLD = '0'
CVC_LEAK?_ERROR_THRESHOLD = '0'
CVC_EXPECTED_ERROR_THRESHOLD = '0'
CVC_OVERVOLTAGE_ERROR_THRESHOLD = '0'
CVC_PARALLEL_CIRCUIT_PORT_LIMIT = '0'
CVC_CELL_ERROR_LIMIT_FILE = ''
CVC_CELL_CHECKSUM_FILE = ''
CVC_LARGE_CIRCUIT_SIZE = '10000000'
CVC_NET_CHECK_FILE = ''
CVC_MODEL_CHECK_FILE = ''
End of parameters

CVC: Reading device model settings...
CVC: Reading power settings...
CVC: Parsing netlist /tmp/tmpvjn2kage/repo/precheck_results/16_SEP_2026___21_38_25/tmp_oeb/user_project_wrapper.cdl.gz
Cdl fixed data size 311651
Usage CDL: Time: 0  Memory: 13252  I/O: 8  Swap: 0
CVC: Counting and linking...
CVC: Assigning IDs ...
Usage DB: Time: 0  Memory: 15100  I/O: 8  Swap: 0
CVC: 17451(17451) instances, 9055(9055) nets, 31097(31097) devices.
CVC: Setting models ...
Setting model tolerances...

> c 6
CVC: Shorting switches...
	Shorted 30 short
	Shorted 0 sky130_fd_pr__res_generic_l1
	Shorted 0 sky130_fd_pr__res_generic_m1
	Shorted 0 sky130_fd_pr__res_generic_m2
	Shorted 0 sky130_fd_pr__res_generic_m3
	Shorted 0 sky130_fd_pr__res_generic_m4
	Shorted 0 sky130_fd_pr__res_generic_m5
Setting instance power...

ModelList> filename /usr/local/lib/python3.9/site-packages/cf_precheck/be_checks/tech/sky130A/cvc.models
 Model> sky130_fd_pr__cap_mim_m3_1         0 C->capacitor  Parameters>
 Model> sky130_fd_pr__cap_mim_m3_2         0 C->capacitor  Parameters>
 Model> sky130_fd_pr__cap_var         0 C->capacitor  Parameters>
 Model> sky130_fd_pr__cap_var_lvt         0 C->capacitor  Parameters>
 Model> condiode           0 D->diode      Parameters> Diodes> 1-2
 Model> sky130_fd_pr__diode_pd2nw_05v5         0 D->diode      Parameters> Diodes> 1-2
 Model> sky130_fd_pr__diode_pd2nw_05v5_lvt         0 D->diode      Parameters> Diodes> 1-2
 Model> sky130_fd_pr__diode_pd2nw_11v0         0 D->diode      Parameters> Diodes> 1-2
 Model> sky130_fd_pr__diode_pw2nd_05v5        30 D->diode      Parameters> Diodes> 1-2
 Model> sky130_fd_pr__diode_pw2nd_05v5_lvt         0 D->diode      Parameters> Diodes> 1-2
 Model> sky130_fd_pr__diode_pw2nd_05v5_nvt         0 D->diode      Parameters> Diodes> 1-2
 Model> sky130_fd_pr__diode_pw2nd_11v0         0 D->diode      Parameters> Diodes> 1-2
 Model> sky130_fd_pr__model__parasitic__diode_ps2dn         0 D->diode      Parameters> Diodes> 1-2
 Model> sky130_fd_pr__model__parasitic__diode_ps2nw         0 D->diode      Parameters> Diodes> 1-2
 Model> sky130_fd_pr__model__parasitic__diode_pw2dn         0 D->diode      Parameters> Diodes> 1-2
 Model> nfet_01v8          0 M->nmos       Parameters> Vth=0.2 Vds=1.8 Vgs=1.8 R=L/W*7000 Diodes> 4-1 4-3
 Model> pfet_01v8_hvt         0 M->pmos       Parameters> Vth=-0.2 Vds=1.8 Vgs=1.8 R=L/W*7000 Diodes> 1-4 3-4
 Model> sky130_fd_bs_flash__special_sonosfet_star         0 M->nmos       Parameters> Vth=0.2 R=L/W*7000 Diodes> 4-1 4-3
 Model> sky130_fd_pr__esd_nfet_g5v0d10v5         0 M->nmos       Parameters> Vth=0.2 R=L/W*7000 Diodes> 4-1 4-3
 Model> sky130_fd_pr__nfet_01v8     14363 M->nmos       Parameters> Vth=0.2 Vds=1.8 Vgs=1.8 R=L/W*7000 Diodes> 4-1 4-3
 Model> sky130_fd_pr__nfet_01v8_lvt         0 M->nmos       Parameters> Vth=0.1 Vds=1.8 Vgs=1.8 R=L/W*7000 Diodes> 4-1 4-3
 Model> sky130_fd_pr__nfet_03v3_nvt         0 M->nmos       Parameters> Vth=0.2 Vds=3.3 Vgs=3.3 R=L/W*7000 Diodes> 4-1 4-3
 Model> sky130_fd_pr__nfet_05v0_nvt         0 M->nmos       Parameters> Vth=0.2 R=L/W*7000 Diodes> 4-1 4-3
 Model> sky130_fd_pr__nfet_g5v0d10v5         0 M->nmos       Parameters> Vth=0.2 R=L/W*7000 Diodes> 4-1 4-3
 Model> sky130_fd_pr__pfet_01v8         0 M->pmos       Parameters> Vth=-0.2 Vds=1.8 Vgs=1.8 R=L/W*7000 Diodes> 1-4 3-4
 Model> sky130_fd_pr__pfet_01v8_hvt     15504 M->pmos       Parameters> Vth=-0.3 Vds=1.8 Vgs=1.8 R=L/W*7000 Diodes> 1-4 3-4
 Model> sky130_fd_pr__pfet_01v8_lvt         0 M->pmos       Parameters> Vth=-0.1 Vds=1.8 Vgs=1.8 R=L/W*7000 Diodes> 1-4 3-4
 Model> sky130_fd_pr__pfet_g5v0d10v5         0 M->pmos       Parameters> Vth=-0.2 R=L/W*7000 Diodes> 1-4 3-4
 Model> sky130_fd_pr__special_nfet_01v8      1156 M->nmos       Parameters> Vth=0.2 Vds=1.8 Vgs=1.8 R=L/W*7000 Diodes> 4-1 4-3
 Model> sky130_fd_pr__special_nfet_latch         0 M->nmos       Parameters> Vth=0.2 Vds=1.8 Vgs=1.8 R=L/W*7000 Diodes> 4-1 4-3
 Model> sky130_fd_pr__special_nfet_pass         0 M->nmos       Parameters> Vth=0.2 Vds=1.8 Vgs=1.8 R=L/W*7000 Diodes> 4-1 4-3
 Model> sky130_fd_pr__special_pfet_01v8_hvt         0 M->pmos       Parameters> Vth=-0.3 Vds=1.8 Vgs=1.8 R=L/W*7000 Diodes> 1-4 3-4
 Model> sky130_fd_pr__special_pfet_latch         0 M->pmos       Parameters> Vth=-0.2 Vds=1.8 Vgs=1.8 R=L/W*7000 Diodes> 1-4 3-4
 Model> sky130_fd_pr__special_pfet_pass         0 M->pmos       Parameters> Vth=-0.2 Vds=1.8 Vgs=1.8 R=L/W*7000 Diodes> 1-4 3-4
 Model> sky130_fd_pr__npn_11v0         0 Q->bipolar    Parameters>
 Model> sky130_fd_pr__npn_11v0_W1p00L1p00         0 Q->bipolar    Parameters>
 Model> sky130_fd_pr__pnp_05v5         0 Q->bipolar    Parameters>
 Model> sky130_fd_pr__pnp_05v5_W0p68L0p68         0 Q->bipolar    Parameters>
 Model> sky130_fd_pr__pnp_05v5_W3p40L3p40         0 Q->bipolar    Parameters>
 Model> short             30 R->switch_on  Parameters>
 Model> sky130_fd_pr__res_generic_l1         0 R->switch_on  Parameters>
 Model> sky130_fd_pr__res_generic_m1         0 R->switch_on  Parameters>
 Model> sky130_fd_pr__res_generic_m2         0 R->switch_on  Parameters>
 Model> sky130_fd_pr__res_generic_m3         0 R->switch_on  Parameters>
 Model> sky130_fd_pr__res_generic_m4         0 R->switch_on  Parameters>
 Model> sky130_fd_pr__res_generic_m5         0 R->switch_on  Parameters>
 Model> sky130_fd_pr__res_generic_nd         0 R->resistor   Parameters> R=l/w*120
 Model> sky130_fd_pr__res_generic_nd__hv         0 R->resistor   Parameters> R=l/w*114
 Model> sky130_fd_pr__res_generic_pd         0 R->resistor   Parameters> R=l/w*197
 Model> sky130_fd_pr__res_generic_pd__hv         0 R->resistor   Parameters> R=l/w*191
 Model> sky130_fd_pr__res_generic_po        14 R->resistor   Parameters> R=l/w*48
 Model> sky130_fd_pr__res_high_po         0 R->resistor   Parameters> R=l/w*300
 Model> sky130_fd_pr__res_high_po_0p35         0 R->resistor   Parameters> R=l/0.35*300
 Model> sky130_fd_pr__res_high_po_0p69         0 R->resistor   Parameters> R=l/0.69*300
 Model> sky130_fd_pr__res_high_po_1p41         0 R->resistor   Parameters> R=l/1.41*300
 Model> sky130_fd_pr__res_high_po_2p85         0 R->resistor   Parameters> R=l/2.85*300
 Model> sky130_fd_pr__res_high_po_5p73         0 R->resistor   Parameters> R=l/5.73*300
 Model> sky130_fd_pr__res_iso_pw         0 R->resistor   Parameters> R=l/w*4400
 Model> sky130_fd_pr__res_xhigh_po         0 R->resistor   Parameters> R=l/w*2000
 Model> sky130_fd_pr__res_xhigh_po_0p35         0 R->resistor   Parameters> R=l/0.35*2000
 Model> sky130_fd_pr__res_xhigh_po_0p69         0 R->resistor   Parameters> R=l/0.69*2000
 Model> sky130_fd_pr__res_xhigh_po_1p41         0 R->resistor   Parameters> R=l/1.41*2000
 Model> sky130_fd_pr__res_xhigh_po_2p85         0 R->resistor   Parameters> R=l/2.85*2000
 Model> sky130_fd_pr__res_xhigh_po_5p73         0 R->resistor   Parameters> R=l/5.73*2000
ModelList> end

Power List> filename /tmp/tmpvjn2kage/repo/precheck_results/16_SEP_2026___21_38_25/tmp_oeb/cvc.power.user_project_wrapper
vccd* power 1.8
 ->vccd1 power 1.8 -> 1.8 power
 ->vccd2 power 1.8 -> 1.8 power
vdda* power 3.3
 ->vdda1 power 3.3 -> 3.3 power
 ->vdda2 power 3.3 -> 3.3 power
vssa* power 0.0
 ->vssa1 power 0.0 -> 0.0 power
 ->vssa2 power 0.0 -> 0.0 power
vssd* power 0.0
 ->vssd2 power 0.0 -> 0.0 power
 user_clock2 input min@0.0 max@1.8 -> min@0.0 max@1.8 input
 wb_clk_i input min@0.0 max@1.8 -> min@0.0 max@1.8 input
 wb_rst_i input min@0.0 max@1.8 -> min@0.0 max@1.8 input
 wbs_cyc_i input min@0.0 max@1.8 -> min@0.0 max@1.8 input
 wbs_stb_i input min@0.0 max@1.8 -> min@0.0 max@1.8 input
 wbs_we_i input min@0.0 max@1.8 -> min@0.0 max@1.8 input
io_in[*] input min@0.0 max@1.8
 ->io_in[15] input min@0.0 max@1.8 -> min@0.0 max@1.8 input
 ->io_in[16] input min@0.0 max@1.8 -> min@0.0 max@1.8 input
 ->io_in[17] input min@0.0 max@1.8 -> min@0.0 max@1.8 input
 ->io_in[18] input min@0.0 max@1.8 -> min@0.0 max@1.8 input
 ->io_in[19] input min@0.0 max@1.8 -> min@0.0 max@1.8 input
 ->io_in[20] input min@0.0 max@1.8 -> min@0.0 max@1.8 input
 ->io_in[21] input min@0.0 max@1.8 -> min@0.0 max@1.8 input
 ->io_in[22] input min@0.0 max@1.8 -> min@0.0 max@1.8 input
 ->io_in[23] input min@0.0 max@1.8 -> min@0.0 max@1.8 input
 ->io_in[10] input min@0.0 max@1.8 -> min@0.0 max@1.8 input
 ->io_in[11] input min@0.0 max@1.8 -> min@0.0 max@1.8 input
 ->io_in[12] input min@0.0 max@1.8 -> min@0.0 max@1.8 input
 ->io_in[13] input min@0.0 max@1.8 -> min@0.0 max@1.8 input
 ->io_in[14] input min@0.0 max@1.8 -> min@0.0 max@1.8 input
 ->io_in[9] input min@0.0 max@1.8 -> min@0.0 max@1.8 input
 ->io_in[24] input min@0.0 max@1.8 -> min@0.0 max@1.8 input
 ->io_in[25] input min@0.0 max@1.8 -> min@0.0 max@1.8 input
 ->io_in[26] input min@0.0 max@1.8 -> min@0.0 max@1.8 input
 ->io_in[27] input min@0.0 max@1.8 -> min@0.0 max@1.8 input
 ->io_in[28] input min@0.0 max@1.8 -> min@0.0 max@1.8 input
 ->io_in[29] input min@0.0 max@1.8 -> min@0.0 max@1.8 input
 ->io_in[30] input min@0.0 max@1.8 -> min@0.0 max@1.8 input
 ->io_in[31] input min@0.0 max@1.8 -> min@0.0 max@1.8 input
 ->io_in[32] input min@0.0 max@1.8 -> min@0.0 max@1.8 input
 ->io_in[33] input min@0.0 max@1.8 -> min@0.0 max@1.8 input
 ->io_in[34] input min@0.0 max@1.8 -> min@0.0 max@1.8 input
 ->io_in[35] input min@0.0 max@1.8 -> min@0.0 max@1.8 input
 ->io_in[36] input min@0.0 max@1.8 -> min@0.0 max@1.8 input
 ->io_in[37] input min@0.0 max@1.8 -> min@0.0 max@1.8 input
 ->io_in[8] input min@0.0 max@1.8 -> min@0.0 max@1.8 input
 ->io_in[2] input min@0.0 max@1.8 -> min@0.0 max@1.8 input
 ->io_in[1] input min@0.0 max@1.8 -> min@0.0 max@1.8 input
 ->io_in[0] input min@0.0 max@1.8 -> min@0.0 max@1.8 input
 ->io_in[3] input min@0.0 max@1.8 -> min@0.0 max@1.8 input
 ->io_in[4] input min@0.0 max@1.8 -> min@0.0 max@1.8 input
 ->io_in[5] input min@0.0 max@1.8 -> min@0.0 max@1.8 input
 ->io_in[6] input min@0.0 max@1.8 -> min@0.0 max@1.8 input
 ->io_in[7] input min@0.0 max@1.8 -> min@0.0 max@1.8 input
la_data_in[*] input min@0.0 max@1.8
 ->la_data_in[0] input min@0.0 max@1.8 -> min@0.0 max@1.8 input
 ->la_data_in[1] input min@0.0 max@1.8 -> min@0.0 max@1.8 input
 ->la_data_in[2] input min@0.0 max@1.8 -> min@0.0 max@1.8 input
 ->la_data_in[3] input min@0.0 max@1.8 -> min@0.0 max@1.8 input
 ->la_data_in[4] input min@0.0 max@1.8 -> min@0.0 max@1.8 input
 ->la_data_in[5] input min@0.0 max@1.8 -> min@0.0 max@1.8 input
 ->la_data_in[23] input min@0.0 max@1.8 -> min@0.0 max@1.8 input
 ->la_data_in[24] input min@0.0 max@1.8 -> min@0.0 max@1.8 input
 ->la_data_in[25] input min@0.0 max@1.8 -> min@0.0 max@1.8 input
 ->la_data_in[26] input min@0.0 max@1.8 -> min@0.0 max@1.8 input
 ->la_data_in[11] input min@0.0 max@1.8 -> min@0.0 max@1.8 input
 ->la_data_in[12] input min@0.0 max@1.8 -> min@0.0 max@1.8 input
 ->la_data_in[13] input min@0.0 max@1.8 -> min@0.0 max@1.8 input
 ->la_data_in[14] input min@0.0 max@1.8 -> min@0.0 max@1.8 input
 ->la_data_in[6] input min@0.0 max@1.8 -> min@0.0 max@1.8 input
 ->la_data_in[7] input min@0.0 max@1.8 -> min@0.0 max@1.8 input
 ->la_data_in[8] input min@0.0 max@1.8 -> min@0.0 max@1.8 input
 ->la_data_in[9] input min@0.0 max@1.8 -> min@0.0 max@1.8 input
 ->la_data_in[15] input min@0.0 max@1.8 -> min@0.0 max@1.8 input
 ->la_data_in[16] input min@0.0 max@1.8 -> min@0.0 max@1.8 input
 ->la_data_in[17] input min@0.0 max@1.8 -> min@0.0 max@1.8 input
 ->la_data_in[18] input min@0.0 max@1.8 -> min@0.0 max@1.8 input
 ->la_data_in[19] input min@0.0 max@1.8 -> min@0.0 max@1.8 input
 ->la_data_in[10] input min@0.0 max@1.8 -> min@0.0 max@1.8 input
 ->la_data_in[20] input min@0.0 max@1.8 -> min@0.0 max@1.8 input
 ->la_data_in[21] input min@0.0 max@1.8 -> min@0.0 max@1.8 input
 ->la_data_in[22] input min@0.0 max@1.8 -> min@0.0 max@1.8 input
 ->la_data_in[39] input min@0.0 max@1.8 -> min@0.0 max@1.8 input
 ->la_data_in[40] input min@0.0 max@1.8 -> min@0.0 max@1.8 input
 ->la_data_in[41] input min@0.0 max@1.8 -> min@0.0 max@1.8 input
 ->la_data_in[42] input min@0.0 max@1.8 -> min@0.0 max@1.8 input
 ->la_data_in[43] input min@0.0 max@1.8 -> min@0.0 max@1.8 input
 ->la_data_in[44] input min@0.0 max@1.8 -> min@0.0 max@1.8 input
 ->la_data_in[45] input min@0.0 max@1.8 -> min@0.0 max@1.8 input
 ->la_data_in[46] input min@0.0 max@1.8 -> min@0.0 max@1.8 input
 ->la_data_in[27] input min@0.0 max@1.8 -> min@0.0 max@1.8 input
 ->la_data_in[28] input min@0.0 max@1.8 -> min@0.0 max@1.8 input
 ->la_data_in[29] input min@0.0 max@1.8 -> min@0.0 max@1.8 input
 ->la_data_in[30] input min@0.0 max@1.8 -> min@0.0 max@1.8 input
 ->la_data_in[31] input min@0.0 max@1.8 -> min@0.0 max@1.8 input
 ->la_data_in[32] input min@0.0 max@1.8 -> min@0.0 max@1.8 input
 ->la_data_in[33] input min@0.0 max@1.8 -> min@0.0 max@1.8 input
 ->la_data_in[34] input min@0.0 max@1.8 -> min@0.0 max@1.8 input
 ->la_data_in[35] input min@0.0 max@1.8 -> min@0.0 max@1.8 input
 ->la_data_in[36] input min@0.0 max@1.8 -> min@0.0 max@1.8 input
 ->la_data_in[37] input min@0.0 max@1.8 -> min@0.0 max@1.8 input
 ->la_data_in[38] input min@0.0 max@1.8 -> min@0.0 max@1.8 input
 ->la_data_in[47] input min@0.0 max@1.8 -> min@0.0 max@1.8 input
 ->la_data_in[48] input min@0.0 max@1.8 -> min@0.0 max@1.8 input
 ->la_data_in[49] input min@0.0 max@1.8 -> min@0.0 max@1.8 input
 ->la_data_in[50] input min@0.0 max@1.8 -> min@0.0 max@1.8 input
 ->la_data_in[51] input min@0.0 max@1.8 -> min@0.0 max@1.8 input
 ->la_data_in[52] input min@0.0 max@1.8 -> min@0.0 max@1.8 input
 ->la_data_in[53] input min@0.0 max@1.8 -> min@0.0 max@1.8 input
 ->la_data_in[54] input min@0.0 max@1.8 -> min@0.0 max@1.8 input
 ->la_data_in[55] input min@0.0 max@1.8 -> min@0.0 max@1.8 input
 ->la_data_in[56] input min@0.0 max@1.8 -> min@0.0 max@1.8 input
 ->la_data_in[57] input min@0.0 max@1.8 -> min@0.0 max@1.8 input
 ->la_data_in[58] input min@0.0 max@1.8 -> min@0.0 max@1.8 input
 ->la_data_in[59] input min@0.0 max@1.8 -> min@0.0 max@1.8 input
 ->la_data_in[60] input min@0.0 max@1.8 -> min@0.0 max@1.8 input
 ->la_data_in[61] input min@0.0 max@1.8 -> min@0.0 max@1.8 input
 ->la_data_in[62] input min@0.0 max@1.8 -> min@0.0 max@1.8 input
 ->la_data_in[63] input min@0.0 max@1.8 -> min@0.0 max@1.8 input
 ->la_data_in[64] input min@0.0 max@1.8 -> min@0.0 max@1.8 input
 ->la_data_in[65] input min@0.0 max@1.8 -> min@0.0 max@1.8 input
 ->la_data_in[66] input min@0.0 max@1.8 -> min@0.0 max@1.8 input
 ->la_data_in[67] input min@0.0 max@1.8 -> min@0.0 max@1.8 input
 ->la_data_in[72] input min@0.0 max@1.8 -> min@0.0 max@1.8 input
 ->la_data_in[73] input min@0.0 max@1.8 -> min@0.0 max@1.8 input
 ->la_data_in[74] input min@0.0 max@1.8 -> min@0.0 max@1.8 input
 ->la_data_in[75] input min@0.0 max@1.8 -> min@0.0 max@1.8 input
 ->la_data_in[76] input min@0.0 max@1.8 -> min@0.0 max@1.8 input
 ->la_data_in[77] input min@0.0 max@1.8 -> min@0.0 max@1.8 input
 ->la_data_in[78] input min@0.0 max@1.8 -> min@0.0 max@1.8 input
 ->la_data_in[79] input min@0.0 max@1.8 -> min@0.0 max@1.8 input
 ->la_data_in[80] input min@0.0 max@1.8 -> min@0.0 max@1.8 input
 ->la_data_in[81] input min@0.0 max@1.8 -> min@0.0 max@1.8 input
 ->la_data_in[82] input min@0.0 max@1.8 -> min@0.0 max@1.8 input
 ->la_data_in[83] input min@0.0 max@1.8 -> min@0.0 max@1.8 input
 ->la_data_in[84] input min@0.0 max@1.8 -> min@0.0 max@1.8 input
 ->la_data_in[85] input min@0.0 max@1.8 -> min@0.0 max@1.8 input
 ->la_data_in[86] input min@0.0 max@1.8 -> min@0.0 max@1.8 input
 ->la_data_in[87] input min@0.0 max@1.8 -> min@0.0 max@1.8 input
 ->la_data_in[69] input min@0.0 max@1.8 -> min@0.0 max@1.8 input
 ->la_data_in[70] input min@0.0 max@1.8 -> min@0.0 max@1.8 input
 ->la_data_in[71] input min@0.0 max@1.8 -> min@0.0 max@1.8 input
 ->la_data_in[68] input min@0.0 max@1.8 -> min@0.0 max@1.8 input
 ->la_data_in[101] input min@0.0 max@1.8 -> min@0.0 max@1.8 input
 ->la_data_in[102] input min@0.0 max@1.8 -> min@0.0 max@1.8 input
 ->la_data_in[103] input min@0.0 max@1.8 -> min@0.0 max@1.8 input
 ->la_data_in[104] input min@0.0 max@1.8 -> min@0.0 max@1.8 input
 ->la_data_in[105] input min@0.0 max@1.8 -> min@0.0 max@1.8 input
 ->la_data_in[106] input min@0.0 max@1.8 -> min@0.0 max@1.8 input
 ->la_data_in[107] input min@0.0 max@1.8 -> min@0.0 max@1.8 input
 ->la_data_in[108] input min@0.0 max@1.8 -> min@0.0 max@1.8 input
 ->la_data_in[100] input min@0.0 max@1.8 -> min@0.0 max@1.8 input
 ->la_data_in[90] input min@0.0 max@1.8 -> min@0.0 max@1.8 input
 ->la_data_in[91] input min@0.0 max@1.8 -> min@0.0 max@1.8 input
 ->la_data_in[92] input min@0.0 max@1.8 -> min@0.0 max@1.8 input
 ->la_data_in[93] input min@0.0 max@1.8 -> min@0.0 max@1.8 input
 ->la_data_in[94] input min@0.0 max@1.8 -> min@0.0 max@1.8 input
 ->la_data_in[95] input min@0.0 max@1.8 -> min@0.0 max@1.8 input
 ->la_data_in[96] input min@0.0 max@1.8 -> min@0.0 max@1.8 input
 ->la_data_in[97] input min@0.0 max@1.8 -> min@0.0 max@1.8 input
 ->la_data_in[98] input min@0.0 max@1.8 -> min@0.0 max@1.8 input
 ->la_data_in[99] input min@0.0 max@1.8 -> min@0.0 max@1.8 input
 ->la_data_in[88] input min@0.0 max@1.8 -> min@0.0 max@1.8 input
 ->la_data_in[89] input min@0.0 max@1.8 -> min@0.0 max@1.8 input
 ->la_data_in[119] input min@0.0 max@1.8 -> min@0.0 max@1.8 input
 ->la_data_in[116] input min@0.0 max@1.8 -> min@0.0 max@1.8 input
 ->la_data_in[117] input min@0.0 max@1.8 -> min@0.0 max@1.8 input
 ->la_data_in[112] input min@0.0 max@1.8 -> min@0.0 max@1.8 input
 ->la_data_in[118] input min@0.0 max@1.8 -> min@0.0 max@1.8 input
 ->la_data_in[120] input min@0.0 max@1.8 -> min@0.0 max@1.8 input
 ->la_data_in[121] input min@0.0 max@1.8 -> min@0.0 max@1.8 input
 ->la_data_in[122] input min@0.0 max@1.8 -> min@0.0 max@1.8 input
 ->la_data_in[123] input min@0.0 max@1.8 -> min@0.0 max@1.8 input
 ->la_data_in[124] input min@0.0 max@1.8 -> min@0.0 max@1.8 input
 ->la_data_in[125] input min@0.0 max@1.8 -> min@0.0 max@1.8 input
 ->la_data_in[126] input min@0.0 max@1.8 -> min@0.0 max@1.8 input
 ->la_data_in[127] input min@0.0 max@1.8 -> min@0.0 max@1.8 input
 ->la_data_in[113] input min@0.0 max@1.8 -> min@0.0 max@1.8 input
 ->la_data_in[114] input min@0.0 max@1.8 -> min@0.0 max@1.8 input
 ->la_data_in[109] input min@0.0 max@1.8 -> min@0.0 max@1.8 input
 ->la_data_in[110] input min@0.0 max@1.8 -> min@0.0 max@1.8 input
 ->la_data_in[111] input min@0.0 max@1.8 -> min@0.0 max@1.8 input
 ->la_data_in[115] input min@0.0 max@1.8 -> min@0.0 max@1.8 input
la_oenb[*] input min@0.0 max@1.8
 ->la_oenb[0] input min@0.0 max@1.8 -> min@0.0 max@1.8 input
 ->la_oenb[1] input min@0.0 max@1.8 -> min@0.0 max@1.8 input
 ->la_oenb[2] input min@0.0 max@1.8 -> min@0.0 max@1.8 input
 ->la_oenb[3] input min@0.0 max@1.8 -> min@0.0 max@1.8 input
 ->la_oenb[4] input min@0.0 max@1.8 -> min@0.0 max@1.8 input
 ->la_oenb[5] input min@0.0 max@1.8 -> min@0.0 max@1.8 input
 ->la_oenb[6] input min@0.0 max@1.8 -> min@0.0 max@1.8 input
 ->la_oenb[7] input min@0.0 max@1.8 -> min@0.0 max@1.8 input
 ->la_oenb[8] input min@0.0 max@1.8 -> min@0.0 max@1.8 input
 ->la_oenb[9] input min@0.0 max@1.8 -> min@0.0 max@1.8 input
 ->la_oenb[10] input min@0.0 max@1.8 -> min@0.0 max@1.8 input
 ->la_oenb[11] input min@0.0 max@1.8 -> min@0.0 max@1.8 input
 ->la_oenb[12] input min@0.0 max@1.8 -> min@0.0 max@1.8 input
 ->la_oenb[13] input min@0.0 max@1.8 -> min@0.0 max@1.8 input
 ->la_oenb[14] input min@0.0 max@1.8 -> min@0.0 max@1.8 input
 ->la_oenb[15] input min@0.0 max@1.8 -> min@0.0 max@1.8 input
 ->la_oenb[16] input min@0.0 max@1.8 -> min@0.0 max@1.8 input
 ->la_oenb[17] input min@0.0 max@1.8 -> min@0.0 max@1.8 input
 ->la_oenb[18] input min@0.0 max@1.8 -> min@0.0 max@1.8 input
 ->la_oenb[19] input min@0.0 max@1.8 -> min@0.0 max@1.8 input
 ->la_oenb[20] input min@0.0 max@1.8 -> min@0.0 max@1.8 input
 ->la_oenb[21] input min@0.0 max@1.8 -> min@0.0 max@1.8 input
 ->la_oenb[22] input min@0.0 max@1.8 -> min@0.0 max@1.8 input
 ->la_oenb[23] input min@0.0 max@1.8 -> min@0.0 max@1.8 input
 ->la_oenb[24] input min@0.0 max@1.8 -> min@0.0 max@1.8 input
 ->la_oenb[25] input min@0.0 max@1.8 -> min@0.0 max@1.8 input
 ->la_oenb[45] input min@0.0 max@1.8 -> min@0.0 max@1.8 input
 ->la_oenb[46] input min@0.0 max@1.8 -> min@0.0 max@1.8 input
 ->la_oenb[38] input min@0.0 max@1.8 -> min@0.0 max@1.8 input
 ->la_oenb[39] input min@0.0 max@1.8 -> min@0.0 max@1.8 input
 ->la_oenb[37] input min@0.0 max@1.8 -> min@0.0 max@1.8 input
 ->la_oenb[40] input min@0.0 max@1.8 -> min@0.0 max@1.8 input
 ->la_oenb[41] input min@0.0 max@1.8 -> min@0.0 max@1.8 input
 ->la_oenb[42] input min@0.0 max@1.8 -> min@0.0 max@1.8 input
 ->la_oenb[43] input min@0.0 max@1.8 -> min@0.0 max@1.8 input
 ->la_oenb[44] input min@0.0 max@1.8 -> min@0.0 max@1.8 input
 ->la_oenb[26] input min@0.0 max@1.8 -> min@0.0 max@1.8 input
 ->la_oenb[27] input min@0.0 max@1.8 -> min@0.0 max@1.8 input
 ->la_oenb[28] input min@0.0 max@1.8 -> min@0.0 max@1.8 input
 ->la_oenb[29] input min@0.0 max@1.8 -> min@0.0 max@1.8 input
 ->la_oenb[30] input min@0.0 max@1.8 -> min@0.0 max@1.8 input
 ->la_oenb[31] input min@0.0 max@1.8 -> min@0.0 max@1.8 input
 ->la_oenb[32] input min@0.0 max@1.8 -> min@0.0 max@1.8 input
 ->la_oenb[33] input min@0.0 max@1.8 -> min@0.0 max@1.8 input
 ->la_oenb[34] input min@0.0 max@1.8 -> min@0.0 max@1.8 input
 ->la_oenb[35] input min@0.0 max@1.8 -> min@0.0 max@1.8 input
 ->la_oenb[36] input min@0.0 max@1.8 -> min@0.0 max@1.8 input
 ->la_oenb[47] input min@0.0 max@1.8 -> min@0.0 max@1.8 input
 ->la_oenb[48] input min@0.0 max@1.8 -> min@0.0 max@1.8 input
 ->la_oenb[49] input min@0.0 max@1.8 -> min@0.0 max@1.8 input
 ->la_oenb[50] input min@0.0 max@1.8 -> min@0.0 max@1.8 input
 ->la_oenb[51] input min@0.0 max@1.8 -> min@0.0 max@1.8 input
 ->la_oenb[52] input min@0.0 max@1.8 -> min@0.0 max@1.8 input
 ->la_oenb[53] input min@0.0 max@1.8 -> min@0.0 max@1.8 input
 ->la_oenb[54] input min@0.0 max@1.8 -> min@0.0 max@1.8 input
 ->la_oenb[55] input min@0.0 max@1.8 -> min@0.0 max@1.8 input
 ->la_oenb[56] input min@0.0 max@1.8 -> min@0.0 max@1.8 input
 ->la_oenb[57] input min@0.0 max@1.8 -> min@0.0 max@1.8 input
 ->la_oenb[58] input min@0.0 max@1.8 -> min@0.0 max@1.8 input
 ->la_oenb[59] input min@0.0 max@1.8 -> min@0.0 max@1.8 input
 ->la_oenb[60] input min@0.0 max@1.8 -> min@0.0 max@1.8 input
 ->la_oenb[61] input min@0.0 max@1.8 -> min@0.0 max@1.8 input
 ->la_oenb[62] input min@0.0 max@1.8 -> min@0.0 max@1.8 input
 ->la_oenb[63] input min@0.0 max@1.8 -> min@0.0 max@1.8 input
 ->la_oenb[64] input min@0.0 max@1.8 -> min@0.0 max@1.8 input
 ->la_oenb[65] input min@0.0 max@1.8 -> min@0.0 max@1.8 input
 ->la_oenb[66] input min@0.0 max@1.8 -> min@0.0 max@1.8 input
 ->la_oenb[67] input min@0.0 max@1.8 -> min@0.0 max@1.8 input
 ->la_oenb[68] input min@0.0 max@1.8 -> min@0.0 max@1.8 input
 ->la_oenb[69] input min@0.0 max@1.8 -> min@0.0 max@1.8 input
 ->la_oenb[70] input min@0.0 max@1.8 -> min@0.0 max@1.8 input
 ->la_oenb[71] input min@0.0 max@1.8 -> min@0.0 max@1.8 input
 ->la_oenb[72] input min@0.0 max@1.8 -> min@0.0 max@1.8 input
 ->la_oenb[73] input min@0.0 max@1.8 -> min@0.0 max@1.8 input
 ->la_oenb[74] input min@0.0 max@1.8 -> min@0.0 max@1.8 input
 ->la_oenb[75] input min@0.0 max@1.8 -> min@0.0 max@1.8 input
 ->la_oenb[76] input min@0.0 max@1.8 -> min@0.0 max@1.8 input
 ->la_oenb[77] input min@0.0 max@1.8 -> min@0.0 max@1.8 input
 ->la_oenb[78] input min@0.0 max@1.8 -> min@0.0 max@1.8 input
 ->la_oenb[79] input min@0.0 max@1.8 -> min@0.0 max@1.8 input
 ->la_oenb[80] input min@0.0 max@1.8 -> min@0.0 max@1.8 input
 ->la_oenb[81] input min@0.0 max@1.8 -> min@0.0 max@1.8 input
 ->la_oenb[82] input min@0.0 max@1.8 -> min@0.0 max@1.8 input
 ->la_oenb[83] input min@0.0 max@1.8 -> min@0.0 max@1.8 input
 ->la_oenb[84] input min@0.0 max@1.8 -> min@0.0 max@1.8 input
 ->la_oenb[85] input min@0.0 max@1.8 -> min@0.0 max@1.8 input
 ->la_oenb[86] input min@0.0 max@1.8 -> min@0.0 max@1.8 input
 ->la_oenb[87] input min@0.0 max@1.8 -> min@0.0 max@1.8 input
 ->la_oenb[88] input min@0.0 max@1.8 -> min@0.0 max@1.8 input
 ->la_oenb[89] input min@0.0 max@1.8 -> min@0.0 max@1.8 input
 ->la_oenb[90] input min@0.0 max@1.8 -> min@0.0 max@1.8 input
 ->la_oenb[91] input min@0.0 max@1.8 -> min@0.0 max@1.8 input
 ->la_oenb[92] input min@0.0 max@1.8 -> min@0.0 max@1.8 input
 ->la_oenb[93] input min@0.0 max@1.8 -> min@0.0 max@1.8 input
 ->la_oenb[94] input min@0.0 max@1.8 -> min@0.0 max@1.8 input
 ->la_oenb[95] input min@0.0 max@1.8 -> min@0.0 max@1.8 input
 ->la_oenb[96] input min@0.0 max@1.8 -> min@0.0 max@1.8 input
 ->la_oenb[97] input min@0.0 max@1.8 -> min@0.0 max@1.8 input
 ->la_oenb[98] input min@0.0 max@1.8 -> min@0.0 max@1.8 input
 ->la_oenb[99] input min@0.0 max@1.8 -> min@0.0 max@1.8 input
 ->la_oenb[100] input min@0.0 max@1.8 -> min@0.0 max@1.8 input
 ->la_oenb[101] input min@0.0 max@1.8 -> min@0.0 max@1.8 input
 ->la_oenb[102] input min@0.0 max@1.8 -> min@0.0 max@1.8 input
 ->la_oenb[103] input min@0.0 max@1.8 -> min@0.0 max@1.8 input
 ->la_oenb[104] input min@0.0 max@1.8 -> min@0.0 max@1.8 input
 ->la_oenb[105] input min@0.0 max@1.8 -> min@0.0 max@1.8 input
 ->la_oenb[106] input min@0.0 max@1.8 -> min@0.0 max@1.8 input
 ->la_oenb[107] input min@0.0 max@1.8 -> min@0.0 max@1.8 input
 ->la_oenb[109] input min@0.0 max@1.8 -> min@0.0 max@1.8 input
 ->la_oenb[110] input min@0.0 max@1.8 -> min@0.0 max@1.8 input
 ->la_oenb[111] input min@0.0 max@1.8 -> min@0.0 max@1.8 input
 ->la_oenb[112] input min@0.0 max@1.8 -> min@0.0 max@1.8 input
 ->la_oenb[113] input min@0.0 max@1.8 -> min@0.0 max@1.8 input
 ->la_oenb[114] input min@0.0 max@1.8 -> min@0.0 max@1.8 input
 ->la_oenb[115] input min@0.0 max@1.8 -> min@0.0 max@1.8 input
 ->la_oenb[116] input min@0.0 max@1.8 -> min@0.0 max@1.8 input
 ->la_oenb[117] input min@0.0 max@1.8 -> min@0.0 max@1.8 input
 ->la_oenb[118] input min@0.0 max@1.8 -> min@0.0 max@1.8 input
 ->la_oenb[119] input min@0.0 max@1.8 -> min@0.0 max@1.8 input
 ->la_oenb[120] input min@0.0 max@1.8 -> min@0.0 max@1.8 input
 ->la_oenb[121] input min@0.0 max@1.8 -> min@0.0 max@1.8 input
 ->la_oenb[122] input min@0.0 max@1.8 -> min@0.0 max@1.8 input
 ->la_oenb[123] input min@0.0 max@1.8 -> min@0.0 max@1.8 input
 ->la_oenb[124] input min@0.0 max@1.8 -> min@0.0 max@1.8 input
 ->la_oenb[125] input min@0.0 max@1.8 -> min@0.0 max@1.8 input
 ->la_oenb[126] input min@0.0 max@1.8 -> min@0.0 max@1.8 input
 ->la_oenb[127] input min@0.0 max@1.8 -> min@0.0 max@1.8 input
 ->la_oenb[108] input min@0.0 max@1.8 -> min@0.0 max@1.8 input
wbs_adr_i[*] input min@0.0 max@1.8
 ->wbs_adr_i[0] input min@0.0 max@1.8 -> min@0.0 max@1.8 input
 ->wbs_adr_i[10] input min@0.0 max@1.8 -> min@0.0 max@1.8 input
 ->wbs_adr_i[11] input min@0.0 max@1.8 -> min@0.0 max@1.8 input
 ->wbs_adr_i[12] input min@0.0 max@1.8 -> min@0.0 max@1.8 input
 ->wbs_adr_i[13] input min@0.0 max@1.8 -> min@0.0 max@1.8 input
 ->wbs_adr_i[14] input min@0.0 max@1.8 -> min@0.0 max@1.8 input
 ->wbs_adr_i[15] input min@0.0 max@1.8 -> min@0.0 max@1.8 input
 ->wbs_adr_i[16] input min@0.0 max@1.8 -> min@0.0 max@1.8 input
 ->wbs_adr_i[17] input min@0.0 max@1.8 -> min@0.0 max@1.8 input
 ->wbs_adr_i[1] input min@0.0 max@1.8 -> min@0.0 max@1.8 input
 ->wbs_adr_i[2] input min@0.0 max@1.8 -> min@0.0 max@1.8 input
 ->wbs_adr_i[3] input min@0.0 max@1.8 -> min@0.0 max@1.8 input
 ->wbs_adr_i[4] input min@0.0 max@1.8 -> min@0.0 max@1.8 input
 ->wbs_adr_i[5] input min@0.0 max@1.8 -> min@0.0 max@1.8 input
 ->wbs_adr_i[6] input min@0.0 max@1.8 -> min@0.0 max@1.8 input
 ->wbs_adr_i[7] input min@0.0 max@1.8 -> min@0.0 max@1.8 input
 ->wbs_adr_i[8] input min@0.0 max@1.8 -> min@0.0 max@1.8 input
 ->wbs_adr_i[9] input min@0.0 max@1.8 -> min@0.0 max@1.8 input
 ->wbs_adr_i[18] input min@0.0 max@1.8 -> min@0.0 max@1.8 input
 ->wbs_adr_i[19] input min@0.0 max@1.8 -> min@0.0 max@1.8 input
 ->wbs_adr_i[20] input min@0.0 max@1.8 -> min@0.0 max@1.8 input
 ->wbs_adr_i[21] input min@0.0 max@1.8 -> min@0.0 max@1.8 input
 ->wbs_adr_i[22] input min@0.0 max@1.8 -> min@0.0 max@1.8 input
 ->wbs_adr_i[23] input min@0.0 max@1.8 -> min@0.0 max@1.8 input
 ->wbs_adr_i[24] input min@0.0 max@1.8 -> min@0.0 max@1.8 input
 ->wbs_adr_i[25] input min@0.0 max@1.8 -> min@0.0 max@1.8 input
 ->wbs_adr_i[26] input min@0.0 max@1.8 -> min@0.0 max@1.8 input
 ->wbs_adr_i[27] input min@0.0 max@1.8 -> min@0.0 max@1.8 input
 ->wbs_adr_i[28] input min@0.0 max@1.8 -> min@0.0 max@1.8 input
 ->wbs_adr_i[29] input min@0.0 max@1.8 -> min@0.0 max@1.8 input
 ->wbs_adr_i[30] input min@0.0 max@1.8 -> min@0.0 max@1.8 input
 ->wbs_adr_i[31] input min@0.0 max@1.8 -> min@0.0 max@1.8 input
wbs_dat_i[*] input min@0.0 max@1.8
 ->wbs_dat_i[0] input min@0.0 max@1.8 -> min@0.0 max@1.8 input
 ->wbs_dat_i[10] input min@0.0 max@1.8 -> min@0.0 max@1.8 input
 ->wbs_dat_i[11] input min@0.0 max@1.8 -> min@0.0 max@1.8 input
 ->wbs_dat_i[12] input min@0.0 max@1.8 -> min@0.0 max@1.8 input
 ->wbs_dat_i[13] input min@0.0 max@1.8 -> min@0.0 max@1.8 input
 ->wbs_dat_i[14] input min@0.0 max@1.8 -> min@0.0 max@1.8 input
 ->wbs_dat_i[15] input min@0.0 max@1.8 -> min@0.0 max@1.8 input
 ->wbs_dat_i[16] input min@0.0 max@1.8 -> min@0.0 max@1.8 input
 ->wbs_dat_i[1] input min@0.0 max@1.8 -> min@0.0 max@1.8 input
 ->wbs_dat_i[2] input min@0.0 max@1.8 -> min@0.0 max@1.8 input
 ->wbs_dat_i[3] input min@0.0 max@1.8 -> min@0.0 max@1.8 input
 ->wbs_dat_i[4] input min@0.0 max@1.8 -> min@0.0 max@1.8 input
 ->wbs_dat_i[5] input min@0.0 max@1.8 -> min@0.0 max@1.8 input
 ->wbs_dat_i[6] input min@0.0 max@1.8 -> min@0.0 max@1.8 input
 ->wbs_dat_i[7] input min@0.0 max@1.8 -> min@0.0 max@1.8 input
 ->wbs_dat_i[8] input min@0.0 max@1.8 -> min@0.0 max@1.8 input
 ->wbs_dat_i[9] input min@0.0 max@1.8 -> min@0.0 max@1.8 input
 ->wbs_dat_i[17] input min@0.0 max@1.8 -> min@0.0 max@1.8 input
 ->wbs_dat_i[18] input min@0.0 max@1.8 -> min@0.0 max@1.8 input
 ->wbs_dat_i[19] input min@0.0 max@1.8 -> min@0.0 max@1.8 input
 ->wbs_dat_i[20] input min@0.0 max@1.8 -> min@0.0 max@1.8 input
 ->wbs_dat_i[21] input min@0.0 max@1.8 -> min@0.0 max@1.8 input
 ->wbs_dat_i[22] input min@0.0 max@1.8 -> min@0.0 max@1.8 input
 ->wbs_dat_i[23] input min@0.0 max@1.8 -> min@0.0 max@1.8 input
 ->wbs_dat_i[24] input min@0.0 max@1.8 -> min@0.0 max@1.8 input
 ->wbs_dat_i[25] input min@0.0 max@1.8 -> min@0.0 max@1.8 input
 ->wbs_dat_i[26] input min@0.0 max@1.8 -> min@0.0 max@1.8 input
 ->wbs_dat_i[27] input min@0.0 max@1.8 -> min@0.0 max@1.8 input
 ->wbs_dat_i[28] input min@0.0 max@1.8 -> min@0.0 max@1.8 input
 ->wbs_dat_i[29] input min@0.0 max@1.8 -> min@0.0 max@1.8 input
 ->wbs_dat_i[30] input min@0.0 max@1.8 -> min@0.0 max@1.8 input
 ->wbs_dat_i[31] input min@0.0 max@1.8 -> min@0.0 max@1.8 input
wbs_sel_i[*] input min@0.0 max@1.8
 ->wbs_sel_i[0] input min@0.0 max@1.8 -> min@0.0 max@1.8 input
 ->wbs_sel_i[1] input min@0.0 max@1.8 -> min@0.0 max@1.8 input
 ->wbs_sel_i[2] input min@0.0 max@1.8 -> min@0.0 max@1.8 input
 ->wbs_sel_i[3] input min@0.0 max@1.8 -> min@0.0 max@1.8 input
> expected values
io_out[6:0] expectMin@0.0 expectMax@1.8
 ->io_out[1] expectMin@0.0 expectMax@1.8
 ->io_out[2] expectMin@0.0 expectMax@1.8
 ->io_out[3] expectMin@0.0 expectMax@1.8
 ->io_out[4] expectMin@0.0 expectMax@1.8
 ->io_out[5] expectMin@0.0 expectMax@1.8
 ->io_out[6] expectMin@0.0 expectMax@1.8
 ->io_out[0] expectMin@0.0 expectMax@1.8
io_oeb[6:0] expectMin@0.0 expectMax@1.8
 ->io_oeb[2] expectMin@0.0 expectMax@1.8
 ->io_oeb[0] expectMin@0.0 expectMax@1.8
 ->io_oeb[1] expectMin@0.0 expectMax@1.8
 ->io_oeb[3] expectMin@0.0 expectMax@1.8
 ->io_oeb[4] expectMin@0.0 expectMax@1.8
 ->io_oeb[5] expectMin@0.0 expectMax@1.8
 ->io_oeb[6] expectMin@0.0 expectMax@1.8
> macros
Power List> end

CVC: Linking devices...
Usage EQUIV: Time: 0  Memory: 18952  I/O: 72  Swap: 0
Power nets 395
Hash dump:parameter->resistance map
Contains 137 buckets, 263 elements
Element count 0, 14
Element count 1, 35
Element count 2, 49
Element count 3, 26
Element count 4, 13
Unused hash: 0.10, average depth 2.56
Hash dump:text->circuit map
Contains 37 buckets, 60 elements
Element count 0, 7
Element count 1, 11
Element count 2, 10
Element count 3, 7
Element count 4, 2
Unused hash: 0.19, average depth 2.43
Hash dump:string->text map
Contains 12983 buckets, 20633 elements
Element count 0, 2612
Element count 1, 4197
Element count 2, 3432
Element count 3, 1758
Element count 4, 716
Element count 5, 195
Element count 6, 56
Element count 7, 14
Element count 8, 2
Element count 9, 1
Unused hash: 0.20, average depth 2.57
CVC: Shorting non conducting resistors...
CVC: Calculating resistor voltages...
Usage RES: Time: 0  Memory: 18952  I/O: 72  Swap: 0
Power nets 395
CVC: Calculating min/max voltages...
Processing trivial nets found 0 trivial nets
CVC: Ignoring invalid calculations...
CVC:   Removed 2847 calculations
Copying master nets
CVC: Ignoring non-conducting devices...
CVC:   Ignored 0 devices
Usage MIN/MAX1: Time: 0  Memory: 19540  I/O: 72  Swap: 0
Power nets 3242
! Checking forward bias diode errors: 

! Checking nmos source/drain vs bias errors: 

! Checking nmos gate vs source errors: 

! Checking pmos source/drain vs bias errors: 

! Checking pmos gate vs source errors: 

Usage ERROR: Time: 0  Memory: 19540  I/O: 80  Swap: 0
CVC: Propagating Simulation voltages 1...
Usage SIM1: Time: 0  Memory: 19540  I/O: 80  Swap: 0
Power nets 3242
CVC: Propagating Simulation voltages 3...
Usage SIM2: Time: 0  Memory: 19540  I/O: 80  Swap: 0
Power nets 3242
Added 0 latch voltages
CVC: Calculating min/max voltages...
Processing trivial nets found 0 trivial nets
CVC: Ignoring invalid calculations...
CVC:   Removed 0 calculations
Copying master nets
CVC: Ignoring non-conducting devices...
CVC:   Ignored 4188 devices
Usage MIN/MAX2: Time: 0  Memory: 19540  I/O: 80  Swap: 0
Power nets 3242
! Checking overvoltage errors

! Checking nmos possible leak errors: 

! Checking pmos possible leak errors: 

! Checking mos floating input errors:

! Checking expected values:

CVC: Error Counts
CVC: Fuse Problems:         0
CVC: Min Voltage Conflicts: 0
CVC: Max Voltage Conflicts: 0
CVC: Leaks:                 0
CVC: LDD drain->source:     0
CVC: HI-Z Inputs:           26
CVC: Forward Bias Diodes:   0
CVC: NMOS Source vs Bulk:   0
CVC: NMOS Gate vs Source:   0
CVC: NMOS Possible Leaks:   0
CVC: PMOS Source vs Bulk:   0
CVC: PMOS Gate vs Source:   0
CVC: PMOS Possible Leaks:   0
CVC: Overvoltage-VBG:       0
CVC: Overvoltage-VBS:       0
CVC: Overvoltage-VDS:       0
CVC: Overvoltage-VGS:       0
CVC: Model errors:          0
CVC: Unexpected voltage :   28
CVC: Total:                 54
Usage Total: Time: 0  Memory: 20104  I/O: 120  Swap: 0
Virtual net update/access 57796/2611546
CVC: Log output to /tmp/tmpvjn2kage/repo/precheck_results/16_SEP_2026___21_38_25/tmp_oeb/cvc.oeb.log
CVC: End: Wed Sep 16 21:40:05 2026


> gn io_in[0]
Net io_in[0]: 606
 connections: gate 0 source 0 drain 0 bulk 0
 base definition io_in[*]
  default min unknown
  default sim unknown
  default max unknown
 defined as  input min@0.0 max@1.8 =>  min@0.0 max@1.8 input


> gn io_in[1]
Net io_in[1]: 605
 connections: gate 0 source 0 drain 0 bulk 0
 base definition io_in[*]
  default min unknown
  default sim unknown
  default max unknown
 defined as  input min@0.0 max@1.8 =>  min@0.0 max@1.8 input


> gn io_in[2]
Net io_in[2]: 603
 connections: gate 0 source 0 drain 0 bulk 0
 base definition io_in[*]
  default min unknown
  default sim unknown
  default max unknown
 defined as  input min@0.0 max@1.8 =>  min@0.0 max@1.8 input


> gn io_in[3]
Net io_in[3]: 607
 connections: gate 0 source 0 drain 0 bulk 0
 base definition io_in[*]
  default min unknown
  default sim unknown
  default max unknown
 defined as  input min@0.0 max@1.8 =>  min@0.0 max@1.8 input


> gn io_in[4]
Net io_in[4]: 610
 connections: gate 0 source 0 drain 0 bulk 0
 base definition io_in[*]
  default min unknown
  default sim unknown
  default max unknown
 defined as  input min@0.0 max@1.8 =>  min@0.0 max@1.8 input


> gn io_in[5]
Net io_in[5]: 616
 connections: gate 0 source 0 drain 0 bulk 0
 base definition io_in[*]
  default min unknown
  default sim unknown
  default max unknown
 defined as  input min@0.0 max@1.8 =>  min@0.0 max@1.8 input


> gn io_in[6]
Net io_in[6]: 617
 connections: gate 0 source 0 drain 0 bulk 0
 base definition io_in[*]
  default min unknown
  default sim unknown
  default max unknown
 defined as  input min@0.0 max@1.8 =>  min@0.0 max@1.8 input


> gn io_in[7]
Net io_in[7]: 624
 connections: gate 0 source 0 drain 0 bulk 0
 base definition io_in[*]
  default min unknown
  default sim unknown
  default max unknown
 defined as  input min@0.0 max@1.8 =>  min@0.0 max@1.8 input


> gn io_in[8]
Net io_in[8]: 599
 connections: gate 0 source 0 drain 0 bulk 0
 base definition io_in[*]
  default min unknown
  default sim unknown
  default max unknown
 defined as  input min@0.0 max@1.8 =>  min@0.0 max@1.8 input


> gn io_in[9]
Net io_in[9]: 532
 connections: gate 0 source 0 drain 0 bulk 0
 base definition io_in[*]
  default min unknown
  default sim unknown
  default max unknown
 defined as  input min@0.0 max@1.8 =>  min@0.0 max@1.8 input


> gn io_in[10]
Net io_in[10]: 527
 connections: gate 0 source 0 drain 0 bulk 0
 base definition io_in[*]
  default min unknown
  default sim unknown
  default max unknown
 defined as  input min@0.0 max@1.8 =>  min@0.0 max@1.8 input


> gn io_in[11]
Net io_in[11]: 528
 connections: gate 0 source 0 drain 0 bulk 0
 base definition io_in[*]
  default min unknown
  default sim unknown
  default max unknown
 defined as  input min@0.0 max@1.8 =>  min@0.0 max@1.8 input


> gn io_in[12]
Net io_in[12]: 529
 connections: gate 0 source 0 drain 0 bulk 0
 base definition io_in[*]
  default min unknown
  default sim unknown
  default max unknown
 defined as  input min@0.0 max@1.8 =>  min@0.0 max@1.8 input


> gn io_in[13]
Net io_in[13]: 530
 connections: gate 0 source 0 drain 0 bulk 0
 base definition io_in[*]
  default min unknown
  default sim unknown
  default max unknown
 defined as  input min@0.0 max@1.8 =>  min@0.0 max@1.8 input


> gn io_in[14]
Net io_in[14]: 531
 connections: gate 0 source 0 drain 0 bulk 0
 base definition io_in[*]
  default min unknown
  default sim unknown
  default max unknown
 defined as  input min@0.0 max@1.8 =>  min@0.0 max@1.8 input


> gn io_in[15]
Net io_in[15]: 2
 connections: gate 0 source 0 drain 0 bulk 0
 base definition io_in[*]
  default min unknown
  default sim unknown
  default max unknown
 defined as  input min@0.0 max@1.8 =>  min@0.0 max@1.8 input


> gn io_in[16]
Net io_in[16]: 3
 connections: gate 0 source 0 drain 0 bulk 0
 base definition io_in[*]
  default min unknown
  default sim unknown
  default max unknown
 defined as  input min@0.0 max@1.8 =>  min@0.0 max@1.8 input


> gn io_in[17]
Net io_in[17]: 4
 connections: gate 0 source 0 drain 0 bulk 0
 base definition io_in[*]
  default min unknown
  default sim unknown
  default max unknown
 defined as  input min@0.0 max@1.8 =>  min@0.0 max@1.8 input


> gn io_in[18]
Net io_in[18]: 5
 connections: gate 0 source 0 drain 0 bulk 0
 base definition io_in[*]
  default min unknown
  default sim unknown
  default max unknown
 defined as  input min@0.0 max@1.8 =>  min@0.0 max@1.8 input


> gn io_in[19]
Net io_in[19]: 6
 connections: gate 0 source 0 drain 0 bulk 0
 base definition io_in[*]
  default min unknown
  default sim unknown
  default max unknown
 defined as  input min@0.0 max@1.8 =>  min@0.0 max@1.8 input


> gn io_in[20]
Net io_in[20]: 23
 connections: gate 0 source 0 drain 0 bulk 0
 base definition io_in[*]
  default min unknown
  default sim unknown
  default max unknown
 defined as  input min@0.0 max@1.8 =>  min@0.0 max@1.8 input


> gn io_in[21]
Net io_in[21]: 24
 connections: gate 0 source 0 drain 0 bulk 0
 base definition io_in[*]
  default min unknown
  default sim unknown
  default max unknown
 defined as  input min@0.0 max@1.8 =>  min@0.0 max@1.8 input


> gn io_in[22]
Net io_in[22]: 25
 connections: gate 0 source 0 drain 0 bulk 0
 base definition io_in[*]
  default min unknown
  default sim unknown
  default max unknown
 defined as  input min@0.0 max@1.8 =>  min@0.0 max@1.8 input


> gn io_in[23]
Net io_in[23]: 26
 connections: gate 0 source 0 drain 0 bulk 0
 base definition io_in[*]
  default min unknown
  default sim unknown
  default max unknown
 defined as  input min@0.0 max@1.8 =>  min@0.0 max@1.8 input


> gn io_in[24]
Net io_in[24]: 557
 connections: gate 0 source 0 drain 0 bulk 0
 base definition io_in[*]
  default min unknown
  default sim unknown
  default max unknown
 defined as  input min@0.0 max@1.8 =>  min@0.0 max@1.8 input


> gn io_in[25]
Net io_in[25]: 558
 connections: gate 0 source 0 drain 0 bulk 0
 base definition io_in[*]
  default min unknown
  default sim unknown
  default max unknown
 defined as  input min@0.0 max@1.8 =>  min@0.0 max@1.8 input


> gn io_in[26]
Net io_in[26]: 559
 connections: gate 0 source 0 drain 0 bulk 0
 base definition io_in[*]
  default min unknown
  default sim unknown
  default max unknown
 defined as  input min@0.0 max@1.8 =>  min@0.0 max@1.8 input


> gn io_in[27]
Net io_in[27]: 560
 connections: gate 0 source 0 drain 0 bulk 0
 base definition io_in[*]
  default min unknown
  default sim unknown
  default max unknown
 defined as  input min@0.0 max@1.8 =>  min@0.0 max@1.8 input


> gn io_in[28]
Net io_in[28]: 561
 connections: gate 0 source 0 drain 0 bulk 0
 base definition io_in[*]
  default min unknown
  default sim unknown
  default max unknown
 defined as  input min@0.0 max@1.8 =>  min@0.0 max@1.8 input


> gn io_in[29]
Net io_in[29]: 562
 connections: gate 0 source 0 drain 0 bulk 0
 base definition io_in[*]
  default min unknown
  default sim unknown
  default max unknown
 defined as  input min@0.0 max@1.8 =>  min@0.0 max@1.8 input


> gn io_in[30]
Net io_in[30]: 570
 connections: gate 0 source 0 drain 0 bulk 0
 base definition io_in[*]
  default min unknown
  default sim unknown
  default max unknown
 defined as  input min@0.0 max@1.8 =>  min@0.0 max@1.8 input


> gn io_in[31]
Net io_in[31]: 581
 connections: gate 0 source 0 drain 0 bulk 0
 base definition io_in[*]
  default min unknown
  default sim unknown
  default max unknown
 defined as  input min@0.0 max@1.8 =>  min@0.0 max@1.8 input


> gn io_in[32]
Net io_in[32]: 582
 connections: gate 0 source 0 drain 0 bulk 0
 base definition io_in[*]
  default min unknown
  default sim unknown
  default max unknown
 defined as  input min@0.0 max@1.8 =>  min@0.0 max@1.8 input


> gn io_in[33]
Net io_in[33]: 583
 connections: gate 0 source 0 drain 0 bulk 0
 base definition io_in[*]
  default min unknown
  default sim unknown
  default max unknown
 defined as  input min@0.0 max@1.8 =>  min@0.0 max@1.8 input


> gn io_in[34]
Net io_in[34]: 584
 connections: gate 0 source 0 drain 0 bulk 0
 base definition io_in[*]
  default min unknown
  default sim unknown
  default max unknown
 defined as  input min@0.0 max@1.8 =>  min@0.0 max@1.8 input


> gn io_in[35]
Net io_in[35]: 585
 connections: gate 0 source 0 drain 0 bulk 0
 base definition io_in[*]
  default min unknown
  default sim unknown
  default max unknown
 defined as  input min@0.0 max@1.8 =>  min@0.0 max@1.8 input


> gn io_in[36]
Net io_in[36]: 586
 connections: gate 0 source 0 drain 0 bulk 0
 base definition io_in[*]
  default min unknown
  default sim unknown
  default max unknown
 defined as  input min@0.0 max@1.8 =>  min@0.0 max@1.8 input


> gn io_in[37]
Net io_in[37]: 587
 connections: gate 0 source 0 drain 0 bulk 0
 base definition io_in[*]
  default min unknown
  default sim unknown
  default max unknown
 defined as  input min@0.0 max@1.8 =>  min@0.0 max@1.8 input


> gn io_out[0]
Net io_out[0]: 623
 connections: gate 0 source 0 drain 0 bulk 0


> gn io_out[1]
Net io_out[1]: 602
 connections: gate 0 source 0 drain 0 bulk 0


> gn io_out[2]
Net io_out[2]: 609
 connections: gate 0 source 0 drain 0 bulk 0


> gn io_out[3]
Net io_out[3]: 618
 connections: gate 0 source 0 drain 0 bulk 0


> gn io_out[4]
Net io_out[4]: 619
 connections: gate 0 source 0 drain 0 bulk 0


> gn io_out[5]
Net io_out[5]: 620
 connections: gate 0 source 0 drain 0 bulk 0


> gn io_out[6]
Net io_out[6]: 621
 connections: gate 0 source 0 drain 0 bulk 0


> gn io_out[7]
Net io_out[7]: 622
 connections: gate 0 source 0 drain 0 bulk 0


> gn io_out[8]
Net io_out[8]: 545
 connections: gate 0 source 0 drain 0 bulk 0


> gn io_out[9]
Net io_out[9]: 546
 connections: gate 0 source 0 drain 0 bulk 0


> gn io_out[10]
Net io_out[10]: 540
 connections: gate 0 source 0 drain 0 bulk 0


> gn io_out[11]
Net io_out[11]: 541
 connections: gate 0 source 0 drain 0 bulk 0


> gn io_out[12]
Net io_out[12]: 542
 connections: gate 0 source 0 drain 0 bulk 0


> gn io_out[13]
Net io_out[13]: 543
 connections: gate 0 source 0 drain 0 bulk 0


> gn io_out[14]
Net io_out[14]: 544
 connections: gate 0 source 0 drain 0 bulk 0


> gn io_out[15]
Net io_out[15]: 11
 connections: gate 0 source 0 drain 0 bulk 0


> gn io_out[16]
Net io_out[16]: 12
 connections: gate 0 source 0 drain 0 bulk 0


> gn io_out[17]
Net io_out[17]: 13
 connections: gate 0 source 0 drain 0 bulk 0


> gn io_out[18]
Net io_out[18]: 14
 connections: gate 0 source 0 drain 0 bulk 0


> gn io_out[19]
Net io_out[19]: 27
 connections: gate 0 source 0 drain 0 bulk 0


> gn io_out[20]
Net io_out[20]: 28
 connections: gate 0 source 0 drain 0 bulk 0


> gn io_out[21]
Net io_out[21]: 29
 connections: gate 0 source 0 drain 0 bulk 0


> gn io_out[22]
Net io_out[22]: 30
 connections: gate 0 source 0 drain 0 bulk 0


> gn io_out[23]
Net io_out[23]: 31
 connections: gate 0 source 0 drain 0 bulk 0


> gn io_out[24]
Net io_out[24]: 563
 connections: gate 0 source 0 drain 0 bulk 0


> gn io_out[25]
Net io_out[25]: 564
 connections: gate 0 source 0 drain 0 bulk 0


> gn io_out[26]
Net io_out[26]: 565
 connections: gate 0 source 0 drain 0 bulk 0


> gn io_out[27]
Net io_out[27]: 566
 connections: gate 0 source 0 drain 0 bulk 0


> gn io_out[28]
Net io_out[28]: 567
 connections: gate 0 source 0 drain 0 bulk 0


> gn io_out[29]
Net io_out[29]: 568
 connections: gate 0 source 0 drain 0 bulk 0


> gn io_out[30]
Net io_out[30]: 569
 connections: gate 0 source 0 drain 0 bulk 0


> gn io_out[31]
Net io_out[31]: 590
 connections: gate 0 source 0 drain 0 bulk 0


> gn io_out[32]
Net io_out[32]: 591
 connections: gate 0 source 0 drain 0 bulk 0


> gn io_out[33]
Net io_out[33]: 592
 connections: gate 0 source 0 drain 0 bulk 0


> gn io_out[34]
Net io_out[34]: 593
 connections: gate 0 source 0 drain 0 bulk 0


> gn io_out[35]
Net io_out[35]: 594
 connections: gate 0 source 0 drain 0 bulk 0


> gn io_out[36]
Net io_out[36]: 595
 connections: gate 0 source 0 drain 0 bulk 0


> gn io_out[37]
Net io_out[37]: 596
 connections: gate 0 source 0 drain 0 bulk 0


> gn io_oeb[0]
Net io_oeb[0]: 601
 connections: gate 0 source 0 drain 0 bulk 0


> gn io_oeb[1]
Net io_oeb[1]: 608
 connections: gate 0 source 0 drain 0 bulk 0


> gn io_oeb[2]
Net io_oeb[2]: 600
 connections: gate 0 source 0 drain 0 bulk 0


> gn io_oeb[3]
Net io_oeb[3]: 611
 connections: gate 0 source 0 drain 0 bulk 0


> gn io_oeb[4]
Net io_oeb[4]: 612
 connections: gate 0 source 0 drain 0 bulk 0


> gn io_oeb[5]
Net io_oeb[5]: 613
 connections: gate 0 source 0 drain 0 bulk 0


> gn io_oeb[6]
Net io_oeb[6]: 614
 connections: gate 0 source 0 drain 0 bulk 0


> gn io_oeb[7]
Net io_oeb[7]: 615
 connections: gate 0 source 0 drain 0 bulk 0


> gn io_oeb[8]
Net io_oeb[8]: 538
 connections: gate 0 source 0 drain 0 bulk 0


> gn io_oeb[9]
Net io_oeb[9]: 539
 connections: gate 0 source 0 drain 0 bulk 0


> gn io_oeb[10]
Net io_oeb[10]: 533
 connections: gate 0 source 0 drain 0 bulk 0


> gn io_oeb[11]
Net io_oeb[11]: 534
 connections: gate 0 source 0 drain 0 bulk 0


> gn io_oeb[12]
Net io_oeb[12]: 535
 connections: gate 0 source 0 drain 0 bulk 0


> gn io_oeb[13]
Net io_oeb[13]: 536
 connections: gate 0 source 0 drain 0 bulk 0


> gn io_oeb[14]
Net io_oeb[14]: 537
 connections: gate 0 source 0 drain 0 bulk 0


> gn io_oeb[15]
Net io_oeb[15]: 7
 connections: gate 0 source 0 drain 0 bulk 0


> gn io_oeb[16]
Net io_oeb[16]: 8
 connections: gate 0 source 0 drain 0 bulk 0


> gn io_oeb[17]
Net io_oeb[17]: 9
 connections: gate 0 source 0 drain 0 bulk 0


> gn io_oeb[18]
Net io_oeb[18]: 10
 connections: gate 0 source 0 drain 0 bulk 0


> gn io_oeb[19]
Net io_oeb[19]: 18
 connections: gate 0 source 0 drain 0 bulk 0


> gn io_oeb[20]
Net io_oeb[20]: 19
 connections: gate 0 source 0 drain 0 bulk 0


> gn io_oeb[21]
Net io_oeb[21]: 20
 connections: gate 0 source 0 drain 0 bulk 0


> gn io_oeb[22]
Net io_oeb[22]: 21
 connections: gate 0 source 0 drain 0 bulk 0


> gn io_oeb[23]
Net io_oeb[23]: 22
 connections: gate 0 source 0 drain 0 bulk 0


> gn io_oeb[24]
Net io_oeb[24]: 550
 connections: gate 0 source 0 drain 0 bulk 0


> gn io_oeb[25]
Net io_oeb[25]: 551
 connections: gate 0 source 0 drain 0 bulk 0


> gn io_oeb[26]
Net io_oeb[26]: 552
 connections: gate 0 source 0 drain 0 bulk 0


> gn io_oeb[27]
Net io_oeb[27]: 553
 connections: gate 0 source 0 drain 0 bulk 0


> gn io_oeb[28]
Net io_oeb[28]: 554
 connections: gate 0 source 0 drain 0 bulk 0


> gn io_oeb[29]
Net io_oeb[29]: 555
 connections: gate 0 source 0 drain 0 bulk 0


> gn io_oeb[30]
Net io_oeb[30]: 588
 connections: gate 0 source 0 drain 0 bulk 0


> gn io_oeb[31]
Net io_oeb[31]: 589
 connections: gate 0 source 0 drain 0 bulk 0


> gn io_oeb[32]
Net io_oeb[32]: 597
 connections: gate 0 source 0 drain 0 bulk 0


> gn io_oeb[33]
Net io_oeb[33]: 598
 connections: gate 0 source 0 drain 0 bulk 0


> gn io_oeb[34]
Net io_oeb[34]: 572
 connections: gate 0 source 0 drain 0 bulk 0


> gn io_oeb[35]
Net io_oeb[35]: 573
 connections: gate 0 source 0 drain 0 bulk 0


> gn io_oeb[36]
Net io_oeb[36]: 574
 connections: gate 0 source 0 drain 0 bulk 0


> gn io_oeb[37]
Net io_oeb[37]: 575
 connections: gate 0 source 0 drain 0 bulk 0


> gn io_in[0]
Net io_in[0]: 606
 connections: gate 0 source 0 drain 0 bulk 0
 base definition io_in[*]
  default min unknown
  default sim unknown
  default max unknown
 defined as  input min@0.0 max@1.8 =>  min@0.0 max@1.8 input


> gn io_in[1]
Net io_in[1]: 605
 connections: gate 0 source 0 drain 0 bulk 0
 base definition io_in[*]
  default min unknown
  default sim unknown
  default max unknown
 defined as  input min@0.0 max@1.8 =>  min@0.0 max@1.8 input


> gn io_in[2]
Net io_in[2]: 603
 connections: gate 0 source 0 drain 0 bulk 0
 base definition io_in[*]
  default min unknown
  default sim unknown
  default max unknown
 defined as  input min@0.0 max@1.8 =>  min@0.0 max@1.8 input


> gn io_in[3]
Net io_in[3]: 607
 connections: gate 0 source 0 drain 0 bulk 0
 base definition io_in[*]
  default min unknown
  default sim unknown
  default max unknown
 defined as  input min@0.0 max@1.8 =>  min@0.0 max@1.8 input


> gn io_in[4]
Net io_in[4]: 610
 connections: gate 0 source 0 drain 0 bulk 0
 base definition io_in[*]
  default min unknown
  default sim unknown
  default max unknown
 defined as  input min@0.0 max@1.8 =>  min@0.0 max@1.8 input


> gn io_in[5]
Net io_in[5]: 616
 connections: gate 0 source 0 drain 0 bulk 0
 base definition io_in[*]
  default min unknown
  default sim unknown
  default max unknown
 defined as  input min@0.0 max@1.8 =>  min@0.0 max@1.8 input


> gn io_in[6]
Net io_in[6]: 617
 connections: gate 0 source 0 drain 0 bulk 0
 base definition io_in[*]
  default min unknown
  default sim unknown
  default max unknown
 defined as  input min@0.0 max@1.8 =>  min@0.0 max@1.8 input


> gn io_in[7]
Net io_in[7]: 624
 connections: gate 0 source 0 drain 0 bulk 0
 base definition io_in[*]
  default min unknown
  default sim unknown
  default max unknown
 defined as  input min@0.0 max@1.8 =>  min@0.0 max@1.8 input


> gn io_in[8]
Net io_in[8]: 599
 connections: gate 0 source 0 drain 0 bulk 0
 base definition io_in[*]
  default min unknown
  default sim unknown
  default max unknown
 defined as  input min@0.0 max@1.8 =>  min@0.0 max@1.8 input


> gn io_in[9]
Net io_in[9]: 532
 connections: gate 0 source 0 drain 0 bulk 0
 base definition io_in[*]
  default min unknown
  default sim unknown
  default max unknown
 defined as  input min@0.0 max@1.8 =>  min@0.0 max@1.8 input


> gn io_in[10]
Net io_in[10]: 527
 connections: gate 0 source 0 drain 0 bulk 0
 base definition io_in[*]
  default min unknown
  default sim unknown
  default max unknown
 defined as  input min@0.0 max@1.8 =>  min@0.0 max@1.8 input


> gn io_in[11]
Net io_in[11]: 528
 connections: gate 0 source 0 drain 0 bulk 0
 base definition io_in[*]
  default min unknown
  default sim unknown
  default max unknown
 defined as  input min@0.0 max@1.8 =>  min@0.0 max@1.8 input


> gn io_in[12]
Net io_in[12]: 529
 connections: gate 0 source 0 drain 0 bulk 0
 base definition io_in[*]
  default min unknown
  default sim unknown
  default max unknown
 defined as  input min@0.0 max@1.8 =>  min@0.0 max@1.8 input


> gn io_in[13]
Net io_in[13]: 530
 connections: gate 0 source 0 drain 0 bulk 0
 base definition io_in[*]
  default min unknown
  default sim unknown
  default max unknown
 defined as  input min@0.0 max@1.8 =>  min@0.0 max@1.8 input


> gn io_in[14]
Net io_in[14]: 531
 connections: gate 0 source 0 drain 0 bulk 0
 base definition io_in[*]
  default min unknown
  default sim unknown
  default max unknown
 defined as  input min@0.0 max@1.8 =>  min@0.0 max@1.8 input


> gn io_in[15]
Net io_in[15]: 2
 connections: gate 0 source 0 drain 0 bulk 0
 base definition io_in[*]
  default min unknown
  default sim unknown
  default max unknown
 defined as  input min@0.0 max@1.8 =>  min@0.0 max@1.8 input


> gn io_in[16]
Net io_in[16]: 3
 connections: gate 0 source 0 drain 0 bulk 0
 base definition io_in[*]
  default min unknown
  default sim unknown
  default max unknown
 defined as  input min@0.0 max@1.8 =>  min@0.0 max@1.8 input


> gn io_in[17]
Net io_in[17]: 4
 connections: gate 0 source 0 drain 0 bulk 0
 base definition io_in[*]
  default min unknown
  default sim unknown
  default max unknown
 defined as  input min@0.0 max@1.8 =>  min@0.0 max@1.8 input


> gn io_in[18]
Net io_in[18]: 5
 connections: gate 0 source 0 drain 0 bulk 0
 base definition io_in[*]
  default min unknown
  default sim unknown
  default max unknown
 defined as  input min@0.0 max@1.8 =>  min@0.0 max@1.8 input


> gn io_in[19]
Net io_in[19]: 6
 connections: gate 0 source 0 drain 0 bulk 0
 base definition io_in[*]
  default min unknown
  default sim unknown
  default max unknown
 defined as  input min@0.0 max@1.8 =>  min@0.0 max@1.8 input


> gn io_in[20]
Net io_in[20]: 23
 connections: gate 0 source 0 drain 0 bulk 0
 base definition io_in[*]
  default min unknown
  default sim unknown
  default max unknown
 defined as  input min@0.0 max@1.8 =>  min@0.0 max@1.8 input


> gn io_in[21]
Net io_in[21]: 24
 connections: gate 0 source 0 drain 0 bulk 0
 base definition io_in[*]
  default min unknown
  default sim unknown
  default max unknown
 defined as  input min@0.0 max@1.8 =>  min@0.0 max@1.8 input


> gn io_in[22]
Net io_in[22]: 25
 connections: gate 0 source 0 drain 0 bulk 0
 base definition io_in[*]
  default min unknown
  default sim unknown
  default max unknown
 defined as  input min@0.0 max@1.8 =>  min@0.0 max@1.8 input


> gn io_in[23]
Net io_in[23]: 26
 connections: gate 0 source 0 drain 0 bulk 0
 base definition io_in[*]
  default min unknown
  default sim unknown
  default max unknown
 defined as  input min@0.0 max@1.8 =>  min@0.0 max@1.8 input


> gn io_in[24]
Net io_in[24]: 557
 connections: gate 0 source 0 drain 0 bulk 0
 base definition io_in[*]
  default min unknown
  default sim unknown
  default max unknown
 defined as  input min@0.0 max@1.8 =>  min@0.0 max@1.8 input


> gn io_in[25]
Net io_in[25]: 558
 connections: gate 0 source 0 drain 0 bulk 0
 base definition io_in[*]
  default min unknown
  default sim unknown
  default max unknown
 defined as  input min@0.0 max@1.8 =>  min@0.0 max@1.8 input


> gn io_in[26]
Net io_in[26]: 559
 connections: gate 0 source 0 drain 0 bulk 0
 base definition io_in[*]
  default min unknown
  default sim unknown
  default max unknown
 defined as  input min@0.0 max@1.8 =>  min@0.0 max@1.8 input


> gn io_in[27]
Net io_in[27]: 560
 connections: gate 0 source 0 drain 0 bulk 0
 base definition io_in[*]
  default min unknown
  default sim unknown
  default max unknown
 defined as  input min@0.0 max@1.8 =>  min@0.0 max@1.8 input


> gn io_in[28]
Net io_in[28]: 561
 connections: gate 0 source 0 drain 0 bulk 0
 base definition io_in[*]
  default min unknown
  default sim unknown
  default max unknown
 defined as  input min@0.0 max@1.8 =>  min@0.0 max@1.8 input


> gn io_in[29]
Net io_in[29]: 562
 connections: gate 0 source 0 drain 0 bulk 0
 base definition io_in[*]
  default min unknown
  default sim unknown
  default max unknown
 defined as  input min@0.0 max@1.8 =>  min@0.0 max@1.8 input


> gn io_in[30]
Net io_in[30]: 570
 connections: gate 0 source 0 drain 0 bulk 0
 base definition io_in[*]
  default min unknown
  default sim unknown
  default max unknown
 defined as  input min@0.0 max@1.8 =>  min@0.0 max@1.8 input


> gn io_in[31]
Net io_in[31]: 581
 connections: gate 0 source 0 drain 0 bulk 0
 base definition io_in[*]
  default min unknown
  default sim unknown
  default max unknown
 defined as  input min@0.0 max@1.8 =>  min@0.0 max@1.8 input


> gn io_in[32]
Net io_in[32]: 582
 connections: gate 0 source 0 drain 0 bulk 0
 base definition io_in[*]
  default min unknown
  default sim unknown
  default max unknown
 defined as  input min@0.0 max@1.8 =>  min@0.0 max@1.8 input


> gn io_in[33]
Net io_in[33]: 583
 connections: gate 0 source 0 drain 0 bulk 0
 base definition io_in[*]
  default min unknown
  default sim unknown
  default max unknown
 defined as  input min@0.0 max@1.8 =>  min@0.0 max@1.8 input


> gn io_in[34]
Net io_in[34]: 584
 connections: gate 0 source 0 drain 0 bulk 0
 base definition io_in[*]
  default min unknown
  default sim unknown
  default max unknown
 defined as  input min@0.0 max@1.8 =>  min@0.0 max@1.8 input


> gn io_in[35]
Net io_in[35]: 585
 connections: gate 0 source 0 drain 0 bulk 0
 base definition io_in[*]
  default min unknown
  default sim unknown
  default max unknown
 defined as  input min@0.0 max@1.8 =>  min@0.0 max@1.8 input


> gn io_in[36]
Net io_in[36]: 586
 connections: gate 0 source 0 drain 0 bulk 0
 base definition io_in[*]
  default min unknown
  default sim unknown
  default max unknown
 defined as  input min@0.0 max@1.8 =>  min@0.0 max@1.8 input


> gn io_in[37]
Net io_in[37]: 587
 connections: gate 0 source 0 drain 0 bulk 0
 base definition io_in[*]
  default min unknown
  default sim unknown
  default max unknown
 defined as  input min@0.0 max@1.8 =>  min@0.0 max@1.8 input


> gn analog_io[0]
Net analog_io[0]: 604
 connections: gate 0 source 0 drain 0 bulk 0


> gn analog_io[1]
Could not find net /analog_io[1]

> gn analog_io[2]
Could not find net /analog_io[2]

> gn analog_io[3]
Could not find net /analog_io[3]

> gn analog_io[4]
Could not find net /analog_io[4]

> gn analog_io[5]
Could not find net /analog_io[5]

> gn analog_io[6]
Could not find net /analog_io[6]

> gn analog_io[7]
Net analog_io[7]: 526
 connections: gate 0 source 0 drain 0 bulk 0


> gn analog_io[8]
Net analog_io[8]: 1
 connections: gate 0 source 0 drain 0 bulk 0


> gn analog_io[9]
Could not find net /analog_io[9]

> gn analog_io[10]
Could not find net /analog_io[10]

> gn analog_io[11]
Could not find net /analog_io[11]

> gn analog_io[12]
Net analog_io[12]: 0
 connections: gate 0 source 6017 drain 6640 bulk 31023
 base definition vccd*
  default min unknown
  default sim unknown
  default max unknown
 defined as  power 1.8 =>  1.8 power

Initial min path
analog_io[12]
vccd* power 1.8 -> 1.8 power

Initial max path
analog_io[12]
vccd* power 1.8 -> 1.8 power

Initial sim path
analog_io[12]
vccd* power 1.8 -> 1.8 power

Min path
analog_io[12]
vccd* power 1.8 -> 1.8 power

Max path
analog_io[12]
vccd* power 1.8 -> 1.8 power

Sim path
analog_io[12]
vccd* power 1.8 -> 1.8 power


> gn analog_io[13]
Net analog_io[13]: 16
 connections: gate 0 source 6017 drain 6640 bulk 31023
 base definition vccd*
  default min unknown
  default sim unknown
  default max unknown
 defined as  power 1.8 =>  1.8 power

Initial min path
analog_io[13]
vccd* power 1.8 -> 1.8 power

Initial max path
analog_io[13]
vccd* power 1.8 -> 1.8 power

Initial sim path
analog_io[13]
vccd* power 1.8 -> 1.8 power

Min path
analog_io[13]
vccd* power 1.8 -> 1.8 power

Max path
analog_io[13]
vccd* power 1.8 -> 1.8 power

Sim path
analog_io[13]
vccd* power 1.8 -> 1.8 power


> gn analog_io[14]
Could not find net /analog_io[14]

> gn analog_io[15]
Net analog_io[15]: 17
 connections: gate 0 source 6017 drain 6640 bulk 31023
 base definition vccd*
  default min unknown
  default sim unknown
  default max unknown
 defined as  power 1.8 =>  1.8 power

Initial min path
analog_io[15]
vccd* power 1.8 -> 1.8 power

Initial max path
analog_io[15]
vccd* power 1.8 -> 1.8 power

Initial sim path
analog_io[15]
vccd* power 1.8 -> 1.8 power

Min path
analog_io[15]
vccd* power 1.8 -> 1.8 power

Max path
analog_io[15]
vccd* power 1.8 -> 1.8 power

Sim path
analog_io[15]
vccd* power 1.8 -> 1.8 power


> gn analog_io[16]
Net analog_io[16]: 15
 connections: gate 0 source 6017 drain 6640 bulk 31023
 base definition vccd*
  default min unknown
  default sim unknown
  default max unknown
 defined as  power 1.8 =>  1.8 power

Initial min path
analog_io[16]
vccd* power 1.8 -> 1.8 power

Initial max path
analog_io[16]
vccd* power 1.8 -> 1.8 power

Initial sim path
analog_io[16]
vccd* power 1.8 -> 1.8 power

Min path
analog_io[16]
vccd* power 1.8 -> 1.8 power

Max path
analog_io[16]
vccd* power 1.8 -> 1.8 power

Sim path
analog_io[16]
vccd* power 1.8 -> 1.8 power


> gn analog_io[17]
Net analog_io[17]: 549
 connections: gate 0 source 6017 drain 6640 bulk 31023
 base definition vccd*
  default min unknown
  default sim unknown
  default max unknown
 defined as  power 1.8 =>  1.8 power

Initial min path
analog_io[17]
vccd* power 1.8 -> 1.8 power

Initial max path
analog_io[17]
vccd* power 1.8 -> 1.8 power

Initial sim path
analog_io[17]
vccd* power 1.8 -> 1.8 power

Min path
analog_io[17]
vccd* power 1.8 -> 1.8 power

Max path
analog_io[17]
vccd* power 1.8 -> 1.8 power

Sim path
analog_io[17]
vccd* power 1.8 -> 1.8 power


> gn analog_io[18]
Could not find net /analog_io[18]

> gn analog_io[19]
Could not find net /analog_io[19]

> gn analog_io[20]
Net analog_io[20]: 556
 connections: gate 0 source 0 drain 0 bulk 0


> gn analog_io[21]
Net analog_io[21]: 571
 connections: gate 0 source 0 drain 0 bulk 0


> gn analog_io[22]
Net analog_io[22]: 547
 connections: gate 0 source 0 drain 0 bulk 0


> gn analog_io[23]
Net analog_io[23]: 548
 connections: gate 0 source 0 drain 0 bulk 0


> gn analog_io[24]
Net analog_io[24]: 578
 connections: gate 0 source 0 drain 0 bulk 0


> gn analog_io[25]
Net analog_io[25]: 579
 connections: gate 0 source 0 drain 0 bulk 0


> gn analog_io[26]
Net analog_io[26]: 580
 connections: gate 0 source 0 drain 0 bulk 0


> gn analog_io[27]
Net analog_io[27]: 576
 connections: gate 0 source 0 drain 0 bulk 0


> gn analog_io[28]
Net analog_io[28]: 577
 connections: gate 0 source 0 drain 0 bulk 0


> q
Runtime: 0:00:00 (hh:mm:ss)
