2026-09-16 21:38:25 [INFO] Extracting compressed files in: /tmp/tmpvjn2kage/repo
2026-09-16 21:38:25 [INFO] make uncompress produced 2 gds/*.gds file(s): afe_wb.gds, user_project_wrapper.gds (make exit 0)
2026-09-16 21:38:25 [INFO] Project type: digital
2026-09-16 21:38:25 [INFO] GDS hash (user_project_wrapper): 237c7af3c99b4c05b53ca72f7d5a757c18cb9634
2026-09-16 21:38:25 [INFO] Tools: KLayout v0.29.2 | Magic v8.3.471
2026-09-16 21:38:25 [INFO] PDK: SKY130A unknown
2026-09-16 21:38:25 [INFO] Running 13 checks: [topcell_check, gpio_defines, xor, klayout_feol, klayout_beol, klayout_offgrid, klayout_met_min_ca_density, klayout_pin_label_purposes_overlapping_drawing, klayout_zeroarea, spike_check, illegal_cellname_check, lvs, oeb]
2026-09-16 21:38:25 [INFO] Single top cell 'user_project_wrapper' found
2026-09-16 21:38:25 [INFO] GPIO defines: parsing verilog/rtl/user_defines.v
2026-09-16 21:38:27 [INFO] GPIO defines report: /tmp/tmpvjn2kage/repo/precheck_results/16_SEP_2026___21_38_25/outputs/reports/gpio_defines.report
2026-09-16 21:38:32 [INFO] Total XOR differences: 0
2026-09-16 21:38:32 [INFO] Running: klayout -b -r /usr/local/lib/python3.9/site-packages/cf_precheck/drc_scripts/sky130A_mr.drc -rd input=/tmp/tmpvjn2kage/repo/gds/user_project_wrapper.gds -rd topcell=user_project_wrapper -rd report=/tmp/tmpvjn2kage/repo/precheck_results/16_SEP_2026___21_38_25/outputs/reports/klayout_feol_check.xml -rd thr=2 -rd feol=true
2026-09-16 21:38:45 [INFO] No DRC violations found
2026-09-16 21:38:45 [INFO] Running: klayout -b -r /usr/local/lib/python3.9/site-packages/cf_precheck/drc_scripts/sky130A_mr.drc -rd input=/tmp/tmpvjn2kage/repo/gds/user_project_wrapper.gds -rd topcell=user_project_wrapper -rd report=/tmp/tmpvjn2kage/repo/precheck_results/16_SEP_2026___21_38_25/outputs/reports/klayout_beol_check.xml -rd thr=2 -rd beol=true
2026-09-16 21:39:15 [INFO] No DRC violations found
2026-09-16 21:39:15 [INFO] Running: klayout -b -r /usr/local/lib/python3.9/site-packages/cf_precheck/drc_scripts/sky130A_mr.drc -rd input=/tmp/tmpvjn2kage/repo/gds/user_project_wrapper.gds -rd topcell=user_project_wrapper -rd report=/tmp/tmpvjn2kage/repo/precheck_results/16_SEP_2026___21_38_25/outputs/reports/klayout_offgrid_check.xml -rd thr=2 -rd offgrid=true
2026-09-16 21:39:23 [INFO] No DRC violations found
2026-09-16 21:39:23 [INFO] Running: klayout -b -r /usr/local/lib/python3.9/site-packages/cf_precheck/drc_scripts/met_min_ca_density.lydrc -rd input=/tmp/tmpvjn2kage/repo/gds/user_project_wrapper.gds -rd topcell=user_project_wrapper -rd report=/tmp/tmpvjn2kage/repo/precheck_results/16_SEP_2026___21_38_25/outputs/reports/klayout_met_min_ca_density_check.xml -rd thr=2
2026-09-16 21:39:27 [INFO] No DRC violations found
2026-09-16 21:39:27 [INFO] Running: klayout -b -r /usr/local/lib/python3.9/site-packages/cf_precheck/drc_scripts/pin_label_purposes_overlapping_drawing.rb.drc -rd input=/tmp/tmpvjn2kage/repo/gds/user_project_wrapper.gds -rd topcell=user_project_wrapper -rd report=/tmp/tmpvjn2kage/repo/precheck_results/16_SEP_2026___21_38_25/outputs/reports/klayout_pin_label_purposes_overlapping_drawing_check.xml -rd thr=2 -rd top_cell_name=user_project_wrapper
2026-09-16 21:39:30 [ERROR] klayout_pin_label_purposes_overlapping_drawing failed (stat=3), see /tmp/tmpvjn2kage/repo/precheck_results/16_SEP_2026___21_38_25/logs/klayout_pin_label_purposes_overlapping_drawing_check.log
2026-09-16 21:39:30 [INFO] Running: klayout -b -r /usr/local/lib/python3.9/site-packages/cf_precheck/drc_scripts/zeroarea.rb.drc -rd input=/tmp/tmpvjn2kage/repo/gds/user_project_wrapper.gds -rd topcell=user_project_wrapper -rd report=/tmp/tmpvjn2kage/repo/precheck_results/16_SEP_2026___21_38_25/outputs/reports/klayout_zeroarea_check.xml -rd thr=2 -rd cleaned_output=/tmp/tmpvjn2kage/repo/precheck_results/16_SEP_2026___21_38_25/outputs/user_project_wrapper_no_zero_areas.gds
2026-09-16 21:39:33 [INFO] No DRC violations found
2026-09-16 21:39:33 [INFO] Running: bash /usr/local/lib/python3.9/site-packages/cf_precheck/drc_scripts/gdsArea0 -V -m /tmp/tmpvjn2kage/repo/precheck_results/16_SEP_2026___21_38_25/outputs/reports/spike_check.xml /tmp/tmpvjn2kage/repo/gds/user_project_wrapper.gds
2026-09-16 21:39:35 [INFO] No spikes found
2026-09-16 21:39:35 [INFO] Loading LVS environment from /tmp/tmpvjn2kage/repo/lvs/user_project_wrapper/lvs_config.json
2026-09-16 21:39:35 [INFO] EXTRACT_FLATGLOB: 
2026-09-16 21:39:35 [INFO] EXTRACT_ABSTRACT: *__fill_* *__fakediode_* *__tapvpwrvgnd_*
2026-09-16 21:39:35 [INFO] EXTRACT_CREATE_SUBCUT: 
2026-09-16 21:39:35 [INFO] LVS_FLATTEN: 
2026-09-16 21:39:35 [INFO] LVS_NOFLATTEN: 
2026-09-16 21:39:35 [INFO] LVS_IGNORE: 
2026-09-16 21:39:35 [INFO] LVS_SPICE_FILES: /opt/pdks/sky130A/libs.ref/sky130_fd_sc_hd/spice/sky130_ef_sc_hd__decap*.spice /opt/pdks/sky130A/libs.ref/sky130_fd_sc_hd/spice/sky130_fd_sc_hd.spice
2026-09-16 21:39:35 [INFO] LVS_VERILOG_FILES: /tmp/tmpvjn2kage/repo/verilog/gl/afe_wb.v /tmp/tmpvjn2kage/repo/verilog/gl/user_project_wrapper.v
2026-09-16 21:39:35 [INFO] LAYOUT_FILE: /tmp/tmpvjn2kage/repo/gds/user_project_wrapper.gds
2026-09-16 21:39:35 [INFO] Running: run_be_checks --nooeb
2026-09-16 21:39:35 [INFO] LVS output directory: /tmp/tmpvjn2kage/repo/precheck_results/16_SEP_2026___21_38_25
2026-09-16 21:40:05 [ERROR] LVS FAILED (stat=1), see /tmp/tmpvjn2kage/repo/precheck_results/16_SEP_2026___21_38_25/logs/LVS_check.log
2026-09-16 21:40:05 [INFO] Loading LVS environment from /tmp/tmpvjn2kage/repo/lvs/user_project_wrapper/lvs_config.json
2026-09-16 21:40:05 [INFO] EXTRACT_FLATGLOB: 
2026-09-16 21:40:05 [INFO] EXTRACT_ABSTRACT: *__fill_* *__fakediode_* *__tapvpwrvgnd_*
2026-09-16 21:40:05 [INFO] EXTRACT_CREATE_SUBCUT: 
2026-09-16 21:40:05 [INFO] LVS_FLATTEN: 
2026-09-16 21:40:05 [INFO] LVS_NOFLATTEN: 
2026-09-16 21:40:05 [INFO] LVS_IGNORE: 
2026-09-16 21:40:05 [INFO] LVS_SPICE_FILES: /opt/pdks/sky130A/libs.ref/sky130_fd_sc_hd/spice/sky130_ef_sc_hd__decap*.spice /opt/pdks/sky130A/libs.ref/sky130_fd_sc_hd/spice/sky130_fd_sc_hd.spice
2026-09-16 21:40:05 [INFO] LVS_VERILOG_FILES: /tmp/tmpvjn2kage/repo/verilog/gl/afe_wb.v /tmp/tmpvjn2kage/repo/verilog/gl/user_project_wrapper.v
2026-09-16 21:40:05 [INFO] LAYOUT_FILE: /tmp/tmpvjn2kage/repo/gds/user_project_wrapper.gds
2026-09-16 21:40:05 [INFO] Running: run_oeb_check --noextract
2026-09-16 21:40:05 [INFO] OEB output directory: /tmp/tmpvjn2kage/repo/precheck_results/16_SEP_2026___21_38_25
2026-09-16 21:40:05 [ERROR] OEB FAILED (stat=6), see /tmp/tmpvjn2kage/repo/precheck_results/16_SEP_2026___21_38_25/logs/OEB_check.log
