┏━━━━━━━━━━━━━━━━━━━━━━┳━━━━━━━━━━┳━━━━━━━━━━┳━━━━━━━━━━┳━━━━━━━━━━┳━━━━━━━━━━━┳━━━━━━━━━━┳━━━━━━━━━━━┳━━━━━━━━━━┳━━━━━━━━━━━┳━━━━━━━━━━┳━━━━━━━━━━━┳━━━━━━━━━━┓
┃                      ┃ Hold     ┃ Reg to   ┃          ┃          ┃ of which  ┃ Setup    ┃           ┃          ┃           ┃ of which ┃           ┃          ┃
┃                      ┃ Worst    ┃ Reg      ┃          ┃ Hold Vio ┃ reg to    ┃ Worst    ┃ Reg to    ┃ Setup    ┃ Setup Vio ┃ reg to   ┃ Max Cap   ┃ Max Slew ┃
┃ Corner/Group         ┃ Slack    ┃ Paths    ┃ Hold TNS ┃ Count    ┃ reg       ┃ Slack    ┃ Reg Paths ┃ TNS      ┃ Count     ┃ reg      ┃ Violatio… ┃ Violati… ┃
┡━━━━━━━━━━━━━━━━━━━━━━╇━━━━━━━━━━╇━━━━━━━━━━╇━━━━━━━━━━╇━━━━━━━━━━╇━━━━━━━━━━━╇━━━━━━━━━━╇━━━━━━━━━━━╇━━━━━━━━━━╇━━━━━━━━━━━╇━━━━━━━━━━╇━━━━━━━━━━━╇━━━━━━━━━━┩
│ Overall              │ 0.0968   │ 0.0968   │ 0.0000   │ 0        │ 0         │ 5.5798   │ N/A       │ 0.0000   │ 0         │ 0        │ 11        │ 545      │
│ nom_tt_025C_1v80     │ 0.2426   │ 0.3535   │ 0.0000   │ 0        │ 0         │ 8.4442   │ N/A       │ 0.0000   │ 0         │ 0        │ 0         │ 137      │
│ nom_ss_100C_1v60     │ 0.2194   │ 1.0061   │ 0.0000   │ 0        │ 0         │ 5.7466   │ N/A       │ 0.0000   │ 0         │ 0        │ 8         │ 390      │
│ nom_ff_n40C_1v95     │ 0.0991   │ 0.0991   │ 0.0000   │ 0        │ 0         │ 9.4427   │ N/A       │ 0.0000   │ 0         │ 0        │ 0         │ 0        │
│ min_tt_025C_1v80     │ 0.2372   │ 0.3494   │ 0.0000   │ 0        │ 0         │ 8.5433   │ N/A       │ 0.0000   │ 0         │ 0        │ 0         │ 103      │
│ min_ss_100C_1v60     │ 0.2435   │ 0.9987   │ 0.0000   │ 0        │ 0         │ 5.9323   │ N/A       │ 0.0000   │ 0         │ 0        │ 7         │ 286      │
│ min_ff_n40C_1v95     │ 0.1013   │ 0.1013   │ 0.0000   │ 0        │ 0         │ 9.5036   │ N/A       │ 0.0000   │ 0         │ 0        │ 0         │ 0        │
│ max_tt_025C_1v80     │ 0.2288   │ 0.3556   │ 0.0000   │ 0        │ 0         │ 8.3592   │ N/A       │ 0.0000   │ 0         │ 0        │ 0         │ 154      │
│ max_ss_100C_1v60     │ 0.1925   │ 1.0126   │ 0.0000   │ 0        │ 0         │ 5.5798   │ N/A       │ 0.0000   │ 0         │ 0        │ 11        │ 545      │
│ max_ff_n40C_1v95     │ 0.0968   │ 0.0968   │ 0.0000   │ 0        │ 0         │ 9.3879   │ N/A       │ 0.0000   │ 0         │ 0        │ 0         │ 0        │
└──────────────────────┴──────────┴──────────┴──────────┴──────────┴───────────┴──────────┴───────────┴──────────┴───────────┴──────────┴───────────┴──────────┘
