┏━━━━━━━━━━━━━━━━━━━━━━┳━━━━━━━━━━┳━━━━━━━━━━┳━━━━━━━━━━┳━━━━━━━━━━┳━━━━━━━━━━━┳━━━━━━━━━━┳━━━━━━━━━━━┳━━━━━━━━━━┳━━━━━━━━━━━┳━━━━━━━━━━┳━━━━━━━━━━━┳━━━━━━━━━━┓
┃                      ┃ Hold     ┃ Reg to   ┃          ┃          ┃ of which  ┃ Setup    ┃           ┃          ┃           ┃ of which ┃           ┃          ┃
┃                      ┃ Worst    ┃ Reg      ┃          ┃ Hold Vio ┃ reg to    ┃ Worst    ┃ Reg to    ┃ Setup    ┃ Setup Vio ┃ reg to   ┃ Max Cap   ┃ Max Slew ┃
┃ Corner/Group         ┃ Slack    ┃ Paths    ┃ Hold TNS ┃ Count    ┃ reg       ┃ Slack    ┃ Reg Paths ┃ TNS      ┃ Count     ┃ reg      ┃ Violatio… ┃ Violati… ┃
┡━━━━━━━━━━━━━━━━━━━━━━╇━━━━━━━━━━╇━━━━━━━━━━╇━━━━━━━━━━╇━━━━━━━━━━╇━━━━━━━━━━━╇━━━━━━━━━━╇━━━━━━━━━━━╇━━━━━━━━━━╇━━━━━━━━━━━╇━━━━━━━━━━╇━━━━━━━━━━━╇━━━━━━━━━━┩
│ Overall              │ 0.0739   │ 0.1087   │ 0.0000   │ 0        │ 0         │ 8.5490   │ N/A       │ 0.0000   │ 0         │ 0        │ 0         │ 81       │
│ nom_tt_025C_1v80     │ 0.2016   │ 0.3485   │ 0.0000   │ 0        │ 0         │ 9.9802   │ N/A       │ 0.0000   │ 0         │ 0        │ 0         │ 0        │
│ nom_ss_100C_1v60     │ 0.0954   │ 0.9964   │ 0.0000   │ 0        │ 0         │ 8.6031   │ N/A       │ 0.0000   │ 0         │ 0        │ 0         │ 45       │
│ nom_ff_n40C_1v95     │ 0.1103   │ 0.1103   │ 0.0000   │ 0        │ 0         │ 10.4365  │ N/A       │ 0.0000   │ 0         │ 0        │ 0         │ 0        │
│ min_tt_025C_1v80     │ 0.2089   │ 0.3460   │ 0.0000   │ 0        │ 0         │ 10.0106  │ N/A       │ 0.0000   │ 0         │ 0        │ 0         │ 0        │
│ min_ss_100C_1v60     │ 0.1020   │ 0.9908   │ 0.0000   │ 0        │ 0         │ 8.6641   │ N/A       │ 0.0000   │ 0         │ 0        │ 0         │ 17       │
│ min_ff_n40C_1v95     │ 0.1087   │ 0.1087   │ 0.0000   │ 0        │ 0         │ 10.4511  │ N/A       │ 0.0000   │ 0         │ 0        │ 0         │ 0        │
│ max_tt_025C_1v80     │ 0.1865   │ 0.3509   │ 0.0000   │ 0        │ 0         │ 9.9566   │ N/A       │ 0.0000   │ 0         │ 0        │ 0         │ 0        │
│ max_ss_100C_1v60     │ 0.0739   │ 0.9847   │ 0.0000   │ 0        │ 0         │ 8.5490   │ N/A       │ 0.0000   │ 0         │ 0        │ 0         │ 81       │
│ max_ff_n40C_1v95     │ 0.1056   │ 0.1114   │ 0.0000   │ 0        │ 0         │ 10.4282  │ N/A       │ 0.0000   │ 0         │ 0        │ 0         │ 0        │
└──────────────────────┴──────────┴──────────┴──────────┴──────────┴───────────┴──────────┴───────────┴──────────┴───────────┴──────────┴───────────┴──────────┘
