Clock: clk
Sources: wb_clk_i 
Generated: no
Virtual: yes
Propagated: no
Period: 25.000000

===========================================================================
report_clock_properties
============================================================================
Clock                   Period          Waveform
----------------------------------------------------
clk                  25.000000    0.000000 12.500000

===========================================================================
report_clock_latency
============================================================================
Clock clk
rise -> rise
    min     max
4.650000 5.570000 source latency
5.277694         network latency _1685_/CLK
        6.320024 network latency _1474_/CLK
---------------
9.927694 11.890024 latency
        1.962330 skew

fall -> fall
    min     max
4.650000 5.570000 source latency
5.380786         network latency _1685_/CLK
        6.420358 network latency _1474_/CLK
---------------
10.030786 11.990357 latency
        1.959572 skew



===========================================================================
report_clock_min_period
============================================================================
clk period_min = 4.81 fmax = 207.71
