Clock: clk
Sources: wb_clk_i 
Generated: no
Virtual: yes
Propagated: no
Period: 25.000000

===========================================================================
report_clock_properties
============================================================================
Clock                   Period          Waveform
----------------------------------------------------
clk                  25.000000    0.000000 12.500000

===========================================================================
report_clock_latency
============================================================================
Clock clk
rise -> rise
    min     max
4.650000 5.570000 source latency
5.353610         network latency u_afe_wb/_1613_/CLK
        6.339041 network latency u_afe_wb/_1624_/CLK
---------------
10.003611 11.909041 latency
        1.905431 skew

fall -> fall
    min     max
4.650000 5.570000 source latency
5.457412         network latency u_afe_wb/_1613_/CLK
        6.425957 network latency u_afe_wb/_1650_/CLK
---------------
10.107412 11.995956 latency
        1.888544 skew



===========================================================================
report_clock_min_period
============================================================================
clk period_min = 3.07 fmax = 325.41
