BEGIN: Fri Sep 18 05:22:36 2026
Extracting as digital. Top ports unique.

Magic 8.3 revision 471 - Compiled on Wed Apr 22 16:23:58 UTC 2026.
Starting magic under Tcl interpreter
Using the terminal as the console.
Using NULL graphics device.
Processing system .magicrc file
Sourcing design magicrc.well for technology sky130A ...
2 Magic internal units = 1 Lambda
Loading tech file /tmp/tmpt_egflp6/repo/precheck_results/18_SEP_2026___05_22_33/tmp/sky130A.tech
Input style sky130(): scaleFactor=2, multiplier=2
The following types are not handled by extraction and will be treated as non-electrical types:
    ubm 
Scaled tech values by 2 / 1 to match internal grid scaling
Loading "/tmp/tmpt_egflp6/repo/precheck_results/18_SEP_2026___05_22_33/tmp/ext/abstract.tcl" from command line.
Abstracting
CIF input style is now "sky130()"
Abstracting /tmp/tmpt_egflp6/repo/gds/user_project_wrapper.gds
Warning: Calma reading is not undoable!  I hope that's OK.
Library written using GDS-II Release 6.0
Library name: LIB
Reading "sky130_fd_sc_hd__buf_1$1".
Reading "sky130_fd_sc_hd__or4bb_2$1".
Reading "sky130_fd_sc_hd__inv_2$1".
Reading "sky130_fd_sc_hd__clkbuf_2$1".
Reading "sky130_fd_sc_hd__nor4b_2$1".
Reading "sky130_fd_sc_hd__and4bb_2$1".
Reading "sky130_fd_sc_hd__and4b_2$1".
Reading "sky130_fd_sc_hd__nor4b_4$1".
Reading "sky130_fd_sc_hd__nand2_2$1".
Reading "sky130_fd_sc_hd__and2_2$1".
Reading "sky130_fd_sc_hd__or3_2$1".
Reading "sky130_fd_sc_hd__buf_6$1".
Reading "sky130_fd_sc_hd__or4_2$1".
Reading "sky130_fd_sc_hd__a21o_2$1".
Reading "sky130_fd_sc_hd__inv_6$1".
Reading "sky130_fd_sc_hd__clkbuf_16$1".
Reading "sky130_fd_sc_hd__a211o_2$1".
Reading "sky130_fd_sc_hd__o221a_2$1".
Reading "sky130_fd_sc_hd__diode_2$1".
Reading "sky130_fd_sc_hd__clkinv_2$1".
Reading "sky130_fd_sc_hd__a221o_2$1".
Reading "sky130_fd_sc_hd__a2111o_2$1".
Reading "sky130_fd_sc_hd__a22o_2$1".
Reading "sky130_fd_sc_hd__dlygate4sd3_1$1".
Reading "sky130_fd_sc_hd__clkbuf_4$1".
Reading "sky130_fd_sc_hd__clkbuf_8$1".
Reading "sky130_fd_sc_hd__or2_2$1".
Reading "sky130_fd_sc_hd__o211a_2$1".
Reading "sky130_fd_sc_hd__dfxtp_2$1".
Reading "sky130_fd_sc_hd__buf_2$1".
Reading "sky130_fd_sc_hd__buf_4$1".
Reading "sky130_fd_sc_hd__buf_12$1".
Reading "sky130_fd_sc_hd__fill_8$1".
Reading "sky130_fd_sc_hd__fill_2$1".
Reading "sky130_fd_sc_hd__fill_4$1".
Reading "sky130_fd_sc_hd__clkdlybuf4s25_1$1".
Reading "sky130_fd_sc_hd__tapvpwrvgnd_1$1".
Reading "sky130_fd_sc_hd__fill_1$1".
Reading "sky130_fd_sc_hd__conb_1$1".
Reading "sky130_fd_sc_hd__decap_3$1".
Reading "sky130_ef_sc_hd__decap_40_12$1".
Reading "CF_ADC_SAR12_sar_refs_core".
CIF file read warning: CIF style sky130(): units rescaled by factor of 5 / 1
Error while reading cell "CF_ADC_SAR12_sar_refs_core" (byte position 261702): Unknown layer/datatype in boundary, layer=67 type=10
Error while reading cell "CF_ADC_SAR12_sar_refs_core" (byte position 261766): Unknown layer/datatype in boundary, layer=68 type=10
Error while reading cell "CF_ADC_SAR12_sar_refs_core" (byte position 263174): Unknown layer/datatype in boundary, layer=69 type=10
Error while reading cell "CF_ADC_SAR12_sar_refs_core" (byte position 285574): Unknown layer/datatype in boundary, layer=70 type=10
Error while reading cell "CF_ADC_SAR12_sar_refs_core" (byte position 296710): Unknown layer/datatype in boundary, layer=71 type=10
Reading "CF_REFBUF_core".
Error while reading cell "CF_REFBUF_core" (byte position 300404): Unknown layer/datatype in boundary, layer=68 type=10
Error while reading cell "CF_REFBUF_core" (byte position 301748): Unknown layer/datatype in boundary, layer=69 type=10
Reading "CF_BGR_core".
Error while reading cell "CF_BGR_core" (byte position 323286): Unknown layer/datatype in boundary, layer=67 type=10
Error while reading cell "CF_BGR_core" (byte position 323350): Unknown layer/datatype in boundary, layer=68 type=10
Error while reading cell "CF_BGR_core" (byte position 324182): Unknown layer/datatype in boundary, layer=69 type=10
Reading "CF_ADC_SAR12_core".
Error while reading cell "CF_ADC_SAR12_core" (byte position 363084): Unknown layer/datatype in boundary, layer=67 type=10
Error while reading cell "CF_ADC_SAR12_core" (byte position 363148): Unknown layer/datatype in boundary, layer=68 type=10
Error while reading cell "CF_ADC_SAR12_core" (byte position 367180): Unknown layer/datatype in boundary, layer=69 type=10
Error while reading cell "CF_ADC_SAR12_core" (byte position 378124): Unknown layer/datatype in boundary, layer=70 type=10
Error while reading cell "CF_ADC_SAR12_core" (byte position 388364): Unknown layer/datatype in boundary, layer=71 type=10
Reading "CF_BUF_HIZ_core".
Reading "VIA_M3M4_PR_MR".
Reading "VIA_M3M4_PR_M".
Reading "VIA_M2M3_PR_MR".
Reading "VIA_M1M2_PR_MR".
Reading "VIA_M2M3_PR_M".
Reading "VIA_M4M5_PR".
Reading "VIA_M3M4_PR".
Reading "VIA_M1M2_PR".
Reading "VIA_M2M3_PR".
Reading "VIA_via5_6_3100_3100_2_2_1600_1600".
Reading "VIA_via5_6_1600_3100_2_1_1600_1600".
Reading "CF_REFBUF".
Error while reading cell "CF_REFBUF" (byte position 444444): Unknown layer/datatype in boundary, layer=67 type=10
Error while reading cell "CF_REFBUF" (byte position 444508): Unknown layer/datatype in boundary, layer=68 type=10
Error while reading cell "CF_REFBUF" (byte position 446620): Unknown layer/datatype in boundary, layer=69 type=10
Reading "CF_BUF_HIZ".
Error while reading cell "CF_BUF_HIZ" (byte position 510298): Unknown layer/datatype in boundary, layer=67 type=10
Error while reading cell "CF_BUF_HIZ" (byte position 510362): Unknown layer/datatype in boundary, layer=68 type=10
Error while reading cell "CF_BUF_HIZ" (byte position 510746): Unknown layer/datatype in boundary, layer=69 type=10
Reading "CF_BGR".
Error while reading cell "CF_BGR" (byte position 617162): Unknown layer/datatype in boundary, layer=67 type=10
Error while reading cell "CF_BGR" (byte position 617226): Unknown layer/datatype in boundary, layer=68 type=10
Error while reading cell "CF_BGR" (byte position 618314): Unknown layer/datatype in boundary, layer=69 type=10
Reading "CF_ADC_SAR12_sar_refs".
Error while reading cell "CF_ADC_SAR12_sar_refs" (byte position 756016): Unknown layer/datatype in boundary, layer=67 type=10
Error while reading cell "CF_ADC_SAR12_sar_refs" (byte position 756080): Unknown layer/datatype in boundary, layer=68 type=10
Error while reading cell "CF_ADC_SAR12_sar_refs" (byte position 756720): Unknown layer/datatype in boundary, layer=69 type=10
Reading "CF_ADC_SAR12".
Error while reading cell "CF_ADC_SAR12" (byte position 903754): Unknown layer/datatype in boundary, layer=67 type=10
Error while reading cell "CF_ADC_SAR12" (byte position 903818): Unknown layer/datatype in boundary, layer=68 type=10
Error while reading cell "CF_ADC_SAR12" (byte position 908106): Unknown layer/datatype in boundary, layer=69 type=10
Reading "afe_wb".
    5000 uses
    10000 uses
    15000 uses
Reading "user_project_wrapper".
Error while reading cell "user_project_wrapper" (byte position 5375536): Warning: cell "VIA_via5_6_3100_3100_2_2_1600_1600" placed on top of itself.  Ignoring the extra one.
Error while reading cell "user_project_wrapper" (byte position 5378886): Warning: cell "VIA_via5_6_3100_3100_2_2_1600_1600" placed on top of itself.  Ignoring the extra one.
Error while reading cell "user_project_wrapper" (byte position 5379290): Warning: cell "VIA_via5_6_3100_3100_2_2_1600_1600" placed on top of itself.  Ignoring the extra one.
Error while reading cell "user_project_wrapper" (byte position 5379630): Warning: cell "VIA_via5_6_3100_3100_2_2_1600_1600" placed on top of itself.  Ignoring the extra one.
Error while reading cell "user_project_wrapper" (byte position 5381628): Warning: cell "VIA_via5_6_3100_3100_2_2_1600_1600" placed on top of itself.  Ignoring the extra one.
Error while reading cell "user_project_wrapper" (byte position 5382092): Warning: cell "VIA_via5_6_3100_3100_2_2_1600_1600" placed on top of itself.  Ignoring the extra one.
Error while reading cell "user_project_wrapper" (byte position 5382150): Warning: cell "VIA_via5_6_3100_3100_2_2_1600_1600" placed on top of itself.  Ignoring the extra one.
Error while reading cell "user_project_wrapper" (byte position 5382208): Warning: cell "VIA_via5_6_3100_3100_2_2_1600_1600" placed on top of itself.  Ignoring the extra one.
Error while reading cell "user_project_wrapper" (byte position 5382440): Warning: cell "VIA_via5_6_3100_3100_2_2_1600_1600" placed on top of itself.  Ignoring the extra one.
Error while reading cell "user_project_wrapper" (byte position 5387092): Warning: cell "VIA_via5_6_3100_3100_2_2_1600_1600" placed on top of itself.  Ignoring the extra one.
Error while reading cell "user_project_wrapper" (byte position 5387976): Warning: cell "VIA_via5_6_3100_3100_2_2_1600_1600" placed on top of itself.  Ignoring the extra one.
Error while reading cell "user_project_wrapper" (byte position 5388034): Warning: cell "VIA_via5_6_3100_3100_2_2_1600_1600" placed on top of itself.  Ignoring the extra one.
Error while reading cell "user_project_wrapper" (byte position 5389474): Warning: cell "VIA_via5_6_3100_3100_2_2_1600_1600" placed on top of itself.  Ignoring the extra one.
Error while reading cell "user_project_wrapper" (byte position 5389532): Warning: cell "VIA_via5_6_3100_3100_2_2_1600_1600" placed on top of itself.  Ignoring the extra one.
Error while reading cell "user_project_wrapper" (byte position 5389590): Warning: cell "VIA_via5_6_3100_3100_2_2_1600_1600" placed on top of itself.  Ignoring the extra one.
Error while reading cell "user_project_wrapper" (byte position 5392628): Warning: cell "VIA_via5_6_3100_3100_2_2_1600_1600" placed on top of itself.  Ignoring the extra one.
Error while reading cell "user_project_wrapper" (byte position 5393374): Warning: cell "VIA_via5_6_3100_3100_2_2_1600_1600" placed on top of itself.  Ignoring the extra one.
Error while reading cell "user_project_wrapper" (byte position 5393968): Warning: cell "VIA_via5_6_3100_3100_2_2_1600_1600" placed on top of itself.  Ignoring the extra one.
Error while reading cell "user_project_wrapper" (byte position 5394062): Warning: cell "VIA_via5_6_3100_3100_2_2_1600_1600" placed on top of itself.  Ignoring the extra one.
Error while reading cell "user_project_wrapper" (byte position 5394504): Warning: cell "VIA_via5_6_3100_3100_2_2_1600_1600" placed on top of itself.  Ignoring the extra one.
Error while reading cell "user_project_wrapper" (byte position 5394678): Warning: cell "VIA_via5_6_3100_3100_2_2_1600_1600" placed on top of itself.  Ignoring the extra one.
Error while reading cell "user_project_wrapper" (byte position 5396030): Warning: cell "VIA_via5_6_3100_3100_2_2_1600_1600" placed on top of itself.  Ignoring the extra one.
Error while reading cell "user_project_wrapper" (byte position 5396298): Warning: cell "VIA_via5_6_3100_3100_2_2_1600_1600" placed on top of itself.  Ignoring the extra one.
Error while reading cell "user_project_wrapper" (byte position 5399124): Warning: cell "VIA_via5_6_3100_3100_2_2_1600_1600" placed on top of itself.  Ignoring the extra one.
Error while reading cell "user_project_wrapper" (byte position 5400536): Warning: cell "VIA_via5_6_3100_3100_2_2_1600_1600" placed on top of itself.  Ignoring the extra one.
Error while reading cell "user_project_wrapper" (byte position 5400594): Warning: cell "VIA_via5_6_3100_3100_2_2_1600_1600" placed on top of itself.  Ignoring the extra one.
Error while reading cell "user_project_wrapper" (byte position 5402068): Warning: cell "VIA_via5_6_3100_3100_2_2_1600_1600" placed on top of itself.  Ignoring the extra one.
Error while reading cell "user_project_wrapper" (byte position 5402126): Warning: cell "VIA_via5_6_3100_3100_2_2_1600_1600" placed on top of itself.  Ignoring the extra one.
Error while reading cell "user_project_wrapper" (byte position 5402912): Warning: cell "VIA_via5_6_3100_3100_2_2_1600_1600" placed on top of itself.  Ignoring the extra one.
Error while reading cell "user_project_wrapper" (byte position 5403100): Warning: cell "VIA_via5_6_3100_3100_2_2_1600_1600" placed on top of itself.  Ignoring the extra one.
Error while reading cell "user_project_wrapper" (byte position 5403194): Warning: cell "VIA_via5_6_3100_3100_2_2_1600_1600" placed on top of itself.  Ignoring the extra one.
Error while reading cell "user_project_wrapper" (byte position 5404532): Warning: cell "VIA_via5_6_3100_3100_2_2_1600_1600" placed on top of itself.  Ignoring the extra one.
Error while reading cell "user_project_wrapper" (byte position 5407066): Warning: cell "VIA_via5_6_3100_3100_2_2_1600_1600" placed on top of itself.  Ignoring the extra one.
Error while reading cell "user_project_wrapper" (byte position 5408256): Warning: cell "VIA_via5_6_3100_3100_2_2_1600_1600" placed on top of itself.  Ignoring the extra one.
Error while reading cell "user_project_wrapper" (byte position 5410454): Warning: cell "VIA_via5_6_3100_3100_2_2_1600_1600" placed on top of itself.  Ignoring the extra one.
Error while reading cell "user_project_wrapper" (byte position 5410606): Warning: cell "VIA_via5_6_3100_3100_2_2_1600_1600" placed on top of itself.  Ignoring the extra one.
Error while reading cell "user_project_wrapper" (byte position 5412324): Warning: cell "VIA_via5_6_3100_3100_2_2_1600_1600" placed on top of itself.  Ignoring the extra one.
Error while reading cell "user_project_wrapper" (byte position 5413068): Warning: cell "VIA_via5_6_3100_3100_2_2_1600_1600" placed on top of itself.  Ignoring the extra one.
Error while reading cell "user_project_wrapper" (byte position 5413936): Warning: cell "VIA_via5_6_3100_3100_2_2_1600_1600" placed on top of itself.  Ignoring the extra one.
Error while reading cell "user_project_wrapper" (byte position 5414066): Warning: cell "VIA_via5_6_3100_3100_2_2_1600_1600" placed on top of itself.  Ignoring the extra one.
Error while reading cell "user_project_wrapper" (byte position 5414218): Warning: cell "VIA_via5_6_3100_3100_2_2_1600_1600" placed on top of itself.  Ignoring the extra one.
Error while reading cell "user_project_wrapper" (byte position 5414464): Warning: cell "VIA_via5_6_3100_3100_2_2_1600_1600" placed on top of itself.  Ignoring the extra one.
Error while reading cell "user_project_wrapper" (byte position 5415044): Warning: cell "VIA_via5_6_3100_3100_2_2_1600_1600" placed on top of itself.  Ignoring the extra one.
Error while reading cell "user_project_wrapper" (byte position 5415276): Warning: cell "VIA_via5_6_3100_3100_2_2_1600_1600" placed on top of itself.  Ignoring the extra one.
Error while reading cell "user_project_wrapper" (byte position 5415334): Warning: cell "VIA_via5_6_3100_3100_2_2_1600_1600" placed on top of itself.  Ignoring the extra one.
Error while reading cell "user_project_wrapper" (byte position 5415508): Warning: cell "VIA_via5_6_3100_3100_2_2_1600_1600" placed on top of itself.  Ignoring the extra one.
Error while reading cell "user_project_wrapper" (byte position 5416124): Warning: cell "VIA_via5_6_3100_3100_2_2_1600_1600" placed on top of itself.  Ignoring the extra one.
Error while reading cell "user_project_wrapper" (byte position 5416298): Warning: cell "VIA_via5_6_3100_3100_2_2_1600_1600" placed on top of itself.  Ignoring the extra one.
Error while reading cell "user_project_wrapper" (byte position 5416356): Warning: cell "VIA_via5_6_3100_3100_2_2_1600_1600" placed on top of itself.  Ignoring the extra one.
Error while reading cell "user_project_wrapper" (byte position 5416660): Warning: cell "VIA_via5_6_3100_3100_2_2_1600_1600" placed on top of itself.  Ignoring the extra one.
Error while reading cell "user_project_wrapper" (byte position 5417022): Warning: cell "VIA_via5_6_3100_3100_2_2_1600_1600" placed on top of itself.  Ignoring the extra one.
Error while reading cell "user_project_wrapper" (byte position 5417668): Warning: cell "VIA_via5_6_3100_3100_2_2_1600_1600" placed on top of itself.  Ignoring the extra one.
Error while reading cell "user_project_wrapper" (byte position 5418232): Warning: cell "VIA_via5_6_3100_3100_2_2_1600_1600" placed on top of itself.  Ignoring the extra one.
Error while reading cell "user_project_wrapper" (byte position 5418362): Warning: cell "VIA_via5_6_3100_3100_2_2_1600_1600" placed on top of itself.  Ignoring the extra one.
Error while reading cell "user_project_wrapper" (byte position 5418666): Warning: cell "VIA_via5_6_3100_3100_2_2_1600_1600" placed on top of itself.  Ignoring the extra one.
Error while reading cell "user_project_wrapper" (byte position 5423934): Warning: cell "VIA_via5_6_3100_3100_2_2_1600_1600" placed on top of itself.  Ignoring the extra one.
Error while reading cell "user_project_wrapper" (byte position 5424332): Warning: cell "VIA_via5_6_3100_3100_2_2_1600_1600" placed on top of itself.  Ignoring the extra one.
Error while reading cell "user_project_wrapper" (byte position 5424426): Warning: cell "VIA_via5_6_3100_3100_2_2_1600_1600" placed on top of itself.  Ignoring the extra one.
Error while reading cell "user_project_wrapper" (byte position 5424846): Warning: cell "VIA_via5_6_3100_3100_2_2_1600_1600" placed on top of itself.  Ignoring the extra one.
Error while reading cell "user_project_wrapper" (byte position 5425996): Warning: cell "VIA_via5_6_3100_3100_2_2_1600_1600" placed on top of itself.  Ignoring the extra one.
Error while reading cell "user_project_wrapper" (byte position 5429614): Warning: cell "VIA_via5_6_3100_3100_2_2_1600_1600" placed on top of itself.  Ignoring the extra one.
Error while reading cell "user_project_wrapper" (byte position 5429988): Warning: cell "VIA_via5_6_3100_3100_2_2_1600_1600" placed on top of itself.  Ignoring the extra one.
Error while reading cell "user_project_wrapper" (byte position 5430638): Warning: cell "VIA_via5_6_3100_3100_2_2_1600_1600" placed on top of itself.  Ignoring the extra one.
Error while reading cell "user_project_wrapper" (byte position 5430696): Warning: cell "VIA_via5_6_3100_3100_2_2_1600_1600" placed on top of itself.  Ignoring the extra one.
Error while reading cell "user_project_wrapper" (byte position 5430754): Warning: cell "VIA_via5_6_3100_3100_2_2_1600_1600" placed on top of itself.  Ignoring the extra one.
Error while reading cell "user_project_wrapper" (byte position 5430884): Warning: cell "VIA_via5_6_3100_3100_2_2_1600_1600" placed on top of itself.  Ignoring the extra one.
Error while reading cell "user_project_wrapper" (byte position 5431224): Warning: cell "VIA_via5_6_3100_3100_2_2_1600_1600" placed on top of itself.  Ignoring the extra one.
Error while reading cell "user_project_wrapper" (byte position 5431434): Warning: cell "VIA_via5_6_3100_3100_2_2_1600_1600" placed on top of itself.  Ignoring the extra one.
Error while reading cell "user_project_wrapper" (byte position 5431824): Warning: cell "VIA_via5_6_3100_3100_2_2_1600_1600" placed on top of itself.  Ignoring the extra one.
Error while reading cell "user_project_wrapper" (byte position 5432264): Warning: cell "VIA_via5_6_3100_3100_2_2_1600_1600" placed on top of itself.  Ignoring the extra one.
Error while reading cell "user_project_wrapper" (byte position 5432438): Warning: cell "VIA_via5_6_3100_3100_2_2_1600_1600" placed on top of itself.  Ignoring the extra one.
Error while reading cell "user_project_wrapper" (byte position 5433420): Warning: cell "VIA_via5_6_3100_3100_2_2_1600_1600" placed on top of itself.  Ignoring the extra one.
Error while reading cell "user_project_wrapper" (byte position 5433478): Warning: cell "VIA_via5_6_3100_3100_2_2_1600_1600" placed on top of itself.  Ignoring the extra one.
Error while reading cell "user_project_wrapper" (byte position 5435180): Warning: cell "VIA_via5_6_3100_3100_2_2_1600_1600" placed on top of itself.  Ignoring the extra one.
Error while reading cell "user_project_wrapper" (byte position 5436930): Warning: cell "VIA_via5_6_3100_3100_2_2_1600_1600" placed on top of itself.  Ignoring the extra one.
Error while reading cell "user_project_wrapper" (byte position 5437024): Warning: cell "VIA_via5_6_3100_3100_2_2_1600_1600" placed on top of itself.  Ignoring the extra one.
Error while reading cell "user_project_wrapper" (byte position 5437294): Warning: cell "VIA_via5_6_3100_3100_2_2_1600_1600" placed on top of itself.  Ignoring the extra one.
Error while reading cell "user_project_wrapper" (byte position 5437352): Warning: cell "VIA_via5_6_3100_3100_2_2_1600_1600" placed on top of itself.  Ignoring the extra one.
Error while reading cell "user_project_wrapper" (byte position 5437410): Warning: cell "VIA_via5_6_3100_3100_2_2_1600_1600" placed on top of itself.  Ignoring the extra one.
Error while reading cell "user_project_wrapper" (byte position 5437714): Warning: cell "VIA_via5_6_3100_3100_2_2_1600_1600" placed on top of itself.  Ignoring the extra one.
Error while reading cell "user_project_wrapper" (byte position 5437830): Warning: cell "VIA_via5_6_3100_3100_2_2_1600_1600" placed on top of itself.  Ignoring the extra one.
Error while reading cell "user_project_wrapper" (byte position 5456350): Warning: cell "VIA_via5_6_3100_3100_2_2_1600_1600" placed on top of itself.  Ignoring the extra one.
Error while reading cell "user_project_wrapper" (byte position 5456872): Warning: cell "VIA_via5_6_3100_3100_2_2_1600_1600" placed on top of itself.  Ignoring the extra one.
Error while reading cell "user_project_wrapper" (byte position 5457104): Warning: cell "VIA_via5_6_3100_3100_2_2_1600_1600" placed on top of itself.  Ignoring the extra one.
Error while reading cell "user_project_wrapper" (byte position 5457256): Warning: cell "VIA_via5_6_3100_3100_2_2_1600_1600" placed on top of itself.  Ignoring the extra one.
Error while reading cell "user_project_wrapper" (byte position 5457372): Warning: cell "VIA_via5_6_3100_3100_2_2_1600_1600" placed on top of itself.  Ignoring the extra one.
Error while reading cell "user_project_wrapper" (byte position 5457604): Warning: cell "VIA_via5_6_3100_3100_2_2_1600_1600" placed on top of itself.  Ignoring the extra one.
Error while reading cell "user_project_wrapper" (byte position 5458822): Warning: cell "VIA_via5_6_3100_3100_2_2_1600_1600" placed on top of itself.  Ignoring the extra one.
Error while reading cell "user_project_wrapper" (byte position 5458880): Warning: cell "VIA_via5_6_3100_3100_2_2_1600_1600" placed on top of itself.  Ignoring the extra one.
Error while reading cell "user_project_wrapper" (byte position 5461190): Warning: cell "VIA_via5_6_3100_3100_2_2_1600_1600" placed on top of itself.  Ignoring the extra one.
Error while reading cell "user_project_wrapper" (byte position 5461624): Warning: cell "VIA_via5_6_3100_3100_2_2_1600_1600" placed on top of itself.  Ignoring the extra one.
Error while reading cell "user_project_wrapper" (byte position 5462744): Warning: cell "VIA_via5_6_3100_3100_2_2_1600_1600" placed on top of itself.  Ignoring the extra one.
Error while reading cell "user_project_wrapper" (byte position 5463106): Warning: cell "VIA_via5_6_3100_3100_2_2_1600_1600" placed on top of itself.  Ignoring the extra one.
Error while reading cell "user_project_wrapper" (byte position 5463280): Warning: cell "VIA_via5_6_3100_3100_2_2_1600_1600" placed on top of itself.  Ignoring the extra one.
Error while reading cell "user_project_wrapper" (byte position 5463396): Warning: cell "VIA_via5_6_3100_3100_2_2_1600_1600" placed on top of itself.  Ignoring the extra one.
Error while reading cell "user_project_wrapper" (byte position 5463454): Warning: cell "VIA_via5_6_3100_3100_2_2_1600_1600" placed on top of itself.  Ignoring the extra one.
Error while reading cell "user_project_wrapper" (byte position 5499556): Warning: cell "VIA_via5_6_3100_3100_2_2_1600_1600" placed on top of itself.  Ignoring the extra one.
Error while reading cell "user_project_wrapper" (byte position 5499976): Warning: cell "VIA_via5_6_3100_3100_2_2_1600_1600" placed on top of itself.  Ignoring the extra one.
Error while reading cell "user_project_wrapper" (byte position 5500092): Warning: cell "VIA_via5_6_3100_3100_2_2_1600_1600" placed on top of itself.  Ignoring the extra one.

TIME: read GDS: 00:00:01 


TIME: create subcut: 00:00:00 

Abstracting CF_ADC_SAR12
instance count:1 port count:18
Full size 3000 3000 97648 103600
Setting deletion window size to 102400. Estimate 0 steps.
Step 1/0: deleting 0 objects at 3000 3000 105400 105400
Deleting 0 final objects
Deleting dnwell
Deleting obsactive
Deleting via2
Deleting via3
Generating LEF output CF_ADC_SAR12.lef for cell CF_ADC_SAR12:
Diagnostic:  Write LEF header for cell CF_ADC_SAR12
Diagnostic:  Writing LEF output for cell CF_ADC_SAR12
Diagnostic:  Scale value is 0.005000
Abstracting CF_ADC_SAR12_sar_refs
instance count:1 port count:46
Full size 0 0 106600 31967
Setting deletion window size to 51200. Estimate 0 steps.
Step 1/0: deleting 0 objects at 0 0 51200 51200
Step 2/0: deleting 0 objects at 51200 0 102400 51200
Step 3/0: deleting 0 objects at 102400 0 153600 51200
Deleting 0 final objects
Deleting dnwell
Deleting obsactive
Deleting via2
Deleting via3
Generating LEF output CF_ADC_SAR12_sar_refs.lef for cell CF_ADC_SAR12_sar_refs:
Diagnostic:  Write LEF header for cell CF_ADC_SAR12_sar_refs
Diagnostic:  Writing LEF output for cell CF_ADC_SAR12_sar_refs
Diagnostic:  Scale value is 0.005000
Abstracting CF_BGR
instance count:1 port count:54
Full size 0 0 87693 62244
Setting deletion window size to 102400. Estimate 0 steps.
Step 1/0: deleting 0 objects at 0 0 102400 102400
Deleting 0 final objects
Deleting dnwell
Deleting obsactive
Deleting via1
Deleting via2
Deleting metal3
Deleting via3
Deleting metal4
Generating LEF output CF_BGR.lef for cell CF_BGR:
Diagnostic:  Write LEF header for cell CF_BGR
Diagnostic:  Writing LEF output for cell CF_BGR
Diagnostic:  Scale value is 0.005000
Abstracting CF_BUF_HIZ
instance count:1 port count:30
Full size 0 0 49304 83994
Setting deletion window size to 51200. Estimate 0 steps.
Step 1/0: deleting 0 objects at 0 0 51200 51200
Step 2/0: deleting 0 objects at 0 51200 51200 102400
Deleting 0 final objects
Deleting dnwell
Deleting obsactive
Deleting locali
Deleting via1
Deleting via2
Deleting metal3
Deleting via3
Deleting metal4
Generating LEF output CF_BUF_HIZ.lef for cell CF_BUF_HIZ:
Diagnostic:  Write LEF header for cell CF_BUF_HIZ
Diagnostic:  Writing LEF output for cell CF_BUF_HIZ
Diagnostic:  Scale value is 0.005000
Abstracting CF_REFBUF
instance count:1 port count:14
Full size 0 0 30645 35539
Setting deletion window size to 51200. Estimate 0 steps.
Step 1/0: deleting 0 objects at 0 0 51200 51200
Deleting 0 final objects
Deleting dnwell
Deleting obsactive
Deleting via1
Deleting via2
Deleting metal3
Deleting via3
Deleting metal4
Generating LEF output CF_REFBUF.lef for cell CF_REFBUF:
Diagnostic:  Write LEF header for cell CF_REFBUF
Diagnostic:  Writing LEF output for cell CF_REFBUF
Diagnostic:  Scale value is 0.005000
Abstracting sky130_fd_sc_hd__fill_1$1
instance count:0 port count:5
Abstracting sky130_fd_sc_hd__fill_2$1
instance count:0 port count:5
Abstracting sky130_fd_sc_hd__fill_4$1
instance count:0 port count:5
Abstracting sky130_fd_sc_hd__fill_8$1
instance count:0 port count:5
Abstracting sky130_fd_sc_hd__tapvpwrvgnd_1$1
instance count:0 port count:3

TIME: create abstract: 00:00:00 

Using technology "sky130A", version 1.0.493

Magic 8.3 revision 471 - Compiled on Wed Apr 22 16:23:58 UTC 2026.
Starting magic under Tcl interpreter
Using the terminal as the console.
Using NULL graphics device.
Processing system .magicrc file
Sourcing design magicrc.well for technology sky130A ...
2 Magic internal units = 1 Lambda
Loading tech file /tmp/tmpt_egflp6/repo/precheck_results/18_SEP_2026___05_22_33/tmp/sky130A.tech
Input style sky130(): scaleFactor=2, multiplier=2
The following types are not handled by extraction and will be treated as non-electrical types:
    ubm 
Scaled tech values by 2 / 1 to match internal grid scaling
Loading "/tmp/tmpt_egflp6/repo/precheck_results/18_SEP_2026___05_22_33/tmp/ext/extract.tcl" from command line.
Extracting with top ports unique (digital)
CIF input style is now "sky130()"
Using abstracted CF_ADC_SAR12
Reading LEF data from file /tmp/tmpt_egflp6/repo/precheck_results/18_SEP_2026___05_22_33/tmp/ext/CF_ADC_SAR12.lef.
This action cannot be undone.
LEF read: Processed 639 lines.
Using abstracted CF_ADC_SAR12_sar_refs
Reading LEF data from file /tmp/tmpt_egflp6/repo/precheck_results/18_SEP_2026___05_22_33/tmp/ext/CF_ADC_SAR12_sar_refs.lef.
This action cannot be undone.
LEF read: Processed 342 lines.
Using abstracted CF_BGR
Reading LEF data from file /tmp/tmpt_egflp6/repo/precheck_results/18_SEP_2026___05_22_33/tmp/ext/CF_BGR.lef.
This action cannot be undone.
LEF read: Processed 344 lines.
Using abstracted CF_BUF_HIZ
Reading LEF data from file /tmp/tmpt_egflp6/repo/precheck_results/18_SEP_2026___05_22_33/tmp/ext/CF_BUF_HIZ.lef.
This action cannot be undone.
LEF read: Processed 220 lines.
Using abstracted CF_REFBUF
Reading LEF data from file /tmp/tmpt_egflp6/repo/precheck_results/18_SEP_2026___05_22_33/tmp/ext/CF_REFBUF.lef.
This action cannot be undone.
LEF read: Processed 125 lines.
Flattening 

Extracting /tmp/tmpt_egflp6/repo/gds/user_project_wrapper.gds
Warning: Calma reading is not undoable!  I hope that's OK.
Library written using GDS-II Release 6.0
Library name: LIB
Reading "sky130_fd_sc_hd__buf_1$1".
Reading "sky130_fd_sc_hd__or4bb_2$1".
Reading "sky130_fd_sc_hd__inv_2$1".
Reading "sky130_fd_sc_hd__clkbuf_2$1".
Reading "sky130_fd_sc_hd__nor4b_2$1".
Reading "sky130_fd_sc_hd__and4bb_2$1".
Reading "sky130_fd_sc_hd__and4b_2$1".
Reading "sky130_fd_sc_hd__nor4b_4$1".
Reading "sky130_fd_sc_hd__nand2_2$1".
Reading "sky130_fd_sc_hd__and2_2$1".
Reading "sky130_fd_sc_hd__or3_2$1".
Reading "sky130_fd_sc_hd__buf_6$1".
Reading "sky130_fd_sc_hd__or4_2$1".
Reading "sky130_fd_sc_hd__a21o_2$1".
Reading "sky130_fd_sc_hd__inv_6$1".
Reading "sky130_fd_sc_hd__clkbuf_16$1".
Reading "sky130_fd_sc_hd__a211o_2$1".
Reading "sky130_fd_sc_hd__o221a_2$1".
Reading "sky130_fd_sc_hd__diode_2$1".
Reading "sky130_fd_sc_hd__clkinv_2$1".
Reading "sky130_fd_sc_hd__a221o_2$1".
Reading "sky130_fd_sc_hd__a2111o_2$1".
Reading "sky130_fd_sc_hd__a22o_2$1".
Reading "sky130_fd_sc_hd__dlygate4sd3_1$1".
Reading "sky130_fd_sc_hd__clkbuf_4$1".
Reading "sky130_fd_sc_hd__clkbuf_8$1".
Reading "sky130_fd_sc_hd__or2_2$1".
Reading "sky130_fd_sc_hd__o211a_2$1".
Reading "sky130_fd_sc_hd__dfxtp_2$1".
Reading "sky130_fd_sc_hd__buf_2$1".
Reading "sky130_fd_sc_hd__buf_4$1".
Reading "sky130_fd_sc_hd__buf_12$1".
Reading "sky130_fd_sc_hd__fill_8$1".
Reading "sky130_fd_sc_hd__fill_2$1".
Reading "sky130_fd_sc_hd__fill_4$1".
Reading "sky130_fd_sc_hd__clkdlybuf4s25_1$1".
Reading "sky130_fd_sc_hd__tapvpwrvgnd_1$1".
Reading "sky130_fd_sc_hd__fill_1$1".
Reading "sky130_fd_sc_hd__conb_1$1".
Reading "sky130_fd_sc_hd__decap_3$1".
Reading "sky130_ef_sc_hd__decap_40_12$1".
Reading "CF_ADC_SAR12_sar_refs_core".
CIF file read warning: CIF style sky130(): units rescaled by factor of 5 / 1
Error while reading cell "CF_ADC_SAR12_sar_refs_core" (byte position 261702): Unknown layer/datatype in boundary, layer=67 type=10
Error while reading cell "CF_ADC_SAR12_sar_refs_core" (byte position 261766): Unknown layer/datatype in boundary, layer=68 type=10
Error while reading cell "CF_ADC_SAR12_sar_refs_core" (byte position 263174): Unknown layer/datatype in boundary, layer=69 type=10
Error while reading cell "CF_ADC_SAR12_sar_refs_core" (byte position 285574): Unknown layer/datatype in boundary, layer=70 type=10
Error while reading cell "CF_ADC_SAR12_sar_refs_core" (byte position 296710): Unknown layer/datatype in boundary, layer=71 type=10
Reading "CF_REFBUF_core".
Error while reading cell "CF_REFBUF_core" (byte position 300404): Unknown layer/datatype in boundary, layer=68 type=10
Error while reading cell "CF_REFBUF_core" (byte position 301748): Unknown layer/datatype in boundary, layer=69 type=10
Reading "CF_BGR_core".
Error while reading cell "CF_BGR_core" (byte position 323286): Unknown layer/datatype in boundary, layer=67 type=10
Error while reading cell "CF_BGR_core" (byte position 323350): Unknown layer/datatype in boundary, layer=68 type=10
Error while reading cell "CF_BGR_core" (byte position 324182): Unknown layer/datatype in boundary, layer=69 type=10
Reading "CF_ADC_SAR12_core".
Error while reading cell "CF_ADC_SAR12_core" (byte position 363084): Unknown layer/datatype in boundary, layer=67 type=10
Error while reading cell "CF_ADC_SAR12_core" (byte position 363148): Unknown layer/datatype in boundary, layer=68 type=10
Error while reading cell "CF_ADC_SAR12_core" (byte position 367180): Unknown layer/datatype in boundary, layer=69 type=10
Error while reading cell "CF_ADC_SAR12_core" (byte position 378124): Unknown layer/datatype in boundary, layer=70 type=10
Error while reading cell "CF_ADC_SAR12_core" (byte position 388364): Unknown layer/datatype in boundary, layer=71 type=10
Reading "CF_BUF_HIZ_core".
Reading "VIA_M3M4_PR_MR".
Saving contents of cell VIA_M3M4_PR_MR
Reading "VIA_M3M4_PR_M".
Saving contents of cell VIA_M3M4_PR_M
Reading "VIA_M2M3_PR_MR".
Saving contents of cell VIA_M2M3_PR_MR
Reading "VIA_M1M2_PR_MR".
Saving contents of cell VIA_M1M2_PR_MR
Reading "VIA_M2M3_PR_M".
Saving contents of cell VIA_M2M3_PR_M
Reading "VIA_M4M5_PR".
Saving contents of cell VIA_M4M5_PR
Reading "VIA_M3M4_PR".
Saving contents of cell VIA_M3M4_PR
Reading "VIA_M1M2_PR".
Saving contents of cell VIA_M1M2_PR
Reading "VIA_M2M3_PR".
Saving contents of cell VIA_M2M3_PR
Reading "VIA_via5_6_3100_3100_2_2_1600_1600".
Saving contents of cell VIA_via5_6_3100_3100_2_2_1600_1600
Reading "VIA_via5_6_1600_3100_2_1_1600_1600".
Saving contents of cell VIA_via5_6_1600_3100_2_1_1600_1600
Reading "CF_REFBUF".
Warning:  cell CF_REFBUF already existed before reading GDS!
Using pre-existing cell definition
Reading "CF_BUF_HIZ".
Warning:  cell CF_BUF_HIZ already existed before reading GDS!
Using pre-existing cell definition
Reading "CF_BGR".
Warning:  cell CF_BGR already existed before reading GDS!
Using pre-existing cell definition
Reading "CF_ADC_SAR12_sar_refs".
Warning:  cell CF_ADC_SAR12_sar_refs already existed before reading GDS!
Using pre-existing cell definition
Reading "CF_ADC_SAR12".
Warning:  cell CF_ADC_SAR12 already existed before reading GDS!
Using pre-existing cell definition
Reading "afe_wb".
    5000 uses
    10000 uses
    15000 uses
Reading "user_project_wrapper".

TIME: read GDS: 00:00:02 


TIME: add subcut: 00:00:00 

Abstracting CF_ADC_SAR12
Abstracting CF_ADC_SAR12_sar_refs
Abstracting CF_BGR
Abstracting CF_BUF_HIZ
Abstracting CF_REFBUF
Abstracting sky130_fd_sc_hd__fill_1$1
Abstracting sky130_fd_sc_hd__fill_2$1
Abstracting sky130_fd_sc_hd__fill_4$1
Abstracting sky130_fd_sc_hd__fill_8$1
Abstracting sky130_fd_sc_hd__tapvpwrvgnd_1$1

TIME: set abstract: 00:00:00 

Processing sky130_ef_sc_hd__decap_40_12$1
Processing sky130_fd_sc_hd__decap_3$1
Processing sky130_fd_sc_hd__buf_12$1
Processing sky130_fd_sc_hd__clkdlybuf4s25_1$1
Processing sky130_fd_sc_hd__buf_2$1
Processing sky130_fd_sc_hd__buf_4$1
Processing sky130_fd_sc_hd__conb_1$1
Processing sky130_fd_sc_hd__or2_2$1
Processing sky130_fd_sc_hd__o211a_2$1
Processing sky130_fd_sc_hd__dfxtp_2$1
Processing sky130_fd_sc_hd__a22o_2$1
Processing sky130_fd_sc_hd__dlygate4sd3_1$1
Processing sky130_fd_sc_hd__a2111o_2$1
Processing sky130_fd_sc_hd__clkbuf_4$1
Processing sky130_fd_sc_hd__clkbuf_8$1
Processing sky130_fd_sc_hd__clkinv_2$1
Processing sky130_fd_sc_hd__a221o_2$1
Processing sky130_fd_sc_hd__inv_6$1
Processing sky130_fd_sc_hd__clkbuf_16$1
Processing sky130_fd_sc_hd__o221a_2$1
Processing sky130_fd_sc_hd__diode_2$1
Processing sky130_fd_sc_hd__a211o_2$1
Processing sky130_fd_sc_hd__or4_2$1
Processing sky130_fd_sc_hd__a21o_2$1
Processing sky130_fd_sc_hd__buf_6$1
Processing sky130_fd_sc_hd__or4bb_2$1
Processing sky130_fd_sc_hd__inv_2$1
Processing sky130_fd_sc_hd__and4bb_2$1
Processing sky130_fd_sc_hd__and4b_2$1
Processing sky130_fd_sc_hd__or3_2$1
Processing sky130_fd_sc_hd__nand2_2$1
Processing sky130_fd_sc_hd__and2_2$1
Processing sky130_fd_sc_hd__nor4b_4$1
Processing sky130_fd_sc_hd__buf_1$1
Processing sky130_fd_sc_hd__nor4b_2$1
Processing sky130_fd_sc_hd__clkbuf_2$1
Processing afe_wb
Processing user_project_wrapper
The following types are not handled by extraction and will be treated as non-electrical types:
    ubm 
Extraction style is now "ngspice()"
Extracting sky130_ef_sc_hd__decap_40_12$1 into sky130_ef_sc_hd__decap_40_12$1.ext:
sky130_ef_sc_hd__decap_40_12$1: 2 warnings
Extracting sky130_fd_sc_hd__decap_3$1 into sky130_fd_sc_hd__decap_3$1.ext:
sky130_fd_sc_hd__decap_3$1: 2 warnings
Extracting sky130_fd_sc_hd__tapvpwrvgnd_1$1 into sky130_fd_sc_hd__tapvpwrvgnd_1$1.ext:
Extracting sky130_fd_sc_hd__fill_2$1 into sky130_fd_sc_hd__fill_2$1.ext:
Extracting sky130_fd_sc_hd__buf_12$1 into sky130_fd_sc_hd__buf_12$1.ext:
Extracting sky130_fd_sc_hd__fill_1$1 into sky130_fd_sc_hd__fill_1$1.ext:
Extracting sky130_fd_sc_hd__fill_4$1 into sky130_fd_sc_hd__fill_4$1.ext:
Extracting sky130_fd_sc_hd__clkdlybuf4s25_1$1 into sky130_fd_sc_hd__clkdlybuf4s25_1$1.ext:
Extracting sky130_fd_sc_hd__buf_2$1 into sky130_fd_sc_hd__buf_2$1.ext:
Extracting sky130_fd_sc_hd__fill_8$1 into sky130_fd_sc_hd__fill_8$1.ext:
Extracting sky130_fd_sc_hd__buf_4$1 into sky130_fd_sc_hd__buf_4$1.ext:
Extracting sky130_fd_sc_hd__conb_1$1 into sky130_fd_sc_hd__conb_1$1.ext:
Extracting sky130_fd_sc_hd__or2_2$1 into sky130_fd_sc_hd__or2_2$1.ext:
Extracting sky130_fd_sc_hd__o211a_2$1 into sky130_fd_sc_hd__o211a_2$1.ext:
Extracting sky130_fd_sc_hd__dfxtp_2$1 into sky130_fd_sc_hd__dfxtp_2$1.ext:
Extracting sky130_fd_sc_hd__a22o_2$1 into sky130_fd_sc_hd__a22o_2$1.ext:
Extracting sky130_fd_sc_hd__dlygate4sd3_1$1 into sky130_fd_sc_hd__dlygate4sd3_1$1.ext:
Extracting sky130_fd_sc_hd__a2111o_2$1 into sky130_fd_sc_hd__a2111o_2$1.ext:
Extracting sky130_fd_sc_hd__clkbuf_4$1 into sky130_fd_sc_hd__clkbuf_4$1.ext:
Extracting sky130_fd_sc_hd__clkbuf_8$1 into sky130_fd_sc_hd__clkbuf_8$1.ext:
Extracting sky130_fd_sc_hd__clkinv_2$1 into sky130_fd_sc_hd__clkinv_2$1.ext:
Extracting sky130_fd_sc_hd__a221o_2$1 into sky130_fd_sc_hd__a221o_2$1.ext:
Extracting sky130_fd_sc_hd__inv_6$1 into sky130_fd_sc_hd__inv_6$1.ext:
Extracting sky130_fd_sc_hd__clkbuf_16$1 into sky130_fd_sc_hd__clkbuf_16$1.ext:
Extracting sky130_fd_sc_hd__o221a_2$1 into sky130_fd_sc_hd__o221a_2$1.ext:
Extracting sky130_fd_sc_hd__diode_2$1 into sky130_fd_sc_hd__diode_2$1.ext:
sky130_fd_sc_hd__diode_2$1: 1 warning
Extracting sky130_fd_sc_hd__a211o_2$1 into sky130_fd_sc_hd__a211o_2$1.ext:
Extracting sky130_fd_sc_hd__or4_2$1 into sky130_fd_sc_hd__or4_2$1.ext:
Extracting sky130_fd_sc_hd__a21o_2$1 into sky130_fd_sc_hd__a21o_2$1.ext:
Extracting sky130_fd_sc_hd__buf_6$1 into sky130_fd_sc_hd__buf_6$1.ext:
Extracting sky130_fd_sc_hd__or4bb_2$1 into sky130_fd_sc_hd__or4bb_2$1.ext:
Extracting sky130_fd_sc_hd__inv_2$1 into sky130_fd_sc_hd__inv_2$1.ext:
Extracting sky130_fd_sc_hd__and4bb_2$1 into sky130_fd_sc_hd__and4bb_2$1.ext:
Extracting sky130_fd_sc_hd__and4b_2$1 into sky130_fd_sc_hd__and4b_2$1.ext:
Extracting sky130_fd_sc_hd__or3_2$1 into sky130_fd_sc_hd__or3_2$1.ext:
Extracting sky130_fd_sc_hd__nand2_2$1 into sky130_fd_sc_hd__nand2_2$1.ext:
Extracting sky130_fd_sc_hd__and2_2$1 into sky130_fd_sc_hd__and2_2$1.ext:
Extracting sky130_fd_sc_hd__nor4b_4$1 into sky130_fd_sc_hd__nor4b_4$1.ext:
Extracting sky130_fd_sc_hd__buf_1$1 into sky130_fd_sc_hd__buf_1$1.ext:
Extracting sky130_fd_sc_hd__nor4b_2$1 into sky130_fd_sc_hd__nor4b_2$1.ext:
Extracting sky130_fd_sc_hd__clkbuf_2$1 into sky130_fd_sc_hd__clkbuf_2$1.ext:
Extracting afe_wb into afe_wb.ext:
Extracting CF_BGR into CF_BGR.ext:
Extracting CF_REFBUF into CF_REFBUF.ext:
Extracting CF_BUF_HIZ into CF_BUF_HIZ.ext:
Extracting CF_ADC_SAR12 into CF_ADC_SAR12.ext:
Extracting CF_ADC_SAR12_sar_refs into CF_ADC_SAR12_sar_refs.ext:
Extracting user_project_wrapper into user_project_wrapper.ext:
user_project_wrapper: 9546 errors
Total of 9546 errors (check feedback entries).
Total of 5 warnings.

TIME: extract: 00:00:19 

Devs merged: 0
Devs merged: 0
Devs merged: 2
Devs merged: 4
Devs merged: 6
Devs merged: 6
Devs merged: 8
Devs merged: 10
Devs merged: 38
Devs merged: 44
Devs merged: 44
Devs merged: 46
Devs merged: 50
Devs merged: 50
Devs merged: 52
Devs merged: 68
Devs merged: 68
Devs merged: 70
Devs merged: 72
Devs merged: 74
Devs merged: 86
Devs merged: 88
Devs merged: 90
Devs merged: 92
Devs merged: 102
Devs merged: 104
Devs merged: 110
Devs merged: 112
Devs merged: 115
Devs merged: 117
Devs merged: 117
Devs merged: 119
Devs merged: 143
Devs merged: 179
Devs merged: 187
Devs merged: 189
Devs merged: 189
Devs merged: 189
exttospice finished.

TIME: netlist: 00:00:02 

Using technology "sky130A", version 1.0.493
END: Fri Sep 18 05:23:02 2026
Runtime: 0:00:26 (hh:mm:ss)
