
===========================================================================
report_checks -unconstrained
===========================================================================
======================= min_ss_100C_1v60 Corner ===================================

Startpoint: wb_rst_i (input port clocked by clk)
Endpoint: u_afe_wb/_1668_ (rising edge-triggered flip-flop clocked by clk)
Path Group: clk
Path Type: max

Fanout         Cap        Slew       Delay        Time   Description
---------------------------------------------------------------------------------------------
                                  0.000000    0.000000   clock clk (rise edge)
                                  5.570000    5.570000   clock network delay (propagated)
                                 12.500000   18.070000 v input external delay
     1    0.014926    0.000000    0.000000   18.070000 v wb_rst_i (in)
                                                         wb_rst_i (net)
                      0.001278    0.000671   18.070671 v u_afe_wb/input14/A (sky130_fd_sc_hd__clkdlybuf4s25_1)
     1    0.005146    0.101397    0.475554   18.546225 v u_afe_wb/input14/X (sky130_fd_sc_hd__clkdlybuf4s25_1)
                                                         u_afe_wb/net14 (net)
                      0.101397    0.000068   18.546291 v u_afe_wb/_0737_/A (sky130_fd_sc_hd__inv_2)
     4    0.060340    0.436942    0.384121   18.930414 ^ u_afe_wb/_0737_/Y (sky130_fd_sc_hd__inv_2)
                                                         u_afe_wb/_0478_ (net)
                      0.437084    0.006935   18.937347 ^ u_afe_wb/fanout492/A (sky130_fd_sc_hd__clkdlybuf4s25_1)
     4    0.033506    0.541826    0.994977   19.932325 ^ u_afe_wb/fanout492/X (sky130_fd_sc_hd__clkdlybuf4s25_1)
                                                         u_afe_wb/net492 (net)
                      0.541826    0.001336   19.933661 ^ u_afe_wb/fanout491/A (sky130_fd_sc_hd__clkdlybuf4s25_1)
     9    0.061041    0.972201    1.353710   21.287371 ^ u_afe_wb/fanout491/X (sky130_fd_sc_hd__clkdlybuf4s25_1)
                                                         u_afe_wb/net491 (net)
                      0.972207    0.004347   21.291718 ^ u_afe_wb/fanout486/A (sky130_fd_sc_hd__clkdlybuf4s25_1)
    13    0.056925    0.907087    1.422647   22.714365 ^ u_afe_wb/fanout486/X (sky130_fd_sc_hd__clkdlybuf4s25_1)
                                                         u_afe_wb/net486 (net)
                      0.907087    0.002537   22.716902 ^ u_afe_wb/_1281_/C1 (sky130_fd_sc_hd__o211a_2)
     1    0.001869    0.078519    0.663794   23.380695 ^ u_afe_wb/_1281_/X (sky130_fd_sc_hd__o211a_2)
                                                         u_afe_wb/_0194_ (net)
                      0.078519    0.000018   23.380713 ^ u_afe_wb/hold585/A (sky130_fd_sc_hd__dlygate4sd3_1)
     1    0.002170    0.086982    1.086624   24.467337 ^ u_afe_wb/hold585/X (sky130_fd_sc_hd__dlygate4sd3_1)
                                                         u_afe_wb/net585 (net)
                      0.086982    0.000021   24.467360 ^ u_afe_wb/_1668_/D (sky130_fd_sc_hd__dfxtp_2)
                                             24.467360   data arrival time

                                 25.000000   25.000000   clock clk (rise edge)
                                  4.650000   29.650000   clock source latency
     1    0.064730    0.610000    0.000000   29.650000 ^ wb_clk_i (in)
                                                         wb_clk_i (net)
                      0.631559    0.010241   29.660240 ^ u_afe_wb/clkbuf_0_wb_clk_i/A (sky130_fd_sc_hd__clkbuf_16)
     4    0.071189    0.141373    0.495412   30.155651 ^ u_afe_wb/clkbuf_0_wb_clk_i/X (sky130_fd_sc_hd__clkbuf_16)
                                                         u_afe_wb/clknet_0_wb_clk_i (net)
                      0.141437    0.002611   30.158262 ^ u_afe_wb/clkbuf_2_3__f_wb_clk_i/A (sky130_fd_sc_hd__clkbuf_16)
    10    0.103117    0.180387    0.332424   30.490686 ^ u_afe_wb/clkbuf_2_3__f_wb_clk_i/X (sky130_fd_sc_hd__clkbuf_16)
                                                         u_afe_wb/clknet_2_3__leaf_wb_clk_i (net)
                      0.180627    0.004025   30.494711 ^ u_afe_wb/clkbuf_leaf_16_wb_clk_i/A (sky130_fd_sc_hd__clkbuf_8)
     9    0.032002    0.110739    0.298144   30.792856 ^ u_afe_wb/clkbuf_leaf_16_wb_clk_i/X (sky130_fd_sc_hd__clkbuf_8)
                                                         u_afe_wb/clknet_leaf_16_wb_clk_i (net)
                      0.110739    0.000284   30.793140 ^ u_afe_wb/_1668_/CLK (sky130_fd_sc_hd__dfxtp_2)
                                 -0.250000   30.543139   clock uncertainty
                                  0.000000   30.543139   clock reconvergence pessimism
                                 -0.138430   30.404707   library setup time
                                             30.404707   data required time
---------------------------------------------------------------------------------------------
                                             30.404707   data required time
                                            -24.467360   data arrival time
---------------------------------------------------------------------------------------------
                                              5.937348   slack (MET)




===========================================================================
report_checks --slack_max -0.01
============================================================================
======================= min_ss_100C_1v60 Corner ===================================

No paths found.


===========================================================================
 report_check_types -max_slew -max_cap -max_fanout -violators
============================================================================
======================= min_ss_100C_1v60 Corner ===================================

max slew

Pin                                        Limit        Slew       Slack
------------------------------------------------------------------------
u_afe_wb/fanout223/X                    1.498939    1.742014   -0.243075 (VIOLATED)
u_afe_wb/_1296_/B                       1.500000    1.742386   -0.242386 (VIOLATED)
u_afe_wb/_1298_/B                       1.500000    1.742378   -0.242378 (VIOLATED)
u_afe_wb/_1292_/B                       1.500000    1.742373   -0.242373 (VIOLATED)
u_afe_wb/_1302_/B                       1.500000    1.742360   -0.242360 (VIOLATED)
u_afe_wb/_1290_/B                       1.500000    1.742347   -0.242347 (VIOLATED)
u_afe_wb/_1282_/B                       1.500000    1.742306   -0.242306 (VIOLATED)
u_afe_wb/_1286_/B                       1.500000    1.742283   -0.242283 (VIOLATED)
u_afe_wb/_1278_/B                       1.500000    1.742235   -0.242235 (VIOLATED)
u_afe_wb/_1280_/B                       1.500000    1.742154   -0.242154 (VIOLATED)
u_afe_wb/_1288_/B                       1.500000    1.742112   -0.242112 (VIOLATED)
u_afe_wb/_1338_/B                       1.500000    1.742107   -0.242107 (VIOLATED)
u_afe_wb/_1284_/B                       1.500000    1.742089   -0.242089 (VIOLATED)
u_afe_wb/_1336_/B                       1.500000    1.742039   -0.242039 (VIOLATED)
u_afe_wb/_1334_/B                       1.500000    1.742027   -0.242027 (VIOLATED)
u_afe_wb/_1320_/B                       1.500000    1.742014   -0.242014 (VIOLATED)
u_afe_wb/_1332_/B                       1.500000    1.742014   -0.242014 (VIOLATED)
u_afe_wb/fanout217/X                    1.498939    1.719574   -0.220635 (VIOLATED)
u_afe_wb/_1384_/B                       1.500000    1.719660   -0.219660 (VIOLATED)
u_afe_wb/_1360_/B                       1.500000    1.719651   -0.219651 (VIOLATED)
u_afe_wb/_1366_/B                       1.500000    1.719651   -0.219651 (VIOLATED)
u_afe_wb/_1378_/B                       1.500000    1.719643   -0.219643 (VIOLATED)
u_afe_wb/_1370_/B                       1.500000    1.719635   -0.219635 (VIOLATED)
u_afe_wb/_1372_/B                       1.500000    1.719622   -0.219622 (VIOLATED)
u_afe_wb/_1374_/B                       1.500000    1.719609   -0.219609 (VIOLATED)
u_afe_wb/_1380_/B                       1.500000    1.719607   -0.219607 (VIOLATED)
u_afe_wb/fanout216/A                    1.500000    1.719593   -0.219593 (VIOLATED)
u_afe_wb/_1376_/B                       1.500000    1.719591   -0.219591 (VIOLATED)
u_afe_wb/_1396_/B                       1.500000    1.719591   -0.219591 (VIOLATED)
u_afe_wb/_1394_/B                       1.500000    1.719588   -0.219588 (VIOLATED)
u_afe_wb/ANTENNA_7/DIODE                1.500000    1.719588   -0.219588 (VIOLATED)
u_afe_wb/_1382_/B                       1.500000    1.719587   -0.219587 (VIOLATED)
u_afe_wb/_1392_/B                       1.500000    1.719583   -0.219583 (VIOLATED)
u_afe_wb/_1388_/B                       1.500000    1.719574   -0.219574 (VIOLATED)
u_afe_wb/_1390_/B                       1.500000    1.719574   -0.219574 (VIOLATED)
u_afe_wb/fanout251/X                    1.498939    1.674991   -0.176052 (VIOLATED)
u_afe_wb/_1042_/B                       1.500000    1.675447   -0.175447 (VIOLATED)
u_afe_wb/_1054_/B                       1.500000    1.675446   -0.175446 (VIOLATED)
u_afe_wb/_1044_/B                       1.500000    1.675446   -0.175446 (VIOLATED)
u_afe_wb/_1056_/B                       1.500000    1.675446   -0.175446 (VIOLATED)
u_afe_wb/_1052_/B                       1.500000    1.675443   -0.175443 (VIOLATED)
u_afe_wb/_1046_/B                       1.500000    1.675435   -0.175435 (VIOLATED)
u_afe_wb/_1070_/B                       1.500000    1.675419   -0.175419 (VIOLATED)
u_afe_wb/_1076_/B                       1.500000    1.675418   -0.175419 (VIOLATED)
u_afe_wb/_1074_/B                       1.500000    1.675418   -0.175418 (VIOLATED)
u_afe_wb/_1072_/B                       1.500000    1.675417   -0.175417 (VIOLATED)
u_afe_wb/_1058_/B                       1.500000    1.675416   -0.175416 (VIOLATED)
u_afe_wb/_1068_/B                       1.500000    1.675410   -0.175410 (VIOLATED)
u_afe_wb/_1066_/B                       1.500000    1.675403   -0.175403 (VIOLATED)
u_afe_wb/_1064_/B                       1.500000    1.675395   -0.175395 (VIOLATED)
u_afe_wb/_1062_/B                       1.500000    1.675393   -0.175393 (VIOLATED)
u_afe_wb/_1060_/B                       1.500000    1.674991   -0.174991 (VIOLATED)
u_afe_wb/fanout208/X                    1.498939    1.621186   -0.122247 (VIOLATED)
u_afe_wb/_1466_/B                       1.500000    1.621763   -0.121763 (VIOLATED)
u_afe_wb/_1410_/B                       1.500000    1.621762   -0.121762 (VIOLATED)
u_afe_wb/_1416_/B                       1.500000    1.621759   -0.121759 (VIOLATED)
u_afe_wb/_1414_/B                       1.500000    1.621758   -0.121758 (VIOLATED)
u_afe_wb/_1420_/B                       1.500000    1.621755   -0.121755 (VIOLATED)
u_afe_wb/_1418_/B                       1.500000    1.621754   -0.121754 (VIOLATED)
u_afe_wb/_1412_/B                       1.500000    1.621287   -0.121287 (VIOLATED)
u_afe_wb/_1438_/B                       1.500000    1.621275   -0.121275 (VIOLATED)
u_afe_wb/_1430_/B                       1.500000    1.621261   -0.121261 (VIOLATED)
u_afe_wb/_1428_/B                       1.500000    1.621247   -0.121247 (VIOLATED)
u_afe_wb/_1422_/B                       1.500000    1.621238   -0.121238 (VIOLATED)
u_afe_wb/_1424_/B                       1.500000    1.621234   -0.121234 (VIOLATED)
u_afe_wb/_1434_/B                       1.500000    1.621225   -0.121225 (VIOLATED)
u_afe_wb/_1452_/B                       1.500000    1.621210   -0.121210 (VIOLATED)
u_afe_wb/_1462_/B                       1.500000    1.621186   -0.121186 (VIOLATED)
u_afe_wb/_1464_/B                       1.500000    1.621186   -0.121186 (VIOLATED)
u_afe_wb/fanout237/X                    1.498939    1.585025   -0.086086 (VIOLATED)
u_afe_wb/_1176_/B                       1.500000    1.585485   -0.085485 (VIOLATED)
u_afe_wb/_1178_/B                       1.500000    1.585483   -0.085483 (VIOLATED)
u_afe_wb/_1192_/B                       1.500000    1.585480   -0.085480 (VIOLATED)
u_afe_wb/_1190_/B                       1.500000    1.585477   -0.085477 (VIOLATED)
u_afe_wb/_1182_/B                       1.500000    1.585473   -0.085474 (VIOLATED)
u_afe_wb/_1174_/B                       1.500000    1.585471   -0.085471 (VIOLATED)
u_afe_wb/_1184_/B                       1.500000    1.585469   -0.085469 (VIOLATED)
u_afe_wb/_1208_/B                       1.500000    1.585469   -0.085469 (VIOLATED)
u_afe_wb/_1206_/B                       1.500000    1.585468   -0.085468 (VIOLATED)
u_afe_wb/_1204_/B                       1.500000    1.585465   -0.085465 (VIOLATED)
u_afe_wb/_1202_/B                       1.500000    1.585461   -0.085462 (VIOLATED)
u_afe_wb/_1188_/B                       1.500000    1.585447   -0.085448 (VIOLATED)
u_afe_wb/_1200_/B                       1.500000    1.585445   -0.085445 (VIOLATED)
u_afe_wb/_1198_/B                       1.500000    1.585414   -0.085414 (VIOLATED)
u_afe_wb/_1196_/B                       1.500000    1.585397   -0.085397 (VIOLATED)
u_afe_wb/_1194_/B                       1.500000    1.585025   -0.085025 (VIOLATED)
u_afe_wb/fanout250/X                    1.498939    1.578923   -0.079984 (VIOLATED)
u_afe_wb/_1014_/B                       1.500000    1.579155   -0.079155 (VIOLATED)
u_afe_wb/_1018_/B                       1.500000    1.579154   -0.079154 (VIOLATED)
u_afe_wb/_1020_/B                       1.500000    1.579154   -0.079154 (VIOLATED)
u_afe_wb/_1016_/B                       1.500000    1.579151   -0.079151 (VIOLATED)
u_afe_wb/_1024_/B                       1.500000    1.579145   -0.079145 (VIOLATED)
u_afe_wb/_1026_/B                       1.500000    1.579138   -0.079138 (VIOLATED)
u_afe_wb/_1022_/B                       1.500000    1.579116   -0.079116 (VIOLATED)
u_afe_wb/_1032_/B                       1.500000    1.579098   -0.079098 (VIOLATED)
u_afe_wb/_1034_/B                       1.500000    1.579050   -0.079050 (VIOLATED)
u_afe_wb/_1050_/B                       1.500000    1.579026   -0.079026 (VIOLATED)
u_afe_wb/_1038_/B                       1.500000    1.579024   -0.079024 (VIOLATED)
u_afe_wb/_1028_/B                       1.500000    1.578996   -0.078996 (VIOLATED)
u_afe_wb/_1030_/B                       1.500000    1.578954   -0.078954 (VIOLATED)
u_afe_wb/_1036_/B                       1.500000    1.578942   -0.078942 (VIOLATED)
u_afe_wb/_1048_/B                       1.500000    1.578931   -0.078931 (VIOLATED)
u_afe_wb/_1040_/B                       1.500000    1.578923   -0.078923 (VIOLATED)
u_afe_wb/fanout236/X                    1.498939    1.522446   -0.023507 (VIOLATED)
u_afe_wb/_1154_/B                       1.500000    1.522675   -0.022675 (VIOLATED)
u_afe_wb/_1156_/B                       1.500000    1.522675   -0.022675 (VIOLATED)
u_afe_wb/_1146_/B                       1.500000    1.522673   -0.022674 (VIOLATED)
u_afe_wb/_1152_/B                       1.500000    1.522673   -0.022673 (VIOLATED)
u_afe_wb/_1150_/B                       1.500000    1.522668   -0.022668 (VIOLATED)
u_afe_wb/_1148_/B                       1.500000    1.522655   -0.022655 (VIOLATED)
u_afe_wb/_1164_/B                       1.500000    1.522637   -0.022637 (VIOLATED)
u_afe_wb/_1158_/B                       1.500000    1.522620   -0.022620 (VIOLATED)
u_afe_wb/_1166_/B                       1.500000    1.522612   -0.022612 (VIOLATED)
u_afe_wb/_1170_/B                       1.500000    1.522580   -0.022580 (VIOLATED)
u_afe_wb/_1160_/B                       1.500000    1.522542   -0.022542 (VIOLATED)
u_afe_wb/_1186_/B                       1.500000    1.522531   -0.022531 (VIOLATED)
u_afe_wb/_1168_/B                       1.500000    1.522501   -0.022501 (VIOLATED)
u_afe_wb/_1162_/B                       1.500000    1.522478   -0.022478 (VIOLATED)
u_afe_wb/_1172_/B                       1.500000    1.522459   -0.022459 (VIOLATED)
u_afe_wb/_1180_/B                       1.500000    1.522446   -0.022446 (VIOLATED)

max fanout

Pin                                   Limit Fanout  Slack
---------------------------------------------------------
u_afe_wb/fanout217/X                     10     17     -7 (VIOLATED)
u_afe_wb/_0945_/X                        10     16     -6 (VIOLATED)
u_afe_wb/fanout208/X                     10     16     -6 (VIOLATED)
u_afe_wb/fanout216/X                     10     16     -6 (VIOLATED)
u_afe_wb/fanout223/X                     10     16     -6 (VIOLATED)
u_afe_wb/fanout230/X                     10     16     -6 (VIOLATED)
u_afe_wb/fanout231/X                     10     16     -6 (VIOLATED)
u_afe_wb/fanout236/X                     10     16     -6 (VIOLATED)
u_afe_wb/fanout237/X                     10     16     -6 (VIOLATED)
u_afe_wb/fanout243/X                     10     16     -6 (VIOLATED)
u_afe_wb/fanout250/X                     10     16     -6 (VIOLATED)
u_afe_wb/fanout251/X                     10     16     -6 (VIOLATED)
u_afe_wb/load_slew475/X                  10     14     -4 (VIOLATED)
u_afe_wb/load_slew479/X                  10     14     -4 (VIOLATED)
u_afe_wb/load_slew490/X                  10     14     -4 (VIOLATED)
u_afe_wb/wire467/X                       10     14     -4 (VIOLATED)
u_afe_wb/fanout486/X                     10     13     -3 (VIOLATED)
u_afe_wb/load_slew464/X                  10     13     -3 (VIOLATED)
u_afe_wb/load_slew483/X                  10     13     -3 (VIOLATED)
u_afe_wb/load_slew260/X                  10     12     -2 (VIOLATED)
u_afe_wb/load_slew469/X                  10     12     -2 (VIOLATED)
u_afe_wb/load_slew477/X                  10     12     -2 (VIOLATED)
u_afe_wb/wire233/X                       10     12     -2 (VIOLATED)
u_afe_wb/wire239/X                       10     12     -2 (VIOLATED)
u_afe_wb/fanout465/X                     10     11        (VIOLATED)
u_afe_wb/wire225/X                       10     11        (VIOLATED)
u_afe_wb/wire421/X                       10     11        (VIOLATED)
u_afe_wb/wire443/X                       10     11        (VIOLATED)

max capacitance

Pin                                        Limit         Cap       Slack
------------------------------------------------------------------------
u_afe_wb/fanout223/X                    0.094309    0.110654   -0.016345 (VIOLATED)
u_afe_wb/fanout217/X                    0.094309    0.109201   -0.014892 (VIOLATED)
u_afe_wb/fanout251/X                    0.094309    0.106021   -0.011712 (VIOLATED)
u_afe_wb/fanout208/X                    0.094309    0.102648   -0.008339 (VIOLATED)
u_afe_wb/fanout237/X                    0.094309    0.100240   -0.005931 (VIOLATED)
u_afe_wb/fanout250/X                    0.094309    0.099785   -0.005476 (VIOLATED)
u_afe_wb/fanout236/X                    0.094309    0.096163   -0.001854 (VIOLATED)



===========================================================================
report_parasitic_annotation -report_unannotated
============================================================================
Found 389 unannotated drivers.
 analog_io[23]
 analog_io[28]
 io_in[0]
 io_in[10]
 io_in[11]
 io_in[12]
 io_in[13]
 io_in[14]
 io_in[15]
 io_in[16]
 io_in[17]
 io_in[18]
 io_in[19]
 io_in[1]
 io_in[20]
 io_in[21]
 io_in[22]
 io_in[23]
 io_in[24]
 io_in[25]
 io_in[26]
 io_in[27]
 io_in[28]
 io_in[29]
 io_in[2]
 io_in[30]
 io_in[31]
 io_in[32]
 io_in[33]
 io_in[34]
 io_in[35]
 io_in[36]
 io_in[37]
 io_in[3]
 io_in[4]
 io_in[5]
 io_in[6]
 io_in[7]
 io_in[8]
 io_in[9]
 la_data_in[0]
 la_data_in[100]
 la_data_in[101]
 la_data_in[102]
 la_data_in[103]
 la_data_in[104]
 la_data_in[105]
 la_data_in[106]
 la_data_in[107]
 la_data_in[108]
 la_data_in[109]
 la_data_in[10]
 la_data_in[110]
 la_data_in[111]
 la_data_in[112]
 la_data_in[113]
 la_data_in[114]
 la_data_in[115]
 la_data_in[116]
 la_data_in[117]
 la_data_in[118]
 la_data_in[119]
 la_data_in[11]
 la_data_in[120]
 la_data_in[121]
 la_data_in[122]
 la_data_in[123]
 la_data_in[124]
 la_data_in[125]
 la_data_in[126]
 la_data_in[127]
 la_data_in[12]
 la_data_in[13]
 la_data_in[14]
 la_data_in[15]
 la_data_in[16]
 la_data_in[17]
 la_data_in[18]
 la_data_in[19]
 la_data_in[1]
 la_data_in[20]
 la_data_in[21]
 la_data_in[22]
 la_data_in[23]
 la_data_in[24]
 la_data_in[25]
 la_data_in[26]
 la_data_in[27]
 la_data_in[28]
 la_data_in[29]
 la_data_in[2]
 la_data_in[30]
 la_data_in[31]
 la_data_in[32]
 la_data_in[33]
 la_data_in[34]
 la_data_in[35]
 la_data_in[36]
 la_data_in[37]
 la_data_in[38]
 la_data_in[39]
 la_data_in[3]
 la_data_in[40]
 la_data_in[41]
 la_data_in[42]
 la_data_in[43]
 la_data_in[44]
 la_data_in[45]
 la_data_in[46]
 la_data_in[47]
 la_data_in[48]
 la_data_in[49]
 la_data_in[4]
 la_data_in[50]
 la_data_in[51]
 la_data_in[52]
 la_data_in[53]
 la_data_in[54]
 la_data_in[55]
 la_data_in[56]
 la_data_in[57]
 la_data_in[58]
 la_data_in[59]
 la_data_in[5]
 la_data_in[60]
 la_data_in[61]
 la_data_in[62]
 la_data_in[63]
 la_data_in[64]
 la_data_in[65]
 la_data_in[66]
 la_data_in[67]
 la_data_in[68]
 la_data_in[69]
 la_data_in[6]
 la_data_in[70]
 la_data_in[71]
 la_data_in[72]
 la_data_in[73]
 la_data_in[74]
 la_data_in[75]
 la_data_in[76]
 la_data_in[77]
 la_data_in[78]
 la_data_in[79]
 la_data_in[7]
 la_data_in[80]
 la_data_in[81]
 la_data_in[82]
 la_data_in[83]
 la_data_in[84]
 la_data_in[85]
 la_data_in[86]
 la_data_in[87]
 la_data_in[88]
 la_data_in[89]
 la_data_in[8]
 la_data_in[90]
 la_data_in[91]
 la_data_in[92]
 la_data_in[93]
 la_data_in[94]
 la_data_in[95]
 la_data_in[96]
 la_data_in[97]
 la_data_in[98]
 la_data_in[99]
 la_data_in[9]
 la_oenb[0]
 la_oenb[100]
 la_oenb[101]
 la_oenb[102]
 la_oenb[103]
 la_oenb[104]
 la_oenb[105]
 la_oenb[106]
 la_oenb[107]
 la_oenb[108]
 la_oenb[109]
 la_oenb[10]
 la_oenb[110]
 la_oenb[111]
 la_oenb[112]
 la_oenb[113]
 la_oenb[114]
 la_oenb[115]
 la_oenb[116]
 la_oenb[117]
 la_oenb[118]
 la_oenb[119]
 la_oenb[11]
 la_oenb[120]
 la_oenb[121]
 la_oenb[122]
 la_oenb[123]
 la_oenb[124]
 la_oenb[125]
 la_oenb[126]
 la_oenb[127]
 la_oenb[12]
 la_oenb[13]
 la_oenb[14]
 la_oenb[15]
 la_oenb[16]
 la_oenb[17]
 la_oenb[18]
 la_oenb[19]
 la_oenb[1]
 la_oenb[20]
 la_oenb[21]
 la_oenb[22]
 la_oenb[23]
 la_oenb[24]
 la_oenb[25]
 la_oenb[26]
 la_oenb[27]
 la_oenb[28]
 la_oenb[29]
 la_oenb[2]
 la_oenb[30]
 la_oenb[31]
 la_oenb[32]
 la_oenb[33]
 la_oenb[34]
 la_oenb[35]
 la_oenb[36]
 la_oenb[37]
 la_oenb[38]
 la_oenb[39]
 la_oenb[3]
 la_oenb[40]
 la_oenb[41]
 la_oenb[42]
 la_oenb[43]
 la_oenb[44]
 la_oenb[45]
 la_oenb[46]
 la_oenb[47]
 la_oenb[48]
 la_oenb[49]
 la_oenb[4]
 la_oenb[50]
 la_oenb[51]
 la_oenb[52]
 la_oenb[53]
 la_oenb[54]
 la_oenb[55]
 la_oenb[56]
 la_oenb[57]
 la_oenb[58]
 la_oenb[59]
 la_oenb[5]
 la_oenb[60]
 la_oenb[61]
 la_oenb[62]
 la_oenb[63]
 la_oenb[64]
 la_oenb[65]
 la_oenb[66]
 la_oenb[67]
 la_oenb[68]
 la_oenb[69]
 la_oenb[6]
 la_oenb[70]
 la_oenb[71]
 la_oenb[72]
 la_oenb[73]
 la_oenb[74]
 la_oenb[75]
 la_oenb[76]
 la_oenb[77]
 la_oenb[78]
 la_oenb[79]
 la_oenb[7]
 la_oenb[80]
 la_oenb[81]
 la_oenb[82]
 la_oenb[83]
 la_oenb[84]
 la_oenb[85]
 la_oenb[86]
 la_oenb[87]
 la_oenb[88]
 la_oenb[89]
 la_oenb[8]
 la_oenb[90]
 la_oenb[91]
 la_oenb[92]
 la_oenb[93]
 la_oenb[94]
 la_oenb[95]
 la_oenb[96]
 la_oenb[97]
 la_oenb[98]
 la_oenb[99]
 la_oenb[9]
 u_afe_wb/afe_wb/HI
 u_afe_wb/afe_wb_502/HI
 u_afe_wb/afe_wb_503/HI
 u_afe_wb/afe_wb_504/HI
 u_afe_wb/afe_wb_505/HI
 u_afe_wb/afe_wb_506/HI
 u_afe_wb/afe_wb_507/HI
 u_afe_wb/afe_wb_508/HI
 u_afe_wb/afe_wb_509/HI
 u_afe_wb/afe_wb_510/HI
 u_afe_wb/afe_wb_511/HI
 u_afe_wb/afe_wb_512/HI
 u_afe_wb/afe_wb_513/HI
 u_afe_wb/afe_wb_514/HI
 u_afe_wb/afe_wb_515/HI
 u_afe_wb/afe_wb_516/HI
 u_afe_wb/afe_wb_517/HI
 u_afe_wb/afe_wb_518/HI
 u_afe_wb/afe_wb_519/HI
 u_afe_wb/afe_wb_520/HI
 u_afe_wb/afe_wb_521/HI
 u_afe_wb/afe_wb_522/HI
 u_afe_wb/afe_wb_523/HI
 u_afe_wb/afe_wb_524/HI
 u_afe_wb/afe_wb_525/HI
 u_afe_wb/afe_wb_526/HI
 u_afe_wb/afe_wb_527/HI
 u_afe_wb/afe_wb_528/HI
 u_afe_wb/afe_wb_529/HI
 u_afe_wb/afe_wb_530/HI
 u_afe_wb/afe_wb_531/HI
 u_afe_wb/afe_wb_532/HI
 u_afe_wb/afe_wb_533/HI
 u_afe_wb/afe_wb_534/HI
 u_afe_wb/afe_wb_535/HI
 u_afe_wb/afe_wb_536/LO
 u_afe_wb/afe_wb_537/LO
 u_afe_wb/afe_wb_538/LO
 u_afe_wb/afe_wb_539/LO
 u_afe_wb/afe_wb_540/LO
 u_afe_wb/afe_wb_541/LO
 u_afe_wb/afe_wb_542/LO
 u_afe_wb/afe_wb_543/LO
 u_afe_wb/afe_wb_544/LO
 u_afe_wb/afe_wb_545/LO
 u_afe_wb/afe_wb_546/LO
 u_afe_wb/afe_wb_547/LO
 u_afe_wb/afe_wb_548/LO
 u_afe_wb/afe_wb_549/LO
 u_afe_wb/afe_wb_550/LO
 u_afe_wb/afe_wb_551/LO
 u_afe_wb/afe_wb_552/LO
 u_afe_wb/afe_wb_553/LO
 u_afe_wb/afe_wb_554/LO
 u_afe_wb/afe_wb_555/LO
 u_afe_wb/afe_wb_556/LO
 u_afe_wb/afe_wb_557/LO
 u_afe_wb/afe_wb_558/LO
 u_afe_wb/afe_wb_559/LO
 u_afe_wb/afe_wb_560/LO
 u_afe_wb/afe_wb_561/LO
 u_afe_wb/afe_wb_562/LO
 u_afe_wb/afe_wb_563/LO
 u_afe_wb/clkload0/Y
 u_afe_wb/clkload1/X
 u_afe_wb/clkload10/X
 u_afe_wb/clkload11/X
 u_afe_wb/clkload12/X
 u_afe_wb/clkload13/Y
 u_afe_wb/clkload14/X
 u_afe_wb/clkload15/Y
 u_afe_wb/clkload16/X
 u_afe_wb/clkload17/X
 u_afe_wb/clkload18/X
 u_afe_wb/clkload19/X
 u_afe_wb/clkload2/X
 u_afe_wb/clkload20/X
 u_afe_wb/clkload21/X
 u_afe_wb/clkload22/X
 u_afe_wb/clkload23/X
 u_afe_wb/clkload24/X
 u_afe_wb/clkload25/X
 u_afe_wb/clkload26/Y
 u_afe_wb/clkload27/X
 u_afe_wb/clkload28/X
 u_afe_wb/clkload29/X
 u_afe_wb/clkload3/X
 u_afe_wb/clkload4/X
 u_afe_wb/clkload5/X
 u_afe_wb/clkload6/X
 u_afe_wb/clkload7/X
 u_afe_wb/clkload8/X
 u_afe_wb/clkload9/X
Found 68 partially unannotated drivers.
 u_afe_wb/wire261/X
  u_cf_adc_sar12/sample_width[3]
 u_afe_wb/wire262/X
  u_cf_adc_sar12/sample_width[4]
 u_afe_wb/wire263/X
  u_cf_adc_sar12/sample_width[5]
 u_afe_wb/wire264/X
  u_cf_adc_sar12/sample_width[6]
 u_afe_wb/wire266/X
  u_cf_adc_sar12/sample_width[7]
 u_afe_wb/wire267/X
  u_cf_adc_sar12/sample_width[8]
 u_afe_wb/wire268/X
  u_cf_adc_sar12/sample_width[9]
 u_afe_wb/wire269/X
  u_cf_adc_sar12/resolution[0]
 u_afe_wb/wire270/X
  u_cf_adc_sar12/resolution[1]
 u_afe_wb/wire291/X
  u_cf_adc_sar12_sar_refs/S_LV[0]
 u_afe_wb/wire292/X
  u_cf_adc_sar12_sar_refs/S_LV[1]
 u_afe_wb/wire293/X
  u_cf_adc_sar12_sar_refs/S_LV[2]
 u_afe_wb/wire294/X
  u_cf_adc_sar12_sar_refs/S_LV[3]
 u_afe_wb/wire295/X
  u_cf_adc_sar12_sar_refs/S_LV[4]
 u_afe_wb/wire296/X
  u_cf_adc_sar12_sar_refs/S_LV[5]
 u_afe_wb/wire297/X
  u_cf_adc_sar12_sar_refs/S_LV[6]
 u_afe_wb/wire298/X
  u_cf_adc_sar12_sar_refs/S_LV[7]
 u_afe_wb/wire313/X
  u_cf_adc_sar12_sar_refs/muxsarref[0]
 u_afe_wb/wire315/X
  u_cf_adc_sar12_sar_refs/muxsarref[2]
 u_afe_wb/wire317/X
  u_cf_adc_sar12_sar_refs/PWR_CTRL_VREF[0]
 u_afe_wb/wire318/X
  u_cf_adc_sar12_sar_refs/PWR_CTRL_VREF[1]
 u_afe_wb/wire319/X
  u_cf_adc_sar12_sar_refs/vref[0]
 u_afe_wb/wire320/X
  u_cf_adc_sar12_sar_refs/vref[1]
 u_afe_wb/wire322/X
  u_cf_adc_sar12_sar_refs/vref[3]
 u_afe_wb/wire323/X
  u_cf_adc_sar12_sar_refs/vref[4]
 u_afe_wb/wire324/X
  u_cf_adc_sar12/sel_csel_dft[0]
 u_afe_wb/wire325/X
  u_cf_adc_sar12/sel_csel_dft[1]
 u_afe_wb/wire326/X
  u_cf_adc_sar12/sel_csel_dft[2]
 u_afe_wb/wire328/X
  u_cf_adc_sar12/sel_csel_dft[3]
 u_afe_wb/wire329/X
  u_cf_adc_sar12/dft_outc[0]
 u_afe_wb/wire331/X
  u_cf_adc_sar12/dft_outc[2]
 u_afe_wb/wire332/X
  u_cf_adc_sar12/dft_inc[0]
 u_afe_wb/wire333/X
  u_cf_adc_sar12/dft_inc[1]
 u_afe_wb/wire334/X
  u_cf_adc_sar12/dft_inc[2]
 u_afe_wb/wire335/X
  u_cf_adc_sar12/dft_inc[3]
 u_afe_wb/wire336/X
  u_cf_adc_sar12/icont_lv[0]
 u_afe_wb/wire337/X
  u_cf_adc_sar12/icont_lv[1]
 u_afe_wb/wire339/X
  u_cf_adc_sar12/cap_trim[0]
 u_afe_wb/wire341/X
  u_cf_adc_sar12/cap_trim[2]
 u_afe_wb/wire342/X
  u_cf_adc_sar12/sample_width[0]
 u_afe_wb/wire343/X
  u_cf_adc_sar12/sample_width[1]
 u_afe_wb/wire344/X
  u_cf_adc_sar12/sample_width[2]
 u_afe_wb/wire390/X
  u_cf_bgr/mux1sel[0]
 u_afe_wb/wire391/X
  u_cf_bgr/mux1sel[1]
 u_afe_wb/wire392/X
  u_cf_bgr/inl_ctrl[0]
 u_afe_wb/wire393/X
  u_cf_bgr/inl_ctrl[1]
 u_afe_wb/wire394/X
  u_cf_bgr/inl_ctrl[2]
 u_afe_wb/wire396/X
  u_cf_bgr/inl_ctrl[4]
 u_afe_wb/wire397/X
  u_cf_bgr/inl_ctrl[5]
 u_afe_wb/wire398/X
  u_cf_bgr/inl_ctrl[6]
 u_afe_wb/wire399/X
  u_cf_bgr/CurrAbsTrim[0]
 u_afe_wb/wire400/X
  u_cf_bgr/CurrAbsTrim[1]
 u_afe_wb/wire401/X
  u_cf_bgr/CurrAbsTrim[2]
 u_afe_wb/wire402/X
  u_cf_bgr/CurrAbsTrim[3]
 u_afe_wb/wire403/X
  u_cf_bgr/CurrAbsTrim[4]
 u_afe_wb/wire404/X
  u_cf_bgr/CurrAbsTrim[5]
 u_afe_wb/wire405/X
  u_cf_bgr/trimCurr[0]
 u_afe_wb/wire406/X
  u_cf_bgr/trimCurr[1]
 u_afe_wb/wire407/X
  u_cf_bgr/trimCurr[2]
 u_afe_wb/wire408/X
  u_cf_bgr/trimCurr[3]
 u_afe_wb/wire409/X
  u_cf_bgr/trimCurr[4]
 u_afe_wb/wire410/X
  u_cf_bgr/trimCurr[5]
 u_afe_wb/wire411/X
  u_cf_bgr/trimTC[0]
 u_afe_wb/wire412/X
  u_cf_bgr/trimTC[1]
 u_afe_wb/wire413/X
  u_cf_bgr/trimTC[2]
 u_afe_wb/wire415/X
  u_cf_bgr/trimTC[4]
 u_afe_wb/wire416/X
  u_cf_bgr/trimTC[5]
 u_afe_wb/wire417/X
  u_cf_bgr/trimTC[6]

===========================================================================
max slew violation count 120
max fanout violation count 28
max cap violation count 7
============================================================================

===========================================================================
check_setup -verbose -unconstrained_endpoints -multiple_clock -no_clock -no_input_delay -loops -generated_clocks
===========================================================================
Warning: There are 68 input ports missing set_input_delay.
  analog_io[0]
  analog_io[10]
  analog_io[11]
  analog_io[12]
  analog_io[13]
  analog_io[14]
  analog_io[15]
  analog_io[16]
  analog_io[17]
  analog_io[18]
  analog_io[19]
  analog_io[1]
  analog_io[20]
  analog_io[21]
  analog_io[22]
  analog_io[23]
  analog_io[24]
  analog_io[25]
  analog_io[26]
  analog_io[27]
  analog_io[28]
  analog_io[2]
  analog_io[3]
  analog_io[4]
  analog_io[5]
  analog_io[6]
  analog_io[7]
  analog_io[8]
  analog_io[9]
  io_in[0]
  io_in[10]
  io_in[11]
  io_in[12]
  io_in[13]
  io_in[14]
  io_in[15]
  io_in[16]
  io_in[17]
  io_in[18]
  io_in[19]
  io_in[1]
  io_in[20]
  io_in[21]
  io_in[22]
  io_in[23]
  io_in[24]
  io_in[25]
  io_in[26]
  io_in[27]
  io_in[28]
  io_in[29]
  io_in[2]
  io_in[30]
  io_in[31]
  io_in[32]
  io_in[33]
  io_in[34]
  io_in[35]
  io_in[36]
  io_in[37]
  io_in[3]
  io_in[4]
  io_in[5]
  io_in[6]
  io_in[7]
  io_in[8]
  io_in[9]
  user_clock2
Warning: There are 180 unconstrained endpoints.
  analog_io[0]
  analog_io[10]
  analog_io[11]
  analog_io[12]
  analog_io[13]
  analog_io[14]
  analog_io[15]
  analog_io[16]
  analog_io[17]
  analog_io[18]
  analog_io[19]
  analog_io[1]
  analog_io[20]
  analog_io[21]
  analog_io[22]
  analog_io[23]
  analog_io[24]
  analog_io[25]
  analog_io[26]
  analog_io[27]
  analog_io[28]
  analog_io[2]
  analog_io[3]
  analog_io[4]
  analog_io[5]
  analog_io[6]
  analog_io[7]
  analog_io[8]
  analog_io[9]
  io_oeb[0]
  io_oeb[1]
  io_oeb[2]
  io_oeb[35]
  io_oeb[36]
  io_oeb[37]
  io_oeb[3]
  io_oeb[4]
  io_oeb[5]
  io_oeb[6]
  io_out[0]
  io_out[1]
  io_out[2]
  io_out[35]
  io_out[36]
  io_out[37]
  io_out[3]
  io_out[4]
  io_out[5]
  io_out[6]
  la_data_out[0]
  la_data_out[100]
  la_data_out[101]
  la_data_out[102]
  la_data_out[103]
  la_data_out[104]
  la_data_out[105]
  la_data_out[106]
  la_data_out[107]
  la_data_out[108]
  la_data_out[109]
  la_data_out[10]
  la_data_out[110]
  la_data_out[111]
  la_data_out[112]
  la_data_out[113]
  la_data_out[114]
  la_data_out[115]
  la_data_out[116]
  la_data_out[117]
  la_data_out[118]
  la_data_out[119]
  la_data_out[11]
  la_data_out[120]
  la_data_out[121]
  la_data_out[122]
  la_data_out[123]
  la_data_out[124]
  la_data_out[125]
  la_data_out[126]
  la_data_out[127]
  la_data_out[12]
  la_data_out[13]
  la_data_out[14]
  la_data_out[15]
  la_data_out[16]
  la_data_out[17]
  la_data_out[18]
  la_data_out[19]
  la_data_out[1]
  la_data_out[20]
  la_data_out[21]
  la_data_out[22]
  la_data_out[23]
  la_data_out[24]
  la_data_out[25]
  la_data_out[26]
  la_data_out[27]
  la_data_out[28]
  la_data_out[29]
  la_data_out[2]
  la_data_out[30]
  la_data_out[31]
  la_data_out[32]
  la_data_out[33]
  la_data_out[34]
  la_data_out[35]
  la_data_out[36]
  la_data_out[37]
  la_data_out[38]
  la_data_out[39]
  la_data_out[3]
  la_data_out[40]
  la_data_out[41]
  la_data_out[42]
  la_data_out[43]
  la_data_out[44]
  la_data_out[45]
  la_data_out[46]
  la_data_out[47]
  la_data_out[48]
  la_data_out[49]
  la_data_out[4]
  la_data_out[50]
  la_data_out[51]
  la_data_out[52]
  la_data_out[53]
  la_data_out[54]
  la_data_out[55]
  la_data_out[56]
  la_data_out[57]
  la_data_out[58]
  la_data_out[59]
  la_data_out[5]
  la_data_out[60]
  la_data_out[61]
  la_data_out[62]
  la_data_out[63]
  la_data_out[64]
  la_data_out[65]
  la_data_out[66]
  la_data_out[67]
  la_data_out[68]
  la_data_out[69]
  la_data_out[6]
  la_data_out[70]
  la_data_out[71]
  la_data_out[72]
  la_data_out[73]
  la_data_out[74]
  la_data_out[75]
  la_data_out[76]
  la_data_out[77]
  la_data_out[78]
  la_data_out[79]
  la_data_out[7]
  la_data_out[80]
  la_data_out[81]
  la_data_out[82]
  la_data_out[83]
  la_data_out[84]
  la_data_out[85]
  la_data_out[86]
  la_data_out[87]
  la_data_out[88]
  la_data_out[89]
  la_data_out[8]
  la_data_out[90]
  la_data_out[91]
  la_data_out[92]
  la_data_out[93]
  la_data_out[94]
  la_data_out[95]
  la_data_out[96]
  la_data_out[97]
  la_data_out[98]
  la_data_out[99]
  la_data_out[9]
  user_irq[0]
  user_irq[1]
  user_irq[2]
