Clock: clk
Sources: wb_clk_i 
Generated: no
Virtual: yes
Propagated: no
Period: 25.000000

===========================================================================
report_clock_properties
============================================================================
Clock                   Period          Waveform
----------------------------------------------------
clk                  25.000000    0.000000 12.500000

===========================================================================
report_clock_latency
============================================================================
Clock clk
rise -> rise
    min     max
4.650000 5.570000 source latency
5.761818         network latency u_afe_wb/_1613_/CLK
        6.904138 network latency u_afe_wb/_1624_/CLK
---------------
10.411819 12.474137 latency
        2.062319 skew

fall -> fall
    min     max
4.650000 5.570000 source latency
5.801471         network latency u_afe_wb/_1613_/CLK
        6.922921 network latency u_afe_wb/_1624_/CLK
---------------
10.451471 12.492921 latency
        2.041450 skew



===========================================================================
report_clock_min_period
============================================================================
clk period_min = 5.94 fmax = 168.47
