
===========================================================================
 report_power
============================================================================
======================= min_ss_100C_1v60 Corner ===================================

Group                    Internal    Switching      Leakage        Total
                            Power        Power        Power        Power (Watts)
------------------------------------------------------------------------
Sequential           3.603137e-04 7.703627e-06 3.994885e-06 3.720122e-04  41.1%
Combinational        3.554036e-05 8.374570e-05 9.420794e-06 1.287069e-04  14.2%
Clock                2.215290e-04 1.830570e-04 8.869404e-07 4.054730e-04  44.7%
Macro                0.000000e+00 0.000000e+00 0.000000e+00 0.000000e+00   0.0%
Pad                  0.000000e+00 0.000000e+00 0.000000e+00 0.000000e+00   0.0%
------------------------------------------------------------------------
Total                6.173832e-04 2.745064e-04 1.430256e-05 9.061922e-04 100.0%
                            68.1%        30.3%         1.6%

