Starting…
Running 'Verilator.Lint' at 'afe_wb/runs/26_09_06_09_26/01-verilator-lint'…
Logging subprocess to [repr.filename]'afe_wb/runs/26_09_06_09_26/01-verilator-lint/verilator-lint.log'[/repr.filename]…
Running 'Checker.LintTimingConstructs' at 'afe_wb/runs/26_09_06_09_26/02-checker-linttimingconstructs'…
Check for Lint Timing Errors clear.
Running 'Checker.LintErrors' at 'afe_wb/runs/26_09_06_09_26/03-checker-linterrors'…
Check for Lint errors clear.
Running 'Checker.LintWarnings' at 'afe_wb/runs/26_09_06_09_26/04-checker-lintwarnings'…
2 Lint warnings found.
Running 'Yosys.JsonHeader' at 'afe_wb/runs/26_09_06_09_26/05-yosys-jsonheader'…
Logging subprocess to [repr.filename]'afe_wb/runs/26_09_06_09_26/05-yosys-jsonheader/yosys-jsonheader.log'[/repr.filename]…
Running 'Yosys.Synthesis' at 'afe_wb/runs/26_09_06_09_26/06-yosys-synthesis'…
Logging subprocess to [repr.filename]'afe_wb/runs/26_09_06_09_26/06-yosys-synthesis/yosys-synthesis.log'[/repr.filename]…
Parsing synthesis checks…
Running 'Checker.YosysUnmappedCells' at 'afe_wb/runs/26_09_06_09_26/07-checker-yosysunmappedcells'…
Check for Unmapped Yosys instances clear.
Running 'Checker.YosysSynthChecks' at 'afe_wb/runs/26_09_06_09_26/08-checker-yosyssynthchecks'…
Check for Yosys check errors clear.
Running 'Checker.NetlistAssignStatements' at 'afe_wb/runs/26_09_06_09_26/09-checker-netlistassignstatements'…
Running 'OpenROAD.CheckSDCFiles' at 'afe_wb/runs/26_09_06_09_26/10-openroad-checksdcfiles'…
Running 'OpenROAD.CheckMacroInstances' at 'afe_wb/runs/26_09_06_09_26/11-openroad-checkmacroinstances'…
No macros found, skipping instance check…
Running 'OpenROAD.STAPrePNR' at 'afe_wb/runs/26_09_06_09_26/12-openroad-staprepnr'…
Starting STA for the nom_tt_025C_1v80 timing corner…
Starting STA for the nom_ss_100C_1v60 timing corner…
Starting STA for the nom_ff_n40C_1v95 timing corner…
Skipping corner min_tt_025C_1v80 for STA (identical to nom_tt_025C_1v80 at this stage)…
Skipping corner min_ss_100C_1v60 for STA (identical to nom_ss_100C_1v60 at this stage)…
Skipping corner min_ff_n40C_1v95 for STA (identical to nom_ff_n40C_1v95 at this stage)…
Skipping corner max_tt_025C_1v80 for STA (identical to nom_tt_025C_1v80 at this stage)…
Skipping corner max_ss_100C_1v60 for STA (identical to nom_ss_100C_1v60 at this stage)…
Logging subprocess to [repr.filename]'afe_wb/runs/26_09_06_09_26/12-openroad-staprepnr/nom_tt_025C_1v80/sta.log'[/repr.filename]…
Skipping corner max_ff_n40C_1v95 for STA (identical to nom_ff_n40C_1v95 at this stage)…
Logging subprocess to [repr.filename]'afe_wb/runs/26_09_06_09_26/12-openroad-staprepnr/nom_ff_n40C_1v95/sta.log'[/repr.filename]…
Logging subprocess to [repr.filename]'afe_wb/runs/26_09_06_09_26/12-openroad-staprepnr/nom_ss_100C_1v60/sta.log'[/repr.filename]…
Finished STA for the nom_ss_100C_1v60 timing corner.
Finished STA for the nom_tt_025C_1v80 timing corner.
Finished STA for the nom_ff_n40C_1v95 timing corner.
Running 'OpenROAD.Floorplan' at 'afe_wb/runs/26_09_06_09_26/13-openroad-floorplan'…
Logging subprocess to [repr.filename]'afe_wb/runs/26_09_06_09_26/13-openroad-floorplan/openroad-floorplan.log'[/repr.filename]…
Running 'Odb.CheckMacroAntennaProperties' at 'afe_wb/runs/26_09_06_09_26/14-odb-checkmacroantennaproperties'…
No cells provided, skipping…
Running 'Odb.SetPowerConnections' at 'afe_wb/runs/26_09_06_09_26/15-odb-setpowerconnections'…
Logging subprocess to [repr.filename]'afe_wb/runs/26_09_06_09_26/15-odb-setpowerconnections/odb-setpowerconnections.log'[/repr.filename]…
Running 'Odb.ManualMacroPlacement' at 'afe_wb/runs/26_09_06_09_26/16-odb-manualmacroplacement'…
No instances found, skipping 'Odb.ManualMacroPlacement'…
Running 'OpenROAD.CutRows' at 'afe_wb/runs/26_09_06_09_26/17-openroad-cutrows'…
Logging subprocess to [repr.filename]'afe_wb/runs/26_09_06_09_26/17-openroad-cutrows/openroad-cutrows.log'[/repr.filename]…
Running 'OpenROAD.TapEndcapInsertion' at 'afe_wb/runs/26_09_06_09_26/18-openroad-tapendcapinsertion'…
Logging subprocess to [repr.filename]'afe_wb/runs/26_09_06_09_26/18-openroad-tapendcapinsertion/openroad-tapendcapinsertion.log'[/repr.filename]…
Running 'Odb.AddPDNObstructions' at 'afe_wb/runs/26_09_06_09_26/19-odb-addpdnobstructions'…
'PDN_OBSTRUCTIONS' is not defined. Skipping 'Odb.AddPDNObstructions'…
Running 'OpenROAD.GeneratePDN' at 'afe_wb/runs/26_09_06_09_26/20-openroad-generatepdn'…
'FP_PDN_CFG' not explicitly set, setting it to /nix/store/qx9hc4l6vr4pbhihbl6i832pf0ng5mlv-python3-3.11.9-env/lib/python3.11/site-packages/librelane/scripts/openroad/common/pdn_cfg.tcl…
Logging subprocess to [repr.filename]'afe_wb/runs/26_09_06_09_26/20-openroad-generatepdn/openroad-generatepdn.log'[/repr.filename]…
Running 'Odb.RemovePDNObstructions' at 'afe_wb/runs/26_09_06_09_26/21-odb-removepdnobstructions'…
'PDN_OBSTRUCTIONS' is not defined. Skipping 'Odb.RemovePDNObstructions'…
Running 'Odb.AddRoutingObstructions' at 'afe_wb/runs/26_09_06_09_26/22-odb-addroutingobstructions'…
'ROUTING_OBSTRUCTIONS' is not defined. Skipping 'Odb.AddRoutingObstructions'…
Running 'OpenROAD.GlobalPlacementSkipIO' at 'afe_wb/runs/26_09_06_09_26/23-openroad-globalplacementskipio'…
'PL_TARGET_DENSITY_PCT' not explicitly set, using dynamically calculated target density: 20.698600…
Logging subprocess to [repr.filename]'afe_wb/runs/26_09_06_09_26/23-openroad-globalplacementskipio/openroad-globalplacementskipio.log'[/repr.filename]…
Running 'OpenROAD.IOPlacement' at 'afe_wb/runs/26_09_06_09_26/24-openroad-ioplacement'…
FP_PIN_ORDER_CFG is set. Skipping 'OpenROAD.IOPlacement'…
Running 'Odb.CustomIOPlacement' at 'afe_wb/runs/26_09_06_09_26/25-odb-customioplacement'…
Logging subprocess to [repr.filename]'afe_wb/runs/26_09_06_09_26/25-odb-customioplacement/odb-customioplacement.log'[/repr.filename]…
Running 'Odb.ApplyDEFTemplate' at 'afe_wb/runs/26_09_06_09_26/26-odb-applydeftemplate'…
No DEF template provided, skipping…
Running 'OpenROAD.GlobalPlacement' at 'afe_wb/runs/26_09_06_09_26/27-openroad-globalplacement'…
'PL_TARGET_DENSITY_PCT' not explicitly set, using dynamically calculated target density: 20.698600…
Logging subprocess to [repr.filename]'afe_wb/runs/26_09_06_09_26/27-openroad-globalplacement/openroad-globalplacement.log'[/repr.filename]…
Running 'Odb.WriteVerilogHeader' at 'afe_wb/runs/26_09_06_09_26/28-odb-writeverilogheader'…
Logging subprocess to [repr.filename]'afe_wb/runs/26_09_06_09_26/28-odb-writeverilogheader/odb-writeverilogheader.log'[/repr.filename]…
Running 'Checker.PowerGridViolations' at 'afe_wb/runs/26_09_06_09_26/29-checker-powergridviolations'…
Check for power grid violations (as reported by OpenROAD PSM- you may ignore these if LVS passes) clear.
Running 'OpenROAD.STAMidPNR' at 'afe_wb/runs/26_09_06_09_26/30-openroad-stamidpnr'…
Logging subprocess to [repr.filename]'afe_wb/runs/26_09_06_09_26/30-openroad-stamidpnr/openroad-stamidpnr.log'[/repr.filename]…
[GRT-0097] No global routing found for nets.
Running 'OpenROAD.RepairDesignPostGPL' at 'afe_wb/runs/26_09_06_09_26/31-openroad-repairdesignpostgpl'…
Logging subprocess to [repr.filename]'afe_wb/runs/26_09_06_09_26/31-openroad-repairdesignpostgpl/openroad-repairdesignpostgpl.log'[/repr.filename]…
Running 'Odb.ManualGlobalPlacement' at 'afe_wb/runs/26_09_06_09_26/32-odb-manualglobalplacement'…
'MANUAL_GLOBAL_PLACEMENTS' not set, skipping…
Running 'OpenROAD.DetailedPlacement' at 'afe_wb/runs/26_09_06_09_26/33-openroad-detailedplacement'…
Logging subprocess to [repr.filename]'afe_wb/runs/26_09_06_09_26/33-openroad-detailedplacement/openroad-detailedplacement.log'[/repr.filename]…
Running 'OpenROAD.CTS' at 'afe_wb/runs/26_09_06_09_26/34-openroad-cts'…
Logging subprocess to [repr.filename]'afe_wb/runs/26_09_06_09_26/34-openroad-cts/openroad-cts.log'[/repr.filename]…
Running 'OpenROAD.STAMidPNR-1' at 'afe_wb/runs/26_09_06_09_26/35-openroad-stamidpnr-1'…
Logging subprocess to [repr.filename]'afe_wb/runs/26_09_06_09_26/35-openroad-stamidpnr-1/openroad-stamidpnr-1.log'[/repr.filename]…
[GRT-0097] No global routing found for nets.
Running 'OpenROAD.ResizerTimingPostCTS' at 'afe_wb/runs/26_09_06_09_26/36-openroad-resizertimingpostcts'…
Logging subprocess to [repr.filename]'afe_wb/runs/26_09_06_09_26/36-openroad-resizertimingpostcts/openroad-resizertimingpostcts.log'[/repr.filename]…
Running 'OpenROAD.STAMidPNR-2' at 'afe_wb/runs/26_09_06_09_26/37-openroad-stamidpnr-2'…
Logging subprocess to [repr.filename]'afe_wb/runs/26_09_06_09_26/37-openroad-stamidpnr-2/openroad-stamidpnr-2.log'[/repr.filename]…
[GRT-0097] No global routing found for nets.
Running 'OpenROAD.GlobalRouting' at 'afe_wb/runs/26_09_06_09_26/38-openroad-globalrouting'…
Logging subprocess to [repr.filename]'afe_wb/runs/26_09_06_09_26/38-openroad-globalrouting/openroad-globalrouting.log'[/repr.filename]…
Running 'OpenROAD.CheckAntennas' at 'afe_wb/runs/26_09_06_09_26/39-openroad-checkantennas'…
Logging subprocess to [repr.filename]'afe_wb/runs/26_09_06_09_26/39-openroad-checkantennas/openroad-checkantennas.log'[/repr.filename]…
Gating variable for step 'OpenROAD.RepairDesignPostGRT' set to 'False'- the step will be skipped.
Skipping step 'Repair Design (Post-Global Routing)'…
Running 'Odb.DiodesOnPorts' at 'afe_wb/runs/26_09_06_09_26/40-odb-diodesonports'…
'DIODE_ON_PORTS' is set to 'none': skipping…
Gating variable for step 'Odb.HeuristicDiodeInsertion' set to 'False'- the step will be skipped.
Skipping step 'Heuristic Diode Insertion'…
Running 'OpenROAD.RepairAntennas' at 'afe_wb/runs/26_09_06_09_26/41-openroad-repairantennas'…
Running 'DiodeInsertion' at 'afe_wb/runs/26_09_06_09_26/41-openroad-repairantennas/1-diodeinsertion'…
Logging subprocess to [repr.filename]'afe_wb/runs/26_09_06_09_26/41-openroad-repairantennas/1-diodeinsertion/diodeinsertion.log'[/repr.filename]…
Running 'OpenROAD.CheckAntennas' at 'afe_wb/runs/26_09_06_09_26/41-openroad-repairantennas/2-openroad-checkantennas'…
Logging subprocess to [repr.filename]'afe_wb/runs/26_09_06_09_26/41-openroad-repairantennas/2-openroad-checkantennas/openroad-checkantennas.log'[/repr.filename]…
Gating variable for step 'OpenROAD.ResizerTimingPostGRT' set to 'False'- the step will be skipped.
Skipping step 'Resizer Timing Optimizations (Post-Global Routing)'…
Running 'OpenROAD.STAMidPNR-3' at 'afe_wb/runs/26_09_06_09_26/42-openroad-stamidpnr-3'…
Logging subprocess to [repr.filename]'afe_wb/runs/26_09_06_09_26/42-openroad-stamidpnr-3/openroad-stamidpnr-3.log'[/repr.filename]…
Running 'OpenROAD.DetailedRouting' at 'afe_wb/runs/26_09_06_09_26/43-openroad-detailedrouting'…
Running TritonRoute with 10 threads…
Logging subprocess to [repr.filename]'afe_wb/runs/26_09_06_09_26/43-openroad-detailedrouting/openroad-detailedrouting.log'[/repr.filename]…
[DRT-0349] LEF58_ENCLOSURE with no CUTCLASS is not supported. Skipping for layer mcon
[DRT-0349] LEF58_ENCLOSURE with no CUTCLASS is not supported. Skipping for layer mcon
[DRT-0349] LEF58_ENCLOSURE with no CUTCLASS is not supported. Skipping for layer via
[DRT-0349] LEF58_ENCLOSURE with no CUTCLASS is not supported. Skipping for layer via
[DRT-0349] LEF58_ENCLOSURE with no CUTCLASS is not supported. Skipping for layer via2
[DRT-0349] LEF58_ENCLOSURE with no CUTCLASS is not supported. Skipping for layer via2
[DRT-0349] LEF58_ENCLOSURE with no CUTCLASS is not supported. Skipping for layer via3
[DRT-0349] LEF58_ENCLOSURE with no CUTCLASS is not supported. Skipping for layer via3
[DRT-0349] LEF58_ENCLOSURE with no CUTCLASS is not supported. Skipping for layer via4
[DRT-0349] LEF58_ENCLOSURE with no CUTCLASS is not supported. Skipping for layer via4
Running 'Odb.RemoveRoutingObstructions' at 'afe_wb/runs/26_09_06_09_26/44-odb-removeroutingobstructions'…
'ROUTING_OBSTRUCTIONS' is not defined. Skipping 'Odb.RemoveRoutingObstructions'…
Running 'OpenROAD.CheckAntennas-1' at 'afe_wb/runs/26_09_06_09_26/45-openroad-checkantennas-1'…
Logging subprocess to [repr.filename]'afe_wb/runs/26_09_06_09_26/45-openroad-checkantennas-1/openroad-checkantennas-1.log'[/repr.filename]…
Running 'Checker.TrDRC' at 'afe_wb/runs/26_09_06_09_26/46-checker-trdrc'…
Check for Routing DRC errors clear.
Running 'Odb.ReportDisconnectedPins' at 'afe_wb/runs/26_09_06_09_26/47-odb-reportdisconnectedpins'…
Logging subprocess to [repr.filename]'afe_wb/runs/26_09_06_09_26/47-odb-reportdisconnectedpins/odb-reportdisconnectedpins.log'[/repr.filename]…
Running 'Checker.DisconnectedPins' at 'afe_wb/runs/26_09_06_09_26/48-checker-disconnectedpins'…
Check for critical disconnected pins clear.
Running 'Odb.ReportWireLength' at 'afe_wb/runs/26_09_06_09_26/49-odb-reportwirelength'…
Logging subprocess to [repr.filename]'afe_wb/runs/26_09_06_09_26/49-odb-reportwirelength/odb-reportwirelength.log'[/repr.filename]…
Running 'Checker.WireLength' at 'afe_wb/runs/26_09_06_09_26/50-checker-wirelength'…
Threshold for Threshold-surpassing long wires is not set. The checker will be skipped.
Running 'OpenROAD.FillInsertion' at 'afe_wb/runs/26_09_06_09_26/51-openroad-fillinsertion'…
Logging subprocess to [repr.filename]'afe_wb/runs/26_09_06_09_26/51-openroad-fillinsertion/openroad-fillinsertion.log'[/repr.filename]…
Running 'Odb.CellFrequencyTables' at 'afe_wb/runs/26_09_06_09_26/52-odb-cellfrequencytables'…
Logging subprocess to [repr.filename]'afe_wb/runs/26_09_06_09_26/52-odb-cellfrequencytables/buffer_list.txt'[/repr.filename]…
Logging subprocess to [repr.filename]'afe_wb/runs/26_09_06_09_26/52-odb-cellfrequencytables/odb-cellfrequencytables.log'[/repr.filename]…
Running 'OpenROAD.RCX' at 'afe_wb/runs/26_09_06_09_26/53-openroad-rcx'…
Running RCX for corners matching nom_* (/Users/jeffdi/Projects/chipignite-ip/cf-sensor-afe/openlane/afe_wb/runs/26_09_06_09_26/53-openroad-rcx/nom/rcx.log)…
Running RCX for corners matching min_* (/Users/jeffdi/Projects/chipignite-ip/cf-sensor-afe/openlane/afe_wb/runs/26_09_06_09_26/53-openroad-rcx/min/rcx.log)…
Running RCX for corners matching max_* (/Users/jeffdi/Projects/chipignite-ip/cf-sensor-afe/openlane/afe_wb/runs/26_09_06_09_26/53-openroad-rcx/max/rcx.log)…
Logging subprocess to [repr.filename]'afe_wb/runs/26_09_06_09_26/53-openroad-rcx/nom/rcx.log'[/repr.filename]…
Logging subprocess to [repr.filename]'afe_wb/runs/26_09_06_09_26/53-openroad-rcx/min/rcx.log'[/repr.filename]…
Logging subprocess to [repr.filename]'afe_wb/runs/26_09_06_09_26/53-openroad-rcx/max/rcx.log'[/repr.filename]…
Finished RCX for corners matching min_*.
Finished RCX for corners matching max_*.
Finished RCX for corners matching nom_*.
Running 'OpenROAD.STAPostPNR' at 'afe_wb/runs/26_09_06_09_26/54-openroad-stapostpnr'…
Starting STA for the nom_tt_025C_1v80 timing corner…
Starting STA for the nom_ss_100C_1v60 timing corner…
Starting STA for the nom_ff_n40C_1v95 timing corner…
Starting STA for the min_tt_025C_1v80 timing corner…
Starting STA for the min_ss_100C_1v60 timing corner…
Starting STA for the min_ff_n40C_1v95 timing corner…
Starting STA for the max_tt_025C_1v80 timing corner…
Starting STA for the max_ss_100C_1v60 timing corner…
Logging subprocess to [repr.filename]'afe_wb/runs/26_09_06_09_26/54-openroad-stapostpnr/nom_tt_025C_1v80/sta.log'[/repr.filename]…
Starting STA for the max_ff_n40C_1v95 timing corner…
Logging subprocess to [repr.filename]'afe_wb/runs/26_09_06_09_26/54-openroad-stapostpnr/nom_ff_n40C_1v95/sta.log'[/repr.filename]…
Logging subprocess to [repr.filename]'afe_wb/runs/26_09_06_09_26/54-openroad-stapostpnr/min_tt_025C_1v80/sta.log'[/repr.filename]…
Logging subprocess to [repr.filename]'afe_wb/runs/26_09_06_09_26/54-openroad-stapostpnr/nom_ss_100C_1v60/sta.log'[/repr.filename]…
Logging subprocess to [repr.filename]'afe_wb/runs/26_09_06_09_26/54-openroad-stapostpnr/min_ss_100C_1v60/sta.log'[/repr.filename]…
Logging subprocess to [repr.filename]'afe_wb/runs/26_09_06_09_26/54-openroad-stapostpnr/min_ff_n40C_1v95/sta.log'[/repr.filename]…
Logging subprocess to [repr.filename]'afe_wb/runs/26_09_06_09_26/54-openroad-stapostpnr/max_tt_025C_1v80/sta.log'[/repr.filename]…
Logging subprocess to [repr.filename]'afe_wb/runs/26_09_06_09_26/54-openroad-stapostpnr/max_ss_100C_1v60/sta.log'[/repr.filename]…
Logging subprocess to [repr.filename]'afe_wb/runs/26_09_06_09_26/54-openroad-stapostpnr/max_ff_n40C_1v95/sta.log'[/repr.filename]…
Finished STA for the min_ss_100C_1v60 timing corner.
Logging subprocess to [repr.filename]'afe_wb/runs/26_09_06_09_26/54-openroad-stapostpnr/min_ss_100C_1v60/filter_unannotated.log'[/repr.filename]…
Finished STA for the nom_ss_100C_1v60 timing corner.
Logging subprocess to [repr.filename]'afe_wb/runs/26_09_06_09_26/54-openroad-stapostpnr/nom_ss_100C_1v60/filter_unannotated.log'[/repr.filename]…
Finished STA for the min_tt_025C_1v80 timing corner.
Finished STA for the nom_tt_025C_1v80 timing corner.
Finished STA for the max_ff_n40C_1v95 timing corner.
Finished STA for the nom_ff_n40C_1v95 timing corner.
Finished STA for the max_tt_025C_1v80 timing corner.
Finished STA for the max_ss_100C_1v60 timing corner.
Logging subprocess to [repr.filename]'afe_wb/runs/26_09_06_09_26/54-openroad-stapostpnr/min_tt_025C_1v80/filter_unannotated.log'[/repr.filename]…
Logging subprocess to [repr.filename]'afe_wb/runs/26_09_06_09_26/54-openroad-stapostpnr/nom_tt_025C_1v80/filter_unannotated.log'[/repr.filename]…
Logging subprocess to [repr.filename]'afe_wb/runs/26_09_06_09_26/54-openroad-stapostpnr/max_ff_n40C_1v95/filter_unannotated.log'[/repr.filename]…
Logging subprocess to [repr.filename]'afe_wb/runs/26_09_06_09_26/54-openroad-stapostpnr/nom_ff_n40C_1v95/filter_unannotated.log'[/repr.filename]…
Logging subprocess to [repr.filename]'afe_wb/runs/26_09_06_09_26/54-openroad-stapostpnr/max_tt_025C_1v80/filter_unannotated.log'[/repr.filename]…
Logging subprocess to [repr.filename]'afe_wb/runs/26_09_06_09_26/54-openroad-stapostpnr/max_ss_100C_1v60/filter_unannotated.log'[/repr.filename]…
Finished STA for the min_ff_n40C_1v95 timing corner.
Logging subprocess to [repr.filename]'afe_wb/runs/26_09_06_09_26/54-openroad-stapostpnr/min_ff_n40C_1v95/filter_unannotated.log'[/repr.filename]…
Gating variable for step 'OpenROAD.IRDropReport' set to 'False'- the step will be skipped.
Skipping step 'IR Drop Report'…
Running 'Magic.StreamOut' at 'afe_wb/runs/26_09_06_09_26/55-magic-streamout'…
Logging subprocess to [repr.filename]'afe_wb/runs/26_09_06_09_26/55-magic-streamout/magic-streamout.log'[/repr.filename]…
Running 'KLayout.StreamOut' at 'afe_wb/runs/26_09_06_09_26/56-klayout-streamout'…
Logging subprocess to [repr.filename]'afe_wb/runs/26_09_06_09_26/56-klayout-streamout/klayout-streamout.log'[/repr.filename]…
Running 'Magic.WriteLEF' at 'afe_wb/runs/26_09_06_09_26/57-magic-writelef'…
Logging subprocess to [repr.filename]'afe_wb/runs/26_09_06_09_26/57-magic-writelef/magic-writelef.log'[/repr.filename]…
Running 'Odb.CheckDesignAntennaProperties' at 'afe_wb/runs/26_09_06_09_26/58-odb-checkdesignantennaproperties'…
Logging subprocess to [repr.filename]'afe_wb/runs/26_09_06_09_26/58-odb-checkdesignantennaproperties/odb-checkdesignantennaproperties.log'[/repr.filename]…
Cell 'afe_wb' has (32) input pin(s) without antenna gate information. They might not be connected to a gate.
Cell 'afe_wb' has (7) output pin(s) without antenna diffusion information. They might not be driven.
Running 'KLayout.XOR' at 'afe_wb/runs/26_09_06_09_26/59-klayout-xor'…
Running XOR with 10 threads…
Logging subprocess to [repr.filename]'afe_wb/runs/26_09_06_09_26/59-klayout-xor/klayout-xor.log'[/repr.filename]…
Running 'Checker.XOR' at 'afe_wb/runs/26_09_06_09_26/60-checker-xor'…
Check for XOR differences clear.
Running 'Magic.DRC' at 'afe_wb/runs/26_09_06_09_26/61-magic-drc'…
Logging subprocess to [repr.filename]'afe_wb/runs/26_09_06_09_26/61-magic-drc/magic-drc.log'[/repr.filename]…
Running 'KLayout.DRC' at 'afe_wb/runs/26_09_06_09_26/62-klayout-drc'…
Running KLayout DRC with 10 threads…
Logging subprocess to [repr.filename]'afe_wb/runs/26_09_06_09_26/62-klayout-drc/klayout-drc.log'[/repr.filename]…
Logging subprocess to [repr.filename]'afe_wb/runs/26_09_06_09_26/62-klayout-drc/xml_drc_report_to_json.log'[/repr.filename]…
Running 'Checker.MagicDRC' at 'afe_wb/runs/26_09_06_09_26/63-checker-magicdrc'…
Check for Magic DRC errors clear.
Running 'Checker.KLayoutDRC' at 'afe_wb/runs/26_09_06_09_26/64-checker-klayoutdrc'…
Check for KLayout DRC errors clear.
Running 'Magic.SpiceExtraction' at 'afe_wb/runs/26_09_06_09_26/65-magic-spiceextraction'…
Logging subprocess to [repr.filename]'afe_wb/runs/26_09_06_09_26/65-magic-spiceextraction/magic-spiceextraction.log'[/repr.filename]…
Running 'Checker.IllegalOverlap' at 'afe_wb/runs/26_09_06_09_26/66-checker-illegaloverlap'…
Check for Magic Illegal Overlap errors clear.
Running 'Netgen.LVS' at 'afe_wb/runs/26_09_06_09_26/67-netgen-lvs'…
Logging subprocess to [repr.filename]'afe_wb/runs/26_09_06_09_26/67-netgen-lvs/netgen-lvs.log'[/repr.filename]…
Running 'Checker.LVS' at 'afe_wb/runs/26_09_06_09_26/68-checker-lvs'…
Check for LVS errors clear.
Gating variable for step 'Yosys.EQY' set to 'False'- the step will be skipped.
Skipping step 'Equivalence Check'…
Running 'Checker.SetupViolations' at 'afe_wb/runs/26_09_06_09_26/69-checker-setupviolations'…
No setup violations found
Running 'Checker.HoldViolations' at 'afe_wb/runs/26_09_06_09_26/70-checker-holdviolations'…
No hold violations found
Running 'Checker.MaxSlewViolations' at 'afe_wb/runs/26_09_06_09_26/71-checker-maxslewviolations'…
Max Slew violations found in the following corners:
* max_ss_100C_1v60
* min_ss_100C_1v60
* nom_ss_100C_1v60
No max slew violations found
Running 'Checker.MaxCapViolations' at 'afe_wb/runs/26_09_06_09_26/72-checker-maxcapviolations'…
No max cap violations found
Running 'Misc.ReportManufacturability' at 'afe_wb/runs/26_09_06_09_26/73-misc-reportmanufacturability'…
Saving views to '/Users/jeffdi/Projects/chipignite-ip/cf-sensor-afe/openlane/afe_wb/runs/26_09_06_09_26/final'…
Flow complete.
