
Cell sky130_ef_sc_hd__decap_40_12 (0) disconnected node: VNB
Cell sky130_ef_sc_hd__decap_40_12 (0) disconnected node: VPB
Cell sky130_ef_sc_hd__decap_40_12 (0) disconnected node: VGND
Cell sky130_ef_sc_hd__decap_40_12 (0) disconnected node: VPWR

Subcircuit pins:
Circuit 1: sky130_ef_sc_hd__decap_40_12    |Circuit 2: sky130_ef_sc_hd__decap_40_12    
-------------------------------------------|-------------------------------------------
VNB                                        |VNB                                        
VPB                                        |VPB                                        
VGND                                       |VGND                                       
VPWR                                       |VPWR                                       
---------------------------------------------------------------------------------------
Cell pin lists are equivalent.
Device classes sky130_ef_sc_hd__decap_40_12 and sky130_ef_sc_hd__decap_40_12 are equivalent.

Cell sky130_fd_sc_hd__fill_2 (0) disconnected node: VGND
Cell sky130_fd_sc_hd__fill_2 (0) disconnected node: VNB
Cell sky130_fd_sc_hd__fill_2 (0) disconnected node: VPB
Cell sky130_fd_sc_hd__fill_2 (0) disconnected node: VPWR
Cell sky130_fd_sc_hd__fill_2 (1) disconnected node: VGND
Cell sky130_fd_sc_hd__fill_2 (1) disconnected node: VNB
Cell sky130_fd_sc_hd__fill_2 (1) disconnected node: VPB
Cell sky130_fd_sc_hd__fill_2 (1) disconnected node: VPWR

Subcircuit pins:
Circuit 1: sky130_fd_sc_hd__fill_2         |Circuit 2: sky130_fd_sc_hd__fill_2         
-------------------------------------------|-------------------------------------------
VGND                                       |VGND                                       
VNB                                        |VNB                                        
VPB                                        |VPB                                        
VPWR                                       |VPWR                                       
---------------------------------------------------------------------------------------
Cell pin lists are equivalent.
Device classes sky130_fd_sc_hd__fill_2 and sky130_fd_sc_hd__fill_2 are equivalent.

Cell sky130_fd_sc_hd__tapvpwrvgnd_1 (0) disconnected node: VGND
Cell sky130_fd_sc_hd__tapvpwrvgnd_1 (0) disconnected node: VPWR
Cell sky130_fd_sc_hd__tapvpwrvgnd_1 (1) disconnected node: VGND
Cell sky130_fd_sc_hd__tapvpwrvgnd_1 (1) disconnected node: VPWR

Subcircuit pins:
Circuit 1: sky130_fd_sc_hd__tapvpwrvgnd_1  |Circuit 2: sky130_fd_sc_hd__tapvpwrvgnd_1  
-------------------------------------------|-------------------------------------------
VGND                                       |VGND                                       
VPWR                                       |VPWR                                       
---------------------------------------------------------------------------------------
Cell pin lists are equivalent.
Device classes sky130_fd_sc_hd__tapvpwrvgnd_1 and sky130_fd_sc_hd__tapvpwrvgnd_1 are equivalent.

Cell sky130_fd_sc_hd__fill_4 (0) disconnected node: VGND
Cell sky130_fd_sc_hd__fill_4 (0) disconnected node: VNB
Cell sky130_fd_sc_hd__fill_4 (0) disconnected node: VPB
Cell sky130_fd_sc_hd__fill_4 (0) disconnected node: VPWR
Cell sky130_fd_sc_hd__fill_4 (1) disconnected node: VGND
Cell sky130_fd_sc_hd__fill_4 (1) disconnected node: VNB
Cell sky130_fd_sc_hd__fill_4 (1) disconnected node: VPB
Cell sky130_fd_sc_hd__fill_4 (1) disconnected node: VPWR

Subcircuit pins:
Circuit 1: sky130_fd_sc_hd__fill_4         |Circuit 2: sky130_fd_sc_hd__fill_4         
-------------------------------------------|-------------------------------------------
VGND                                       |VGND                                       
VNB                                        |VNB                                        
VPB                                        |VPB                                        
VPWR                                       |VPWR                                       
---------------------------------------------------------------------------------------
Cell pin lists are equivalent.
Device classes sky130_fd_sc_hd__fill_4 and sky130_fd_sc_hd__fill_4 are equivalent.

Cell sky130_fd_sc_hd__fill_1 (0) disconnected node: VGND
Cell sky130_fd_sc_hd__fill_1 (0) disconnected node: VNB
Cell sky130_fd_sc_hd__fill_1 (0) disconnected node: VPB
Cell sky130_fd_sc_hd__fill_1 (0) disconnected node: VPWR
Cell sky130_fd_sc_hd__fill_1 (1) disconnected node: VGND
Cell sky130_fd_sc_hd__fill_1 (1) disconnected node: VNB
Cell sky130_fd_sc_hd__fill_1 (1) disconnected node: VPB
Cell sky130_fd_sc_hd__fill_1 (1) disconnected node: VPWR

Subcircuit pins:
Circuit 1: sky130_fd_sc_hd__fill_1         |Circuit 2: sky130_fd_sc_hd__fill_1         
-------------------------------------------|-------------------------------------------
VGND                                       |VGND                                       
VNB                                        |VNB                                        
VPB                                        |VPB                                        
VPWR                                       |VPWR                                       
---------------------------------------------------------------------------------------
Cell pin lists are equivalent.
Device classes sky130_fd_sc_hd__fill_1 and sky130_fd_sc_hd__fill_1 are equivalent.

Cell sky130_fd_sc_hd__decap_3 (0) disconnected node: VGND
Cell sky130_fd_sc_hd__decap_3 (0) disconnected node: VNB
Cell sky130_fd_sc_hd__decap_3 (0) disconnected node: VPB
Cell sky130_fd_sc_hd__decap_3 (0) disconnected node: VPWR

Subcircuit pins:
Circuit 1: sky130_fd_sc_hd__decap_3        |Circuit 2: sky130_fd_sc_hd__decap_3        
-------------------------------------------|-------------------------------------------
VGND                                       |VGND                                       
VNB                                        |VNB                                        
VPB                                        |VPB                                        
VPWR                                       |VPWR                                       
---------------------------------------------------------------------------------------
Cell pin lists are equivalent.
Device classes sky130_fd_sc_hd__decap_3 and sky130_fd_sc_hd__decap_3 are equivalent.

Cell sky130_fd_sc_hd__fill_8 (0) disconnected node: VGND
Cell sky130_fd_sc_hd__fill_8 (0) disconnected node: VNB
Cell sky130_fd_sc_hd__fill_8 (0) disconnected node: VPB
Cell sky130_fd_sc_hd__fill_8 (0) disconnected node: VPWR
Cell sky130_fd_sc_hd__fill_8 (1) disconnected node: VGND
Cell sky130_fd_sc_hd__fill_8 (1) disconnected node: VNB
Cell sky130_fd_sc_hd__fill_8 (1) disconnected node: VPB
Cell sky130_fd_sc_hd__fill_8 (1) disconnected node: VPWR

Subcircuit pins:
Circuit 1: sky130_fd_sc_hd__fill_8         |Circuit 2: sky130_fd_sc_hd__fill_8         
-------------------------------------------|-------------------------------------------
VGND                                       |VGND                                       
VNB                                        |VNB                                        
VPB                                        |VPB                                        
VPWR                                       |VPWR                                       
---------------------------------------------------------------------------------------
Cell pin lists are equivalent.
Device classes sky130_fd_sc_hd__fill_8 and sky130_fd_sc_hd__fill_8 are equivalent.

Cell sky130_fd_sc_hd__or2_2 (0) disconnected node: A
Cell sky130_fd_sc_hd__or2_2 (0) disconnected node: B
Cell sky130_fd_sc_hd__or2_2 (0) disconnected node: VGND
Cell sky130_fd_sc_hd__or2_2 (0) disconnected node: VNB
Cell sky130_fd_sc_hd__or2_2 (0) disconnected node: VPB
Cell sky130_fd_sc_hd__or2_2 (0) disconnected node: VPWR
Cell sky130_fd_sc_hd__or2_2 (0) disconnected node: X

Subcircuit pins:
Circuit 1: sky130_fd_sc_hd__or2_2          |Circuit 2: sky130_fd_sc_hd__or2_2          
-------------------------------------------|-------------------------------------------
A                                          |A                                          
B                                          |B                                          
VGND                                       |VGND                                       
VNB                                        |VNB                                        
VPB                                        |VPB                                        
VPWR                                       |VPWR                                       
X                                          |X                                          
---------------------------------------------------------------------------------------
Cell pin lists are equivalent.
Device classes sky130_fd_sc_hd__or2_2 and sky130_fd_sc_hd__or2_2 are equivalent.

Cell sky130_fd_sc_hd__o211a_2 (0) disconnected node: A1
Cell sky130_fd_sc_hd__o211a_2 (0) disconnected node: A2
Cell sky130_fd_sc_hd__o211a_2 (0) disconnected node: B1
Cell sky130_fd_sc_hd__o211a_2 (0) disconnected node: C1
Cell sky130_fd_sc_hd__o211a_2 (0) disconnected node: VGND
Cell sky130_fd_sc_hd__o211a_2 (0) disconnected node: VNB
Cell sky130_fd_sc_hd__o211a_2 (0) disconnected node: VPB
Cell sky130_fd_sc_hd__o211a_2 (0) disconnected node: VPWR
Cell sky130_fd_sc_hd__o211a_2 (0) disconnected node: X

Subcircuit pins:
Circuit 1: sky130_fd_sc_hd__o211a_2        |Circuit 2: sky130_fd_sc_hd__o211a_2        
-------------------------------------------|-------------------------------------------
A1                                         |A1                                         
A2                                         |A2                                         
B1                                         |B1                                         
C1                                         |C1                                         
VGND                                       |VGND                                       
VNB                                        |VNB                                        
VPB                                        |VPB                                        
VPWR                                       |VPWR                                       
X                                          |X                                          
---------------------------------------------------------------------------------------
Cell pin lists are equivalent.
Device classes sky130_fd_sc_hd__o211a_2 and sky130_fd_sc_hd__o211a_2 are equivalent.

Cell sky130_fd_sc_hd__dfxtp_2 (0) disconnected node: CLK
Cell sky130_fd_sc_hd__dfxtp_2 (0) disconnected node: D
Cell sky130_fd_sc_hd__dfxtp_2 (0) disconnected node: VGND
Cell sky130_fd_sc_hd__dfxtp_2 (0) disconnected node: VNB
Cell sky130_fd_sc_hd__dfxtp_2 (0) disconnected node: VPB
Cell sky130_fd_sc_hd__dfxtp_2 (0) disconnected node: VPWR
Cell sky130_fd_sc_hd__dfxtp_2 (0) disconnected node: Q

Subcircuit pins:
Circuit 1: sky130_fd_sc_hd__dfxtp_2        |Circuit 2: sky130_fd_sc_hd__dfxtp_2        
-------------------------------------------|-------------------------------------------
CLK                                        |CLK                                        
D                                          |D                                          
VGND                                       |VGND                                       
VNB                                        |VNB                                        
VPB                                        |VPB                                        
VPWR                                       |VPWR                                       
Q                                          |Q                                          
---------------------------------------------------------------------------------------
Cell pin lists are equivalent.
Device classes sky130_fd_sc_hd__dfxtp_2 and sky130_fd_sc_hd__dfxtp_2 are equivalent.

Cell sky130_fd_sc_hd__conb_1 (0) disconnected node: VGND
Cell sky130_fd_sc_hd__conb_1 (0) disconnected node: VNB
Cell sky130_fd_sc_hd__conb_1 (0) disconnected node: VPB
Cell sky130_fd_sc_hd__conb_1 (0) disconnected node: VPWR
Cell sky130_fd_sc_hd__conb_1 (0) disconnected node: HI
Cell sky130_fd_sc_hd__conb_1 (0) disconnected node: LO
Cell sky130_fd_sc_hd__conb_1 (1) disconnected node: VNB
Cell sky130_fd_sc_hd__conb_1 (1) disconnected node: VPB

Subcircuit pins:
Circuit 1: sky130_fd_sc_hd__conb_1         |Circuit 2: sky130_fd_sc_hd__conb_1         
-------------------------------------------|-------------------------------------------
VGND                                       |VGND                                       
VNB                                        |VNB                                        
VPB                                        |VPB                                        
VPWR                                       |VPWR                                       
HI                                         |HI                                         
LO                                         |LO                                         
---------------------------------------------------------------------------------------
Cell pin lists are equivalent.
Device classes sky130_fd_sc_hd__conb_1 and sky130_fd_sc_hd__conb_1 are equivalent.

Cell sky130_fd_sc_hd__o221a_2 (0) disconnected node: A1
Cell sky130_fd_sc_hd__o221a_2 (0) disconnected node: A2
Cell sky130_fd_sc_hd__o221a_2 (0) disconnected node: B1
Cell sky130_fd_sc_hd__o221a_2 (0) disconnected node: B2
Cell sky130_fd_sc_hd__o221a_2 (0) disconnected node: C1
Cell sky130_fd_sc_hd__o221a_2 (0) disconnected node: VGND
Cell sky130_fd_sc_hd__o221a_2 (0) disconnected node: VNB
Cell sky130_fd_sc_hd__o221a_2 (0) disconnected node: VPB
Cell sky130_fd_sc_hd__o221a_2 (0) disconnected node: VPWR
Cell sky130_fd_sc_hd__o221a_2 (0) disconnected node: X

Subcircuit pins:
Circuit 1: sky130_fd_sc_hd__o221a_2        |Circuit 2: sky130_fd_sc_hd__o221a_2        
-------------------------------------------|-------------------------------------------
A1                                         |A1                                         
A2                                         |A2                                         
B1                                         |B1                                         
B2                                         |B2                                         
C1                                         |C1                                         
VGND                                       |VGND                                       
VNB                                        |VNB                                        
VPB                                        |VPB                                        
VPWR                                       |VPWR                                       
X                                          |X                                          
---------------------------------------------------------------------------------------
Cell pin lists are equivalent.
Device classes sky130_fd_sc_hd__o221a_2 and sky130_fd_sc_hd__o221a_2 are equivalent.

Cell sky130_fd_sc_hd__a22o_2 (0) disconnected node: A1
Cell sky130_fd_sc_hd__a22o_2 (0) disconnected node: A2
Cell sky130_fd_sc_hd__a22o_2 (0) disconnected node: B1
Cell sky130_fd_sc_hd__a22o_2 (0) disconnected node: B2
Cell sky130_fd_sc_hd__a22o_2 (0) disconnected node: VGND
Cell sky130_fd_sc_hd__a22o_2 (0) disconnected node: VNB
Cell sky130_fd_sc_hd__a22o_2 (0) disconnected node: VPB
Cell sky130_fd_sc_hd__a22o_2 (0) disconnected node: VPWR
Cell sky130_fd_sc_hd__a22o_2 (0) disconnected node: X

Subcircuit pins:
Circuit 1: sky130_fd_sc_hd__a22o_2         |Circuit 2: sky130_fd_sc_hd__a22o_2         
-------------------------------------------|-------------------------------------------
A1                                         |A1                                         
A2                                         |A2                                         
B1                                         |B1                                         
B2                                         |B2                                         
VGND                                       |VGND                                       
VNB                                        |VNB                                        
VPB                                        |VPB                                        
VPWR                                       |VPWR                                       
X                                          |X                                          
---------------------------------------------------------------------------------------
Cell pin lists are equivalent.
Device classes sky130_fd_sc_hd__a22o_2 and sky130_fd_sc_hd__a22o_2 are equivalent.

Cell sky130_fd_sc_hd__buf_12 (0) disconnected node: A
Cell sky130_fd_sc_hd__buf_12 (0) disconnected node: VGND
Cell sky130_fd_sc_hd__buf_12 (0) disconnected node: VNB
Cell sky130_fd_sc_hd__buf_12 (0) disconnected node: VPB
Cell sky130_fd_sc_hd__buf_12 (0) disconnected node: VPWR
Cell sky130_fd_sc_hd__buf_12 (0) disconnected node: X

Subcircuit pins:
Circuit 1: sky130_fd_sc_hd__buf_12         |Circuit 2: sky130_fd_sc_hd__buf_12         
-------------------------------------------|-------------------------------------------
A                                          |A                                          
VGND                                       |VGND                                       
VNB                                        |VNB                                        
VPB                                        |VPB                                        
VPWR                                       |VPWR                                       
X                                          |X                                          
---------------------------------------------------------------------------------------
Cell pin lists are equivalent.
Device classes sky130_fd_sc_hd__buf_12 and sky130_fd_sc_hd__buf_12 are equivalent.

Cell sky130_fd_sc_hd__buf_4 (0) disconnected node: A
Cell sky130_fd_sc_hd__buf_4 (0) disconnected node: VGND
Cell sky130_fd_sc_hd__buf_4 (0) disconnected node: VNB
Cell sky130_fd_sc_hd__buf_4 (0) disconnected node: VPB
Cell sky130_fd_sc_hd__buf_4 (0) disconnected node: VPWR
Cell sky130_fd_sc_hd__buf_4 (0) disconnected node: X

Subcircuit pins:
Circuit 1: sky130_fd_sc_hd__buf_4          |Circuit 2: sky130_fd_sc_hd__buf_4          
-------------------------------------------|-------------------------------------------
A                                          |A                                          
VGND                                       |VGND                                       
VNB                                        |VNB                                        
VPB                                        |VPB                                        
VPWR                                       |VPWR                                       
X                                          |X                                          
---------------------------------------------------------------------------------------
Cell pin lists are equivalent.
Device classes sky130_fd_sc_hd__buf_4 and sky130_fd_sc_hd__buf_4 are equivalent.

Cell sky130_fd_sc_hd__clkdlybuf4s25_1 (0) disconnected node: A
Cell sky130_fd_sc_hd__clkdlybuf4s25_1 (0) disconnected node: VGND
Cell sky130_fd_sc_hd__clkdlybuf4s25_1 (0) disconnected node: VNB
Cell sky130_fd_sc_hd__clkdlybuf4s25_1 (0) disconnected node: VPB
Cell sky130_fd_sc_hd__clkdlybuf4s25_1 (0) disconnected node: VPWR
Cell sky130_fd_sc_hd__clkdlybuf4s25_1 (0) disconnected node: X

Subcircuit pins:
Circuit 1: sky130_fd_sc_hd__clkdlybuf4s25_ |Circuit 2: sky130_fd_sc_hd__clkdlybuf4s25_ 
-------------------------------------------|-------------------------------------------
A                                          |A                                          
VGND                                       |VGND                                       
VNB                                        |VNB                                        
VPB                                        |VPB                                        
VPWR                                       |VPWR                                       
X                                          |X                                          
---------------------------------------------------------------------------------------
Cell pin lists are equivalent.
Device classes sky130_fd_sc_hd__clkdlybuf4s25_1 and sky130_fd_sc_hd__clkdlybuf4s25_1 are equivalent.

Cell sky130_fd_sc_hd__buf_2 (0) disconnected node: A
Cell sky130_fd_sc_hd__buf_2 (0) disconnected node: VGND
Cell sky130_fd_sc_hd__buf_2 (0) disconnected node: VNB
Cell sky130_fd_sc_hd__buf_2 (0) disconnected node: VPB
Cell sky130_fd_sc_hd__buf_2 (0) disconnected node: VPWR
Cell sky130_fd_sc_hd__buf_2 (0) disconnected node: X

Subcircuit pins:
Circuit 1: sky130_fd_sc_hd__buf_2          |Circuit 2: sky130_fd_sc_hd__buf_2          
-------------------------------------------|-------------------------------------------
A                                          |A                                          
VGND                                       |VGND                                       
VNB                                        |VNB                                        
VPB                                        |VPB                                        
VPWR                                       |VPWR                                       
X                                          |X                                          
---------------------------------------------------------------------------------------
Cell pin lists are equivalent.
Device classes sky130_fd_sc_hd__buf_2 and sky130_fd_sc_hd__buf_2 are equivalent.

Cell sky130_fd_sc_hd__nand2_2 (0) disconnected node: A
Cell sky130_fd_sc_hd__nand2_2 (0) disconnected node: B
Cell sky130_fd_sc_hd__nand2_2 (0) disconnected node: VGND
Cell sky130_fd_sc_hd__nand2_2 (0) disconnected node: VNB
Cell sky130_fd_sc_hd__nand2_2 (0) disconnected node: VPB
Cell sky130_fd_sc_hd__nand2_2 (0) disconnected node: VPWR
Cell sky130_fd_sc_hd__nand2_2 (0) disconnected node: Y

Subcircuit pins:
Circuit 1: sky130_fd_sc_hd__nand2_2        |Circuit 2: sky130_fd_sc_hd__nand2_2        
-------------------------------------------|-------------------------------------------
A                                          |A                                          
B                                          |B                                          
VGND                                       |VGND                                       
VNB                                        |VNB                                        
VPB                                        |VPB                                        
VPWR                                       |VPWR                                       
Y                                          |Y                                          
---------------------------------------------------------------------------------------
Cell pin lists are equivalent.
Device classes sky130_fd_sc_hd__nand2_2 and sky130_fd_sc_hd__nand2_2 are equivalent.

Cell sky130_fd_sc_hd__dlygate4sd3_1 (0) disconnected node: A
Cell sky130_fd_sc_hd__dlygate4sd3_1 (0) disconnected node: VGND
Cell sky130_fd_sc_hd__dlygate4sd3_1 (0) disconnected node: VNB
Cell sky130_fd_sc_hd__dlygate4sd3_1 (0) disconnected node: VPB
Cell sky130_fd_sc_hd__dlygate4sd3_1 (0) disconnected node: VPWR
Cell sky130_fd_sc_hd__dlygate4sd3_1 (0) disconnected node: X

Subcircuit pins:
Circuit 1: sky130_fd_sc_hd__dlygate4sd3_1  |Circuit 2: sky130_fd_sc_hd__dlygate4sd3_1  
-------------------------------------------|-------------------------------------------
A                                          |A                                          
VGND                                       |VGND                                       
VNB                                        |VNB                                        
VPB                                        |VPB                                        
VPWR                                       |VPWR                                       
X                                          |X                                          
---------------------------------------------------------------------------------------
Cell pin lists are equivalent.
Device classes sky130_fd_sc_hd__dlygate4sd3_1 and sky130_fd_sc_hd__dlygate4sd3_1 are equivalent.

Cell sky130_fd_sc_hd__a2111o_2 (0) disconnected node: A1
Cell sky130_fd_sc_hd__a2111o_2 (0) disconnected node: A2
Cell sky130_fd_sc_hd__a2111o_2 (0) disconnected node: B1
Cell sky130_fd_sc_hd__a2111o_2 (0) disconnected node: C1
Cell sky130_fd_sc_hd__a2111o_2 (0) disconnected node: D1
Cell sky130_fd_sc_hd__a2111o_2 (0) disconnected node: VGND
Cell sky130_fd_sc_hd__a2111o_2 (0) disconnected node: VNB
Cell sky130_fd_sc_hd__a2111o_2 (0) disconnected node: VPB
Cell sky130_fd_sc_hd__a2111o_2 (0) disconnected node: VPWR
Cell sky130_fd_sc_hd__a2111o_2 (0) disconnected node: X

Subcircuit pins:
Circuit 1: sky130_fd_sc_hd__a2111o_2       |Circuit 2: sky130_fd_sc_hd__a2111o_2       
-------------------------------------------|-------------------------------------------
A1                                         |A1                                         
A2                                         |A2                                         
B1                                         |B1                                         
C1                                         |C1                                         
D1                                         |D1                                         
VGND                                       |VGND                                       
VNB                                        |VNB                                        
VPB                                        |VPB                                        
VPWR                                       |VPWR                                       
X                                          |X                                          
---------------------------------------------------------------------------------------
Cell pin lists are equivalent.
Device classes sky130_fd_sc_hd__a2111o_2 and sky130_fd_sc_hd__a2111o_2 are equivalent.

Cell sky130_fd_sc_hd__clkbuf_8 (0) disconnected node: A
Cell sky130_fd_sc_hd__clkbuf_8 (0) disconnected node: VGND
Cell sky130_fd_sc_hd__clkbuf_8 (0) disconnected node: VNB
Cell sky130_fd_sc_hd__clkbuf_8 (0) disconnected node: VPB
Cell sky130_fd_sc_hd__clkbuf_8 (0) disconnected node: VPWR
Cell sky130_fd_sc_hd__clkbuf_8 (0) disconnected node: X

Subcircuit pins:
Circuit 1: sky130_fd_sc_hd__clkbuf_8       |Circuit 2: sky130_fd_sc_hd__clkbuf_8       
-------------------------------------------|-------------------------------------------
A                                          |A                                          
VGND                                       |VGND                                       
VNB                                        |VNB                                        
VPB                                        |VPB                                        
VPWR                                       |VPWR                                       
X                                          |X                                          
---------------------------------------------------------------------------------------
Cell pin lists are equivalent.
Device classes sky130_fd_sc_hd__clkbuf_8 and sky130_fd_sc_hd__clkbuf_8 are equivalent.

Cell sky130_fd_sc_hd__diode_2 (0) disconnected node: DIODE
Cell sky130_fd_sc_hd__diode_2 (0) disconnected node: VGND
Cell sky130_fd_sc_hd__diode_2 (0) disconnected node: VNB
Cell sky130_fd_sc_hd__diode_2 (0) disconnected node: VPB
Cell sky130_fd_sc_hd__diode_2 (0) disconnected node: VPWR
Cell sky130_fd_sc_hd__diode_2 (1) disconnected node: VGND
Cell sky130_fd_sc_hd__diode_2 (1) disconnected node: VPB
Cell sky130_fd_sc_hd__diode_2 (1) disconnected node: VPWR

Subcircuit pins:
Circuit 1: sky130_fd_sc_hd__diode_2        |Circuit 2: sky130_fd_sc_hd__diode_2        
-------------------------------------------|-------------------------------------------
DIODE                                      |DIODE                                      
VGND                                       |VGND                                       
VNB                                        |VNB                                        
VPB                                        |VPB                                        
VPWR                                       |VPWR                                       
---------------------------------------------------------------------------------------
Cell pin lists are equivalent.
Device classes sky130_fd_sc_hd__diode_2 and sky130_fd_sc_hd__diode_2 are equivalent.

Cell sky130_fd_sc_hd__a221o_2 (0) disconnected node: A1
Cell sky130_fd_sc_hd__a221o_2 (0) disconnected node: A2
Cell sky130_fd_sc_hd__a221o_2 (0) disconnected node: B1
Cell sky130_fd_sc_hd__a221o_2 (0) disconnected node: B2
Cell sky130_fd_sc_hd__a221o_2 (0) disconnected node: C1
Cell sky130_fd_sc_hd__a221o_2 (0) disconnected node: VGND
Cell sky130_fd_sc_hd__a221o_2 (0) disconnected node: VNB
Cell sky130_fd_sc_hd__a221o_2 (0) disconnected node: VPB
Cell sky130_fd_sc_hd__a221o_2 (0) disconnected node: VPWR
Cell sky130_fd_sc_hd__a221o_2 (0) disconnected node: X

Subcircuit pins:
Circuit 1: sky130_fd_sc_hd__a221o_2        |Circuit 2: sky130_fd_sc_hd__a221o_2        
-------------------------------------------|-------------------------------------------
A1                                         |A1                                         
A2                                         |A2                                         
B1                                         |B1                                         
B2                                         |B2                                         
C1                                         |C1                                         
VGND                                       |VGND                                       
VNB                                        |VNB                                        
VPB                                        |VPB                                        
VPWR                                       |VPWR                                       
X                                          |X                                          
---------------------------------------------------------------------------------------
Cell pin lists are equivalent.
Device classes sky130_fd_sc_hd__a221o_2 and sky130_fd_sc_hd__a221o_2 are equivalent.

Cell sky130_fd_sc_hd__or4_2 (0) disconnected node: A
Cell sky130_fd_sc_hd__or4_2 (0) disconnected node: B
Cell sky130_fd_sc_hd__or4_2 (0) disconnected node: C
Cell sky130_fd_sc_hd__or4_2 (0) disconnected node: D
Cell sky130_fd_sc_hd__or4_2 (0) disconnected node: VGND
Cell sky130_fd_sc_hd__or4_2 (0) disconnected node: VNB
Cell sky130_fd_sc_hd__or4_2 (0) disconnected node: VPB
Cell sky130_fd_sc_hd__or4_2 (0) disconnected node: VPWR
Cell sky130_fd_sc_hd__or4_2 (0) disconnected node: X

Subcircuit pins:
Circuit 1: sky130_fd_sc_hd__or4_2          |Circuit 2: sky130_fd_sc_hd__or4_2          
-------------------------------------------|-------------------------------------------
A                                          |A                                          
B                                          |B                                          
C                                          |C                                          
D                                          |D                                          
VGND                                       |VGND                                       
VNB                                        |VNB                                        
VPB                                        |VPB                                        
VPWR                                       |VPWR                                       
X                                          |X                                          
---------------------------------------------------------------------------------------
Cell pin lists are equivalent.
Device classes sky130_fd_sc_hd__or4_2 and sky130_fd_sc_hd__or4_2 are equivalent.

Cell sky130_fd_sc_hd__or4bb_2 (0) disconnected node: A
Cell sky130_fd_sc_hd__or4bb_2 (0) disconnected node: B
Cell sky130_fd_sc_hd__or4bb_2 (0) disconnected node: C_N
Cell sky130_fd_sc_hd__or4bb_2 (0) disconnected node: D_N
Cell sky130_fd_sc_hd__or4bb_2 (0) disconnected node: VGND
Cell sky130_fd_sc_hd__or4bb_2 (0) disconnected node: VNB
Cell sky130_fd_sc_hd__or4bb_2 (0) disconnected node: VPB
Cell sky130_fd_sc_hd__or4bb_2 (0) disconnected node: VPWR
Cell sky130_fd_sc_hd__or4bb_2 (0) disconnected node: X

Subcircuit pins:
Circuit 1: sky130_fd_sc_hd__or4bb_2        |Circuit 2: sky130_fd_sc_hd__or4bb_2        
-------------------------------------------|-------------------------------------------
A                                          |A                                          
B                                          |B                                          
C_N                                        |C_N                                        
D_N                                        |D_N                                        
VGND                                       |VGND                                       
VNB                                        |VNB                                        
VPB                                        |VPB                                        
VPWR                                       |VPWR                                       
X                                          |X                                          
---------------------------------------------------------------------------------------
Cell pin lists are equivalent.
Device classes sky130_fd_sc_hd__or4bb_2 and sky130_fd_sc_hd__or4bb_2 are equivalent.

Cell sky130_fd_sc_hd__buf_6 (0) disconnected node: A
Cell sky130_fd_sc_hd__buf_6 (0) disconnected node: VGND
Cell sky130_fd_sc_hd__buf_6 (0) disconnected node: VNB
Cell sky130_fd_sc_hd__buf_6 (0) disconnected node: VPB
Cell sky130_fd_sc_hd__buf_6 (0) disconnected node: VPWR
Cell sky130_fd_sc_hd__buf_6 (0) disconnected node: X

Subcircuit pins:
Circuit 1: sky130_fd_sc_hd__buf_6          |Circuit 2: sky130_fd_sc_hd__buf_6          
-------------------------------------------|-------------------------------------------
A                                          |A                                          
VGND                                       |VGND                                       
VNB                                        |VNB                                        
VPB                                        |VPB                                        
VPWR                                       |VPWR                                       
X                                          |X                                          
---------------------------------------------------------------------------------------
Cell pin lists are equivalent.
Device classes sky130_fd_sc_hd__buf_6 and sky130_fd_sc_hd__buf_6 are equivalent.

Cell sky130_fd_sc_hd__and4bb_2 (0) disconnected node: A_N
Cell sky130_fd_sc_hd__and4bb_2 (0) disconnected node: B_N
Cell sky130_fd_sc_hd__and4bb_2 (0) disconnected node: C
Cell sky130_fd_sc_hd__and4bb_2 (0) disconnected node: D
Cell sky130_fd_sc_hd__and4bb_2 (0) disconnected node: VGND
Cell sky130_fd_sc_hd__and4bb_2 (0) disconnected node: VNB
Cell sky130_fd_sc_hd__and4bb_2 (0) disconnected node: VPB
Cell sky130_fd_sc_hd__and4bb_2 (0) disconnected node: VPWR
Cell sky130_fd_sc_hd__and4bb_2 (0) disconnected node: X

Subcircuit pins:
Circuit 1: sky130_fd_sc_hd__and4bb_2       |Circuit 2: sky130_fd_sc_hd__and4bb_2       
-------------------------------------------|-------------------------------------------
A_N                                        |A_N                                        
B_N                                        |B_N                                        
C                                          |C                                          
D                                          |D                                          
VGND                                       |VGND                                       
VNB                                        |VNB                                        
VPB                                        |VPB                                        
VPWR                                       |VPWR                                       
X                                          |X                                          
---------------------------------------------------------------------------------------
Cell pin lists are equivalent.
Device classes sky130_fd_sc_hd__and4bb_2 and sky130_fd_sc_hd__and4bb_2 are equivalent.

Cell sky130_fd_sc_hd__and2_2 (0) disconnected node: A
Cell sky130_fd_sc_hd__and2_2 (0) disconnected node: B
Cell sky130_fd_sc_hd__and2_2 (0) disconnected node: VGND
Cell sky130_fd_sc_hd__and2_2 (0) disconnected node: VNB
Cell sky130_fd_sc_hd__and2_2 (0) disconnected node: VPB
Cell sky130_fd_sc_hd__and2_2 (0) disconnected node: VPWR
Cell sky130_fd_sc_hd__and2_2 (0) disconnected node: X

Subcircuit pins:
Circuit 1: sky130_fd_sc_hd__and2_2         |Circuit 2: sky130_fd_sc_hd__and2_2         
-------------------------------------------|-------------------------------------------
A                                          |A                                          
B                                          |B                                          
VGND                                       |VGND                                       
VNB                                        |VNB                                        
VPB                                        |VPB                                        
VPWR                                       |VPWR                                       
X                                          |X                                          
---------------------------------------------------------------------------------------
Cell pin lists are equivalent.
Device classes sky130_fd_sc_hd__and2_2 and sky130_fd_sc_hd__and2_2 are equivalent.

Cell sky130_fd_sc_hd__or3_2 (0) disconnected node: A
Cell sky130_fd_sc_hd__or3_2 (0) disconnected node: B
Cell sky130_fd_sc_hd__or3_2 (0) disconnected node: C
Cell sky130_fd_sc_hd__or3_2 (0) disconnected node: VGND
Cell sky130_fd_sc_hd__or3_2 (0) disconnected node: VNB
Cell sky130_fd_sc_hd__or3_2 (0) disconnected node: VPB
Cell sky130_fd_sc_hd__or3_2 (0) disconnected node: VPWR
Cell sky130_fd_sc_hd__or3_2 (0) disconnected node: X

Subcircuit pins:
Circuit 1: sky130_fd_sc_hd__or3_2          |Circuit 2: sky130_fd_sc_hd__or3_2          
-------------------------------------------|-------------------------------------------
A                                          |A                                          
B                                          |B                                          
C                                          |C                                          
VGND                                       |VGND                                       
VNB                                        |VNB                                        
VPB                                        |VPB                                        
VPWR                                       |VPWR                                       
X                                          |X                                          
---------------------------------------------------------------------------------------
Cell pin lists are equivalent.
Device classes sky130_fd_sc_hd__or3_2 and sky130_fd_sc_hd__or3_2 are equivalent.

Cell sky130_fd_sc_hd__inv_6 (0) disconnected node: A
Cell sky130_fd_sc_hd__inv_6 (0) disconnected node: VGND
Cell sky130_fd_sc_hd__inv_6 (0) disconnected node: VNB
Cell sky130_fd_sc_hd__inv_6 (0) disconnected node: VPB
Cell sky130_fd_sc_hd__inv_6 (0) disconnected node: VPWR
Cell sky130_fd_sc_hd__inv_6 (0) disconnected node: Y

Subcircuit pins:
Circuit 1: sky130_fd_sc_hd__inv_6          |Circuit 2: sky130_fd_sc_hd__inv_6          
-------------------------------------------|-------------------------------------------
A                                          |A                                          
VGND                                       |VGND                                       
VNB                                        |VNB                                        
VPB                                        |VPB                                        
VPWR                                       |VPWR                                       
Y                                          |Y                                          
---------------------------------------------------------------------------------------
Cell pin lists are equivalent.
Device classes sky130_fd_sc_hd__inv_6 and sky130_fd_sc_hd__inv_6 are equivalent.

Cell sky130_fd_sc_hd__and4b_2 (0) disconnected node: A_N
Cell sky130_fd_sc_hd__and4b_2 (0) disconnected node: B
Cell sky130_fd_sc_hd__and4b_2 (0) disconnected node: C
Cell sky130_fd_sc_hd__and4b_2 (0) disconnected node: D
Cell sky130_fd_sc_hd__and4b_2 (0) disconnected node: VGND
Cell sky130_fd_sc_hd__and4b_2 (0) disconnected node: VNB
Cell sky130_fd_sc_hd__and4b_2 (0) disconnected node: VPB
Cell sky130_fd_sc_hd__and4b_2 (0) disconnected node: VPWR
Cell sky130_fd_sc_hd__and4b_2 (0) disconnected node: X

Subcircuit pins:
Circuit 1: sky130_fd_sc_hd__and4b_2        |Circuit 2: sky130_fd_sc_hd__and4b_2        
-------------------------------------------|-------------------------------------------
A_N                                        |A_N                                        
B                                          |B                                          
C                                          |C                                          
D                                          |D                                          
VGND                                       |VGND                                       
VNB                                        |VNB                                        
VPB                                        |VPB                                        
VPWR                                       |VPWR                                       
X                                          |X                                          
---------------------------------------------------------------------------------------
Cell pin lists are equivalent.
Device classes sky130_fd_sc_hd__and4b_2 and sky130_fd_sc_hd__and4b_2 are equivalent.

Cell sky130_fd_sc_hd__clkbuf_4 (0) disconnected node: A
Cell sky130_fd_sc_hd__clkbuf_4 (0) disconnected node: VGND
Cell sky130_fd_sc_hd__clkbuf_4 (0) disconnected node: VNB
Cell sky130_fd_sc_hd__clkbuf_4 (0) disconnected node: VPB
Cell sky130_fd_sc_hd__clkbuf_4 (0) disconnected node: VPWR
Cell sky130_fd_sc_hd__clkbuf_4 (0) disconnected node: X

Subcircuit pins:
Circuit 1: sky130_fd_sc_hd__clkbuf_4       |Circuit 2: sky130_fd_sc_hd__clkbuf_4       
-------------------------------------------|-------------------------------------------
A                                          |A                                          
VGND                                       |VGND                                       
VNB                                        |VNB                                        
VPB                                        |VPB                                        
VPWR                                       |VPWR                                       
X                                          |X                                          
---------------------------------------------------------------------------------------
Cell pin lists are equivalent.
Device classes sky130_fd_sc_hd__clkbuf_4 and sky130_fd_sc_hd__clkbuf_4 are equivalent.

Cell sky130_fd_sc_hd__a21o_2 (0) disconnected node: A1
Cell sky130_fd_sc_hd__a21o_2 (0) disconnected node: A2
Cell sky130_fd_sc_hd__a21o_2 (0) disconnected node: B1
Cell sky130_fd_sc_hd__a21o_2 (0) disconnected node: VGND
Cell sky130_fd_sc_hd__a21o_2 (0) disconnected node: VNB
Cell sky130_fd_sc_hd__a21o_2 (0) disconnected node: VPB
Cell sky130_fd_sc_hd__a21o_2 (0) disconnected node: VPWR
Cell sky130_fd_sc_hd__a21o_2 (0) disconnected node: X

Subcircuit pins:
Circuit 1: sky130_fd_sc_hd__a21o_2         |Circuit 2: sky130_fd_sc_hd__a21o_2         
-------------------------------------------|-------------------------------------------
A1                                         |A1                                         
A2                                         |A2                                         
B1                                         |B1                                         
VGND                                       |VGND                                       
VNB                                        |VNB                                        
VPB                                        |VPB                                        
VPWR                                       |VPWR                                       
X                                          |X                                          
---------------------------------------------------------------------------------------
Cell pin lists are equivalent.
Device classes sky130_fd_sc_hd__a21o_2 and sky130_fd_sc_hd__a21o_2 are equivalent.

Cell sky130_fd_sc_hd__clkinv_2 (0) disconnected node: A
Cell sky130_fd_sc_hd__clkinv_2 (0) disconnected node: VGND
Cell sky130_fd_sc_hd__clkinv_2 (0) disconnected node: VNB
Cell sky130_fd_sc_hd__clkinv_2 (0) disconnected node: VPB
Cell sky130_fd_sc_hd__clkinv_2 (0) disconnected node: VPWR
Cell sky130_fd_sc_hd__clkinv_2 (0) disconnected node: Y

Subcircuit pins:
Circuit 1: sky130_fd_sc_hd__clkinv_2       |Circuit 2: sky130_fd_sc_hd__clkinv_2       
-------------------------------------------|-------------------------------------------
A                                          |A                                          
VGND                                       |VGND                                       
VNB                                        |VNB                                        
VPB                                        |VPB                                        
VPWR                                       |VPWR                                       
Y                                          |Y                                          
---------------------------------------------------------------------------------------
Cell pin lists are equivalent.
Device classes sky130_fd_sc_hd__clkinv_2 and sky130_fd_sc_hd__clkinv_2 are equivalent.

Cell sky130_fd_sc_hd__clkbuf_2 (0) disconnected node: A
Cell sky130_fd_sc_hd__clkbuf_2 (0) disconnected node: VGND
Cell sky130_fd_sc_hd__clkbuf_2 (0) disconnected node: VNB
Cell sky130_fd_sc_hd__clkbuf_2 (0) disconnected node: VPB
Cell sky130_fd_sc_hd__clkbuf_2 (0) disconnected node: VPWR
Cell sky130_fd_sc_hd__clkbuf_2 (0) disconnected node: X

Subcircuit pins:
Circuit 1: sky130_fd_sc_hd__clkbuf_2       |Circuit 2: sky130_fd_sc_hd__clkbuf_2       
-------------------------------------------|-------------------------------------------
A                                          |A                                          
VGND                                       |VGND                                       
VNB                                        |VNB                                        
VPB                                        |VPB                                        
VPWR                                       |VPWR                                       
X                                          |X                                          
---------------------------------------------------------------------------------------
Cell pin lists are equivalent.
Device classes sky130_fd_sc_hd__clkbuf_2 and sky130_fd_sc_hd__clkbuf_2 are equivalent.

Cell sky130_fd_sc_hd__buf_1 (0) disconnected node: A
Cell sky130_fd_sc_hd__buf_1 (0) disconnected node: VGND
Cell sky130_fd_sc_hd__buf_1 (0) disconnected node: VNB
Cell sky130_fd_sc_hd__buf_1 (0) disconnected node: VPB
Cell sky130_fd_sc_hd__buf_1 (0) disconnected node: VPWR
Cell sky130_fd_sc_hd__buf_1 (0) disconnected node: X

Subcircuit pins:
Circuit 1: sky130_fd_sc_hd__buf_1          |Circuit 2: sky130_fd_sc_hd__buf_1          
-------------------------------------------|-------------------------------------------
A                                          |A                                          
VGND                                       |VGND                                       
VNB                                        |VNB                                        
VPB                                        |VPB                                        
VPWR                                       |VPWR                                       
X                                          |X                                          
---------------------------------------------------------------------------------------
Cell pin lists are equivalent.
Device classes sky130_fd_sc_hd__buf_1 and sky130_fd_sc_hd__buf_1 are equivalent.

Cell sky130_fd_sc_hd__a211o_2 (0) disconnected node: A1
Cell sky130_fd_sc_hd__a211o_2 (0) disconnected node: A2
Cell sky130_fd_sc_hd__a211o_2 (0) disconnected node: B1
Cell sky130_fd_sc_hd__a211o_2 (0) disconnected node: C1
Cell sky130_fd_sc_hd__a211o_2 (0) disconnected node: VGND
Cell sky130_fd_sc_hd__a211o_2 (0) disconnected node: VNB
Cell sky130_fd_sc_hd__a211o_2 (0) disconnected node: VPB
Cell sky130_fd_sc_hd__a211o_2 (0) disconnected node: VPWR
Cell sky130_fd_sc_hd__a211o_2 (0) disconnected node: X

Subcircuit pins:
Circuit 1: sky130_fd_sc_hd__a211o_2        |Circuit 2: sky130_fd_sc_hd__a211o_2        
-------------------------------------------|-------------------------------------------
A1                                         |A1                                         
A2                                         |A2                                         
B1                                         |B1                                         
C1                                         |C1                                         
VGND                                       |VGND                                       
VNB                                        |VNB                                        
VPB                                        |VPB                                        
VPWR                                       |VPWR                                       
X                                          |X                                          
---------------------------------------------------------------------------------------
Cell pin lists are equivalent.
Device classes sky130_fd_sc_hd__a211o_2 and sky130_fd_sc_hd__a211o_2 are equivalent.

Cell sky130_fd_sc_hd__nor4b_4 (0) disconnected node: A
Cell sky130_fd_sc_hd__nor4b_4 (0) disconnected node: B
Cell sky130_fd_sc_hd__nor4b_4 (0) disconnected node: C
Cell sky130_fd_sc_hd__nor4b_4 (0) disconnected node: D_N
Cell sky130_fd_sc_hd__nor4b_4 (0) disconnected node: VGND
Cell sky130_fd_sc_hd__nor4b_4 (0) disconnected node: VNB
Cell sky130_fd_sc_hd__nor4b_4 (0) disconnected node: VPB
Cell sky130_fd_sc_hd__nor4b_4 (0) disconnected node: VPWR
Cell sky130_fd_sc_hd__nor4b_4 (0) disconnected node: Y

Subcircuit pins:
Circuit 1: sky130_fd_sc_hd__nor4b_4        |Circuit 2: sky130_fd_sc_hd__nor4b_4        
-------------------------------------------|-------------------------------------------
A                                          |A                                          
B                                          |B                                          
C                                          |C                                          
D_N                                        |D_N                                        
VGND                                       |VGND                                       
VNB                                        |VNB                                        
VPB                                        |VPB                                        
VPWR                                       |VPWR                                       
Y                                          |Y                                          
---------------------------------------------------------------------------------------
Cell pin lists are equivalent.
Device classes sky130_fd_sc_hd__nor4b_4 and sky130_fd_sc_hd__nor4b_4 are equivalent.

Cell sky130_fd_sc_hd__clkbuf_16 (0) disconnected node: A
Cell sky130_fd_sc_hd__clkbuf_16 (0) disconnected node: VGND
Cell sky130_fd_sc_hd__clkbuf_16 (0) disconnected node: VNB
Cell sky130_fd_sc_hd__clkbuf_16 (0) disconnected node: VPB
Cell sky130_fd_sc_hd__clkbuf_16 (0) disconnected node: VPWR
Cell sky130_fd_sc_hd__clkbuf_16 (0) disconnected node: X

Subcircuit pins:
Circuit 1: sky130_fd_sc_hd__clkbuf_16      |Circuit 2: sky130_fd_sc_hd__clkbuf_16      
-------------------------------------------|-------------------------------------------
A                                          |A                                          
VGND                                       |VGND                                       
VNB                                        |VNB                                        
VPB                                        |VPB                                        
VPWR                                       |VPWR                                       
X                                          |X                                          
---------------------------------------------------------------------------------------
Cell pin lists are equivalent.
Device classes sky130_fd_sc_hd__clkbuf_16 and sky130_fd_sc_hd__clkbuf_16 are equivalent.

Cell sky130_fd_sc_hd__nor4b_2 (0) disconnected node: A
Cell sky130_fd_sc_hd__nor4b_2 (0) disconnected node: B
Cell sky130_fd_sc_hd__nor4b_2 (0) disconnected node: C
Cell sky130_fd_sc_hd__nor4b_2 (0) disconnected node: D_N
Cell sky130_fd_sc_hd__nor4b_2 (0) disconnected node: VGND
Cell sky130_fd_sc_hd__nor4b_2 (0) disconnected node: VNB
Cell sky130_fd_sc_hd__nor4b_2 (0) disconnected node: VPB
Cell sky130_fd_sc_hd__nor4b_2 (0) disconnected node: VPWR
Cell sky130_fd_sc_hd__nor4b_2 (0) disconnected node: Y

Subcircuit pins:
Circuit 1: sky130_fd_sc_hd__nor4b_2        |Circuit 2: sky130_fd_sc_hd__nor4b_2        
-------------------------------------------|-------------------------------------------
A                                          |A                                          
B                                          |B                                          
C                                          |C                                          
D_N                                        |D_N                                        
VGND                                       |VGND                                       
VNB                                        |VNB                                        
VPB                                        |VPB                                        
VPWR                                       |VPWR                                       
Y                                          |Y                                          
---------------------------------------------------------------------------------------
Cell pin lists are equivalent.
Device classes sky130_fd_sc_hd__nor4b_2 and sky130_fd_sc_hd__nor4b_2 are equivalent.

Cell sky130_fd_sc_hd__inv_2 (0) disconnected node: A
Cell sky130_fd_sc_hd__inv_2 (0) disconnected node: VGND
Cell sky130_fd_sc_hd__inv_2 (0) disconnected node: VNB
Cell sky130_fd_sc_hd__inv_2 (0) disconnected node: VPB
Cell sky130_fd_sc_hd__inv_2 (0) disconnected node: VPWR
Cell sky130_fd_sc_hd__inv_2 (0) disconnected node: Y

Subcircuit pins:
Circuit 1: sky130_fd_sc_hd__inv_2          |Circuit 2: sky130_fd_sc_hd__inv_2          
-------------------------------------------|-------------------------------------------
A                                          |A                                          
VGND                                       |VGND                                       
VNB                                        |VNB                                        
VPB                                        |VPB                                        
VPWR                                       |VPWR                                       
Y                                          |Y                                          
---------------------------------------------------------------------------------------
Cell pin lists are equivalent.
Device classes sky130_fd_sc_hd__inv_2 and sky130_fd_sc_hd__inv_2 are equivalent.

Cell afe_wb (0) disconnected node: wbs_adr_i[0]
Cell afe_wb (0) disconnected node: wbs_adr_i[10]
Cell afe_wb (0) disconnected node: wbs_adr_i[11]
Cell afe_wb (0) disconnected node: wbs_adr_i[12]
Cell afe_wb (0) disconnected node: wbs_adr_i[13]
Cell afe_wb (0) disconnected node: wbs_adr_i[14]
Cell afe_wb (0) disconnected node: wbs_adr_i[15]
Cell afe_wb (0) disconnected node: wbs_adr_i[16]
Cell afe_wb (0) disconnected node: wbs_adr_i[17]
Cell afe_wb (0) disconnected node: wbs_adr_i[18]
Cell afe_wb (0) disconnected node: wbs_adr_i[19]
Cell afe_wb (0) disconnected node: wbs_adr_i[1]
Cell afe_wb (0) disconnected node: wbs_adr_i[20]
Cell afe_wb (0) disconnected node: wbs_adr_i[21]
Cell afe_wb (0) disconnected node: wbs_adr_i[22]
Cell afe_wb (0) disconnected node: wbs_adr_i[23]
Cell afe_wb (0) disconnected node: wbs_adr_i[24]
Cell afe_wb (0) disconnected node: wbs_adr_i[25]
Cell afe_wb (0) disconnected node: wbs_adr_i[26]
Cell afe_wb (0) disconnected node: wbs_adr_i[27]
Cell afe_wb (0) disconnected node: wbs_adr_i[28]
Cell afe_wb (0) disconnected node: wbs_adr_i[29]
Cell afe_wb (0) disconnected node: wbs_adr_i[30]
Cell afe_wb (0) disconnected node: wbs_adr_i[31]
Cell afe_wb (0) disconnected node: wbs_adr_i[6]
Cell afe_wb (0) disconnected node: wbs_adr_i[7]
Cell afe_wb (0) disconnected node: wbs_adr_i[8]
Cell afe_wb (0) disconnected node: wbs_adr_i[9]
Cell afe_wb (0) disconnected node: wbs_sel_i[0]
Cell afe_wb (0) disconnected node: wbs_sel_i[1]
Cell afe_wb (0) disconnected node: wbs_sel_i[2]
Cell afe_wb (0) disconnected node: wbs_sel_i[3]
Cell afe_wb (1) disconnected node: wbs_adr_i[31]
Cell afe_wb (1) disconnected node: wbs_adr_i[30]
Cell afe_wb (1) disconnected node: wbs_adr_i[29]
Cell afe_wb (1) disconnected node: wbs_adr_i[28]
Cell afe_wb (1) disconnected node: wbs_adr_i[27]
Cell afe_wb (1) disconnected node: wbs_adr_i[26]
Cell afe_wb (1) disconnected node: wbs_adr_i[25]
Cell afe_wb (1) disconnected node: wbs_adr_i[24]
Cell afe_wb (1) disconnected node: wbs_adr_i[23]
Cell afe_wb (1) disconnected node: wbs_adr_i[22]
Cell afe_wb (1) disconnected node: wbs_adr_i[21]
Cell afe_wb (1) disconnected node: wbs_adr_i[20]
Cell afe_wb (1) disconnected node: wbs_adr_i[19]
Cell afe_wb (1) disconnected node: wbs_adr_i[18]
Cell afe_wb (1) disconnected node: wbs_adr_i[17]
Cell afe_wb (1) disconnected node: wbs_adr_i[16]
Cell afe_wb (1) disconnected node: wbs_adr_i[15]
Cell afe_wb (1) disconnected node: wbs_adr_i[14]
Cell afe_wb (1) disconnected node: wbs_adr_i[13]
Cell afe_wb (1) disconnected node: wbs_adr_i[12]
Cell afe_wb (1) disconnected node: wbs_adr_i[11]
Cell afe_wb (1) disconnected node: wbs_adr_i[10]
Cell afe_wb (1) disconnected node: wbs_adr_i[9]
Cell afe_wb (1) disconnected node: wbs_adr_i[8]
Cell afe_wb (1) disconnected node: wbs_adr_i[7]
Cell afe_wb (1) disconnected node: wbs_adr_i[6]
Cell afe_wb (1) disconnected node: wbs_adr_i[1]
Cell afe_wb (1) disconnected node: wbs_adr_i[0]
Cell afe_wb (1) disconnected node: wbs_sel_i[3]
Cell afe_wb (1) disconnected node: wbs_sel_i[2]
Cell afe_wb (1) disconnected node: wbs_sel_i[1]
Cell afe_wb (1) disconnected node: wbs_sel_i[0]
Class afe_wb (0):  Merged 15608 parallel devices.
Class afe_wb (1):  Merged 15608 parallel devices.
Cell afe_wb (0) disconnected node: wbs_adr_i[0]
Cell afe_wb (0) disconnected node: wbs_adr_i[10]
Cell afe_wb (0) disconnected node: wbs_adr_i[11]
Cell afe_wb (0) disconnected node: wbs_adr_i[12]
Cell afe_wb (0) disconnected node: wbs_adr_i[13]
Cell afe_wb (0) disconnected node: wbs_adr_i[14]
Cell afe_wb (0) disconnected node: wbs_adr_i[15]
Cell afe_wb (0) disconnected node: wbs_adr_i[16]
Cell afe_wb (0) disconnected node: wbs_adr_i[17]
Cell afe_wb (0) disconnected node: wbs_adr_i[18]
Cell afe_wb (0) disconnected node: wbs_adr_i[19]
Cell afe_wb (0) disconnected node: wbs_adr_i[1]
Cell afe_wb (0) disconnected node: wbs_adr_i[20]
Cell afe_wb (0) disconnected node: wbs_adr_i[21]
Cell afe_wb (0) disconnected node: wbs_adr_i[22]
Cell afe_wb (0) disconnected node: wbs_adr_i[23]
Cell afe_wb (0) disconnected node: wbs_adr_i[24]
Cell afe_wb (0) disconnected node: wbs_adr_i[25]
Cell afe_wb (0) disconnected node: wbs_adr_i[26]
Cell afe_wb (0) disconnected node: wbs_adr_i[27]
Cell afe_wb (0) disconnected node: wbs_adr_i[28]
Cell afe_wb (0) disconnected node: wbs_adr_i[29]
Cell afe_wb (0) disconnected node: wbs_adr_i[30]
Cell afe_wb (0) disconnected node: wbs_adr_i[31]
Cell afe_wb (0) disconnected node: wbs_adr_i[6]
Cell afe_wb (0) disconnected node: wbs_adr_i[7]
Cell afe_wb (0) disconnected node: wbs_adr_i[8]
Cell afe_wb (0) disconnected node: wbs_adr_i[9]
Cell afe_wb (0) disconnected node: wbs_sel_i[0]
Cell afe_wb (0) disconnected node: wbs_sel_i[1]
Cell afe_wb (0) disconnected node: wbs_sel_i[2]
Cell afe_wb (0) disconnected node: wbs_sel_i[3]
Cell afe_wb (1) disconnected node: wbs_adr_i[31]
Cell afe_wb (1) disconnected node: wbs_adr_i[30]
Cell afe_wb (1) disconnected node: wbs_adr_i[29]
Cell afe_wb (1) disconnected node: wbs_adr_i[28]
Cell afe_wb (1) disconnected node: wbs_adr_i[27]
Cell afe_wb (1) disconnected node: wbs_adr_i[26]
Cell afe_wb (1) disconnected node: wbs_adr_i[25]
Cell afe_wb (1) disconnected node: wbs_adr_i[24]
Cell afe_wb (1) disconnected node: wbs_adr_i[23]
Cell afe_wb (1) disconnected node: wbs_adr_i[22]
Cell afe_wb (1) disconnected node: wbs_adr_i[21]
Cell afe_wb (1) disconnected node: wbs_adr_i[20]
Cell afe_wb (1) disconnected node: wbs_adr_i[19]
Cell afe_wb (1) disconnected node: wbs_adr_i[18]
Cell afe_wb (1) disconnected node: wbs_adr_i[17]
Cell afe_wb (1) disconnected node: wbs_adr_i[16]
Cell afe_wb (1) disconnected node: wbs_adr_i[15]
Cell afe_wb (1) disconnected node: wbs_adr_i[14]
Cell afe_wb (1) disconnected node: wbs_adr_i[13]
Cell afe_wb (1) disconnected node: wbs_adr_i[12]
Cell afe_wb (1) disconnected node: wbs_adr_i[11]
Cell afe_wb (1) disconnected node: wbs_adr_i[10]
Cell afe_wb (1) disconnected node: wbs_adr_i[9]
Cell afe_wb (1) disconnected node: wbs_adr_i[8]
Cell afe_wb (1) disconnected node: wbs_adr_i[7]
Cell afe_wb (1) disconnected node: wbs_adr_i[6]
Cell afe_wb (1) disconnected node: wbs_adr_i[1]
Cell afe_wb (1) disconnected node: wbs_adr_i[0]
Cell afe_wb (1) disconnected node: wbs_sel_i[3]
Cell afe_wb (1) disconnected node: wbs_sel_i[2]
Cell afe_wb (1) disconnected node: wbs_sel_i[1]
Cell afe_wb (1) disconnected node: wbs_sel_i[0]
Subcircuit summary:
Circuit 1: afe_wb                          |Circuit 2: afe_wb                          
-------------------------------------------|-------------------------------------------
sky130_ef_sc_hd__decap_40_12 (6569->1)     |sky130_ef_sc_hd__decap_40_12 (6569->1)     
sky130_fd_sc_hd__fill_2 (2111->1)          |sky130_fd_sc_hd__fill_2 (2111->1)          
sky130_fd_sc_hd__tapvpwrvgnd_1 (2115->1)   |sky130_fd_sc_hd__tapvpwrvgnd_1 (2115->1)   
sky130_fd_sc_hd__fill_4 (1752->1)          |sky130_fd_sc_hd__fill_4 (1752->1)          
sky130_fd_sc_hd__fill_1 (2280->1)          |sky130_fd_sc_hd__fill_1 (2280->1)          
sky130_fd_sc_hd__decap_3 (278->1)          |sky130_fd_sc_hd__decap_3 (278->1)          
sky130_fd_sc_hd__fill_8 (509->1)           |sky130_fd_sc_hd__fill_8 (509->1)           
sky130_fd_sc_hd__or2_2 (256)               |sky130_fd_sc_hd__or2_2 (256)               
sky130_fd_sc_hd__o211a_2 (256)             |sky130_fd_sc_hd__o211a_2 (256)             
sky130_fd_sc_hd__dfxtp_2 (289)             |sky130_fd_sc_hd__dfxtp_2 (289)             
sky130_fd_sc_hd__conb_1 (63)               |sky130_fd_sc_hd__conb_1 (63)               
sky130_fd_sc_hd__o221a_2 (32)              |sky130_fd_sc_hd__o221a_2 (32)              
sky130_fd_sc_hd__a22o_2 (96)               |sky130_fd_sc_hd__a22o_2 (96)               
sky130_fd_sc_hd__buf_12 (149)              |sky130_fd_sc_hd__buf_12 (149)              
sky130_fd_sc_hd__buf_4 (209)               |sky130_fd_sc_hd__buf_4 (209)               
sky130_fd_sc_hd__clkdlybuf4s25_1 (111)     |sky130_fd_sc_hd__clkdlybuf4s25_1 (111)     
sky130_fd_sc_hd__buf_2 (91)                |sky130_fd_sc_hd__buf_2 (91)                
sky130_fd_sc_hd__nand2_2 (9)               |sky130_fd_sc_hd__nand2_2 (9)               
sky130_fd_sc_hd__dlygate4sd3_1 (250)       |sky130_fd_sc_hd__dlygate4sd3_1 (250)       
sky130_fd_sc_hd__a2111o_2 (21)             |sky130_fd_sc_hd__a2111o_2 (21)             
sky130_fd_sc_hd__clkbuf_8 (48)             |sky130_fd_sc_hd__clkbuf_8 (48)             
sky130_fd_sc_hd__diode_2 (11->10)          |sky130_fd_sc_hd__diode_2 (11->10)          
sky130_fd_sc_hd__a221o_2 (22)              |sky130_fd_sc_hd__a221o_2 (22)              
sky130_fd_sc_hd__or4_2 (2)                 |sky130_fd_sc_hd__or4_2 (2)                 
sky130_fd_sc_hd__or4bb_2 (1)               |sky130_fd_sc_hd__or4bb_2 (1)               
sky130_fd_sc_hd__buf_6 (13)                |sky130_fd_sc_hd__buf_6 (13)                
sky130_fd_sc_hd__and4bb_2 (5)              |sky130_fd_sc_hd__and4bb_2 (5)              
sky130_fd_sc_hd__and2_2 (8)                |sky130_fd_sc_hd__and2_2 (8)                
sky130_fd_sc_hd__or3_2 (9)                 |sky130_fd_sc_hd__or3_2 (9)                 
sky130_fd_sc_hd__inv_6 (1)                 |sky130_fd_sc_hd__inv_6 (1)                 
sky130_fd_sc_hd__and4b_2 (3)               |sky130_fd_sc_hd__and4b_2 (3)               
sky130_fd_sc_hd__clkbuf_4 (16)             |sky130_fd_sc_hd__clkbuf_4 (16)             
sky130_fd_sc_hd__a21o_2 (11)               |sky130_fd_sc_hd__a21o_2 (11)               
sky130_fd_sc_hd__clkinv_2 (3)              |sky130_fd_sc_hd__clkinv_2 (3)              
sky130_fd_sc_hd__clkbuf_2 (2)              |sky130_fd_sc_hd__clkbuf_2 (2)              
sky130_fd_sc_hd__buf_1 (8)                 |sky130_fd_sc_hd__buf_1 (8)                 
sky130_fd_sc_hd__a211o_2 (1)               |sky130_fd_sc_hd__a211o_2 (1)               
sky130_fd_sc_hd__nor4b_4 (2)               |sky130_fd_sc_hd__nor4b_4 (2)               
sky130_fd_sc_hd__clkbuf_16 (5)             |sky130_fd_sc_hd__clkbuf_16 (5)             
sky130_fd_sc_hd__nor4b_2 (2)               |sky130_fd_sc_hd__nor4b_2 (2)               
sky130_fd_sc_hd__inv_2 (1)                 |sky130_fd_sc_hd__inv_2 (1)                 
Number of devices: 2012                    |Number of devices: 2012                    
Number of nets: 2114                       |Number of nets: 2114                       
---------------------------------------------------------------------------------------
Resolving symmetries by property value.
Resolving symmetries by pin name.
Netlists match uniquely.

Subcircuit pins:
Circuit 1: afe_wb                          |Circuit 2: afe_wb                          
-------------------------------------------|-------------------------------------------
analog_io_oeb[24]                          |analog_io_oeb[24]                          
analog_io_oeb[3]                           |analog_io_oeb[3]                           
analog_io_oeb[13]                          |analog_io_oeb[13]                          
analog_io_oeb[2]                           |analog_io_oeb[2]                           
analog_io_oeb[23]                          |analog_io_oeb[23]                          
analog_io_oeb[12]                          |analog_io_oeb[12]                          
analog_io_oeb[1]                           |analog_io_oeb[1]                           
analog_io_oeb[22]                          |analog_io_oeb[22]                          
analog_io_oeb[11]                          |analog_io_oeb[11]                          
analog_io_oeb[0]                           |analog_io_oeb[0]                           
analog_io_oeb[21]                          |analog_io_oeb[21]                          
analog_io_oeb[10]                          |analog_io_oeb[10]                          
analog_io_oeb[20]                          |analog_io_oeb[20]                          
analog_io_oeb[9]                           |analog_io_oeb[9]                           
analog_io_oeb[19]                          |analog_io_oeb[19]                          
analog_io_oeb[8]                           |analog_io_oeb[8]                           
analog_io_oeb[18]                          |analog_io_oeb[18]                          
analog_io_oeb[7]                           |analog_io_oeb[7]                           
analog_io_oeb[17]                          |analog_io_oeb[17]                          
analog_io_oeb[6]                           |analog_io_oeb[6]                           
analog_io_oeb[27]                          |analog_io_oeb[27]                          
analog_io_oeb[16]                          |analog_io_oeb[16]                          
analog_io_oeb[5]                           |analog_io_oeb[5]                           
analog_io_oeb[26]                          |analog_io_oeb[26]                          
analog_io_oeb[15]                          |analog_io_oeb[15]                          
analog_io_oeb[4]                           |analog_io_oeb[4]                           
analog_io_oeb[25]                          |analog_io_oeb[25]                          
analog_io_oeb[14]                          |analog_io_oeb[14]                          
analog_ctrl[7]                             |analog_ctrl[7]                             
analog_io_out[1]                           |analog_io_out[1]                           
analog_io_out[11]                          |analog_io_out[11]                          
analog_io_out[0]                           |analog_io_out[0]                           
analog_io_out[21]                          |analog_io_out[21]                          
analog_io_out[10]                          |analog_io_out[10]                          
analog_ctrl[103]                           |analog_ctrl[103]                           
analog_io_out[20]                          |analog_io_out[20]                          
analog_io_out[9]                           |analog_io_out[9]                           
analog_ctrl[102]                           |analog_ctrl[102]                           
analog_io_out[19]                          |analog_io_out[19]                          
analog_io_out[8]                           |analog_io_out[8]                           
analog_ctrl[101]                           |analog_ctrl[101]                           
analog_io_out[18]                          |analog_io_out[18]                          
analog_io_out[7]                           |analog_io_out[7]                           
analog_ctrl[100]                           |analog_ctrl[100]                           
analog_io_out[17]                          |analog_io_out[17]                          
analog_io_out[6]                           |analog_io_out[6]                           
analog_ctrl[99]                            |analog_ctrl[99]                            
analog_io_out[27]                          |analog_io_out[27]                          
analog_io_out[16]                          |analog_io_out[16]                          
analog_io_out[5]                           |analog_io_out[5]                           
analog_ctrl[98]                            |analog_ctrl[98]                            
analog_io_out[26]                          |analog_io_out[26]                          
analog_io_out[15]                          |analog_io_out[15]                          
analog_io_out[4]                           |analog_io_out[4]                           
analog_io_out[25]                          |analog_io_out[25]                          
analog_io_out[14]                          |analog_io_out[14]                          
analog_io_out[3]                           |analog_io_out[3]                           
analog_io_out[24]                          |analog_io_out[24]                          
analog_io_out[13]                          |analog_io_out[13]                          
analog_io_out[2]                           |analog_io_out[2]                           
analog_io_out[23]                          |analog_io_out[23]                          
analog_io_out[12]                          |analog_io_out[12]                          
analog_io_out[22]                          |analog_io_out[22]                          
wb_clk_i                                   |wb_clk_i                                   
wbs_dat_i[2]                               |wbs_dat_i[2]                               
wbs_adr_i[5]                               |wbs_adr_i[5]                               
wbs_adr_i[2]                               |wbs_adr_i[2]                               
wbs_adr_i[3]                               |wbs_adr_i[3]                               
wbs_adr_i[4]                               |wbs_adr_i[4]                               
wbs_dat_i[4]                               |wbs_dat_i[4]                               
wbs_dat_i[3]                               |wbs_dat_i[3]                               
wbs_dat_i[1]                               |wbs_dat_i[1]                               
wbs_dat_i[0]                               |wbs_dat_i[0]                               
wbs_dat_i[5]                               |wbs_dat_i[5]                               
wbs_dat_i[10]                              |wbs_dat_i[10]                              
wbs_dat_i[12]                              |wbs_dat_i[12]                              
wbs_dat_i[8]                               |wbs_dat_i[8]                               
wbs_dat_i[7]                               |wbs_dat_i[7]                               
wbs_dat_i[9]                               |wbs_dat_i[9]                               
wbs_dat_i[14]                              |wbs_dat_i[14]                              
wbs_dat_i[6]                               |wbs_dat_i[6]                               
wbs_dat_i[11]                              |wbs_dat_i[11]                              
wbs_dat_i[31]                              |wbs_dat_i[31]                              
wbs_dat_i[30]                              |wbs_dat_i[30]                              
wbs_dat_i[27]                              |wbs_dat_i[27]                              
wbs_dat_i[21]                              |wbs_dat_i[21]                              
wbs_dat_i[28]                              |wbs_dat_i[28]                              
wbs_dat_i[26]                              |wbs_dat_i[26]                              
wbs_dat_i[19]                              |wbs_dat_i[19]                              
wbs_dat_i[25]                              |wbs_dat_i[25]                              
wbs_dat_i[29]                              |wbs_dat_i[29]                              
wbs_dat_i[24]                              |wbs_dat_i[24]                              
wbs_dat_i[16]                              |wbs_dat_i[16]                              
wbs_dat_i[18]                              |wbs_dat_i[18]                              
wbs_dat_i[22]                              |wbs_dat_i[22]                              
wbs_dat_i[15]                              |wbs_dat_i[15]                              
wbs_dat_i[20]                              |wbs_dat_i[20]                              
wbs_dat_i[13]                              |wbs_dat_i[13]                              
wbs_dat_i[23]                              |wbs_dat_i[23]                              
wbs_dat_i[17]                              |wbs_dat_i[17]                              
wbs_cyc_i                                  |wbs_cyc_i                                  
wbs_stb_i                                  |wbs_stb_i                                  
wbs_we_i                                   |wbs_we_i                                   
wb_rst_i                                   |wb_rst_i                                   
adc_eof                                    |adc_eof                                    
adc_data[4]                                |adc_data[4]                                
adc_data[2]                                |adc_data[2]                                
adc_data[7]                                |adc_data[7]                                
adc_data[8]                                |adc_data[8]                                
adc_data[11]                               |adc_data[11]                               
adc_data[9]                                |adc_data[9]                                
adc_data[10]                               |adc_data[10]                               
adc_data[1]                                |adc_data[1]                                
adc_data[3]                                |adc_data[3]                                
adc_data[5]                                |adc_data[5]                                
adc_data[6]                                |adc_data[6]                                
adc_data[0]                                |adc_data[0]                                
wbs_ack_o                                  |wbs_ack_o                                  
analog_ctrl[84]                            |analog_ctrl[84]                            
analog_ctrl[72]                            |analog_ctrl[72]                            
wbs_dat_o[3]                               |wbs_dat_o[3]                               
wbs_dat_o[10]                              |wbs_dat_o[10]                              
analog_ctrl[95]                            |analog_ctrl[95]                            
analog_ctrl[94]                            |analog_ctrl[94]                            
analog_ctrl[93]                            |analog_ctrl[93]                            
analog_ctrl[92]                            |analog_ctrl[92]                            
analog_ctrl[91]                            |analog_ctrl[91]                            
analog_ctrl[90]                            |analog_ctrl[90]                            
analog_ctrl[88]                            |analog_ctrl[88]                            
analog_ctrl[87]                            |analog_ctrl[87]                            
analog_ctrl[86]                            |analog_ctrl[86]                            
analog_ctrl[89]                            |analog_ctrl[89]                            
analog_ctrl[85]                            |analog_ctrl[85]                            
analog_ctrl[81]                            |analog_ctrl[81]                            
analog_ctrl[80]                            |analog_ctrl[80]                            
analog_ctrl[82]                            |analog_ctrl[82]                            
analog_ctrl[83]                            |analog_ctrl[83]                            
analog_ctrl[79]                            |analog_ctrl[79]                            
analog_ctrl[78]                            |analog_ctrl[78]                            
analog_ctrl[77]                            |analog_ctrl[77]                            
analog_ctrl[76]                            |analog_ctrl[76]                            
analog_ctrl[75]                            |analog_ctrl[75]                            
analog_ctrl[74]                            |analog_ctrl[74]                            
analog_ctrl[73]                            |analog_ctrl[73]                            
analog_ctrl[71]                            |analog_ctrl[71]                            
analog_ctrl[70]                            |analog_ctrl[70]                            
analog_ctrl[69]                            |analog_ctrl[69]                            
analog_ctrl[68]                            |analog_ctrl[68]                            
analog_ctrl[67]                            |analog_ctrl[67]                            
analog_ctrl[66]                            |analog_ctrl[66]                            
analog_ctrl[65]                            |analog_ctrl[65]                            
analog_ctrl[64]                            |analog_ctrl[64]                            
analog_ctrl[31]                            |analog_ctrl[31]                            
wbs_dat_o[9]                               |wbs_dat_o[9]                               
wbs_dat_o[7]                               |wbs_dat_o[7]                               
wbs_dat_o[8]                               |wbs_dat_o[8]                               
wbs_dat_o[6]                               |wbs_dat_o[6]                               
wbs_dat_o[5]                               |wbs_dat_o[5]                               
wbs_dat_o[4]                               |wbs_dat_o[4]                               
wbs_dat_o[30]                              |wbs_dat_o[30]                              
wbs_dat_o[31]                              |wbs_dat_o[31]                              
wbs_dat_o[2]                               |wbs_dat_o[2]                               
wbs_dat_o[28]                              |wbs_dat_o[28]                              
wbs_dat_o[26]                              |wbs_dat_o[26]                              
wbs_dat_o[27]                              |wbs_dat_o[27]                              
wbs_dat_o[29]                              |wbs_dat_o[29]                              
wbs_dat_o[23]                              |wbs_dat_o[23]                              
wbs_dat_o[1]                               |wbs_dat_o[1]                               
wbs_dat_o[14]                              |wbs_dat_o[14]                              
wbs_dat_o[24]                              |wbs_dat_o[24]                              
wbs_dat_o[15]                              |wbs_dat_o[15]                              
wbs_dat_o[25]                              |wbs_dat_o[25]                              
wbs_dat_o[16]                              |wbs_dat_o[16]                              
wbs_dat_o[17]                              |wbs_dat_o[17]                              
wbs_dat_o[18]                              |wbs_dat_o[18]                              
wbs_dat_o[19]                              |wbs_dat_o[19]                              
wbs_dat_o[20]                              |wbs_dat_o[20]                              
wbs_dat_o[21]                              |wbs_dat_o[21]                              
wbs_dat_o[22]                              |wbs_dat_o[22]                              
wbs_dat_o[13]                              |wbs_dat_o[13]                              
wbs_dat_o[12]                              |wbs_dat_o[12]                              
wbs_dat_o[11]                              |wbs_dat_o[11]                              
wbs_dat_o[0]                               |wbs_dat_o[0]                               
analog_ctrl[53]                            |analog_ctrl[53]                            
analog_ctrl[40]                            |analog_ctrl[40]                            
analog_ctrl[42]                            |analog_ctrl[42]                            
analog_ctrl[107]                           |analog_ctrl[107]                           
analog_ctrl[52]                            |analog_ctrl[52]                            
analog_ctrl[108]                           |analog_ctrl[108]                           
analog_ctrl[34]                            |analog_ctrl[34]                            
analog_ctrl[6]                             |analog_ctrl[6]                             
analog_ctrl[54]                            |analog_ctrl[54]                            
analog_ctrl[44]                            |analog_ctrl[44]                            
analog_ctrl[35]                            |analog_ctrl[35]                            
analog_ctrl[8]                             |analog_ctrl[8]                             
analog_ctrl[45]                            |analog_ctrl[45]                            
analog_ctrl[46]                            |analog_ctrl[46]                            
analog_ctrl[36]                            |analog_ctrl[36]                            
analog_ctrl[47]                            |analog_ctrl[47]                            
analog_ctrl[37]                            |analog_ctrl[37]                            
analog_ctrl[38]                            |analog_ctrl[38]                            
analog_ctrl[26]                            |analog_ctrl[26]                            
analog_ctrl[28]                            |analog_ctrl[28]                            
analog_ctrl[27]                            |analog_ctrl[27]                            
analog_ctrl[18]                            |analog_ctrl[18]                            
analog_ctrl[119]                           |analog_ctrl[119]                           
analog_ctrl[19]                            |analog_ctrl[19]                            
analog_ctrl[29]                            |analog_ctrl[29]                            
analog_ctrl[120]                           |analog_ctrl[120]                           
analog_ctrl[110]                           |analog_ctrl[110]                           
analog_ctrl[2]                             |analog_ctrl[2]                             
analog_ctrl[121]                           |analog_ctrl[121]                           
analog_ctrl[30]                            |analog_ctrl[30]                            
analog_ctrl[122]                           |analog_ctrl[122]                           
analog_ctrl[112]                           |analog_ctrl[112]                           
analog_ctrl[21]                            |analog_ctrl[21]                            
analog_ctrl[113]                           |analog_ctrl[113]                           
analog_ctrl[111]                           |analog_ctrl[111]                           
analog_ctrl[32]                            |analog_ctrl[32]                            
analog_ctrl[22]                            |analog_ctrl[22]                            
analog_ctrl[12]                            |analog_ctrl[12]                            
analog_ctrl[33]                            |analog_ctrl[33]                            
analog_ctrl[23]                            |analog_ctrl[23]                            
analog_ctrl[24]                            |analog_ctrl[24]                            
analog_ctrl[43]                            |analog_ctrl[43]                            
analog_ctrl[14]                            |analog_ctrl[14]                            
analog_ctrl[11]                            |analog_ctrl[11]                            
analog_ctrl[115]                           |analog_ctrl[115]                           
analog_ctrl[25]                            |analog_ctrl[25]                            
analog_ctrl[17]                            |analog_ctrl[17]                            
analog_ctrl[15]                            |analog_ctrl[15]                            
analog_ctrl[116]                           |analog_ctrl[116]                           
analog_ctrl[20]                            |analog_ctrl[20]                            
analog_ctrl[16]                            |analog_ctrl[16]                            
analog_ctrl[117]                           |analog_ctrl[117]                           
analog_ctrl[55]                            |analog_ctrl[55]                            
analog_ctrl[118]                           |analog_ctrl[118]                           
analog_ctrl[114]                           |analog_ctrl[114]                           
analog_ctrl[97]                            |analog_ctrl[97]                            
analog_ctrl[109]                           |analog_ctrl[109]                           
analog_ctrl[57]                            |analog_ctrl[57]                            
analog_ctrl[56]                            |analog_ctrl[56]                            
analog_ctrl[13]                            |analog_ctrl[13]                            
analog_ctrl[10]                            |analog_ctrl[10]                            
analog_ctrl[9]                             |analog_ctrl[9]                             
analog_ctrl[58]                            |analog_ctrl[58]                            
analog_ctrl[48]                            |analog_ctrl[48]                            
analog_ctrl[59]                            |analog_ctrl[59]                            
analog_ctrl[49]                            |analog_ctrl[49]                            
analog_ctrl[39]                            |analog_ctrl[39]                            
analog_ctrl[0]                             |analog_ctrl[0]                             
analog_ctrl[5]                             |analog_ctrl[5]                             
analog_ctrl[1]                             |analog_ctrl[1]                             
analog_ctrl[4]                             |analog_ctrl[4]                             
analog_ctrl[3]                             |analog_ctrl[3]                             
analog_ctrl[104]                           |analog_ctrl[104]                           
analog_ctrl[96]                            |analog_ctrl[96]                            
analog_ctrl[50]                            |analog_ctrl[50]                            
analog_ctrl[105]                           |analog_ctrl[105]                           
analog_ctrl[63]                            |analog_ctrl[63]                            
analog_ctrl[62]                            |analog_ctrl[62]                            
analog_ctrl[60]                            |analog_ctrl[60]                            
analog_ctrl[51]                            |analog_ctrl[51]                            
analog_ctrl[41]                            |analog_ctrl[41]                            
analog_ctrl[106]                           |analog_ctrl[106]                           
analog_ctrl[61]                            |analog_ctrl[61]                            
vssd1                                      |vssd1                                      
vccd1                                      |vccd1                                      
wbs_adr_i[0]                               |wbs_adr_i[0]                               
wbs_adr_i[10]                              |wbs_adr_i[10]                              
wbs_adr_i[11]                              |wbs_adr_i[11]                              
wbs_adr_i[12]                              |wbs_adr_i[12]                              
wbs_adr_i[13]                              |wbs_adr_i[13]                              
wbs_adr_i[14]                              |wbs_adr_i[14]                              
wbs_adr_i[15]                              |wbs_adr_i[15]                              
wbs_adr_i[16]                              |wbs_adr_i[16]                              
wbs_adr_i[17]                              |wbs_adr_i[17]                              
wbs_adr_i[18]                              |wbs_adr_i[18]                              
wbs_adr_i[19]                              |wbs_adr_i[19]                              
wbs_adr_i[1]                               |wbs_adr_i[1]                               
wbs_adr_i[20]                              |wbs_adr_i[20]                              
wbs_adr_i[21]                              |wbs_adr_i[21]                              
wbs_adr_i[22]                              |wbs_adr_i[22]                              
wbs_adr_i[23]                              |wbs_adr_i[23]                              
wbs_adr_i[24]                              |wbs_adr_i[24]                              
wbs_adr_i[25]                              |wbs_adr_i[25]                              
wbs_adr_i[26]                              |wbs_adr_i[26]                              
wbs_adr_i[27]                              |wbs_adr_i[27]                              
wbs_adr_i[28]                              |wbs_adr_i[28]                              
wbs_adr_i[29]                              |wbs_adr_i[29]                              
wbs_adr_i[30]                              |wbs_adr_i[30]                              
wbs_adr_i[31]                              |wbs_adr_i[31]                              
wbs_adr_i[6]                               |wbs_adr_i[6]                               
wbs_adr_i[7]                               |wbs_adr_i[7]                               
wbs_adr_i[8]                               |wbs_adr_i[8]                               
wbs_adr_i[9]                               |wbs_adr_i[9]                               
wbs_sel_i[0]                               |wbs_sel_i[0]                               
wbs_sel_i[1]                               |wbs_sel_i[1]                               
wbs_sel_i[2]                               |wbs_sel_i[2]                               
wbs_sel_i[3]                               |wbs_sel_i[3]                               
---------------------------------------------------------------------------------------
Cell pin lists are equivalent.
Device classes afe_wb and afe_wb are equivalent.

Final result: Circuits match uniquely.
.
