Netgen 1.5.316 compiled on Tue Feb 10 10:44:29 UTC 2026
Warning: netgen command 'format' use fully-qualified name '::netgen::format'
Warning: netgen command 'global' use fully-qualified name '::netgen::global'
Warning:  A case-insensitive file has been read and so the	verilog file must be treated case-insensitive to match.
Reading SPICE netlist file '/Users/jeffdi/Projects/chipignite-ip/cf-sensor-afe/dependencies/pdks/sky130A/libs.ref/sky130_fd_sc_hd/spice/sky130_ef_sc_hd__decap_12.spice'...
Call to undefined subcircuit sky130_fd_pr__pfet_01v8_hvt
Creating placeholder cell definition.
Call to undefined subcircuit sky130_fd_pr__nfet_01v8
Creating placeholder cell definition.
Reading SPICE netlist file '/Users/jeffdi/Projects/chipignite-ip/cf-sensor-afe/dependencies/pdks/sky130A/libs.ref/sky130_fd_sc_hd/spice/sky130_ef_sc_hd__decap_20_12.spice'...
Reading SPICE netlist file '/Users/jeffdi/Projects/chipignite-ip/cf-sensor-afe/dependencies/pdks/sky130A/libs.ref/sky130_fd_sc_hd/spice/sky130_ef_sc_hd__decap_40_12.spice'...
Reading SPICE netlist file '/Users/jeffdi/Projects/chipignite-ip/cf-sensor-afe/dependencies/pdks/sky130A/libs.ref/sky130_fd_sc_hd/spice/sky130_ef_sc_hd__decap_60_12.spice'...
Reading SPICE netlist file '/Users/jeffdi/Projects/chipignite-ip/cf-sensor-afe/dependencies/pdks/sky130A/libs.ref/sky130_fd_sc_hd/spice/sky130_ef_sc_hd__decap_80_12.spice'...
Reading SPICE netlist file '/Users/jeffdi/Projects/chipignite-ip/cf-sensor-afe/dependencies/pdks/sky130A/libs.ref/sky130_fd_sc_hd/spice/sky130_ef_sc_hd__fill_12.spice'...
Reading SPICE netlist file '/Users/jeffdi/Projects/chipignite-ip/cf-sensor-afe/dependencies/pdks/sky130A/libs.ref/sky130_fd_sc_hd/spice/sky130_ef_sc_hd__fill_2.spice'...
Reading SPICE netlist file '/Users/jeffdi/Projects/chipignite-ip/cf-sensor-afe/dependencies/pdks/sky130A/libs.ref/sky130_fd_sc_hd/spice/sky130_ef_sc_hd__fill_4.spice'...
Reading SPICE netlist file '/Users/jeffdi/Projects/chipignite-ip/cf-sensor-afe/dependencies/pdks/sky130A/libs.ref/sky130_fd_sc_hd/spice/sky130_ef_sc_hd__fill_8.spice'...
Reading SPICE netlist file '/Users/jeffdi/Projects/chipignite-ip/cf-sensor-afe/dependencies/pdks/sky130A/libs.ref/sky130_fd_sc_hd/spice/sky130_fd_sc_hd.spice'...
Call to undefined subcircuit sky130_fd_pr__res_generic_po
Creating placeholder cell definition.
Call to undefined subcircuit sky130_fd_pr__special_nfet_01v8
Creating placeholder cell definition.
Call to undefined subcircuit sky130_fd_pr__diode_pw2nd_05v5
Creating placeholder cell definition.
Call to undefined subcircuit sky130_fd_pr__special_pfet_01v8_hvt
Creating placeholder cell definition.
Call to undefined subcircuit sky130_fd_sc_hd__nand2_2
Creating placeholder cell definition.
Call to undefined subcircuit sky130_fd_sc_hd__nor2_2
Creating placeholder cell definition.
Reading Verilog netlist file '/Users/jeffdi/Projects/chipignite-ip/cf-sensor-afe/openlane/afe_wb/runs/26_09_17_10_53/52-openroad-fillinsertion/afe_wb.pnl.v'...
Warning:  A case-insensitive file has been read and so the	verilog file must be treated case-insensitive to match.
Note:  Implicit pin HI in instance afe_wb of sky130_fd_sc_hd__conb_1 in cell afe_wb
Note:  Implicit pin HI in instance afe_wb_502 of sky130_fd_sc_hd__conb_1 in cell afe_wb
Note:  Implicit pin HI in instance afe_wb_503 of sky130_fd_sc_hd__conb_1 in cell afe_wb
Note:  Implicit pin HI in instance afe_wb_504 of sky130_fd_sc_hd__conb_1 in cell afe_wb
Note:  Implicit pin HI in instance afe_wb_505 of sky130_fd_sc_hd__conb_1 in cell afe_wb
Note:  Implicit pin HI in instance afe_wb_506 of sky130_fd_sc_hd__conb_1 in cell afe_wb
Note:  Implicit pin HI in instance afe_wb_507 of sky130_fd_sc_hd__conb_1 in cell afe_wb
Note:  Implicit pin HI in instance afe_wb_508 of sky130_fd_sc_hd__conb_1 in cell afe_wb
Note:  Implicit pin HI in instance afe_wb_509 of sky130_fd_sc_hd__conb_1 in cell afe_wb
Note:  Implicit pin HI in instance afe_wb_510 of sky130_fd_sc_hd__conb_1 in cell afe_wb
Note:  Implicit pin HI in instance afe_wb_511 of sky130_fd_sc_hd__conb_1 in cell afe_wb
Note:  Implicit pin HI in instance afe_wb_512 of sky130_fd_sc_hd__conb_1 in cell afe_wb
Note:  Implicit pin HI in instance afe_wb_513 of sky130_fd_sc_hd__conb_1 in cell afe_wb
Note:  Implicit pin HI in instance afe_wb_514 of sky130_fd_sc_hd__conb_1 in cell afe_wb
Note:  Implicit pin HI in instance afe_wb_515 of sky130_fd_sc_hd__conb_1 in cell afe_wb
Note:  Implicit pin HI in instance afe_wb_516 of sky130_fd_sc_hd__conb_1 in cell afe_wb
Note:  Implicit pin HI in instance afe_wb_517 of sky130_fd_sc_hd__conb_1 in cell afe_wb
Note:  Implicit pin HI in instance afe_wb_518 of sky130_fd_sc_hd__conb_1 in cell afe_wb
Note:  Implicit pin HI in instance afe_wb_519 of sky130_fd_sc_hd__conb_1 in cell afe_wb
Note:  Implicit pin HI in instance afe_wb_520 of sky130_fd_sc_hd__conb_1 in cell afe_wb
Note:  Implicit pin HI in instance afe_wb_521 of sky130_fd_sc_hd__conb_1 in cell afe_wb
Note:  Implicit pin HI in instance afe_wb_522 of sky130_fd_sc_hd__conb_1 in cell afe_wb
Note:  Implicit pin HI in instance afe_wb_523 of sky130_fd_sc_hd__conb_1 in cell afe_wb
Note:  Implicit pin HI in instance afe_wb_524 of sky130_fd_sc_hd__conb_1 in cell afe_wb
Note:  Implicit pin HI in instance afe_wb_525 of sky130_fd_sc_hd__conb_1 in cell afe_wb
Note:  Implicit pin HI in instance afe_wb_526 of sky130_fd_sc_hd__conb_1 in cell afe_wb
Note:  Implicit pin HI in instance afe_wb_527 of sky130_fd_sc_hd__conb_1 in cell afe_wb
Note:  Implicit pin HI in instance afe_wb_528 of sky130_fd_sc_hd__conb_1 in cell afe_wb
Note:  Implicit pin HI in instance afe_wb_529 of sky130_fd_sc_hd__conb_1 in cell afe_wb
Note:  Implicit pin HI in instance afe_wb_530 of sky130_fd_sc_hd__conb_1 in cell afe_wb
Note:  Implicit pin HI in instance afe_wb_531 of sky130_fd_sc_hd__conb_1 in cell afe_wb
Note:  Implicit pin HI in instance afe_wb_532 of sky130_fd_sc_hd__conb_1 in cell afe_wb
Note:  Implicit pin HI in instance afe_wb_533 of sky130_fd_sc_hd__conb_1 in cell afe_wb
Note:  Implicit pin HI in instance afe_wb_534 of sky130_fd_sc_hd__conb_1 in cell afe_wb
Note:  Implicit pin HI in instance afe_wb_535 of sky130_fd_sc_hd__conb_1 in cell afe_wb
Note:  Implicit pin LO in instance afe_wb_536 of sky130_fd_sc_hd__conb_1 in cell afe_wb
Note:  Implicit pin LO in instance afe_wb_537 of sky130_fd_sc_hd__conb_1 in cell afe_wb
Note:  Implicit pin LO in instance afe_wb_538 of sky130_fd_sc_hd__conb_1 in cell afe_wb
Note:  Implicit pin LO in instance afe_wb_539 of sky130_fd_sc_hd__conb_1 in cell afe_wb
Note:  Implicit pin LO in instance afe_wb_540 of sky130_fd_sc_hd__conb_1 in cell afe_wb
Note:  Implicit pin LO in instance afe_wb_541 of sky130_fd_sc_hd__conb_1 in cell afe_wb
Note:  Implicit pin LO in instance afe_wb_542 of sky130_fd_sc_hd__conb_1 in cell afe_wb
Note:  Implicit pin LO in instance afe_wb_543 of sky130_fd_sc_hd__conb_1 in cell afe_wb
Note:  Implicit pin LO in instance afe_wb_544 of sky130_fd_sc_hd__conb_1 in cell afe_wb
Note:  Implicit pin LO in instance afe_wb_545 of sky130_fd_sc_hd__conb_1 in cell afe_wb
Note:  Implicit pin LO in instance afe_wb_546 of sky130_fd_sc_hd__conb_1 in cell afe_wb
Note:  Implicit pin LO in instance afe_wb_547 of sky130_fd_sc_hd__conb_1 in cell afe_wb
Note:  Implicit pin LO in instance afe_wb_548 of sky130_fd_sc_hd__conb_1 in cell afe_wb
Note:  Implicit pin LO in instance afe_wb_549 of sky130_fd_sc_hd__conb_1 in cell afe_wb
Note:  Implicit pin LO in instance afe_wb_550 of sky130_fd_sc_hd__conb_1 in cell afe_wb
Note:  Implicit pin LO in instance afe_wb_551 of sky130_fd_sc_hd__conb_1 in cell afe_wb
Note:  Implicit pin LO in instance afe_wb_552 of sky130_fd_sc_hd__conb_1 in cell afe_wb
Note:  Implicit pin LO in instance afe_wb_553 of sky130_fd_sc_hd__conb_1 in cell afe_wb
Note:  Implicit pin LO in instance afe_wb_554 of sky130_fd_sc_hd__conb_1 in cell afe_wb
Note:  Implicit pin LO in instance afe_wb_555 of sky130_fd_sc_hd__conb_1 in cell afe_wb
Note:  Implicit pin LO in instance afe_wb_556 of sky130_fd_sc_hd__conb_1 in cell afe_wb
Note:  Implicit pin LO in instance afe_wb_557 of sky130_fd_sc_hd__conb_1 in cell afe_wb
Note:  Implicit pin LO in instance afe_wb_558 of sky130_fd_sc_hd__conb_1 in cell afe_wb
Note:  Implicit pin LO in instance afe_wb_559 of sky130_fd_sc_hd__conb_1 in cell afe_wb
Note:  Implicit pin LO in instance afe_wb_560 of sky130_fd_sc_hd__conb_1 in cell afe_wb
Note:  Implicit pin LO in instance afe_wb_561 of sky130_fd_sc_hd__conb_1 in cell afe_wb
Note:  Implicit pin LO in instance afe_wb_562 of sky130_fd_sc_hd__conb_1 in cell afe_wb
Note:  Implicit pin LO in instance afe_wb_563 of sky130_fd_sc_hd__conb_1 in cell afe_wb
Note:  Implicit pin Y in instance clkload0 of sky130_fd_sc_hd__inv_6 in cell afe_wb
Note:  Implicit pin X in instance clkload1 of sky130_fd_sc_hd__clkbuf_8 in cell afe_wb
Note:  Implicit pin X in instance clkload10 of sky130_fd_sc_hd__clkbuf_4 in cell afe_wb
Note:  Implicit pin X in instance clkload11 of sky130_fd_sc_hd__clkbuf_4 in cell afe_wb
Note:  Implicit pin X in instance clkload12 of sky130_fd_sc_hd__clkbuf_4 in cell afe_wb
Note:  Implicit pin Y in instance clkload13 of sky130_fd_sc_hd__clkinv_2 in cell afe_wb
Note:  Implicit pin X in instance clkload14 of sky130_fd_sc_hd__clkbuf_8 in cell afe_wb
Note:  Implicit pin Y in instance clkload15 of sky130_fd_sc_hd__clkinv_2 in cell afe_wb
Note:  Implicit pin X in instance clkload16 of sky130_fd_sc_hd__clkbuf_8 in cell afe_wb
Note:  Implicit pin X in instance clkload17 of sky130_fd_sc_hd__clkbuf_4 in cell afe_wb
Note:  Implicit pin X in instance clkload18 of sky130_fd_sc_hd__clkbuf_4 in cell afe_wb
Note:  Implicit pin X in instance clkload19 of sky130_fd_sc_hd__clkbuf_4 in cell afe_wb
Note:  Implicit pin X in instance clkload2 of sky130_fd_sc_hd__clkbuf_4 in cell afe_wb
Note:  Implicit pin X in instance clkload20 of sky130_fd_sc_hd__clkbuf_4 in cell afe_wb
Note:  Implicit pin X in instance clkload21 of sky130_fd_sc_hd__clkbuf_4 in cell afe_wb
Note:  Implicit pin X in instance clkload22 of sky130_fd_sc_hd__clkbuf_8 in cell afe_wb
Note:  Implicit pin X in instance clkload23 of sky130_fd_sc_hd__clkbuf_4 in cell afe_wb
Note:  Implicit pin X in instance clkload24 of sky130_fd_sc_hd__clkbuf_8 in cell afe_wb
Note:  Implicit pin X in instance clkload25 of sky130_fd_sc_hd__clkbuf_8 in cell afe_wb
Note:  Implicit pin Y in instance clkload26 of sky130_fd_sc_hd__clkinv_2 in cell afe_wb
Note:  Implicit pin X in instance clkload27 of sky130_fd_sc_hd__clkbuf_8 in cell afe_wb
Note:  Implicit pin X in instance clkload28 of sky130_fd_sc_hd__clkbuf_8 in cell afe_wb
Note:  Implicit pin X in instance clkload29 of sky130_fd_sc_hd__clkbuf_8 in cell afe_wb
Note:  Implicit pin X in instance clkload3 of sky130_fd_sc_hd__clkbuf_4 in cell afe_wb
Note:  Implicit pin X in instance clkload4 of sky130_fd_sc_hd__clkbuf_8 in cell afe_wb
Note:  Implicit pin X in instance clkload5 of sky130_fd_sc_hd__clkbuf_8 in cell afe_wb
Note:  Implicit pin X in instance clkload6 of sky130_fd_sc_hd__clkbuf_4 in cell afe_wb
Note:  Implicit pin X in instance clkload7 of sky130_fd_sc_hd__clkbuf_4 in cell afe_wb
Note:  Implicit pin X in instance clkload8 of sky130_fd_sc_hd__clkbuf_4 in cell afe_wb
Note:  Implicit pin X in instance clkload9 of sky130_fd_sc_hd__clkbuf_8 in cell afe_wb
Treating empty subcircuits as black-box cells
Generating JSON file result

Reading setup file /nix/store/ckjsd6nb5fbsamh11i65v2b6dr9r0a90-python3-3.13.9-env/lib/python3.13/site-packages/librelane/scripts/netgen/setup.tcl

Model sky130_fd_pr__res_generic_po pin 1 == 2
No property value found for device sky130_fd_pr__res_generic_po
No property mult found for device sky130_fd_pr__res_generic_po
Model sky130_fd_pr__nfet_01v8 pin 1 == 3
No property mult found for device sky130_fd_pr__nfet_01v8
No property sa found for device sky130_fd_pr__nfet_01v8
No property sb found for device sky130_fd_pr__nfet_01v8
No property sd found for device sky130_fd_pr__nfet_01v8
No property nf found for device sky130_fd_pr__nfet_01v8
No property nrd found for device sky130_fd_pr__nfet_01v8
No property nrs found for device sky130_fd_pr__nfet_01v8
No property area found for device sky130_fd_pr__nfet_01v8
No property perim found for device sky130_fd_pr__nfet_01v8
No property topography found for device sky130_fd_pr__nfet_01v8
Model sky130_fd_pr__pfet_01v8_hvt pin 1 == 3
No property mult found for device sky130_fd_pr__pfet_01v8_hvt
No property sa found for device sky130_fd_pr__pfet_01v8_hvt
No property sb found for device sky130_fd_pr__pfet_01v8_hvt
No property sd found for device sky130_fd_pr__pfet_01v8_hvt
No property nf found for device sky130_fd_pr__pfet_01v8_hvt
No property nrd found for device sky130_fd_pr__pfet_01v8_hvt
No property nrs found for device sky130_fd_pr__pfet_01v8_hvt
No property area found for device sky130_fd_pr__pfet_01v8_hvt
No property perim found for device sky130_fd_pr__pfet_01v8_hvt
No property topography found for device sky130_fd_pr__pfet_01v8_hvt
Model sky130_fd_pr__special_nfet_01v8 pin 1 == 3
No property as found for device sky130_fd_pr__special_nfet_01v8
No property ad found for device sky130_fd_pr__special_nfet_01v8
No property ps found for device sky130_fd_pr__special_nfet_01v8
No property pd found for device sky130_fd_pr__special_nfet_01v8
No property mult found for device sky130_fd_pr__special_nfet_01v8
No property sa found for device sky130_fd_pr__special_nfet_01v8
No property sb found for device sky130_fd_pr__special_nfet_01v8
No property sd found for device sky130_fd_pr__special_nfet_01v8
No property nf found for device sky130_fd_pr__special_nfet_01v8
No property nrd found for device sky130_fd_pr__special_nfet_01v8
No property nrs found for device sky130_fd_pr__special_nfet_01v8
No property area found for device sky130_fd_pr__special_nfet_01v8
No property perim found for device sky130_fd_pr__special_nfet_01v8
No property topography found for device sky130_fd_pr__special_nfet_01v8
Model sky130_fd_pr__special_pfet_01v8_hvt pin 1 == 3
No property as found for device sky130_fd_pr__special_pfet_01v8_hvt
No property ad found for device sky130_fd_pr__special_pfet_01v8_hvt
No property ps found for device sky130_fd_pr__special_pfet_01v8_hvt
No property pd found for device sky130_fd_pr__special_pfet_01v8_hvt
No property mult found for device sky130_fd_pr__special_pfet_01v8_hvt
No property sa found for device sky130_fd_pr__special_pfet_01v8_hvt
No property sb found for device sky130_fd_pr__special_pfet_01v8_hvt
No property sd found for device sky130_fd_pr__special_pfet_01v8_hvt
No property nf found for device sky130_fd_pr__special_pfet_01v8_hvt
No property nrd found for device sky130_fd_pr__special_pfet_01v8_hvt
No property nrs found for device sky130_fd_pr__special_pfet_01v8_hvt
No property area found for device sky130_fd_pr__special_pfet_01v8_hvt
No property perim found for device sky130_fd_pr__special_pfet_01v8_hvt
No property topography found for device sky130_fd_pr__special_pfet_01v8_hvt
No property value found for device sky130_fd_pr__diode_pw2nd_05v5
No property mult found for device sky130_fd_pr__diode_pw2nd_05v5
Comparison output logged to file /Users/jeffdi/Projects/chipignite-ip/cf-sensor-afe/openlane/afe_wb/runs/26_09_17_10_53/69-netgen-lvs/reports/lvs.netgen.rpt
Logging to file "/Users/jeffdi/Projects/chipignite-ip/cf-sensor-afe/openlane/afe_wb/runs/26_09_17_10_53/69-netgen-lvs/reports/lvs.netgen.rpt" enabled

Contents of circuit 1:  Circuit: 'sky130_ef_sc_hd__decap_40_12'
Circuit sky130_ef_sc_hd__decap_40_12 contains 0 device instances.
Circuit contains 0 nets, and 4 disconnected pins.
Contents of circuit 2:  Circuit: 'sky130_ef_sc_hd__decap_40_12'
Circuit sky130_ef_sc_hd__decap_40_12 contains 2 device instances.
  Class: sky130_fd_pr__nfet_01v8 instances:   1
  Class: sky130_fd_pr__pfet_01v8_hvt instances:   1
Circuit contains 4 nets.

Circuit sky130_ef_sc_hd__decap_40_12 contains no devices.

Contents of circuit 1:  Circuit: 'sky130_fd_sc_hd__fill_2'
Circuit sky130_fd_sc_hd__fill_2 contains 0 device instances.
Circuit contains 0 nets, and 4 disconnected pins.
Contents of circuit 2:  Circuit: 'sky130_fd_sc_hd__fill_2'
Circuit sky130_fd_sc_hd__fill_2 contains 0 device instances.
Circuit contains 0 nets, and 4 disconnected pins.

Circuit sky130_fd_sc_hd__fill_2 contains no devices.

Contents of circuit 1:  Circuit: 'sky130_fd_sc_hd__tapvpwrvgnd_1'
Circuit sky130_fd_sc_hd__tapvpwrvgnd_1 contains 0 device instances.
Circuit contains 0 nets, and 2 disconnected pins.
Contents of circuit 2:  Circuit: 'sky130_fd_sc_hd__tapvpwrvgnd_1'
Circuit sky130_fd_sc_hd__tapvpwrvgnd_1 contains 0 device instances.
Circuit contains 0 nets, and 2 disconnected pins.

Circuit sky130_fd_sc_hd__tapvpwrvgnd_1 contains no devices.

Contents of circuit 1:  Circuit: 'sky130_fd_sc_hd__fill_4'
Circuit sky130_fd_sc_hd__fill_4 contains 0 device instances.
Circuit contains 0 nets, and 4 disconnected pins.
Contents of circuit 2:  Circuit: 'sky130_fd_sc_hd__fill_4'
Circuit sky130_fd_sc_hd__fill_4 contains 0 device instances.
Circuit contains 0 nets, and 4 disconnected pins.

Circuit sky130_fd_sc_hd__fill_4 contains no devices.

Contents of circuit 1:  Circuit: 'sky130_fd_sc_hd__fill_1'
Circuit sky130_fd_sc_hd__fill_1 contains 0 device instances.
Circuit contains 0 nets, and 4 disconnected pins.
Contents of circuit 2:  Circuit: 'sky130_fd_sc_hd__fill_1'
Circuit sky130_fd_sc_hd__fill_1 contains 0 device instances.
Circuit contains 0 nets, and 4 disconnected pins.

Circuit sky130_fd_sc_hd__fill_1 contains no devices.

Contents of circuit 1:  Circuit: 'sky130_fd_sc_hd__decap_3'
Circuit sky130_fd_sc_hd__decap_3 contains 0 device instances.
Circuit contains 0 nets, and 4 disconnected pins.
Contents of circuit 2:  Circuit: 'sky130_fd_sc_hd__decap_3'
Circuit sky130_fd_sc_hd__decap_3 contains 2 device instances.
  Class: sky130_fd_pr__nfet_01v8 instances:   1
  Class: sky130_fd_pr__pfet_01v8_hvt instances:   1
Circuit contains 4 nets.

Circuit sky130_fd_sc_hd__decap_3 contains no devices.

Contents of circuit 1:  Circuit: 'sky130_fd_sc_hd__fill_8'
Circuit sky130_fd_sc_hd__fill_8 contains 0 device instances.
Circuit contains 0 nets, and 4 disconnected pins.
Contents of circuit 2:  Circuit: 'sky130_fd_sc_hd__fill_8'
Circuit sky130_fd_sc_hd__fill_8 contains 0 device instances.
Circuit contains 0 nets, and 4 disconnected pins.

Circuit sky130_fd_sc_hd__fill_8 contains no devices.

Contents of circuit 1:  Circuit: 'sky130_fd_sc_hd__or2_2'
Circuit sky130_fd_sc_hd__or2_2 contains 0 device instances.
Circuit contains 0 nets, and 7 disconnected pins.
Contents of circuit 2:  Circuit: 'sky130_fd_sc_hd__or2_2'
Circuit sky130_fd_sc_hd__or2_2 contains 8 device instances.
  Class: sky130_fd_pr__nfet_01v8 instances:   4
  Class: sky130_fd_pr__pfet_01v8_hvt instances:   4
Circuit contains 9 nets.

Circuit sky130_fd_sc_hd__or2_2 contains no devices.

Contents of circuit 1:  Circuit: 'sky130_fd_sc_hd__o211a_2'
Circuit sky130_fd_sc_hd__o211a_2 contains 0 device instances.
Circuit contains 0 nets, and 9 disconnected pins.
Contents of circuit 2:  Circuit: 'sky130_fd_sc_hd__o211a_2'
Circuit sky130_fd_sc_hd__o211a_2 contains 12 device instances.
  Class: sky130_fd_pr__nfet_01v8 instances:   6
  Class: sky130_fd_pr__pfet_01v8_hvt instances:   6
Circuit contains 13 nets.

Circuit sky130_fd_sc_hd__o211a_2 contains no devices.

Contents of circuit 1:  Circuit: 'sky130_fd_sc_hd__dfxtp_2'
Circuit sky130_fd_sc_hd__dfxtp_2 contains 0 device instances.
Circuit contains 0 nets, and 7 disconnected pins.
Contents of circuit 2:  Circuit: 'sky130_fd_sc_hd__dfxtp_2'
Circuit sky130_fd_sc_hd__dfxtp_2 contains 26 device instances.
  Class: sky130_fd_pr__nfet_01v8 instances:   9
  Class: sky130_fd_pr__pfet_01v8_hvt instances:  13
  Class: sky130_fd_pr__special_nfet_01v8 instances:   4
Circuit contains 18 nets.

Circuit sky130_fd_sc_hd__dfxtp_2 contains no devices.

Contents of circuit 1:  Circuit: 'sky130_fd_sc_hd__conb_1'
Circuit sky130_fd_sc_hd__conb_1 contains 0 device instances.
Circuit contains 0 nets, and 6 disconnected pins.
Contents of circuit 2:  Circuit: 'sky130_fd_sc_hd__conb_1'
Circuit sky130_fd_sc_hd__conb_1 contains 2 device instances.
  Class: sky130_fd_pr__res_generic_po instances:   2
Circuit contains 4 nets, and 2 disconnected pins.

Circuit sky130_fd_sc_hd__conb_1 contains no devices.

Contents of circuit 1:  Circuit: 'sky130_fd_sc_hd__o221a_2'
Circuit sky130_fd_sc_hd__o221a_2 contains 0 device instances.
Circuit contains 0 nets, and 10 disconnected pins.
Contents of circuit 2:  Circuit: 'sky130_fd_sc_hd__o221a_2'
Circuit sky130_fd_sc_hd__o221a_2 contains 14 device instances.
  Class: sky130_fd_pr__nfet_01v8 instances:   7
  Class: sky130_fd_pr__pfet_01v8_hvt instances:   7
Circuit contains 15 nets.

Circuit sky130_fd_sc_hd__o221a_2 contains no devices.

Contents of circuit 1:  Circuit: 'sky130_fd_sc_hd__a22o_2'
Circuit sky130_fd_sc_hd__a22o_2 contains 0 device instances.
Circuit contains 0 nets, and 9 disconnected pins.
Contents of circuit 2:  Circuit: 'sky130_fd_sc_hd__a22o_2'
Circuit sky130_fd_sc_hd__a22o_2 contains 12 device instances.
  Class: sky130_fd_pr__nfet_01v8 instances:   6
  Class: sky130_fd_pr__pfet_01v8_hvt instances:   6
Circuit contains 13 nets.

Circuit sky130_fd_sc_hd__a22o_2 contains no devices.

Contents of circuit 1:  Circuit: 'sky130_fd_sc_hd__buf_12'
Circuit sky130_fd_sc_hd__buf_12 contains 0 device instances.
Circuit contains 0 nets, and 6 disconnected pins.
Contents of circuit 2:  Circuit: 'sky130_fd_sc_hd__buf_12'
Circuit sky130_fd_sc_hd__buf_12 contains 32 device instances.
  Class: sky130_fd_pr__nfet_01v8 instances:  16
  Class: sky130_fd_pr__pfet_01v8_hvt instances:  16
Circuit contains 7 nets.

Circuit sky130_fd_sc_hd__buf_12 contains no devices.

Contents of circuit 1:  Circuit: 'sky130_fd_sc_hd__buf_4'
Circuit sky130_fd_sc_hd__buf_4 contains 0 device instances.
Circuit contains 0 nets, and 6 disconnected pins.
Contents of circuit 2:  Circuit: 'sky130_fd_sc_hd__buf_4'
Circuit sky130_fd_sc_hd__buf_4 contains 10 device instances.
  Class: sky130_fd_pr__nfet_01v8 instances:   5
  Class: sky130_fd_pr__pfet_01v8_hvt instances:   5
Circuit contains 7 nets.

Circuit sky130_fd_sc_hd__buf_4 contains no devices.

Contents of circuit 1:  Circuit: 'sky130_fd_sc_hd__clkdlybuf4s25_1'
Circuit sky130_fd_sc_hd__clkdlybuf4s25_1 contains 0 device instances.
Circuit contains 0 nets, and 6 disconnected pins.
Contents of circuit 2:  Circuit: 'sky130_fd_sc_hd__clkdlybuf4s25_1'
Circuit sky130_fd_sc_hd__clkdlybuf4s25_1 contains 8 device instances.
  Class: sky130_fd_pr__nfet_01v8 instances:   4
  Class: sky130_fd_pr__pfet_01v8_hvt instances:   4
Circuit contains 9 nets.

Circuit sky130_fd_sc_hd__clkdlybuf4s25_1 contains no devices.

Contents of circuit 1:  Circuit: 'sky130_fd_sc_hd__buf_2'
Circuit sky130_fd_sc_hd__buf_2 contains 0 device instances.
Circuit contains 0 nets, and 6 disconnected pins.
Contents of circuit 2:  Circuit: 'sky130_fd_sc_hd__buf_2'
Circuit sky130_fd_sc_hd__buf_2 contains 6 device instances.
  Class: sky130_fd_pr__nfet_01v8 instances:   3
  Class: sky130_fd_pr__pfet_01v8_hvt instances:   3
Circuit contains 7 nets.

Circuit sky130_fd_sc_hd__buf_2 contains no devices.

Contents of circuit 1:  Circuit: 'sky130_fd_sc_hd__nand2_2'
Circuit sky130_fd_sc_hd__nand2_2 contains 0 device instances.
Circuit contains 0 nets, and 7 disconnected pins.
Contents of circuit 2:  Circuit: 'sky130_fd_sc_hd__nand2_2'
Circuit sky130_fd_sc_hd__nand2_2 contains 8 device instances.
  Class: sky130_fd_pr__nfet_01v8 instances:   4
  Class: sky130_fd_pr__pfet_01v8_hvt instances:   4
Circuit contains 8 nets.

Circuit sky130_fd_sc_hd__nand2_2 contains no devices.

Contents of circuit 1:  Circuit: 'sky130_fd_sc_hd__dlygate4sd3_1'
Circuit sky130_fd_sc_hd__dlygate4sd3_1 contains 0 device instances.
Circuit contains 0 nets, and 6 disconnected pins.
Contents of circuit 2:  Circuit: 'sky130_fd_sc_hd__dlygate4sd3_1'
Circuit sky130_fd_sc_hd__dlygate4sd3_1 contains 8 device instances.
  Class: sky130_fd_pr__nfet_01v8 instances:   4
  Class: sky130_fd_pr__pfet_01v8_hvt instances:   4
Circuit contains 9 nets.

Circuit sky130_fd_sc_hd__dlygate4sd3_1 contains no devices.

Contents of circuit 1:  Circuit: 'sky130_fd_sc_hd__a2111o_2'
Circuit sky130_fd_sc_hd__a2111o_2 contains 0 device instances.
Circuit contains 0 nets, and 10 disconnected pins.
Contents of circuit 2:  Circuit: 'sky130_fd_sc_hd__a2111o_2'
Circuit sky130_fd_sc_hd__a2111o_2 contains 14 device instances.
  Class: sky130_fd_pr__nfet_01v8 instances:   7
  Class: sky130_fd_pr__pfet_01v8_hvt instances:   7
Circuit contains 15 nets.

Circuit sky130_fd_sc_hd__a2111o_2 contains no devices.

Contents of circuit 1:  Circuit: 'sky130_fd_sc_hd__clkbuf_8'
Circuit sky130_fd_sc_hd__clkbuf_8 contains 0 device instances.
Circuit contains 0 nets, and 6 disconnected pins.
Contents of circuit 2:  Circuit: 'sky130_fd_sc_hd__clkbuf_8'
Circuit sky130_fd_sc_hd__clkbuf_8 contains 20 device instances.
  Class: sky130_fd_pr__nfet_01v8 instances:  10
  Class: sky130_fd_pr__pfet_01v8_hvt instances:  10
Circuit contains 7 nets.

Circuit sky130_fd_sc_hd__clkbuf_8 contains no devices.

Contents of circuit 1:  Circuit: 'sky130_fd_sc_hd__diode_2'
Circuit sky130_fd_sc_hd__diode_2 contains 0 device instances.
Circuit contains 0 nets, and 5 disconnected pins.
Contents of circuit 2:  Circuit: 'sky130_fd_sc_hd__diode_2'
Circuit sky130_fd_sc_hd__diode_2 contains 1 device instances.
  Class: sky130_fd_pr__diode_pw2nd_05v5 instances:   1
Circuit contains 2 nets, and 3 disconnected pins.

Circuit sky130_fd_sc_hd__diode_2 contains no devices.

Contents of circuit 1:  Circuit: 'sky130_fd_sc_hd__a221o_2'
Circuit sky130_fd_sc_hd__a221o_2 contains 0 device instances.
Circuit contains 0 nets, and 10 disconnected pins.
Contents of circuit 2:  Circuit: 'sky130_fd_sc_hd__a221o_2'
Circuit sky130_fd_sc_hd__a221o_2 contains 14 device instances.
  Class: sky130_fd_pr__nfet_01v8 instances:   7
  Class: sky130_fd_pr__pfet_01v8_hvt instances:   7
Circuit contains 15 nets.

Circuit sky130_fd_sc_hd__a221o_2 contains no devices.

Contents of circuit 1:  Circuit: 'sky130_fd_sc_hd__or4_2'
Circuit sky130_fd_sc_hd__or4_2 contains 0 device instances.
Circuit contains 0 nets, and 9 disconnected pins.
Contents of circuit 2:  Circuit: 'sky130_fd_sc_hd__or4_2'
Circuit sky130_fd_sc_hd__or4_2 contains 12 device instances.
  Class: sky130_fd_pr__nfet_01v8 instances:   6
  Class: sky130_fd_pr__pfet_01v8_hvt instances:   6
Circuit contains 13 nets.

Circuit sky130_fd_sc_hd__or4_2 contains no devices.

Contents of circuit 1:  Circuit: 'sky130_fd_sc_hd__or4bb_2'
Circuit sky130_fd_sc_hd__or4bb_2 contains 0 device instances.
Circuit contains 0 nets, and 9 disconnected pins.
Contents of circuit 2:  Circuit: 'sky130_fd_sc_hd__or4bb_2'
Circuit sky130_fd_sc_hd__or4bb_2 contains 16 device instances.
  Class: sky130_fd_pr__nfet_01v8 instances:   8
  Class: sky130_fd_pr__pfet_01v8_hvt instances:   8
Circuit contains 15 nets.

Circuit sky130_fd_sc_hd__or4bb_2 contains no devices.

Contents of circuit 1:  Circuit: 'sky130_fd_sc_hd__buf_6'
Circuit sky130_fd_sc_hd__buf_6 contains 0 device instances.
Circuit contains 0 nets, and 6 disconnected pins.
Contents of circuit 2:  Circuit: 'sky130_fd_sc_hd__buf_6'
Circuit sky130_fd_sc_hd__buf_6 contains 16 device instances.
  Class: sky130_fd_pr__nfet_01v8 instances:   8
  Class: sky130_fd_pr__pfet_01v8_hvt instances:   8
Circuit contains 7 nets.

Circuit sky130_fd_sc_hd__buf_6 contains no devices.

Contents of circuit 1:  Circuit: 'sky130_fd_sc_hd__and4bb_2'
Circuit sky130_fd_sc_hd__and4bb_2 contains 0 device instances.
Circuit contains 0 nets, and 9 disconnected pins.
Contents of circuit 2:  Circuit: 'sky130_fd_sc_hd__and4bb_2'
Circuit sky130_fd_sc_hd__and4bb_2 contains 16 device instances.
  Class: sky130_fd_pr__nfet_01v8 instances:   8
  Class: sky130_fd_pr__pfet_01v8_hvt instances:   8
Circuit contains 15 nets.

Circuit sky130_fd_sc_hd__and4bb_2 contains no devices.

Contents of circuit 1:  Circuit: 'sky130_fd_sc_hd__and2_2'
Circuit sky130_fd_sc_hd__and2_2 contains 0 device instances.
Circuit contains 0 nets, and 7 disconnected pins.
Contents of circuit 2:  Circuit: 'sky130_fd_sc_hd__and2_2'
Circuit sky130_fd_sc_hd__and2_2 contains 8 device instances.
  Class: sky130_fd_pr__nfet_01v8 instances:   4
  Class: sky130_fd_pr__pfet_01v8_hvt instances:   4
Circuit contains 9 nets.

Circuit sky130_fd_sc_hd__and2_2 contains no devices.

Contents of circuit 1:  Circuit: 'sky130_fd_sc_hd__or3_2'
Circuit sky130_fd_sc_hd__or3_2 contains 0 device instances.
Circuit contains 0 nets, and 8 disconnected pins.
Contents of circuit 2:  Circuit: 'sky130_fd_sc_hd__or3_2'
Circuit sky130_fd_sc_hd__or3_2 contains 10 device instances.
  Class: sky130_fd_pr__nfet_01v8 instances:   5
  Class: sky130_fd_pr__pfet_01v8_hvt instances:   5
Circuit contains 11 nets.

Circuit sky130_fd_sc_hd__or3_2 contains no devices.

Contents of circuit 1:  Circuit: 'sky130_fd_sc_hd__inv_6'
Circuit sky130_fd_sc_hd__inv_6 contains 0 device instances.
Circuit contains 0 nets, and 6 disconnected pins.
Contents of circuit 2:  Circuit: 'sky130_fd_sc_hd__inv_6'
Circuit sky130_fd_sc_hd__inv_6 contains 12 device instances.
  Class: sky130_fd_pr__nfet_01v8 instances:   6
  Class: sky130_fd_pr__pfet_01v8_hvt instances:   6
Circuit contains 6 nets.

Circuit sky130_fd_sc_hd__inv_6 contains no devices.

Contents of circuit 1:  Circuit: 'sky130_fd_sc_hd__and4b_2'
Circuit sky130_fd_sc_hd__and4b_2 contains 0 device instances.
Circuit contains 0 nets, and 9 disconnected pins.
Contents of circuit 2:  Circuit: 'sky130_fd_sc_hd__and4b_2'
Circuit sky130_fd_sc_hd__and4b_2 contains 14 device instances.
  Class: sky130_fd_pr__nfet_01v8 instances:   7
  Class: sky130_fd_pr__pfet_01v8_hvt instances:   7
Circuit contains 14 nets.

Circuit sky130_fd_sc_hd__and4b_2 contains no devices.

Contents of circuit 1:  Circuit: 'sky130_fd_sc_hd__clkbuf_4'
Circuit sky130_fd_sc_hd__clkbuf_4 contains 0 device instances.
Circuit contains 0 nets, and 6 disconnected pins.
Contents of circuit 2:  Circuit: 'sky130_fd_sc_hd__clkbuf_4'
Circuit sky130_fd_sc_hd__clkbuf_4 contains 10 device instances.
  Class: sky130_fd_pr__nfet_01v8 instances:   5
  Class: sky130_fd_pr__pfet_01v8_hvt instances:   5
Circuit contains 7 nets.

Circuit sky130_fd_sc_hd__clkbuf_4 contains no devices.

Contents of circuit 1:  Circuit: 'sky130_fd_sc_hd__a21o_2'
Circuit sky130_fd_sc_hd__a21o_2 contains 0 device instances.
Circuit contains 0 nets, and 8 disconnected pins.
Contents of circuit 2:  Circuit: 'sky130_fd_sc_hd__a21o_2'
Circuit sky130_fd_sc_hd__a21o_2 contains 10 device instances.
  Class: sky130_fd_pr__nfet_01v8 instances:   5
  Class: sky130_fd_pr__pfet_01v8_hvt instances:   5
Circuit contains 11 nets.

Circuit sky130_fd_sc_hd__a21o_2 contains no devices.

Contents of circuit 1:  Circuit: 'sky130_fd_sc_hd__clkinv_2'
Circuit sky130_fd_sc_hd__clkinv_2 contains 0 device instances.
Circuit contains 0 nets, and 6 disconnected pins.
Contents of circuit 2:  Circuit: 'sky130_fd_sc_hd__clkinv_2'
Circuit sky130_fd_sc_hd__clkinv_2 contains 5 device instances.
  Class: sky130_fd_pr__nfet_01v8 instances:   2
  Class: sky130_fd_pr__pfet_01v8_hvt instances:   3
Circuit contains 6 nets.

Circuit sky130_fd_sc_hd__clkinv_2 contains no devices.

Contents of circuit 1:  Circuit: 'sky130_fd_sc_hd__clkbuf_2'
Circuit sky130_fd_sc_hd__clkbuf_2 contains 0 device instances.
Circuit contains 0 nets, and 6 disconnected pins.
Contents of circuit 2:  Circuit: 'sky130_fd_sc_hd__clkbuf_2'
Circuit sky130_fd_sc_hd__clkbuf_2 contains 6 device instances.
  Class: sky130_fd_pr__nfet_01v8 instances:   3
  Class: sky130_fd_pr__pfet_01v8_hvt instances:   3
Circuit contains 7 nets.

Circuit sky130_fd_sc_hd__clkbuf_2 contains no devices.

Contents of circuit 1:  Circuit: 'sky130_fd_sc_hd__buf_1'
Circuit sky130_fd_sc_hd__buf_1 contains 0 device instances.
Circuit contains 0 nets, and 6 disconnected pins.
Contents of circuit 2:  Circuit: 'sky130_fd_sc_hd__buf_1'
Circuit sky130_fd_sc_hd__buf_1 contains 4 device instances.
  Class: sky130_fd_pr__nfet_01v8 instances:   2
  Class: sky130_fd_pr__pfet_01v8_hvt instances:   2
Circuit contains 7 nets.

Circuit sky130_fd_sc_hd__buf_1 contains no devices.

Contents of circuit 1:  Circuit: 'sky130_fd_sc_hd__a211o_2'
Circuit sky130_fd_sc_hd__a211o_2 contains 0 device instances.
Circuit contains 0 nets, and 9 disconnected pins.
Contents of circuit 2:  Circuit: 'sky130_fd_sc_hd__a211o_2'
Circuit sky130_fd_sc_hd__a211o_2 contains 12 device instances.
  Class: sky130_fd_pr__nfet_01v8 instances:   6
  Class: sky130_fd_pr__pfet_01v8_hvt instances:   6
Circuit contains 13 nets.

Circuit sky130_fd_sc_hd__a211o_2 contains no devices.

Contents of circuit 1:  Circuit: 'sky130_fd_sc_hd__nor4b_4'
Circuit sky130_fd_sc_hd__nor4b_4 contains 0 device instances.
Circuit contains 0 nets, and 9 disconnected pins.
Contents of circuit 2:  Circuit: 'sky130_fd_sc_hd__nor4b_4'
Circuit sky130_fd_sc_hd__nor4b_4 contains 34 device instances.
  Class: sky130_fd_pr__nfet_01v8 instances:  17
  Class: sky130_fd_pr__pfet_01v8_hvt instances:  17
Circuit contains 13 nets.

Circuit sky130_fd_sc_hd__nor4b_4 contains no devices.

Contents of circuit 1:  Circuit: 'sky130_fd_sc_hd__clkbuf_16'
Circuit sky130_fd_sc_hd__clkbuf_16 contains 0 device instances.
Circuit contains 0 nets, and 6 disconnected pins.
Contents of circuit 2:  Circuit: 'sky130_fd_sc_hd__clkbuf_16'
Circuit sky130_fd_sc_hd__clkbuf_16 contains 40 device instances.
  Class: sky130_fd_pr__nfet_01v8 instances:  20
  Class: sky130_fd_pr__pfet_01v8_hvt instances:  20
Circuit contains 7 nets.

Circuit sky130_fd_sc_hd__clkbuf_16 contains no devices.

Contents of circuit 1:  Circuit: 'sky130_fd_sc_hd__nor4b_2'
Circuit sky130_fd_sc_hd__nor4b_2 contains 0 device instances.
Circuit contains 0 nets, and 9 disconnected pins.
Contents of circuit 2:  Circuit: 'sky130_fd_sc_hd__nor4b_2'
Circuit sky130_fd_sc_hd__nor4b_2 contains 18 device instances.
  Class: sky130_fd_pr__nfet_01v8 instances:   9
  Class: sky130_fd_pr__pfet_01v8_hvt instances:   9
Circuit contains 13 nets.

Circuit sky130_fd_sc_hd__nor4b_2 contains no devices.

Contents of circuit 1:  Circuit: 'sky130_fd_sc_hd__inv_2'
Circuit sky130_fd_sc_hd__inv_2 contains 0 device instances.
Circuit contains 0 nets, and 6 disconnected pins.
Contents of circuit 2:  Circuit: 'sky130_fd_sc_hd__inv_2'
Circuit sky130_fd_sc_hd__inv_2 contains 4 device instances.
  Class: sky130_fd_pr__nfet_01v8 instances:   2
  Class: sky130_fd_pr__pfet_01v8_hvt instances:   2
Circuit contains 6 nets.

Circuit sky130_fd_sc_hd__inv_2 contains no devices.

Contents of circuit 1:  Circuit: 'afe_wb'
Circuit afe_wb contains 17620 device instances.
  Class: sky130_fd_sc_hd__clkdlybuf4s25_1 instances: 111
  Class: sky130_fd_sc_hd__a21o_2 instances:  11
  Class: sky130_fd_sc_hd__clkbuf_16 instances:   5
  Class: sky130_fd_sc_hd__dfxtp_2 instances: 289
  Class: sky130_fd_sc_hd__or4_2 instances:   2
  Class: sky130_fd_sc_hd__buf_1 instances:   8
  Class: sky130_fd_sc_hd__buf_2 instances:  91
  Class: sky130_fd_sc_hd__buf_4 instances: 209
  Class: sky130_fd_sc_hd__buf_6 instances:  13
  Class: sky130_fd_sc_hd__inv_2 instances:   1
  Class: sky130_fd_sc_hd__inv_6 instances:   1
  Class: sky130_fd_sc_hd__clkbuf_2 instances:   2
  Class: sky130_fd_sc_hd__clkbuf_4 instances:  16
  Class: sky130_fd_sc_hd__clkbuf_8 instances:  48
  Class: sky130_fd_sc_hd__or3_2 instances:   9
  Class: sky130_fd_sc_hd__conb_1 instances:  63
  Class: sky130_fd_sc_hd__buf_12 instances: 149
  Class: sky130_fd_sc_hd__clkinv_2 instances:   3
  Class: sky130_fd_sc_hd__a2111o_2 instances:  21
  Class: sky130_fd_sc_hd__decap_3 instances: 278
  Class: sky130_fd_sc_hd__dlygate4sd3_1 instances: 250
  Class: sky130_fd_sc_hd__or2_2 instances: 256
  Class: sky130_fd_sc_hd__nand2_2 instances:   9
  Class: sky130_fd_sc_hd__nor4b_2 instances:   2
  Class: sky130_fd_sc_hd__nor4b_4 instances:   2
  Class: sky130_fd_sc_hd__and2_2 instances:   8
  Class: sky130_fd_sc_hd__o221a_2 instances:  32
  Class: sky130_fd_sc_hd__o211a_2 instances: 256
  Class: sky130_fd_sc_hd__diode_2 instances:  11
  Class: sky130_fd_sc_hd__a221o_2 instances:  22
  Class: sky130_fd_sc_hd__a211o_2 instances:   1
  Class: sky130_fd_sc_hd__or4bb_2 instances:   1
  Class: sky130_fd_sc_hd__a22o_2 instances:  96
  Class: sky130_fd_sc_hd__and4b_2 instances:   3
  Class: sky130_fd_sc_hd__tapvpwrvgnd_1 instances: 2115
  Class: sky130_fd_sc_hd__fill_1 instances: 2280
  Class: sky130_fd_sc_hd__fill_2 instances: 2111
  Class: sky130_fd_sc_hd__fill_4 instances: 1752
  Class: sky130_fd_sc_hd__fill_8 instances: 509
  Class: sky130_ef_sc_hd__decap_40_12 instances: 6569
  Class: sky130_fd_sc_hd__and4bb_2 instances:   5
Circuit contains 2114 nets, and 32 disconnected pins.
Contents of circuit 2:  Circuit: 'afe_wb'
Circuit afe_wb contains 17620 device instances.
  Class: sky130_fd_sc_hd__clkdlybuf4s25_1 instances: 111
  Class: sky130_fd_sc_hd__a21o_2 instances:  11
  Class: sky130_fd_sc_hd__clkbuf_16 instances:   5
  Class: sky130_fd_sc_hd__dfxtp_2 instances: 289
  Class: sky130_fd_sc_hd__or4_2 instances:   2
  Class: sky130_fd_sc_hd__buf_1 instances:   8
  Class: sky130_fd_sc_hd__buf_2 instances:  91
  Class: sky130_fd_sc_hd__buf_4 instances: 209
  Class: sky130_fd_sc_hd__buf_6 instances:  13
  Class: sky130_fd_sc_hd__inv_2 instances:   1
  Class: sky130_fd_sc_hd__inv_6 instances:   1
  Class: sky130_fd_sc_hd__clkbuf_2 instances:   2
  Class: sky130_fd_sc_hd__clkbuf_4 instances:  16
  Class: sky130_fd_sc_hd__clkbuf_8 instances:  48
  Class: sky130_fd_sc_hd__or3_2 instances:   9
  Class: sky130_fd_sc_hd__conb_1 instances:  63
  Class: sky130_fd_sc_hd__buf_12 instances: 149
  Class: sky130_fd_sc_hd__clkinv_2 instances:   3
  Class: sky130_fd_sc_hd__a2111o_2 instances:  21
  Class: sky130_fd_sc_hd__decap_3 instances: 278
  Class: sky130_fd_sc_hd__dlygate4sd3_1 instances: 250
  Class: sky130_fd_sc_hd__or2_2 instances: 256
  Class: sky130_fd_sc_hd__nand2_2 instances:   9
  Class: sky130_fd_sc_hd__nor4b_2 instances:   2
  Class: sky130_fd_sc_hd__nor4b_4 instances:   2
  Class: sky130_fd_sc_hd__and2_2 instances:   8
  Class: sky130_fd_sc_hd__o221a_2 instances:  32
  Class: sky130_fd_sc_hd__o211a_2 instances: 256
  Class: sky130_fd_sc_hd__diode_2 instances:  11
  Class: sky130_fd_sc_hd__a221o_2 instances:  22
  Class: sky130_fd_sc_hd__a211o_2 instances:   1
  Class: sky130_fd_sc_hd__or4bb_2 instances:   1
  Class: sky130_fd_sc_hd__a22o_2 instances:  96
  Class: sky130_fd_sc_hd__and4b_2 instances:   3
  Class: sky130_fd_sc_hd__tapvpwrvgnd_1 instances: 2115
  Class: sky130_fd_sc_hd__fill_1 instances: 2280
  Class: sky130_fd_sc_hd__fill_2 instances: 2111
  Class: sky130_fd_sc_hd__fill_4 instances: 1752
  Class: sky130_fd_sc_hd__fill_8 instances: 509
  Class: sky130_ef_sc_hd__decap_40_12 instances: 6569
  Class: sky130_fd_sc_hd__and4bb_2 instances:   5
Circuit contains 2114 nets, and 32 disconnected pins.

Circuit was modified by parallel/series device merging.
New circuit summary:

Contents of circuit 1:  Circuit: 'afe_wb'
Circuit afe_wb contains 2012 device instances.
  Class: sky130_fd_sc_hd__clkdlybuf4s25_1 instances: 111
  Class: sky130_fd_sc_hd__a21o_2 instances:  11
  Class: sky130_fd_sc_hd__clkbuf_16 instances:   5
  Class: sky130_fd_sc_hd__dfxtp_2 instances: 289
  Class: sky130_fd_sc_hd__or4_2 instances:   2
  Class: sky130_fd_sc_hd__buf_1 instances:   8
  Class: sky130_fd_sc_hd__buf_2 instances:  91
  Class: sky130_fd_sc_hd__buf_4 instances: 209
  Class: sky130_fd_sc_hd__buf_6 instances:  13
  Class: sky130_fd_sc_hd__inv_2 instances:   1
  Class: sky130_fd_sc_hd__inv_6 instances:   1
  Class: sky130_fd_sc_hd__clkbuf_2 instances:   2
  Class: sky130_fd_sc_hd__clkbuf_4 instances:  16
  Class: sky130_fd_sc_hd__clkbuf_8 instances:  48
  Class: sky130_fd_sc_hd__or3_2 instances:   9
  Class: sky130_fd_sc_hd__conb_1 instances:  63
  Class: sky130_fd_sc_hd__buf_12 instances: 149
  Class: sky130_fd_sc_hd__clkinv_2 instances:   3
  Class: sky130_fd_sc_hd__a2111o_2 instances:  21
  Class: sky130_fd_sc_hd__decap_3 instances:   1
  Class: sky130_fd_sc_hd__dlygate4sd3_1 instances: 250
  Class: sky130_fd_sc_hd__or2_2 instances: 256
  Class: sky130_fd_sc_hd__nand2_2 instances:   9
  Class: sky130_fd_sc_hd__nor4b_2 instances:   2
  Class: sky130_fd_sc_hd__nor4b_4 instances:   2
  Class: sky130_fd_sc_hd__and2_2 instances:   8
  Class: sky130_fd_sc_hd__o221a_2 instances:  32
  Class: sky130_fd_sc_hd__o211a_2 instances: 256
  Class: sky130_fd_sc_hd__diode_2 instances:  10
  Class: sky130_fd_sc_hd__a221o_2 instances:  22
  Class: sky130_fd_sc_hd__a211o_2 instances:   1
  Class: sky130_fd_sc_hd__or4bb_2 instances:   1
  Class: sky130_fd_sc_hd__a22o_2 instances:  96
  Class: sky130_fd_sc_hd__and4b_2 instances:   3
  Class: sky130_fd_sc_hd__tapvpwrvgnd_1 instances:   1
  Class: sky130_fd_sc_hd__fill_1 instances:   1
  Class: sky130_fd_sc_hd__fill_2 instances:   1
  Class: sky130_fd_sc_hd__fill_4 instances:   1
  Class: sky130_fd_sc_hd__fill_8 instances:   1
  Class: sky130_ef_sc_hd__decap_40_12 instances:   1
  Class: sky130_fd_sc_hd__and4bb_2 instances:   5
Circuit contains 2114 nets, and 32 disconnected pins.
Contents of circuit 2:  Circuit: 'afe_wb'
Circuit afe_wb contains 2012 device instances.
  Class: sky130_fd_sc_hd__clkdlybuf4s25_1 instances: 111
  Class: sky130_fd_sc_hd__a21o_2 instances:  11
  Class: sky130_fd_sc_hd__clkbuf_16 instances:   5
  Class: sky130_fd_sc_hd__dfxtp_2 instances: 289
  Class: sky130_fd_sc_hd__or4_2 instances:   2
  Class: sky130_fd_sc_hd__buf_1 instances:   8
  Class: sky130_fd_sc_hd__buf_2 instances:  91
  Class: sky130_fd_sc_hd__buf_4 instances: 209
  Class: sky130_fd_sc_hd__buf_6 instances:  13
  Class: sky130_fd_sc_hd__inv_2 instances:   1
  Class: sky130_fd_sc_hd__inv_6 instances:   1
  Class: sky130_fd_sc_hd__clkbuf_2 instances:   2
  Class: sky130_fd_sc_hd__clkbuf_4 instances:  16
  Class: sky130_fd_sc_hd__clkbuf_8 instances:  48
  Class: sky130_fd_sc_hd__or3_2 instances:   9
  Class: sky130_fd_sc_hd__conb_1 instances:  63
  Class: sky130_fd_sc_hd__buf_12 instances: 149
  Class: sky130_fd_sc_hd__clkinv_2 instances:   3
  Class: sky130_fd_sc_hd__a2111o_2 instances:  21
  Class: sky130_fd_sc_hd__decap_3 instances:   1
  Class: sky130_fd_sc_hd__dlygate4sd3_1 instances: 250
  Class: sky130_fd_sc_hd__or2_2 instances: 256
  Class: sky130_fd_sc_hd__nand2_2 instances:   9
  Class: sky130_fd_sc_hd__nor4b_2 instances:   2
  Class: sky130_fd_sc_hd__nor4b_4 instances:   2
  Class: sky130_fd_sc_hd__and2_2 instances:   8
  Class: sky130_fd_sc_hd__o221a_2 instances:  32
  Class: sky130_fd_sc_hd__o211a_2 instances: 256
  Class: sky130_fd_sc_hd__diode_2 instances:  10
  Class: sky130_fd_sc_hd__a221o_2 instances:  22
  Class: sky130_fd_sc_hd__a211o_2 instances:   1
  Class: sky130_fd_sc_hd__or4bb_2 instances:   1
  Class: sky130_fd_sc_hd__a22o_2 instances:  96
  Class: sky130_fd_sc_hd__and4b_2 instances:   3
  Class: sky130_fd_sc_hd__tapvpwrvgnd_1 instances:   1
  Class: sky130_fd_sc_hd__fill_1 instances:   1
  Class: sky130_fd_sc_hd__fill_2 instances:   1
  Class: sky130_fd_sc_hd__fill_4 instances:   1
  Class: sky130_fd_sc_hd__fill_8 instances:   1
  Class: sky130_ef_sc_hd__decap_40_12 instances:   1
  Class: sky130_fd_sc_hd__and4bb_2 instances:   5
Circuit contains 2114 nets, and 32 disconnected pins.

Circuit 1 contains 2012 devices, Circuit 2 contains 2012 devices.
Circuit 1 contains 2114 nets,    Circuit 2 contains 2114 nets.


Final result: 
Circuits match uniquely.
.
Logging to file "/Users/jeffdi/Projects/chipignite-ip/cf-sensor-afe/openlane/afe_wb/runs/26_09_17_10_53/69-netgen-lvs/reports/lvs.netgen.rpt" disabled
LVS Done.
