
===========================================================================
report_checks -unconstrained
===========================================================================
======================= max_ss_100C_1v60 Corner ===================================

Startpoint: wb_rst_i (input port clocked by clk)
Endpoint: _1668_ (rising edge-triggered flip-flop clocked by clk)
Path Group: clk
Path Type: max

Fanout         Cap        Slew       Delay        Time   Description
---------------------------------------------------------------------------------------------
                                  0.000000    0.000000   clock clk (rise edge)
                                  5.570000    5.570000   clock network delay (propagated)
                                 12.500000   18.070000 v input external delay
     1    0.003379    0.000000    0.000000   18.070000 v wb_rst_i (in)
                                                         wb_rst_i (net)
                      0.000176    0.000092   18.070091 v input14/A (sky130_fd_sc_hd__clkdlybuf4s25_1)
     1    0.005331    0.103577    0.476948   18.547039 v input14/X (sky130_fd_sc_hd__clkdlybuf4s25_1)
                                                         net14 (net)
                      0.103577    0.000409   18.547449 v _0737_/A (sky130_fd_sc_hd__inv_2)
     4    0.070373    0.507083    0.430465   18.977913 ^ _0737_/Y (sky130_fd_sc_hd__inv_2)
                                                         _0478_ (net)
                      0.507851    0.017158   18.995071 ^ fanout492/A (sky130_fd_sc_hd__clkdlybuf4s25_1)
     4    0.038238    0.616431    1.075257   20.070328 ^ fanout492/X (sky130_fd_sc_hd__clkdlybuf4s25_1)
                                                         net492 (net)
                      0.616443    0.003702   20.074030 ^ fanout491/A (sky130_fd_sc_hd__clkdlybuf4s25_1)
     9    0.069216    1.101268    1.471349   21.545380 ^ fanout491/X (sky130_fd_sc_hd__clkdlybuf4s25_1)
                                                         net491 (net)
                      1.101413    0.013261   21.558640 ^ fanout486/A (sky130_fd_sc_hd__clkdlybuf4s25_1)
    13    0.063182    1.005390    1.523784   23.082424 ^ fanout486/X (sky130_fd_sc_hd__clkdlybuf4s25_1)
                                                         net486 (net)
                      1.005435    0.007983   23.090406 ^ _1281_/C1 (sky130_fd_sc_hd__o211a_2)
     1    0.001918    0.080986    0.694296   23.784702 ^ _1281_/X (sky130_fd_sc_hd__o211a_2)
                                                         _0194_ (net)
                      0.080986    0.000144   23.784847 ^ hold585/A (sky130_fd_sc_hd__dlygate4sd3_1)
     1    0.002349    0.086617    1.090518   24.875364 ^ hold585/X (sky130_fd_sc_hd__dlygate4sd3_1)
                                                         net585 (net)
                      0.086617    0.000163   24.875528 ^ _1668_/D (sky130_fd_sc_hd__dfxtp_2)
                                             24.875528   data arrival time

                                 25.000000   25.000000   clock clk (rise edge)
                                  4.650000   29.650000   clock source latency
     1    0.061747    0.610000    0.000000   29.650000 ^ wb_clk_i (in)
                                                         wb_clk_i (net)
                      0.636142    0.012419   29.662416 ^ clkbuf_0_wb_clk_i/A (sky130_fd_sc_hd__clkbuf_16)
     4    0.079129    0.152638    0.503519   30.165936 ^ clkbuf_0_wb_clk_i/X (sky130_fd_sc_hd__clkbuf_16)
                                                         clknet_0_wb_clk_i (net)
                      0.152971    0.005816   30.171753 ^ clkbuf_2_3__f_wb_clk_i/A (sky130_fd_sc_hd__clkbuf_16)
    10    0.115474    0.199086    0.346542   30.518295 ^ clkbuf_2_3__f_wb_clk_i/X (sky130_fd_sc_hd__clkbuf_16)
                                                         clknet_2_3__leaf_wb_clk_i (net)
                      0.199955    0.010086   30.528381 ^ clkbuf_leaf_16_wb_clk_i/A (sky130_fd_sc_hd__clkbuf_8)
     9    0.035422    0.118725    0.311882   30.840263 ^ clkbuf_leaf_16_wb_clk_i/X (sky130_fd_sc_hd__clkbuf_8)
                                                         clknet_leaf_16_wb_clk_i (net)
                      0.118766    0.001965   30.842228 ^ _1668_/CLK (sky130_fd_sc_hd__dfxtp_2)
                                 -0.250000   30.592226   clock uncertainty
                                  0.000000   30.592226   clock reconvergence pessimism
                                 -0.136941   30.455288   library setup time
                                             30.455288   data required time
---------------------------------------------------------------------------------------------
                                             30.455288   data required time
                                            -24.875528   data arrival time
---------------------------------------------------------------------------------------------
                                              5.579759   slack (MET)




===========================================================================
report_checks --slack_max -0.01
============================================================================
======================= max_ss_100C_1v60 Corner ===================================

No paths found.


===========================================================================
 report_check_types -max_slew -max_cap -max_fanout -violators
============================================================================
======================= max_ss_100C_1v60 Corner ===================================

max slew

Pin                                        Limit        Slew       Slack
------------------------------------------------------------------------
_1296_/B                                1.000000    2.046218   -1.046218 (VIOLATED)
_1298_/B                                1.000000    2.046183   -1.046183 (VIOLATED)
_1292_/B                                1.000000    2.046141   -1.046141 (VIOLATED)
_1302_/B                                1.000000    2.046054   -1.046054 (VIOLATED)
_1290_/B                                1.000000    2.045950   -1.045950 (VIOLATED)
_1282_/B                                1.000000    2.045736   -1.045736 (VIOLATED)
_1286_/B                                1.000000    2.045605   -1.045605 (VIOLATED)
_1278_/B                                1.000000    2.045293   -1.045293 (VIOLATED)
_1280_/B                                1.000000    2.044865   -1.044865 (VIOLATED)
_1288_/B                                1.000000    2.044492   -1.044492 (VIOLATED)
_1338_/B                                1.000000    2.044425   -1.044426 (VIOLATED)
_1284_/B                                1.000000    2.044300   -1.044300 (VIOLATED)
_1336_/B                                1.000000    2.043961   -1.043961 (VIOLATED)
_1334_/B                                1.000000    2.043868   -1.043868 (VIOLATED)
_1320_/B                                1.000000    2.043746   -1.043746 (VIOLATED)
_1332_/B                                1.000000    2.043720   -1.043720 (VIOLATED)
fanout223/X                             1.000000    2.043714   -1.043714 (VIOLATED)
_1384_/B                                1.000000    2.005145   -1.005145 (VIOLATED)
_1360_/B                                1.000000    2.005103   -1.005103 (VIOLATED)
_1366_/B                                1.000000    2.005102   -1.005102 (VIOLATED)
_1378_/B                                1.000000    2.005051   -1.005051 (VIOLATED)
_1370_/B                                1.000000    2.005003   -1.005004 (VIOLATED)
_1372_/B                                1.000000    2.004926   -1.004927 (VIOLATED)
_1374_/B                                1.000000    2.004844   -1.004844 (VIOLATED)
_1380_/B                                1.000000    2.004821   -1.004821 (VIOLATED)
fanout216/A                             1.000000    2.004791   -1.004791 (VIOLATED)
_1396_/B                                1.000000    2.004777   -1.004777 (VIOLATED)
_1376_/B                                1.000000    2.004757   -1.004757 (VIOLATED)
_1394_/B                                1.000000    2.004757   -1.004757 (VIOLATED)
ANTENNA_7/DIODE                         1.000000    2.004748   -1.004748 (VIOLATED)
_1382_/B                                1.000000    2.004736   -1.004736 (VIOLATED)
_1392_/B                                1.000000    2.004712   -1.004712 (VIOLATED)
_1390_/B                                1.000000    2.004655   -1.004655 (VIOLATED)
_1388_/B                                1.000000    2.004654   -1.004654 (VIOLATED)
fanout217/X                             1.000000    2.004615   -1.004615 (VIOLATED)
_1054_/B                                1.000000    1.938941   -0.938941 (VIOLATED)
_1056_/B                                1.000000    1.938941   -0.938941 (VIOLATED)
_1052_/B                                1.000000    1.938926   -0.938926 (VIOLATED)
_1042_/B                                1.000000    1.938912   -0.938912 (VIOLATED)
_1044_/B                                1.000000    1.938904   -0.938904 (VIOLATED)
_1046_/B                                1.000000    1.938859   -0.938859 (VIOLATED)
_1058_/B                                1.000000    1.938790   -0.938790 (VIOLATED)
_1070_/B                                1.000000    1.938771   -0.938771 (VIOLATED)
_1076_/B                                1.000000    1.938771   -0.938771 (VIOLATED)
_1074_/B                                1.000000    1.938768   -0.938768 (VIOLATED)
_1072_/B                                1.000000    1.938765   -0.938765 (VIOLATED)
_1068_/B                                1.000000    1.938729   -0.938729 (VIOLATED)
_1066_/B                                1.000000    1.938705   -0.938705 (VIOLATED)
_1062_/B                                1.000000    1.938672   -0.938672 (VIOLATED)
_1064_/B                                1.000000    1.938672   -0.938672 (VIOLATED)
_1060_/B                                1.000000    1.938498   -0.938498 (VIOLATED)
fanout251/X                             1.000000    1.938498   -0.938498 (VIOLATED)
_1410_/B                                1.000000    1.887406   -0.887406 (VIOLATED)
_1466_/B                                1.000000    1.887398   -0.887398 (VIOLATED)
_1416_/B                                1.000000    1.887397   -0.887397 (VIOLATED)
_1414_/B                                1.000000    1.887373   -0.887373 (VIOLATED)
_1418_/B                                1.000000    1.887362   -0.887362 (VIOLATED)
_1420_/B                                1.000000    1.887354   -0.887354 (VIOLATED)
_1412_/B                                1.000000    1.887301   -0.887302 (VIOLATED)
_1438_/B                                1.000000    1.887252   -0.887252 (VIOLATED)
_1430_/B                                1.000000    1.887187   -0.887187 (VIOLATED)
_1428_/B                                1.000000    1.887060   -0.887060 (VIOLATED)
_1422_/B                                1.000000    1.886988   -0.886988 (VIOLATED)
_1424_/B                                1.000000    1.886970   -0.886970 (VIOLATED)
_1434_/B                                1.000000    1.886927   -0.886927 (VIOLATED)
_1452_/B                                1.000000    1.886775   -0.886775 (VIOLATED)
_1464_/B                                1.000000    1.886543   -0.886543 (VIOLATED)
_1462_/B                                1.000000    1.886485   -0.886485 (VIOLATED)
fanout208/X                             1.000000    1.886463   -0.886463 (VIOLATED)
_1176_/B                                1.000000    1.847360   -0.847360 (VIOLATED)
_1178_/B                                1.000000    1.847352   -0.847352 (VIOLATED)
_1192_/B                                1.000000    1.847338   -0.847338 (VIOLATED)
_1174_/B                                1.000000    1.847331   -0.847331 (VIOLATED)
_1208_/B                                1.000000    1.847332   -0.847332 (VIOLATED)
_1206_/B                                1.000000    1.847324   -0.847324 (VIOLATED)
_1190_/B                                1.000000    1.847321   -0.847321 (VIOLATED)
_1204_/B                                1.000000    1.847304   -0.847304 (VIOLATED)
_1182_/B                                1.000000    1.847292   -0.847292 (VIOLATED)
_1202_/B                                1.000000    1.847291   -0.847291 (VIOLATED)
_1184_/B                                1.000000    1.847276   -0.847276 (VIOLATED)
_1200_/B                                1.000000    1.847199   -0.847199 (VIOLATED)
_1188_/B                                1.000000    1.847175   -0.847174 (VIOLATED)
_1198_/B                                1.000000    1.846951   -0.846951 (VIOLATED)
_1196_/B                                1.000000    1.846848   -0.846848 (VIOLATED)
_1194_/B                                1.000000    1.846811   -0.846811 (VIOLATED)
fanout237/X                             1.000000    1.846793   -0.846793 (VIOLATED)
_1014_/B                                1.000000    1.827640   -0.827640 (VIOLATED)
_1018_/B                                1.000000    1.827637   -0.827637 (VIOLATED)
_1020_/B                                1.000000    1.827635   -0.827635 (VIOLATED)
_1016_/B                                1.000000    1.827625   -0.827625 (VIOLATED)
_1024_/B                                1.000000    1.827583   -0.827583 (VIOLATED)
_1026_/B                                1.000000    1.827546   -0.827546 (VIOLATED)
_1022_/B                                1.000000    1.827472   -0.827472 (VIOLATED)
_1032_/B                                1.000000    1.827376   -0.827376 (VIOLATED)
_1034_/B                                1.000000    1.827147   -0.827147 (VIOLATED)
_1050_/B                                1.000000    1.826960   -0.826960 (VIOLATED)
_1038_/B                                1.000000    1.826951   -0.826951 (VIOLATED)
_1028_/B                                1.000000    1.826803   -0.826803 (VIOLATED)
_1030_/B                                1.000000    1.826524   -0.826524 (VIOLATED)
_1036_/B                                1.000000    1.826461   -0.826461 (VIOLATED)
_1048_/B                                1.000000    1.826422   -0.826422 (VIOLATED)
_1040_/B                                1.000000    1.826366   -0.826366 (VIOLATED)
fanout250/X                             1.000000    1.826366   -0.826366 (VIOLATED)
_1154_/B                                1.000000    1.777310   -0.777310 (VIOLATED)
_1146_/B                                1.000000    1.777309   -0.777309 (VIOLATED)
_1156_/B                                1.000000    1.777308   -0.777308 (VIOLATED)
_1152_/B                                1.000000    1.777301   -0.777301 (VIOLATED)
_1150_/B                                1.000000    1.777244   -0.777244 (VIOLATED)
_1148_/B                                1.000000    1.777182   -0.777182 (VIOLATED)
_1164_/B                                1.000000    1.777079   -0.777079 (VIOLATED)
_1158_/B                                1.000000    1.776946   -0.776946 (VIOLATED)
_1166_/B                                1.000000    1.776885   -0.776885 (VIOLATED)
_1170_/B                                1.000000    1.776713   -0.776712 (VIOLATED)
_1160_/B                                1.000000    1.776376   -0.776376 (VIOLATED)
_1186_/B                                1.000000    1.776292   -0.776292 (VIOLATED)
_1168_/B                                1.000000    1.776100   -0.776100 (VIOLATED)
_1162_/B                                1.000000    1.775929   -0.775929 (VIOLATED)
_1172_/B                                1.000000    1.775831   -0.775831 (VIOLATED)
_1180_/B                                1.000000    1.775751   -0.775751 (VIOLATED)
fanout236/X                             1.000000    1.775733   -0.775733 (VIOLATED)
_1344_/B                                1.000000    1.725619   -0.725619 (VIOLATED)
_1350_/B                                1.000000    1.725619   -0.725619 (VIOLATED)
_1348_/B                                1.000000    1.725616   -0.725616 (VIOLATED)
_1352_/B                                1.000000    1.725608   -0.725608 (VIOLATED)
_1356_/B                                1.000000    1.725569   -0.725569 (VIOLATED)
_1364_/B                                1.000000    1.725504   -0.725504 (VIOLATED)
_1358_/B                                1.000000    1.725493   -0.725493 (VIOLATED)
_1368_/B                                1.000000    1.725490   -0.725490 (VIOLATED)
_1362_/B                                1.000000    1.725466   -0.725466 (VIOLATED)
_1346_/B                                1.000000    1.725298   -0.725298 (VIOLATED)
_1354_/B                                1.000000    1.725294   -0.725294 (VIOLATED)
_1386_/B                                1.000000    1.725157   -0.725157 (VIOLATED)
_1400_/B                                1.000000    1.725059   -0.725059 (VIOLATED)
_1404_/B                                1.000000    1.724426   -0.724426 (VIOLATED)
_1398_/B                                1.000000    1.724416   -0.724416 (VIOLATED)
_1402_/B                                1.000000    1.724416   -0.724416 (VIOLATED)
fanout216/X                             1.000000    1.724416   -0.724416 (VIOLATED)
_1226_/B                                1.000000    1.583979   -0.583979 (VIOLATED)
_1238_/B                                1.000000    1.583964   -0.583964 (VIOLATED)
_1234_/B                                1.000000    1.583939   -0.583939 (VIOLATED)
_1228_/B                                1.000000    1.583934   -0.583934 (VIOLATED)
_1252_/B                                1.000000    1.583917   -0.583917 (VIOLATED)
_1250_/B                                1.000000    1.583916   -0.583916 (VIOLATED)
_1248_/B                                1.000000    1.583911   -0.583911 (VIOLATED)
_1246_/B                                1.000000    1.583905   -0.583905 (VIOLATED)
_1244_/B                                1.000000    1.583890   -0.583890 (VIOLATED)
_1242_/B                                1.000000    1.583835   -0.583835 (VIOLATED)
_1258_/B                                1.000000    1.583754   -0.583754 (VIOLATED)
_1256_/B                                1.000000    1.583709   -0.583709 (VIOLATED)
_1264_/B                                1.000000    1.583685   -0.583685 (VIOLATED)
fanout230/A                             1.000000    1.583684   -0.583684 (VIOLATED)
_1262_/B                                1.000000    1.583670   -0.583670 (VIOLATED)
_1260_/B                                1.000000    1.583651   -0.583651 (VIOLATED)
fanout231/X                             1.000000    1.583631   -0.583631 (VIOLATED)
_1240_/B                                1.000000    1.535737   -0.535737 (VIOLATED)
_1214_/B                                1.000000    1.535728   -0.535728 (VIOLATED)
_1220_/B                                1.000000    1.535722   -0.535722 (VIOLATED)
_1216_/B                                1.000000    1.535717   -0.535717 (VIOLATED)
_1218_/B                                1.000000    1.535682   -0.535682 (VIOLATED)
_1212_/B                                1.000000    1.535680   -0.535680 (VIOLATED)
_1222_/B                                1.000000    1.535631   -0.535631 (VIOLATED)
_1230_/B                                1.000000    1.535626   -0.535626 (VIOLATED)
_1224_/B                                1.000000    1.535615   -0.535615 (VIOLATED)
_1232_/B                                1.000000    1.535577   -0.535577 (VIOLATED)
_1236_/B                                1.000000    1.535533   -0.535533 (VIOLATED)
_1272_/B                                1.000000    1.535504   -0.535504 (VIOLATED)
_1270_/B                                1.000000    1.535488   -0.535488 (VIOLATED)
_1268_/B                                1.000000    1.535482   -0.535482 (VIOLATED)
_1254_/B                                1.000000    1.535478   -0.535478 (VIOLATED)
_1266_/B                                1.000000    1.535424   -0.535424 (VIOLATED)
fanout230/X                             1.000000    1.535422   -0.535422 (VIOLATED)
_1088_/B                                1.000000    1.525361   -0.525361 (VIOLATED)
_1080_/B                                1.000000    1.525353   -0.525353 (VIOLATED)
_1084_/B                                1.000000    1.525336   -0.525336 (VIOLATED)
_1086_/B                                1.000000    1.525325   -0.525325 (VIOLATED)
_1082_/B                                1.000000    1.525315   -0.525315 (VIOLATED)
_1090_/B                                1.000000    1.525273   -0.525273 (VIOLATED)
_1100_/B                                1.000000    1.525236   -0.525236 (VIOLATED)
_1092_/B                                1.000000    1.525130   -0.525130 (VIOLATED)
_1098_/B                                1.000000    1.525112   -0.525112 (VIOLATED)
_1094_/B                                1.000000    1.524965   -0.524965 (VIOLATED)
_1102_/B                                1.000000    1.524892   -0.524892 (VIOLATED)
_1096_/B                                1.000000    1.524723   -0.524723 (VIOLATED)
_1114_/B                                1.000000    1.524601   -0.524601 (VIOLATED)
_1106_/B                                1.000000    1.524463   -0.524463 (VIOLATED)
_1116_/B                                1.000000    1.524456   -0.524456 (VIOLATED)
_1110_/B                                1.000000    1.524413   -0.524413 (VIOLATED)
fanout243/X                             1.000000    1.524408   -0.524408 (VIOLATED)
_0839_/A2                               1.000000    1.347875   -0.347875 (VIOLATED)
_0921_/A2                               1.000000    1.347854   -0.347854 (VIOLATED)
_0933_/B1                               1.000000    1.347771   -0.347771 (VIOLATED)
_0929_/A2                               1.000000    1.347680   -0.347680 (VIOLATED)
_0915_/A2                               1.000000    1.347638   -0.347638 (VIOLATED)
_0909_/A2                               1.000000    1.347505   -0.347505 (VIOLATED)
_0903_/A2                               1.000000    1.347471   -0.347471 (VIOLATED)
_0898_/A2                               1.000000    1.347426   -0.347426 (VIOLATED)
wire445/A                               1.000000    1.347397   -0.347397 (VIOLATED)
_0893_/A2                               1.000000    1.347388   -0.347388 (VIOLATED)
fanout444/X                             1.000000    1.347384   -0.347384 (VIOLATED)
_0749_/A1                               1.000000    1.314523   -0.314523 (VIOLATED)
input1/X                                1.000000    1.313383   -0.313383 (VIOLATED)
_1279_/A2                               1.000000    1.310290   -0.310290 (VIOLATED)
_1281_/A2                               1.000000    1.310249   -0.310250 (VIOLATED)
_1289_/A2                               1.000000    1.310224   -0.310224 (VIOLATED)
_1339_/A2                               1.000000    1.310201   -0.310201 (VIOLATED)
_1285_/A2                               1.000000    1.310140   -0.310140 (VIOLATED)
load_slew219/A                          1.000000    1.310003   -0.310003 (VIOLATED)
_1335_/A2                               1.000000    1.309574   -0.309574 (VIOLATED)
_1321_/A2                               1.000000    1.309538   -0.309538 (VIOLATED)
_1333_/A2                               1.000000    1.309533   -0.309533 (VIOLATED)
fanout218/X                             1.000000    1.309533   -0.309533 (VIOLATED)
_1471_/A2                               1.000000    1.246130   -0.246130 (VIOLATED)
_1473_/A2                               1.000000    1.246106   -0.246106 (VIOLATED)
fanout203/A                             1.000000    1.245999   -0.245999 (VIOLATED)
ANTENNA_6/DIODE                         1.000000    1.245967   -0.245967 (VIOLATED)
_1449_/A2                               1.000000    1.245898   -0.245898 (VIOLATED)
_1461_/A2                               1.000000    1.245888   -0.245888 (VIOLATED)
_1459_/A2                               1.000000    1.245794   -0.245794 (VIOLATED)
wire207/A                               1.000000    1.245735   -0.245735 (VIOLATED)
_1457_/A2                               1.000000    1.245367   -0.245367 (VIOLATED)
fanout206/X                             1.000000    1.245365   -0.245365 (VIOLATED)
_0983_/A1                               1.000000    1.215055   -0.215055 (VIOLATED)
_1379_/A1                               1.000000    1.215049   -0.215049 (VIOLATED)
_1313_/A1                               1.000000    1.215046   -0.215046 (VIOLATED)
_1115_/A1                               1.000000    1.215044   -0.215044 (VIOLATED)
_1445_/A1                               1.000000    1.215005   -0.215005 (VIOLATED)
_1049_/A1                               1.000000    1.214899   -0.214899 (VIOLATED)
_1181_/A1                               1.000000    1.214826   -0.214826 (VIOLATED)
_1247_/A1                               1.000000    1.214726   -0.214726 (VIOLATED)
input28/X                               1.000000    1.214458   -0.214458 (VIOLATED)
_1108_/B                                1.000000    1.206709   -0.206709 (VIOLATED)
_1136_/B                                1.000000    1.206656   -0.206656 (VIOLATED)
_1140_/B                                1.000000    1.206529   -0.206529 (VIOLATED)
_1138_/B                                1.000000    1.206464   -0.206464 (VIOLATED)
_1134_/B                                1.000000    1.206410   -0.206410 (VIOLATED)
_1132_/B                                1.000000    1.206257   -0.206257 (VIOLATED)
_1130_/B                                1.000000    1.206198   -0.206198 (VIOLATED)
_1128_/B                                1.000000    1.206169   -0.206169 (VIOLATED)
max_cap245/A                            1.000000    1.206145   -0.206145 (VIOLATED)
fanout244/X                             1.000000    1.206130   -0.206130 (VIOLATED)
_1325_/A1                               1.000000    1.204087   -0.204087 (VIOLATED)
_1391_/A1                               1.000000    1.204085   -0.204085 (VIOLATED)
_1259_/A1                               1.000000    1.204083   -0.204083 (VIOLATED)
_1193_/A1                               1.000000    1.204053   -0.204053 (VIOLATED)
_0995_/A1                               1.000000    1.204028   -0.204028 (VIOLATED)
_1061_/A1                               1.000000    1.204024   -0.204024 (VIOLATED)
_1457_/A1                               1.000000    1.204015   -0.204015 (VIOLATED)
_1127_/A1                               1.000000    1.203878   -0.203878 (VIOLATED)
input35/X                               1.000000    1.203678   -0.203678 (VIOLATED)
_0865_/A2                               1.000000    1.199045   -0.199045 (VIOLATED)
_0870_/A2                               1.000000    1.199027   -0.199027 (VIOLATED)
_0910_/B1                               1.000000    1.198646   -0.198646 (VIOLATED)
_0904_/A2                               1.000000    1.198631   -0.198631 (VIOLATED)
_0899_/B1                               1.000000    1.198607   -0.198607 (VIOLATED)
_1276_/A                                1.000000    1.198597   -0.198597 (VIOLATED)
_1277_/A                                1.000000    1.198597   -0.198597 (VIOLATED)
fanout449/X                             1.000000    1.198597   -0.198597 (VIOLATED)
load_slew450/A                          1.000000    1.198597   -0.198597 (VIOLATED)
_0758_/A2                               1.000000    1.193705   -0.193705 (VIOLATED)
_0776_/A2                               1.000000    1.193695   -0.193695 (VIOLATED)
_0764_/A2                               1.000000    1.193648   -0.193648 (VIOLATED)
_0812_/A2                               1.000000    1.193607   -0.193607 (VIOLATED)
_0878_/A2                               1.000000    1.193530   -0.193530 (VIOLATED)
_0866_/A2                               1.000000    1.193487   -0.193487 (VIOLATED)
max_cap349/A                            1.000000    1.193021   -0.193021 (VIOLATED)
_0842_/A2                               1.000000    1.192980   -0.192980 (VIOLATED)
_0848_/A2                               1.000000    1.192956   -0.192956 (VIOLATED)
fanout348/X                             1.000000    1.192956   -0.192956 (VIOLATED)
_1009_/A2                               1.000000    1.191577   -0.191577 (VIOLATED)
_1001_/A2                               1.000000    1.191553   -0.191553 (VIOLATED)
wire253/A                               1.000000    1.191530   -0.191530 (VIOLATED)
_0997_/A2                               1.000000    1.191505   -0.191505 (VIOLATED)
_0979_/A2                               1.000000    1.191503   -0.191503 (VIOLATED)
_0981_/A2                               1.000000    1.191499   -0.191498 (VIOLATED)
_0993_/A2                               1.000000    1.191483   -0.191483 (VIOLATED)
_0995_/A2                               1.000000    1.191165   -0.191165 (VIOLATED)
fanout252/X                             1.000000    1.191165   -0.191165 (VIOLATED)
_1043_/A2                               1.000000    1.170225   -0.170225 (VIOLATED)
_1045_/A2                               1.000000    1.169879   -0.169879 (VIOLATED)
_1047_/A2                               1.000000    1.169859   -0.169859 (VIOLATED)
_1059_/A2                               1.000000    1.169843   -0.169843 (VIOLATED)
_1061_/A2                               1.000000    1.169814   -0.169814 (VIOLATED)
_1063_/A2                               1.000000    1.169814   -0.169814 (VIOLATED)
_1065_/A2                               1.000000    1.169814   -0.169814 (VIOLATED)
fanout248/X                             1.000000    1.169814   -0.169814 (VIOLATED)
load_slew249/A                          1.000000    1.169814   -0.169814 (VIOLATED)
_0867_/B1                               1.000000    1.131824   -0.131824 (VIOLATED)
_0905_/A2                               1.000000    1.131819   -0.131819 (VIOLATED)
_0911_/A2                               1.000000    1.131818   -0.131818 (VIOLATED)
_0897_/A2                               1.000000    1.131795   -0.131795 (VIOLATED)
_0885_/B1                               1.000000    1.131786   -0.131786 (VIOLATED)
_0892_/A2                               1.000000    1.131786   -0.131786 (VIOLATED)
_1408_/A                                1.000000    1.131786   -0.131786 (VIOLATED)
_1409_/A                                1.000000    1.131786   -0.131786 (VIOLATED)
fanout436/X                             1.000000    1.131786   -0.131786 (VIOLATED)
load_slew437/A                          1.000000    1.131786   -0.131786 (VIOLATED)
_1035_/A2                               1.000000    1.128547   -0.128547 (VIOLATED)
_1039_/A2                               1.000000    1.128536   -0.128536 (VIOLATED)
_1041_/A2                               1.000000    1.128534   -0.128534 (VIOLATED)
_1037_/A2                               1.000000    1.128532   -0.128532 (VIOLATED)
load_slew247/A                          1.000000    1.128532   -0.128532 (VIOLATED)
_1031_/A2                               1.000000    1.128529   -0.128529 (VIOLATED)
_1051_/A2                               1.000000    1.128523   -0.128523 (VIOLATED)
_1049_/A2                               1.000000    1.128521   -0.128521 (VIOLATED)
fanout246/X                             1.000000    1.128521   -0.128521 (VIOLATED)
_1472_/B                                1.000000    1.127655   -0.127655 (VIOLATED)
_1470_/B                                1.000000    1.127654   -0.127654 (VIOLATED)
fanout208/A                             1.000000    1.127584   -0.127584 (VIOLATED)
_1448_/B                                1.000000    1.127556   -0.127556 (VIOLATED)
_1460_/B                                1.000000    1.127547   -0.127547 (VIOLATED)
_1458_/B                                1.000000    1.127394   -0.127394 (VIOLATED)
max_cap210/A                            1.000000    1.127298   -0.127298 (VIOLATED)
_1456_/B                                1.000000    1.126974   -0.126974 (VIOLATED)
fanout209/X                             1.000000    1.126973   -0.126973 (VIOLATED)
_0911_/B1                               1.000000    1.115457   -0.115457 (VIOLATED)
load_slew419/A                          1.000000    1.115449   -0.115449 (VIOLATED)
_0897_/B1                               1.000000    1.115434   -0.115434 (VIOLATED)
_0845_/A2                               1.000000    1.115411   -0.115411 (VIOLATED)
_0852_/B1                               1.000000    1.115407   -0.115407 (VIOLATED)
_0892_/B1                               1.000000    1.115406   -0.115406 (VIOLATED)
_0888_/B1                               1.000000    1.115395   -0.115395 (VIOLATED)
_0947_/A                                1.000000    1.115387   -0.115387 (VIOLATED)
_0946_/A                                1.000000    1.115384   -0.115384 (VIOLATED)
fanout418/X                             1.000000    1.115384   -0.115384 (VIOLATED)
_0779_/B1                               1.000000    1.113427   -0.113427 (VIOLATED)
_0742_/B1                               1.000000    1.113392   -0.113392 (VIOLATED)
_0863_/A2                               1.000000    1.113189   -0.113189 (VIOLATED)
wire443/A                               1.000000    1.113060   -0.113060 (VIOLATED)
_0832_/B1                               1.000000    1.113035   -0.113035 (VIOLATED)
_0843_/B1                               1.000000    1.112638   -0.112638 (VIOLATED)
fanout442/X                             1.000000    1.112637   -0.112637 (VIOLATED)
fanout484/A                             1.000000    1.101437   -0.101437 (VIOLATED)
_1339_/C1                               1.000000    1.101416   -0.101416 (VIOLATED)
_1341_/C1                               1.000000    1.101415   -0.101415 (VIOLATED)
fanout486/A                             1.000000    1.101413   -0.101413 (VIOLATED)
_1471_/C1                               1.000000    1.101407   -0.101407 (VIOLATED)
_1405_/C1                               1.000000    1.101355   -0.101355 (VIOLATED)
_1469_/C1                               1.000000    1.101305   -0.101305 (VIOLATED)
fanout489/A                             1.000000    1.101273   -0.101273 (VIOLATED)
fanout487/A                             1.000000    1.101270   -0.101270 (VIOLATED)
fanout491/X                             1.000000    1.101268   -0.101268 (VIOLATED)
_1323_/A1                               1.000000    1.100015   -0.100015 (VIOLATED)
_0993_/A1                               1.000000    1.100009   -0.100009 (VIOLATED)
_1389_/A1                               1.000000    1.100006   -0.100006 (VIOLATED)
_1455_/A1                               1.000000    1.100001   -0.100001 (VIOLATED)
_1059_/A1                               1.000000    1.099982   -0.099982 (VIOLATED)
_1125_/A1                               1.000000    1.099963   -0.099963 (VIOLATED)
_1191_/A1                               1.000000    1.099916   -0.099916 (VIOLATED)
_1257_/A1                               1.000000    1.099873   -0.099873 (VIOLATED)
input34/X                               1.000000    1.099683   -0.099683 (VIOLATED)
_1091_/A1                               1.000000    1.091939   -0.091939 (VIOLATED)
_1025_/A1                               1.000000    1.091920   -0.091920 (VIOLATED)
_0959_/A1                               1.000000    1.091644   -0.091644 (VIOLATED)
_1157_/A1                               1.000000    1.091188   -0.091188 (VIOLATED)
_1223_/A1                               1.000000    1.090731   -0.090731 (VIOLATED)
_1355_/A1                               1.000000    1.090154   -0.090154 (VIOLATED)
_1289_/A1                               1.000000    1.090024   -0.090024 (VIOLATED)
_1421_/A1                               1.000000    1.090009   -0.090009 (VIOLATED)
input47/X                               1.000000    1.084613   -0.084613 (VIOLATED)
wire454/A                               1.000000    1.080274   -0.080274 (VIOLATED)
_0858_/A2                               1.000000    1.080269   -0.080269 (VIOLATED)
_0804_/A2                               1.000000    1.080261   -0.080261 (VIOLATED)
_0819_/A2                               1.000000    1.080261   -0.080261 (VIOLATED)
_0832_/A2                               1.000000    1.080186   -0.080186 (VIOLATED)
_0837_/A2                               1.000000    1.080101   -0.080101 (VIOLATED)
fanout451/A                             1.000000    1.080030   -0.080030 (VIOLATED)
fanout453/X                             1.000000    1.080030   -0.080030 (VIOLATED)
_1121_/A1                               1.000000    1.073703   -0.073703 (VIOLATED)
_0989_/A1                               1.000000    1.073701   -0.073701 (VIOLATED)
_1319_/A1                               1.000000    1.073698   -0.073698 (VIOLATED)
_1187_/A1                               1.000000    1.073686   -0.073686 (VIOLATED)
_1385_/A1                               1.000000    1.073675   -0.073675 (VIOLATED)
_1451_/A1                               1.000000    1.073508   -0.073508 (VIOLATED)
_1055_/A1                               1.000000    1.073430   -0.073430 (VIOLATED)
_1253_/A1                               1.000000    1.073376   -0.073376 (VIOLATED)
input32/X                               1.000000    1.073195   -0.073195 (VIOLATED)
_0968_/B                                1.000000    1.071151   -0.071151 (VIOLATED)
_0984_/B                                1.000000    1.071102   -0.071102 (VIOLATED)
load_slew260/A                          1.000000    1.070996   -0.070996 (VIOLATED)
_0974_/B                                1.000000    1.070990   -0.070990 (VIOLATED)
fanout257/A                             1.000000    1.070304   -0.070304 (VIOLATED)
fanout259/X                             1.000000    1.070303   -0.070303 (VIOLATED)
_0923_/B1                               1.000000    1.068920   -0.068920 (VIOLATED)
_0936_/A2                               1.000000    1.068911   -0.068911 (VIOLATED)
_0929_/B1                               1.000000    1.068895   -0.068895 (VIOLATED)
_0915_/B1                               1.000000    1.068868   -0.068868 (VIOLATED)
_0909_/B1                               1.000000    1.068818   -0.068818 (VIOLATED)
_0903_/B1                               1.000000    1.068796   -0.068796 (VIOLATED)
_0898_/B1                               1.000000    1.068752   -0.068752 (VIOLATED)
max_cap426/A                            1.000000    1.068737   -0.068737 (VIOLATED)
_0893_/B1                               1.000000    1.068730   -0.068729 (VIOLATED)
_1012_/A                                1.000000    1.068726   -0.068726 (VIOLATED)
fanout425/X                             1.000000    1.068725   -0.068725 (VIOLATED)
_0862_/A2                               1.000000    1.067339   -0.067339 (VIOLATED)
_0847_/A2                               1.000000    1.067330   -0.067330 (VIOLATED)
_0869_/A2                               1.000000    1.067325   -0.067325 (VIOLATED)
_0849_/A2                               1.000000    1.067324   -0.067324 (VIOLATED)
_0894_/A2                               1.000000    1.067322   -0.067322 (VIOLATED)
_0886_/A2                               1.000000    1.067287   -0.067287 (VIOLATED)
max_cap439/A                            1.000000    1.067254   -0.067254 (VIOLATED)
_1145_/A                                1.000000    1.067247   -0.067247 (VIOLATED)
_1144_/A                                1.000000    1.067245   -0.067245 (VIOLATED)
fanout438/X                             1.000000    1.067244   -0.067244 (VIOLATED)
_0814_/B1                               1.000000    1.056595   -0.056595 (VIOLATED)
_0790_/B1                               1.000000    1.056593   -0.056593 (VIOLATED)
_0799_/A2                               1.000000    1.056559   -0.056559 (VIOLATED)
_0829_/A2                               1.000000    1.056505   -0.056505 (VIOLATED)
_0879_/A2                               1.000000    1.056107   -0.056107 (VIOLATED)
_0917_/B1                               1.000000    1.056046   -0.056046 (VIOLATED)
fanout434/X                             1.000000    1.056046   -0.056046 (VIOLATED)
wire435/A                               1.000000    1.056046   -0.056046 (VIOLATED)
_1347_/A2                               1.000000    1.049649   -0.049649 (VIOLATED)
_1355_/A2                               1.000000    1.049641   -0.049641 (VIOLATED)
load_slew212/A                          1.000000    1.049610   -0.049610 (VIOLATED)
_1387_/A2                               1.000000    1.049599   -0.049599 (VIOLATED)
_1401_/A2                               1.000000    1.049581   -0.049581 (VIOLATED)
_1405_/A2                               1.000000    1.049568   -0.049568 (VIOLATED)
_1403_/A2                               1.000000    1.049567   -0.049567 (VIOLATED)
_1399_/A2                               1.000000    1.049566   -0.049566 (VIOLATED)
fanout211/X                             1.000000    1.049566   -0.049566 (VIOLATED)
_1183_/A2                               1.000000    1.044221   -0.044221 (VIOLATED)
_1177_/A2                               1.000000    1.044203   -0.044203 (VIOLATED)
_1179_/A2                               1.000000    1.044170   -0.044170 (VIOLATED)
_1185_/A2                               1.000000    1.044152   -0.044152 (VIOLATED)
_1193_/A2                               1.000000    1.044106   -0.044106 (VIOLATED)
_1191_/A2                               1.000000    1.044034   -0.044034 (VIOLATED)
_1195_/A2                               1.000000    1.043673   -0.043673 (VIOLATED)
fanout234/X                             1.000000    1.043673   -0.043673 (VIOLATED)
max_cap235/A                            1.000000    1.043673   -0.043673 (VIOLATED)
_1117_/A1                               1.000000    1.038194   -0.038194 (VIOLATED)
_0985_/A1                               1.000000    1.038180   -0.038180 (VIOLATED)
_1051_/A1                               1.000000    1.038160   -0.038160 (VIOLATED)
_1315_/A1                               1.000000    1.038150   -0.038150 (VIOLATED)
_1447_/A1                               1.000000    1.038146   -0.038146 (VIOLATED)
_1183_/A1                               1.000000    1.038120   -0.038120 (VIOLATED)
_1381_/A1                               1.000000    1.038082   -0.038082 (VIOLATED)
_1249_/A1                               1.000000    1.038039   -0.038039 (VIOLATED)
input29/X                               1.000000    1.037615   -0.037615 (VIOLATED)
_1021_/A1                               1.000000    1.037000   -0.037000 (VIOLATED)
_0955_/A1                               1.000000    1.036973   -0.036973 (VIOLATED)
_1087_/A1                               1.000000    1.036868   -0.036868 (VIOLATED)
_1017_/A1                               1.000000    1.036743   -0.036743 (VIOLATED)
_0951_/A1                               1.000000    1.036734   -0.036735 (VIOLATED)
_1153_/A1                               1.000000    1.036667   -0.036667 (VIOLATED)
_1083_/A1                               1.000000    1.036663   -0.036663 (VIOLATED)
_1149_/A1                               1.000000    1.036474   -0.036474 (VIOLATED)
_1351_/A1                               1.000000    1.036032   -0.036032 (VIOLATED)
_1219_/A1                               1.000000    1.035793   -0.035793 (VIOLATED)
_0761_/B2                               1.000000    1.035790   -0.035790 (VIOLATED)
_1417_/A1                               1.000000    1.035702   -0.035702 (VIOLATED)
input4/X                                1.000000    1.035272   -0.035272 (VIOLATED)
_1215_/A1                               1.000000    1.034720   -0.034720 (VIOLATED)
_1347_/A1                               1.000000    1.034681   -0.034681 (VIOLATED)
_1285_/A1                               1.000000    1.034579   -0.034579 (VIOLATED)
_1281_/A1                               1.000000    1.034458   -0.034458 (VIOLATED)
_1413_/A1                               1.000000    1.034439   -0.034439 (VIOLATED)
_0979_/A1                               1.000000    1.032331   -0.032331 (VIOLATED)
_1045_/A1                               1.000000    1.032324   -0.032324 (VIOLATED)
_1441_/A1                               1.000000    1.032318   -0.032318 (VIOLATED)
_1177_/A1                               1.000000    1.032295   -0.032295 (VIOLATED)
_1309_/A1                               1.000000    1.032284   -0.032284 (VIOLATED)
_1111_/A1                               1.000000    1.032279   -0.032279 (VIOLATED)
_1243_/A1                               1.000000    1.032256   -0.032256 (VIOLATED)
_1375_/A1                               1.000000    1.032225   -0.032225 (VIOLATED)
input26/X                               1.000000    1.031775   -0.031775 (VIOLATED)
input45/X                               1.000000    1.030876   -0.030876 (VIOLATED)
input31/X                               1.000000    1.028881   -0.028881 (VIOLATED)
_1217_/A2                               1.000000    1.024721   -0.024721 (VIOLATED)
_1221_/A2                               1.000000    1.024719   -0.024719 (VIOLATED)
_1215_/A2                               1.000000    1.024713   -0.024713 (VIOLATED)
_1241_/A2                               1.000000    1.024692   -0.024692 (VIOLATED)
_1271_/A2                               1.000000    1.024672   -0.024672 (VIOLATED)
_1269_/A2                               1.000000    1.024662   -0.024662 (VIOLATED)
_1273_/A2                               1.000000    1.024655   -0.024655 (VIOLATED)
fanout226/X                             1.000000    1.024624   -0.024624 (VIOLATED)
max_cap227/A                            1.000000    1.024624   -0.024624 (VIOLATED)
_1041_/A1                               1.000000    1.020466   -0.020466 (VIOLATED)
_0975_/A1                               1.000000    1.020459   -0.020459 (VIOLATED)
_1305_/A1                               1.000000    1.020452   -0.020452 (VIOLATED)
_1107_/A1                               1.000000    1.020443   -0.020443 (VIOLATED)
_1173_/A1                               1.000000    1.020442   -0.020442 (VIOLATED)
_1371_/A1                               1.000000    1.020438   -0.020438 (VIOLATED)
_1437_/A1                               1.000000    1.020435   -0.020435 (VIOLATED)
_1239_/A1                               1.000000    1.020386   -0.020386 (VIOLATED)
input24/X                               1.000000    1.019910   -0.019910 (VIOLATED)
_1019_/A1                               1.000000    1.019019   -0.019019 (VIOLATED)
_0953_/A1                               1.000000    1.018999   -0.018999 (VIOLATED)
_1085_/A1                               1.000000    1.018935   -0.018935 (VIOLATED)
_1151_/A1                               1.000000    1.018710   -0.018710 (VIOLATED)
_1373_/C1                               1.000000    1.018487   -0.018487 (VIOLATED)
_1283_/A1                               1.000000    1.018476   -0.018476 (VIOLATED)
_1375_/C1                               1.000000    1.018474   -0.018474 (VIOLATED)
_1443_/C1                               1.000000    1.018449   -0.018449 (VIOLATED)
_1377_/C1                               1.000000    1.018439   -0.018439 (VIOLATED)
_1349_/A1                               1.000000    1.018205   -0.018205 (VIOLATED)
_1391_/C1                               1.000000    1.018071   -0.018071 (VIOLATED)
fanout456/A                             1.000000    1.018015   -0.018015 (VIOLATED)
_1459_/C1                               1.000000    1.017953   -0.017953 (VIOLATED)
fanout458/A                             1.000000    1.017946   -0.017946 (VIOLATED)
fanout460/X                             1.000000    1.017946   -0.017946 (VIOLATED)
_1217_/A1                               1.000000    1.017807   -0.017807 (VIOLATED)
_1415_/A1                               1.000000    1.016664   -0.016664 (VIOLATED)
ANTENNA_4/DIODE                         1.000000    1.016497   -0.016497 (VIOLATED)
input42/X                               1.000000    1.015553   -0.015553 (VIOLATED)
_0937_/B1                               1.000000    1.011948   -0.011948 (VIOLATED)
_0841_/B1                               1.000000    1.011891   -0.011891 (VIOLATED)
_0925_/D1                               1.000000    1.011805   -0.011805 (VIOLATED)
fanout345/A                             1.000000    1.010735   -0.010735 (VIOLATED)
_0871_/B1                               1.000000    1.010669   -0.010669 (VIOLATED)
_0847_/B1                               1.000000    1.010595   -0.010595 (VIOLATED)
_0853_/D1                               1.000000    1.010333   -0.010333 (VIOLATED)
_0751_/X                                1.000000    1.007643   -0.007643 (VIOLATED)
_1261_/A1                               1.000000    1.006660   -0.006660 (VIOLATED)
_1393_/A1                               1.000000    1.006654   -0.006654 (VIOLATED)
_1327_/A1                               1.000000    1.006640   -0.006640 (VIOLATED)
_1195_/A1                               1.000000    1.006622   -0.006622 (VIOLATED)
_0997_/A1                               1.000000    1.006610   -0.006610 (VIOLATED)
_1459_/A1                               1.000000    1.006570   -0.006570 (VIOLATED)
_1063_/A1                               1.000000    1.006527   -0.006527 (VIOLATED)
_1129_/A1                               1.000000    1.006494   -0.006494 (VIOLATED)
input36/X                               1.000000    1.006042   -0.006042 (VIOLATED)
_1419_/C1                               1.000000    1.005451   -0.005451 (VIOLATED)
_1215_/C1                               1.000000    1.005449   -0.005449 (VIOLATED)
_1347_/C1                               1.000000    1.005445   -0.005445 (VIOLATED)
_1281_/C1                               1.000000    1.005435   -0.005435 (VIOLATED)
_1413_/C1                               1.000000    1.005430   -0.005430 (VIOLATED)
_1421_/C1                               1.000000    1.005428   -0.005428 (VIOLATED)
_1289_/C1                               1.000000    1.005428   -0.005428 (VIOLATED)
_1355_/C1                               1.000000    1.005403   -0.005403 (VIOLATED)
_1109_/C1                               1.000000    1.005399   -0.005399 (VIOLATED)
_1241_/C1                               1.000000    1.005397   -0.005397 (VIOLATED)
_1439_/C1                               1.000000    1.005395   -0.005395 (VIOLATED)
_1271_/C1                               1.000000    1.005391   -0.005391 (VIOLATED)
_1269_/C1                               1.000000    1.005390   -0.005390 (VIOLATED)
fanout486/X                             1.000000    1.005390   -0.005390 (VIOLATED)
_1008_/B                                1.000000    1.005256   -0.005256 (VIOLATED)
_1000_/B                                1.000000    1.005247   -0.005247 (VIOLATED)
load_slew258/A                          1.000000    1.005231   -0.005231 (VIOLATED)
_0978_/B                                1.000000    1.005224   -0.005224 (VIOLATED)
_0980_/B                                1.000000    1.005223   -0.005223 (VIOLATED)
_0996_/B                                1.000000    1.005217   -0.005217 (VIOLATED)
ANTENNA_9/DIODE                         1.000000    1.005216   -0.005216 (VIOLATED)
_0992_/B                                1.000000    1.005212   -0.005212 (VIOLATED)
_0994_/B                                1.000000    1.005204   -0.005204 (VIOLATED)
fanout257/X                             1.000000    1.005204   -0.005204 (VIOLATED)

max fanout

Pin                                   Limit Fanout  Slack
---------------------------------------------------------
fanout217/X                              16     17        (VIOLATED)

max capacitance

Pin                                        Limit         Cap       Slack
------------------------------------------------------------------------
fanout223/X                             0.094309    0.129901   -0.035592 (VIOLATED)
fanout217/X                             0.094309    0.127541   -0.033232 (VIOLATED)
fanout251/X                             0.094309    0.123252   -0.028943 (VIOLATED)
fanout208/X                             0.094309    0.119835   -0.025526 (VIOLATED)
fanout237/X                             0.094309    0.117277   -0.022968 (VIOLATED)
fanout250/X                             0.094309    0.115994   -0.021685 (VIOLATED)
fanout236/X                             0.094309    0.112684   -0.018375 (VIOLATED)
fanout216/X                             0.094309    0.109343   -0.015034 (VIOLATED)
fanout231/X                             0.094309    0.100125   -0.005816 (VIOLATED)
fanout230/X                             0.094309    0.097112   -0.002803 (VIOLATED)
fanout243/X                             0.094309    0.096244   -0.001935 (VIOLATED)



===========================================================================
report_parasitic_annotation -report_unannotated
============================================================================
Found 125 unannotated drivers.
 wbs_adr_i[0]
 wbs_adr_i[10]
 wbs_adr_i[11]
 wbs_adr_i[12]
 wbs_adr_i[13]
 wbs_adr_i[14]
 wbs_adr_i[15]
 wbs_adr_i[16]
 wbs_adr_i[17]
 wbs_adr_i[18]
 wbs_adr_i[19]
 wbs_adr_i[1]
 wbs_adr_i[20]
 wbs_adr_i[21]
 wbs_adr_i[22]
 wbs_adr_i[23]
 wbs_adr_i[24]
 wbs_adr_i[25]
 wbs_adr_i[26]
 wbs_adr_i[27]
 wbs_adr_i[28]
 wbs_adr_i[29]
 wbs_adr_i[30]
 wbs_adr_i[31]
 wbs_adr_i[6]
 wbs_adr_i[7]
 wbs_adr_i[8]
 wbs_adr_i[9]
 wbs_sel_i[0]
 wbs_sel_i[1]
 wbs_sel_i[2]
 wbs_sel_i[3]
 afe_wb/HI
 afe_wb_502/HI
 afe_wb_503/HI
 afe_wb_504/HI
 afe_wb_505/HI
 afe_wb_506/HI
 afe_wb_507/HI
 afe_wb_508/HI
 afe_wb_509/HI
 afe_wb_510/HI
 afe_wb_511/HI
 afe_wb_512/HI
 afe_wb_513/HI
 afe_wb_514/HI
 afe_wb_515/HI
 afe_wb_516/HI
 afe_wb_517/HI
 afe_wb_518/HI
 afe_wb_519/HI
 afe_wb_520/HI
 afe_wb_521/HI
 afe_wb_522/HI
 afe_wb_523/HI
 afe_wb_524/HI
 afe_wb_525/HI
 afe_wb_526/HI
 afe_wb_527/HI
 afe_wb_528/HI
 afe_wb_529/HI
 afe_wb_530/HI
 afe_wb_531/HI
 afe_wb_532/HI
 afe_wb_533/HI
 afe_wb_534/HI
 afe_wb_535/HI
 afe_wb_536/LO
 afe_wb_537/LO
 afe_wb_538/LO
 afe_wb_539/LO
 afe_wb_540/LO
 afe_wb_541/LO
 afe_wb_542/LO
 afe_wb_543/LO
 afe_wb_544/LO
 afe_wb_545/LO
 afe_wb_546/LO
 afe_wb_547/LO
 afe_wb_548/LO
 afe_wb_549/LO
 afe_wb_550/LO
 afe_wb_551/LO
 afe_wb_552/LO
 afe_wb_553/LO
 afe_wb_554/LO
 afe_wb_555/LO
 afe_wb_556/LO
 afe_wb_557/LO
 afe_wb_558/LO
 afe_wb_559/LO
 afe_wb_560/LO
 afe_wb_561/LO
 afe_wb_562/LO
 afe_wb_563/LO
 clkload0/Y
 clkload1/X
 clkload10/X
 clkload11/X
 clkload12/X
 clkload13/Y
 clkload14/X
 clkload15/Y
 clkload16/X
 clkload17/X
 clkload18/X
 clkload19/X
 clkload2/X
 clkload20/X
 clkload21/X
 clkload22/X
 clkload23/X
 clkload24/X
 clkload25/X
 clkload26/Y
 clkload27/X
 clkload28/X
 clkload29/X
 clkload3/X
 clkload4/X
 clkload5/X
 clkload6/X
 clkload7/X
 clkload8/X
 clkload9/X
Found 0 partially unannotated drivers.

===========================================================================
max slew violation count 545
max fanout violation count 1
max cap violation count 11
============================================================================

===========================================================================
check_setup -verbose -unconstrained_endpoints -multiple_clock -no_clock -no_input_delay -loops -generated_clocks
===========================================================================
Warning: There are 13 input ports missing set_input_delay.
  adc_data[0]
  adc_data[10]
  adc_data[11]
  adc_data[1]
  adc_data[2]
  adc_data[3]
  adc_data[4]
  adc_data[5]
  adc_data[6]
  adc_data[7]
  adc_data[8]
  adc_data[9]
  adc_eof
Warning: There are 116 unconstrained endpoints.
  analog_ctrl[0]
  analog_ctrl[104]
  analog_ctrl[105]
  analog_ctrl[106]
  analog_ctrl[107]
  analog_ctrl[108]
  analog_ctrl[109]
  analog_ctrl[10]
  analog_ctrl[110]
  analog_ctrl[111]
  analog_ctrl[112]
  analog_ctrl[113]
  analog_ctrl[114]
  analog_ctrl[115]
  analog_ctrl[116]
  analog_ctrl[117]
  analog_ctrl[118]
  analog_ctrl[119]
  analog_ctrl[11]
  analog_ctrl[120]
  analog_ctrl[121]
  analog_ctrl[122]
  analog_ctrl[12]
  analog_ctrl[13]
  analog_ctrl[14]
  analog_ctrl[15]
  analog_ctrl[16]
  analog_ctrl[17]
  analog_ctrl[18]
  analog_ctrl[19]
  analog_ctrl[1]
  analog_ctrl[20]
  analog_ctrl[21]
  analog_ctrl[22]
  analog_ctrl[23]
  analog_ctrl[24]
  analog_ctrl[25]
  analog_ctrl[26]
  analog_ctrl[27]
  analog_ctrl[28]
  analog_ctrl[29]
  analog_ctrl[2]
  analog_ctrl[30]
  analog_ctrl[31]
  analog_ctrl[32]
  analog_ctrl[33]
  analog_ctrl[34]
  analog_ctrl[35]
  analog_ctrl[36]
  analog_ctrl[37]
  analog_ctrl[38]
  analog_ctrl[39]
  analog_ctrl[3]
  analog_ctrl[40]
  analog_ctrl[41]
  analog_ctrl[42]
  analog_ctrl[43]
  analog_ctrl[44]
  analog_ctrl[45]
  analog_ctrl[46]
  analog_ctrl[47]
  analog_ctrl[48]
  analog_ctrl[49]
  analog_ctrl[4]
  analog_ctrl[50]
  analog_ctrl[51]
  analog_ctrl[52]
  analog_ctrl[53]
  analog_ctrl[54]
  analog_ctrl[55]
  analog_ctrl[56]
  analog_ctrl[57]
  analog_ctrl[58]
  analog_ctrl[59]
  analog_ctrl[5]
  analog_ctrl[60]
  analog_ctrl[61]
  analog_ctrl[62]
  analog_ctrl[63]
  analog_ctrl[64]
  analog_ctrl[65]
  analog_ctrl[66]
  analog_ctrl[67]
  analog_ctrl[68]
  analog_ctrl[69]
  analog_ctrl[6]
  analog_ctrl[70]
  analog_ctrl[71]
  analog_ctrl[72]
  analog_ctrl[73]
  analog_ctrl[74]
  analog_ctrl[75]
  analog_ctrl[76]
  analog_ctrl[77]
  analog_ctrl[78]
  analog_ctrl[79]
  analog_ctrl[80]
  analog_ctrl[81]
  analog_ctrl[82]
  analog_ctrl[83]
  analog_ctrl[84]
  analog_ctrl[85]
  analog_ctrl[86]
  analog_ctrl[87]
  analog_ctrl[88]
  analog_ctrl[89]
  analog_ctrl[8]
  analog_ctrl[90]
  analog_ctrl[91]
  analog_ctrl[92]
  analog_ctrl[93]
  analog_ctrl[94]
  analog_ctrl[95]
  analog_ctrl[96]
  analog_ctrl[97]
  analog_ctrl[9]
