Clock: clk
Sources: wb_clk_i 
Generated: no
Virtual: yes
Propagated: no
Period: 25.000000

===========================================================================
report_clock_properties
============================================================================
Clock                   Period          Waveform
----------------------------------------------------
clk                  25.000000    0.000000 12.500000

===========================================================================
report_clock_latency
============================================================================
Clock clk
rise -> rise
    min     max
4.650000 5.570000 source latency
5.767713         network latency _1685_/CLK
        6.913355 network latency _1474_/CLK
---------------
10.417713 12.483356 latency
        2.065642 skew

fall -> fall
    min     max
4.650000 5.570000 source latency
5.811627         network latency _1685_/CLK
        6.934727 network latency _1474_/CLK
---------------
10.461626 12.504726 latency
        2.043100 skew



===========================================================================
report_clock_min_period
============================================================================
clk period_min = 9.66 fmax = 103.52
