
===========================================================================
 report_power
============================================================================
======================= max_ss_100C_1v60 Corner ===================================

Group                    Internal    Switching      Leakage        Total
                            Power        Power        Power        Power (Watts)
------------------------------------------------------------------------
Sequential           3.599953e-04 8.440060e-06 3.995225e-06 3.724306e-04  40.2%
Combinational        3.464826e-05 8.608161e-05 9.419643e-06 1.301495e-04  14.1%
Clock                2.218315e-04 2.004707e-04 8.869407e-07 4.231892e-04  45.7%
Macro                0.000000e+00 0.000000e+00 0.000000e+00 0.000000e+00   0.0%
Pad                  0.000000e+00 0.000000e+00 0.000000e+00 0.000000e+00   0.0%
------------------------------------------------------------------------
Total                6.164749e-04 2.949920e-04 1.430181e-05 9.257687e-04 100.0%
                            66.6%        31.9%         1.5%

