
===========================================================================
report_checks -unconstrained
===========================================================================
======================= max_ss_100C_1v60 Corner ===================================

Startpoint: wb_rst_i (input port clocked by clk)
Endpoint: u_afe_wb/_1668_ (rising edge-triggered flip-flop clocked by clk)
Path Group: clk
Path Type: max

Fanout         Cap        Slew       Delay        Time   Description
---------------------------------------------------------------------------------------------
                                  0.000000    0.000000   clock clk (rise edge)
                                  5.570000    5.570000   clock network delay (propagated)
                                 12.500000   18.070000 v input external delay
     1    0.016600    0.000000    0.000000   18.070000 v wb_rst_i (in)
                                                         wb_rst_i (net)
                      0.002208    0.001160   18.071159 v u_afe_wb/input14/A (sky130_fd_sc_hd__clkdlybuf4s25_1)
     1    0.005331    0.103632    0.477852   18.549011 v u_afe_wb/input14/X (sky130_fd_sc_hd__clkdlybuf4s25_1)
                                                         u_afe_wb/net14 (net)
                      0.103632    0.000409   18.549419 v u_afe_wb/_0737_/A (sky130_fd_sc_hd__inv_2)
     4    0.070373    0.507085    0.430493   18.979914 ^ u_afe_wb/_0737_/Y (sky130_fd_sc_hd__inv_2)
                                                         u_afe_wb/_0478_ (net)
                      0.507852    0.017158   18.997070 ^ u_afe_wb/fanout492/A (sky130_fd_sc_hd__clkdlybuf4s25_1)
     4    0.038238    0.616433    1.075257   20.072329 ^ u_afe_wb/fanout492/X (sky130_fd_sc_hd__clkdlybuf4s25_1)
                                                         u_afe_wb/net492 (net)
                      0.616444    0.003702   20.076031 ^ u_afe_wb/fanout491/A (sky130_fd_sc_hd__clkdlybuf4s25_1)
     9    0.069216    1.101268    1.471349   21.547380 ^ u_afe_wb/fanout491/X (sky130_fd_sc_hd__clkdlybuf4s25_1)
                                                         u_afe_wb/net491 (net)
                      1.101413    0.013261   21.560640 ^ u_afe_wb/fanout486/A (sky130_fd_sc_hd__clkdlybuf4s25_1)
    13    0.063182    1.005390    1.523784   23.084423 ^ u_afe_wb/fanout486/X (sky130_fd_sc_hd__clkdlybuf4s25_1)
                                                         u_afe_wb/net486 (net)
                      1.005435    0.007983   23.092407 ^ u_afe_wb/_1281_/C1 (sky130_fd_sc_hd__o211a_2)
     1    0.001918    0.080986    0.694296   23.786703 ^ u_afe_wb/_1281_/X (sky130_fd_sc_hd__o211a_2)
                                                         u_afe_wb/_0194_ (net)
                      0.080986    0.000144   23.786846 ^ u_afe_wb/hold585/A (sky130_fd_sc_hd__dlygate4sd3_1)
     1    0.002349    0.086617    1.090518   24.877365 ^ u_afe_wb/hold585/X (sky130_fd_sc_hd__dlygate4sd3_1)
                                                         u_afe_wb/net585 (net)
                      0.086617    0.000163   24.877529 ^ u_afe_wb/_1668_/D (sky130_fd_sc_hd__dfxtp_2)
                                             24.877529   data arrival time

                                 25.000000   25.000000   clock clk (rise edge)
                                  4.650000   29.650000   clock source latency
     1    0.074873    0.610000    0.000000   29.650000 ^ wb_clk_i (in)
                                                         wb_clk_i (net)
                      0.649522    0.018774   29.668774 ^ u_afe_wb/clkbuf_0_wb_clk_i/A (sky130_fd_sc_hd__clkbuf_16)
     4    0.079129    0.152900    0.506976   30.175749 ^ u_afe_wb/clkbuf_0_wb_clk_i/X (sky130_fd_sc_hd__clkbuf_16)
                                                         u_afe_wb/clknet_0_wb_clk_i (net)
                      0.153232    0.005819   30.181568 ^ u_afe_wb/clkbuf_2_3__f_wb_clk_i/A (sky130_fd_sc_hd__clkbuf_16)
    10    0.115474    0.199086    0.346656   30.528225 ^ u_afe_wb/clkbuf_2_3__f_wb_clk_i/X (sky130_fd_sc_hd__clkbuf_16)
                                                         u_afe_wb/clknet_2_3__leaf_wb_clk_i (net)
                      0.199954    0.010086   30.538311 ^ u_afe_wb/clkbuf_leaf_16_wb_clk_i/A (sky130_fd_sc_hd__clkbuf_8)
     9    0.035422    0.118725    0.311879   30.850189 ^ u_afe_wb/clkbuf_leaf_16_wb_clk_i/X (sky130_fd_sc_hd__clkbuf_8)
                                                         u_afe_wb/clknet_leaf_16_wb_clk_i (net)
                      0.118766    0.001968   30.852158 ^ u_afe_wb/_1668_/CLK (sky130_fd_sc_hd__dfxtp_2)
                                 -0.250000   30.602156   clock uncertainty
                                  0.000000   30.602156   clock reconvergence pessimism
                                 -0.136941   30.465218   library setup time
                                             30.465218   data required time
---------------------------------------------------------------------------------------------
                                             30.465218   data required time
                                            -24.877529   data arrival time
---------------------------------------------------------------------------------------------
                                              5.587689   slack (MET)




===========================================================================
report_checks --slack_max -0.01
============================================================================
======================= max_ss_100C_1v60 Corner ===================================

No paths found.


===========================================================================
 report_check_types -max_slew -max_cap -max_fanout -violators
============================================================================
======================= max_ss_100C_1v60 Corner ===================================

max slew

Pin                                        Limit        Slew       Slack
------------------------------------------------------------------------
u_afe_wb/_1296_/B                       1.500000    2.046218   -0.546218 (VIOLATED)
u_afe_wb/_1298_/B                       1.500000    2.046183   -0.546183 (VIOLATED)
u_afe_wb/_1292_/B                       1.500000    2.046141   -0.546141 (VIOLATED)
u_afe_wb/_1302_/B                       1.500000    2.046054   -0.546054 (VIOLATED)
u_afe_wb/_1290_/B                       1.500000    2.045950   -0.545950 (VIOLATED)
u_afe_wb/_1282_/B                       1.500000    2.045736   -0.545736 (VIOLATED)
u_afe_wb/_1286_/B                       1.500000    2.045605   -0.545605 (VIOLATED)
u_afe_wb/_1278_/B                       1.500000    2.045293   -0.545293 (VIOLATED)
u_afe_wb/_1280_/B                       1.500000    2.044865   -0.544865 (VIOLATED)
u_afe_wb/fanout223/X                    1.498939    2.043714   -0.544775 (VIOLATED)
u_afe_wb/_1288_/B                       1.500000    2.044492   -0.544492 (VIOLATED)
u_afe_wb/_1338_/B                       1.500000    2.044425   -0.544426 (VIOLATED)
u_afe_wb/_1284_/B                       1.500000    2.044300   -0.544300 (VIOLATED)
u_afe_wb/_1336_/B                       1.500000    2.043961   -0.543961 (VIOLATED)
u_afe_wb/_1334_/B                       1.500000    2.043868   -0.543868 (VIOLATED)
u_afe_wb/_1320_/B                       1.500000    2.043746   -0.543746 (VIOLATED)
u_afe_wb/_1332_/B                       1.500000    2.043720   -0.543720 (VIOLATED)
u_afe_wb/fanout217/X                    1.498939    2.004615   -0.505676 (VIOLATED)
u_afe_wb/_1384_/B                       1.500000    2.005145   -0.505145 (VIOLATED)
u_afe_wb/_1360_/B                       1.500000    2.005103   -0.505103 (VIOLATED)
u_afe_wb/_1366_/B                       1.500000    2.005102   -0.505102 (VIOLATED)
u_afe_wb/_1378_/B                       1.500000    2.005051   -0.505051 (VIOLATED)
u_afe_wb/_1370_/B                       1.500000    2.005003   -0.505004 (VIOLATED)
u_afe_wb/_1372_/B                       1.500000    2.004926   -0.504927 (VIOLATED)
u_afe_wb/_1374_/B                       1.500000    2.004844   -0.504844 (VIOLATED)
u_afe_wb/_1380_/B                       1.500000    2.004821   -0.504821 (VIOLATED)
u_afe_wb/fanout216/A                    1.500000    2.004791   -0.504791 (VIOLATED)
u_afe_wb/_1396_/B                       1.500000    2.004777   -0.504777 (VIOLATED)
u_afe_wb/_1376_/B                       1.500000    2.004757   -0.504757 (VIOLATED)
u_afe_wb/_1394_/B                       1.500000    2.004757   -0.504757 (VIOLATED)
u_afe_wb/ANTENNA_7/DIODE                1.500000    2.004748   -0.504748 (VIOLATED)
u_afe_wb/_1382_/B                       1.500000    2.004736   -0.504736 (VIOLATED)
u_afe_wb/_1392_/B                       1.500000    2.004712   -0.504712 (VIOLATED)
u_afe_wb/_1390_/B                       1.500000    2.004655   -0.504655 (VIOLATED)
u_afe_wb/_1388_/B                       1.500000    2.004654   -0.504654 (VIOLATED)
u_afe_wb/fanout251/X                    1.498939    1.938498   -0.439559 (VIOLATED)
u_afe_wb/_1054_/B                       1.500000    1.938941   -0.438941 (VIOLATED)
u_afe_wb/_1056_/B                       1.500000    1.938941   -0.438941 (VIOLATED)
u_afe_wb/_1052_/B                       1.500000    1.938926   -0.438926 (VIOLATED)
u_afe_wb/_1042_/B                       1.500000    1.938912   -0.438912 (VIOLATED)
u_afe_wb/_1044_/B                       1.500000    1.938904   -0.438904 (VIOLATED)
u_afe_wb/_1046_/B                       1.500000    1.938859   -0.438859 (VIOLATED)
u_afe_wb/_1058_/B                       1.500000    1.938790   -0.438790 (VIOLATED)
u_afe_wb/_1076_/B                       1.500000    1.938771   -0.438771 (VIOLATED)
u_afe_wb/_1070_/B                       1.500000    1.938771   -0.438771 (VIOLATED)
u_afe_wb/_1074_/B                       1.500000    1.938768   -0.438768 (VIOLATED)
u_afe_wb/_1072_/B                       1.500000    1.938765   -0.438765 (VIOLATED)
u_afe_wb/_1068_/B                       1.500000    1.938729   -0.438729 (VIOLATED)
u_afe_wb/_1066_/B                       1.500000    1.938705   -0.438705 (VIOLATED)
u_afe_wb/_1064_/B                       1.500000    1.938672   -0.438672 (VIOLATED)
u_afe_wb/_1062_/B                       1.500000    1.938672   -0.438672 (VIOLATED)
u_afe_wb/_1060_/B                       1.500000    1.938498   -0.438498 (VIOLATED)
u_afe_wb/fanout208/X                    1.498939    1.886463   -0.387524 (VIOLATED)
u_afe_wb/_1410_/B                       1.500000    1.887406   -0.387406 (VIOLATED)
u_afe_wb/_1466_/B                       1.500000    1.887398   -0.387398 (VIOLATED)
u_afe_wb/_1416_/B                       1.500000    1.887397   -0.387397 (VIOLATED)
u_afe_wb/_1414_/B                       1.500000    1.887373   -0.387373 (VIOLATED)
u_afe_wb/_1418_/B                       1.500000    1.887362   -0.387362 (VIOLATED)
u_afe_wb/_1420_/B                       1.500000    1.887354   -0.387354 (VIOLATED)
u_afe_wb/_1412_/B                       1.500000    1.887301   -0.387302 (VIOLATED)
u_afe_wb/_1438_/B                       1.500000    1.887252   -0.387252 (VIOLATED)
u_afe_wb/_1430_/B                       1.500000    1.887187   -0.387187 (VIOLATED)
u_afe_wb/_1428_/B                       1.500000    1.887060   -0.387060 (VIOLATED)
u_afe_wb/_1422_/B                       1.500000    1.886988   -0.386988 (VIOLATED)
u_afe_wb/_1424_/B                       1.500000    1.886970   -0.386970 (VIOLATED)
u_afe_wb/_1434_/B                       1.500000    1.886927   -0.386927 (VIOLATED)
u_afe_wb/_1452_/B                       1.500000    1.886775   -0.386776 (VIOLATED)
u_afe_wb/_1464_/B                       1.500000    1.886543   -0.386543 (VIOLATED)
u_afe_wb/_1462_/B                       1.500000    1.886485   -0.386485 (VIOLATED)
u_afe_wb/fanout237/X                    1.498939    1.846793   -0.347854 (VIOLATED)
u_afe_wb/_1176_/B                       1.500000    1.847360   -0.347360 (VIOLATED)
u_afe_wb/_1178_/B                       1.500000    1.847352   -0.347352 (VIOLATED)
u_afe_wb/_1192_/B                       1.500000    1.847338   -0.347338 (VIOLATED)
u_afe_wb/_1208_/B                       1.500000    1.847332   -0.347332 (VIOLATED)
u_afe_wb/_1174_/B                       1.500000    1.847331   -0.347331 (VIOLATED)
u_afe_wb/_1206_/B                       1.500000    1.847324   -0.347324 (VIOLATED)
u_afe_wb/_1190_/B                       1.500000    1.847321   -0.347321 (VIOLATED)
u_afe_wb/_1204_/B                       1.500000    1.847304   -0.347304 (VIOLATED)
u_afe_wb/_1182_/B                       1.500000    1.847292   -0.347293 (VIOLATED)
u_afe_wb/_1202_/B                       1.500000    1.847291   -0.347291 (VIOLATED)
u_afe_wb/_1184_/B                       1.500000    1.847276   -0.347276 (VIOLATED)
u_afe_wb/_1200_/B                       1.500000    1.847199   -0.347199 (VIOLATED)
u_afe_wb/_1188_/B                       1.500000    1.847175   -0.347175 (VIOLATED)
u_afe_wb/_1198_/B                       1.500000    1.846951   -0.346951 (VIOLATED)
u_afe_wb/_1196_/B                       1.500000    1.846848   -0.346848 (VIOLATED)
u_afe_wb/_1194_/B                       1.500000    1.846811   -0.346811 (VIOLATED)
u_afe_wb/_1014_/B                       1.500000    1.827640   -0.327640 (VIOLATED)
u_afe_wb/_1018_/B                       1.500000    1.827637   -0.327637 (VIOLATED)
u_afe_wb/_1020_/B                       1.500000    1.827635   -0.327635 (VIOLATED)
u_afe_wb/_1016_/B                       1.500000    1.827625   -0.327625 (VIOLATED)
u_afe_wb/_1024_/B                       1.500000    1.827583   -0.327584 (VIOLATED)
u_afe_wb/_1026_/B                       1.500000    1.827546   -0.327546 (VIOLATED)
u_afe_wb/_1022_/B                       1.500000    1.827472   -0.327472 (VIOLATED)
u_afe_wb/fanout250/X                    1.498939    1.826366   -0.327427 (VIOLATED)
u_afe_wb/_1032_/B                       1.500000    1.827376   -0.327376 (VIOLATED)
u_afe_wb/_1034_/B                       1.500000    1.827147   -0.327147 (VIOLATED)
u_afe_wb/_1050_/B                       1.500000    1.826960   -0.326960 (VIOLATED)
u_afe_wb/_1038_/B                       1.500000    1.826951   -0.326951 (VIOLATED)
u_afe_wb/_1028_/B                       1.500000    1.826803   -0.326803 (VIOLATED)
u_afe_wb/_1030_/B                       1.500000    1.826524   -0.326524 (VIOLATED)
u_afe_wb/_1036_/B                       1.500000    1.826461   -0.326461 (VIOLATED)
u_afe_wb/_1048_/B                       1.500000    1.826422   -0.326422 (VIOLATED)
u_afe_wb/_1040_/B                       1.500000    1.826366   -0.326366 (VIOLATED)
u_afe_wb/_1154_/B                       1.500000    1.777310   -0.277310 (VIOLATED)
u_afe_wb/_1146_/B                       1.500000    1.777309   -0.277309 (VIOLATED)
u_afe_wb/_1156_/B                       1.500000    1.777308   -0.277308 (VIOLATED)
u_afe_wb/_1152_/B                       1.500000    1.777301   -0.277302 (VIOLATED)
u_afe_wb/_1150_/B                       1.500000    1.777244   -0.277244 (VIOLATED)
u_afe_wb/_1148_/B                       1.500000    1.777182   -0.277182 (VIOLATED)
u_afe_wb/_1164_/B                       1.500000    1.777079   -0.277079 (VIOLATED)
u_afe_wb/_1158_/B                       1.500000    1.776946   -0.276946 (VIOLATED)
u_afe_wb/_1166_/B                       1.500000    1.776885   -0.276885 (VIOLATED)
u_afe_wb/fanout236/X                    1.498939    1.775733   -0.276794 (VIOLATED)
u_afe_wb/_1170_/B                       1.500000    1.776713   -0.276713 (VIOLATED)
u_afe_wb/_1160_/B                       1.500000    1.776376   -0.276376 (VIOLATED)
u_afe_wb/_1186_/B                       1.500000    1.776292   -0.276292 (VIOLATED)
u_afe_wb/_1168_/B                       1.500000    1.776100   -0.276100 (VIOLATED)
u_afe_wb/_1162_/B                       1.500000    1.775929   -0.275929 (VIOLATED)
u_afe_wb/_1172_/B                       1.500000    1.775831   -0.275831 (VIOLATED)
u_afe_wb/_1180_/B                       1.500000    1.775751   -0.275751 (VIOLATED)
u_afe_wb/_1350_/B                       1.500000    1.725619   -0.225619 (VIOLATED)
u_afe_wb/_1344_/B                       1.500000    1.725619   -0.225619 (VIOLATED)
u_afe_wb/_1348_/B                       1.500000    1.725616   -0.225617 (VIOLATED)
u_afe_wb/_1352_/B                       1.500000    1.725608   -0.225608 (VIOLATED)
u_afe_wb/_1356_/B                       1.500000    1.725569   -0.225569 (VIOLATED)
u_afe_wb/_1364_/B                       1.500000    1.725504   -0.225504 (VIOLATED)
u_afe_wb/_1358_/B                       1.500000    1.725493   -0.225493 (VIOLATED)
u_afe_wb/_1368_/B                       1.500000    1.725490   -0.225490 (VIOLATED)
u_afe_wb/fanout216/X                    1.498939    1.724416   -0.225477 (VIOLATED)
u_afe_wb/_1362_/B                       1.500000    1.725466   -0.225466 (VIOLATED)
u_afe_wb/_1346_/B                       1.500000    1.725298   -0.225298 (VIOLATED)
u_afe_wb/_1354_/B                       1.500000    1.725294   -0.225294 (VIOLATED)
u_afe_wb/_1386_/B                       1.500000    1.725157   -0.225157 (VIOLATED)
u_afe_wb/_1400_/B                       1.500000    1.725059   -0.225059 (VIOLATED)
u_afe_wb/_1404_/B                       1.500000    1.724426   -0.224426 (VIOLATED)
u_afe_wb/_1398_/B                       1.500000    1.724416   -0.224416 (VIOLATED)
u_afe_wb/_1402_/B                       1.500000    1.724416   -0.224416 (VIOLATED)
u_afe_wb/fanout231/X                    1.498939    1.583631   -0.084692 (VIOLATED)
u_afe_wb/_1226_/B                       1.500000    1.583979   -0.083979 (VIOLATED)
u_afe_wb/_1238_/B                       1.500000    1.583964   -0.083964 (VIOLATED)
u_afe_wb/_1234_/B                       1.500000    1.583939   -0.083939 (VIOLATED)
u_afe_wb/_1228_/B                       1.500000    1.583934   -0.083934 (VIOLATED)
u_afe_wb/_1252_/B                       1.500000    1.583917   -0.083917 (VIOLATED)
u_afe_wb/_1250_/B                       1.500000    1.583916   -0.083916 (VIOLATED)
u_afe_wb/_1248_/B                       1.500000    1.583911   -0.083911 (VIOLATED)
u_afe_wb/_1246_/B                       1.500000    1.583905   -0.083905 (VIOLATED)
u_afe_wb/_1244_/B                       1.500000    1.583890   -0.083890 (VIOLATED)
u_afe_wb/_1242_/B                       1.500000    1.583835   -0.083835 (VIOLATED)
u_afe_wb/_1258_/B                       1.500000    1.583754   -0.083754 (VIOLATED)
u_afe_wb/_1256_/B                       1.500000    1.583709   -0.083709 (VIOLATED)
u_afe_wb/_1264_/B                       1.500000    1.583685   -0.083685 (VIOLATED)
u_afe_wb/fanout230/A                    1.500000    1.583684   -0.083684 (VIOLATED)
u_afe_wb/_1262_/B                       1.500000    1.583670   -0.083670 (VIOLATED)
u_afe_wb/_1260_/B                       1.500000    1.583651   -0.083651 (VIOLATED)
u_afe_wb/fanout230/X                    1.498939    1.535422   -0.036483 (VIOLATED)
u_afe_wb/_1240_/B                       1.500000    1.535737   -0.035737 (VIOLATED)
u_afe_wb/_1214_/B                       1.500000    1.535728   -0.035728 (VIOLATED)
u_afe_wb/_1220_/B                       1.500000    1.535722   -0.035722 (VIOLATED)
u_afe_wb/_1216_/B                       1.500000    1.535717   -0.035718 (VIOLATED)
u_afe_wb/_1218_/B                       1.500000    1.535682   -0.035682 (VIOLATED)
u_afe_wb/_1212_/B                       1.500000    1.535680   -0.035680 (VIOLATED)
u_afe_wb/_1222_/B                       1.500000    1.535631   -0.035631 (VIOLATED)
u_afe_wb/_1230_/B                       1.500000    1.535626   -0.035626 (VIOLATED)
u_afe_wb/_1224_/B                       1.500000    1.535615   -0.035615 (VIOLATED)
u_afe_wb/_1232_/B                       1.500000    1.535577   -0.035577 (VIOLATED)
u_afe_wb/_1236_/B                       1.500000    1.535533   -0.035533 (VIOLATED)
u_afe_wb/_1272_/B                       1.500000    1.535504   -0.035504 (VIOLATED)
u_afe_wb/_1270_/B                       1.500000    1.535488   -0.035488 (VIOLATED)
u_afe_wb/_1268_/B                       1.500000    1.535482   -0.035483 (VIOLATED)
u_afe_wb/_1254_/B                       1.500000    1.535478   -0.035478 (VIOLATED)
u_afe_wb/_1266_/B                       1.500000    1.535424   -0.035424 (VIOLATED)
u_afe_wb/fanout243/X                    1.498939    1.524408   -0.025469 (VIOLATED)
u_afe_wb/_1088_/B                       1.500000    1.525361   -0.025361 (VIOLATED)
u_afe_wb/_1080_/B                       1.500000    1.525353   -0.025353 (VIOLATED)
u_afe_wb/_1084_/B                       1.500000    1.525336   -0.025336 (VIOLATED)
u_afe_wb/_1086_/B                       1.500000    1.525325   -0.025325 (VIOLATED)
u_afe_wb/_1082_/B                       1.500000    1.525315   -0.025315 (VIOLATED)
u_afe_wb/_1090_/B                       1.500000    1.525273   -0.025273 (VIOLATED)
u_afe_wb/_1100_/B                       1.500000    1.525236   -0.025236 (VIOLATED)
u_afe_wb/_1092_/B                       1.500000    1.525130   -0.025130 (VIOLATED)
u_afe_wb/_1098_/B                       1.500000    1.525112   -0.025112 (VIOLATED)
u_afe_wb/_1094_/B                       1.500000    1.524965   -0.024965 (VIOLATED)
u_afe_wb/_1102_/B                       1.500000    1.524892   -0.024893 (VIOLATED)
u_afe_wb/_1096_/B                       1.500000    1.524723   -0.024723 (VIOLATED)
u_afe_wb/_1114_/B                       1.500000    1.524601   -0.024601 (VIOLATED)
u_afe_wb/_1106_/B                       1.500000    1.524463   -0.024463 (VIOLATED)
u_afe_wb/_1116_/B                       1.500000    1.524456   -0.024456 (VIOLATED)
u_afe_wb/_1110_/B                       1.500000    1.524413   -0.024413 (VIOLATED)

max fanout

Pin                                   Limit Fanout  Slack
---------------------------------------------------------
u_afe_wb/fanout217/X                     10     17     -7 (VIOLATED)
u_afe_wb/_0945_/X                        10     16     -6 (VIOLATED)
u_afe_wb/fanout208/X                     10     16     -6 (VIOLATED)
u_afe_wb/fanout216/X                     10     16     -6 (VIOLATED)
u_afe_wb/fanout223/X                     10     16     -6 (VIOLATED)
u_afe_wb/fanout230/X                     10     16     -6 (VIOLATED)
u_afe_wb/fanout231/X                     10     16     -6 (VIOLATED)
u_afe_wb/fanout236/X                     10     16     -6 (VIOLATED)
u_afe_wb/fanout237/X                     10     16     -6 (VIOLATED)
u_afe_wb/fanout243/X                     10     16     -6 (VIOLATED)
u_afe_wb/fanout250/X                     10     16     -6 (VIOLATED)
u_afe_wb/fanout251/X                     10     16     -6 (VIOLATED)
u_afe_wb/load_slew475/X                  10     14     -4 (VIOLATED)
u_afe_wb/load_slew479/X                  10     14     -4 (VIOLATED)
u_afe_wb/load_slew490/X                  10     14     -4 (VIOLATED)
u_afe_wb/wire467/X                       10     14     -4 (VIOLATED)
u_afe_wb/fanout486/X                     10     13     -3 (VIOLATED)
u_afe_wb/load_slew464/X                  10     13     -3 (VIOLATED)
u_afe_wb/load_slew483/X                  10     13     -3 (VIOLATED)
u_afe_wb/load_slew260/X                  10     12     -2 (VIOLATED)
u_afe_wb/load_slew469/X                  10     12     -2 (VIOLATED)
u_afe_wb/load_slew477/X                  10     12     -2 (VIOLATED)
u_afe_wb/wire233/X                       10     12     -2 (VIOLATED)
u_afe_wb/wire239/X                       10     12     -2 (VIOLATED)
u_afe_wb/fanout465/X                     10     11        (VIOLATED)
u_afe_wb/wire225/X                       10     11        (VIOLATED)
u_afe_wb/wire421/X                       10     11        (VIOLATED)
u_afe_wb/wire443/X                       10     11        (VIOLATED)

max capacitance

Pin                                        Limit         Cap       Slack
------------------------------------------------------------------------
u_afe_wb/fanout223/X                    0.094309    0.129901   -0.035592 (VIOLATED)
u_afe_wb/fanout217/X                    0.094309    0.127541   -0.033232 (VIOLATED)
u_afe_wb/fanout251/X                    0.094309    0.123252   -0.028943 (VIOLATED)
u_afe_wb/fanout208/X                    0.094309    0.119835   -0.025526 (VIOLATED)
u_afe_wb/fanout237/X                    0.094309    0.117277   -0.022968 (VIOLATED)
u_afe_wb/fanout250/X                    0.094309    0.115994   -0.021685 (VIOLATED)
u_afe_wb/fanout236/X                    0.094309    0.112684   -0.018375 (VIOLATED)
u_afe_wb/fanout216/X                    0.094309    0.109343   -0.015034 (VIOLATED)
u_afe_wb/fanout231/X                    0.094309    0.100125   -0.005816 (VIOLATED)
u_afe_wb/fanout230/X                    0.094309    0.097112   -0.002803 (VIOLATED)
u_afe_wb/fanout243/X                    0.094309    0.096244   -0.001935 (VIOLATED)



===========================================================================
report_parasitic_annotation -report_unannotated
============================================================================
Found 389 unannotated drivers.
 analog_io[23]
 analog_io[28]
 io_in[0]
 io_in[10]
 io_in[11]
 io_in[12]
 io_in[13]
 io_in[14]
 io_in[15]
 io_in[16]
 io_in[17]
 io_in[18]
 io_in[19]
 io_in[1]
 io_in[20]
 io_in[21]
 io_in[22]
 io_in[23]
 io_in[24]
 io_in[25]
 io_in[26]
 io_in[27]
 io_in[28]
 io_in[29]
 io_in[2]
 io_in[30]
 io_in[31]
 io_in[32]
 io_in[33]
 io_in[34]
 io_in[35]
 io_in[36]
 io_in[37]
 io_in[3]
 io_in[4]
 io_in[5]
 io_in[6]
 io_in[7]
 io_in[8]
 io_in[9]
 la_data_in[0]
 la_data_in[100]
 la_data_in[101]
 la_data_in[102]
 la_data_in[103]
 la_data_in[104]
 la_data_in[105]
 la_data_in[106]
 la_data_in[107]
 la_data_in[108]
 la_data_in[109]
 la_data_in[10]
 la_data_in[110]
 la_data_in[111]
 la_data_in[112]
 la_data_in[113]
 la_data_in[114]
 la_data_in[115]
 la_data_in[116]
 la_data_in[117]
 la_data_in[118]
 la_data_in[119]
 la_data_in[11]
 la_data_in[120]
 la_data_in[121]
 la_data_in[122]
 la_data_in[123]
 la_data_in[124]
 la_data_in[125]
 la_data_in[126]
 la_data_in[127]
 la_data_in[12]
 la_data_in[13]
 la_data_in[14]
 la_data_in[15]
 la_data_in[16]
 la_data_in[17]
 la_data_in[18]
 la_data_in[19]
 la_data_in[1]
 la_data_in[20]
 la_data_in[21]
 la_data_in[22]
 la_data_in[23]
 la_data_in[24]
 la_data_in[25]
 la_data_in[26]
 la_data_in[27]
 la_data_in[28]
 la_data_in[29]
 la_data_in[2]
 la_data_in[30]
 la_data_in[31]
 la_data_in[32]
 la_data_in[33]
 la_data_in[34]
 la_data_in[35]
 la_data_in[36]
 la_data_in[37]
 la_data_in[38]
 la_data_in[39]
 la_data_in[3]
 la_data_in[40]
 la_data_in[41]
 la_data_in[42]
 la_data_in[43]
 la_data_in[44]
 la_data_in[45]
 la_data_in[46]
 la_data_in[47]
 la_data_in[48]
 la_data_in[49]
 la_data_in[4]
 la_data_in[50]
 la_data_in[51]
 la_data_in[52]
 la_data_in[53]
 la_data_in[54]
 la_data_in[55]
 la_data_in[56]
 la_data_in[57]
 la_data_in[58]
 la_data_in[59]
 la_data_in[5]
 la_data_in[60]
 la_data_in[61]
 la_data_in[62]
 la_data_in[63]
 la_data_in[64]
 la_data_in[65]
 la_data_in[66]
 la_data_in[67]
 la_data_in[68]
 la_data_in[69]
 la_data_in[6]
 la_data_in[70]
 la_data_in[71]
 la_data_in[72]
 la_data_in[73]
 la_data_in[74]
 la_data_in[75]
 la_data_in[76]
 la_data_in[77]
 la_data_in[78]
 la_data_in[79]
 la_data_in[7]
 la_data_in[80]
 la_data_in[81]
 la_data_in[82]
 la_data_in[83]
 la_data_in[84]
 la_data_in[85]
 la_data_in[86]
 la_data_in[87]
 la_data_in[88]
 la_data_in[89]
 la_data_in[8]
 la_data_in[90]
 la_data_in[91]
 la_data_in[92]
 la_data_in[93]
 la_data_in[94]
 la_data_in[95]
 la_data_in[96]
 la_data_in[97]
 la_data_in[98]
 la_data_in[99]
 la_data_in[9]
 la_oenb[0]
 la_oenb[100]
 la_oenb[101]
 la_oenb[102]
 la_oenb[103]
 la_oenb[104]
 la_oenb[105]
 la_oenb[106]
 la_oenb[107]
 la_oenb[108]
 la_oenb[109]
 la_oenb[10]
 la_oenb[110]
 la_oenb[111]
 la_oenb[112]
 la_oenb[113]
 la_oenb[114]
 la_oenb[115]
 la_oenb[116]
 la_oenb[117]
 la_oenb[118]
 la_oenb[119]
 la_oenb[11]
 la_oenb[120]
 la_oenb[121]
 la_oenb[122]
 la_oenb[123]
 la_oenb[124]
 la_oenb[125]
 la_oenb[126]
 la_oenb[127]
 la_oenb[12]
 la_oenb[13]
 la_oenb[14]
 la_oenb[15]
 la_oenb[16]
 la_oenb[17]
 la_oenb[18]
 la_oenb[19]
 la_oenb[1]
 la_oenb[20]
 la_oenb[21]
 la_oenb[22]
 la_oenb[23]
 la_oenb[24]
 la_oenb[25]
 la_oenb[26]
 la_oenb[27]
 la_oenb[28]
 la_oenb[29]
 la_oenb[2]
 la_oenb[30]
 la_oenb[31]
 la_oenb[32]
 la_oenb[33]
 la_oenb[34]
 la_oenb[35]
 la_oenb[36]
 la_oenb[37]
 la_oenb[38]
 la_oenb[39]
 la_oenb[3]
 la_oenb[40]
 la_oenb[41]
 la_oenb[42]
 la_oenb[43]
 la_oenb[44]
 la_oenb[45]
 la_oenb[46]
 la_oenb[47]
 la_oenb[48]
 la_oenb[49]
 la_oenb[4]
 la_oenb[50]
 la_oenb[51]
 la_oenb[52]
 la_oenb[53]
 la_oenb[54]
 la_oenb[55]
 la_oenb[56]
 la_oenb[57]
 la_oenb[58]
 la_oenb[59]
 la_oenb[5]
 la_oenb[60]
 la_oenb[61]
 la_oenb[62]
 la_oenb[63]
 la_oenb[64]
 la_oenb[65]
 la_oenb[66]
 la_oenb[67]
 la_oenb[68]
 la_oenb[69]
 la_oenb[6]
 la_oenb[70]
 la_oenb[71]
 la_oenb[72]
 la_oenb[73]
 la_oenb[74]
 la_oenb[75]
 la_oenb[76]
 la_oenb[77]
 la_oenb[78]
 la_oenb[79]
 la_oenb[7]
 la_oenb[80]
 la_oenb[81]
 la_oenb[82]
 la_oenb[83]
 la_oenb[84]
 la_oenb[85]
 la_oenb[86]
 la_oenb[87]
 la_oenb[88]
 la_oenb[89]
 la_oenb[8]
 la_oenb[90]
 la_oenb[91]
 la_oenb[92]
 la_oenb[93]
 la_oenb[94]
 la_oenb[95]
 la_oenb[96]
 la_oenb[97]
 la_oenb[98]
 la_oenb[99]
 la_oenb[9]
 u_afe_wb/afe_wb/HI
 u_afe_wb/afe_wb_502/HI
 u_afe_wb/afe_wb_503/HI
 u_afe_wb/afe_wb_504/HI
 u_afe_wb/afe_wb_505/HI
 u_afe_wb/afe_wb_506/HI
 u_afe_wb/afe_wb_507/HI
 u_afe_wb/afe_wb_508/HI
 u_afe_wb/afe_wb_509/HI
 u_afe_wb/afe_wb_510/HI
 u_afe_wb/afe_wb_511/HI
 u_afe_wb/afe_wb_512/HI
 u_afe_wb/afe_wb_513/HI
 u_afe_wb/afe_wb_514/HI
 u_afe_wb/afe_wb_515/HI
 u_afe_wb/afe_wb_516/HI
 u_afe_wb/afe_wb_517/HI
 u_afe_wb/afe_wb_518/HI
 u_afe_wb/afe_wb_519/HI
 u_afe_wb/afe_wb_520/HI
 u_afe_wb/afe_wb_521/HI
 u_afe_wb/afe_wb_522/HI
 u_afe_wb/afe_wb_523/HI
 u_afe_wb/afe_wb_524/HI
 u_afe_wb/afe_wb_525/HI
 u_afe_wb/afe_wb_526/HI
 u_afe_wb/afe_wb_527/HI
 u_afe_wb/afe_wb_528/HI
 u_afe_wb/afe_wb_529/HI
 u_afe_wb/afe_wb_530/HI
 u_afe_wb/afe_wb_531/HI
 u_afe_wb/afe_wb_532/HI
 u_afe_wb/afe_wb_533/HI
 u_afe_wb/afe_wb_534/HI
 u_afe_wb/afe_wb_535/HI
 u_afe_wb/afe_wb_536/LO
 u_afe_wb/afe_wb_537/LO
 u_afe_wb/afe_wb_538/LO
 u_afe_wb/afe_wb_539/LO
 u_afe_wb/afe_wb_540/LO
 u_afe_wb/afe_wb_541/LO
 u_afe_wb/afe_wb_542/LO
 u_afe_wb/afe_wb_543/LO
 u_afe_wb/afe_wb_544/LO
 u_afe_wb/afe_wb_545/LO
 u_afe_wb/afe_wb_546/LO
 u_afe_wb/afe_wb_547/LO
 u_afe_wb/afe_wb_548/LO
 u_afe_wb/afe_wb_549/LO
 u_afe_wb/afe_wb_550/LO
 u_afe_wb/afe_wb_551/LO
 u_afe_wb/afe_wb_552/LO
 u_afe_wb/afe_wb_553/LO
 u_afe_wb/afe_wb_554/LO
 u_afe_wb/afe_wb_555/LO
 u_afe_wb/afe_wb_556/LO
 u_afe_wb/afe_wb_557/LO
 u_afe_wb/afe_wb_558/LO
 u_afe_wb/afe_wb_559/LO
 u_afe_wb/afe_wb_560/LO
 u_afe_wb/afe_wb_561/LO
 u_afe_wb/afe_wb_562/LO
 u_afe_wb/afe_wb_563/LO
 u_afe_wb/clkload0/Y
 u_afe_wb/clkload1/X
 u_afe_wb/clkload10/X
 u_afe_wb/clkload11/X
 u_afe_wb/clkload12/X
 u_afe_wb/clkload13/Y
 u_afe_wb/clkload14/X
 u_afe_wb/clkload15/Y
 u_afe_wb/clkload16/X
 u_afe_wb/clkload17/X
 u_afe_wb/clkload18/X
 u_afe_wb/clkload19/X
 u_afe_wb/clkload2/X
 u_afe_wb/clkload20/X
 u_afe_wb/clkload21/X
 u_afe_wb/clkload22/X
 u_afe_wb/clkload23/X
 u_afe_wb/clkload24/X
 u_afe_wb/clkload25/X
 u_afe_wb/clkload26/Y
 u_afe_wb/clkload27/X
 u_afe_wb/clkload28/X
 u_afe_wb/clkload29/X
 u_afe_wb/clkload3/X
 u_afe_wb/clkload4/X
 u_afe_wb/clkload5/X
 u_afe_wb/clkload6/X
 u_afe_wb/clkload7/X
 u_afe_wb/clkload8/X
 u_afe_wb/clkload9/X
Found 68 partially unannotated drivers.
 u_afe_wb/wire261/X
  u_cf_adc_sar12/sample_width[3]
 u_afe_wb/wire262/X
  u_cf_adc_sar12/sample_width[4]
 u_afe_wb/wire263/X
  u_cf_adc_sar12/sample_width[5]
 u_afe_wb/wire264/X
  u_cf_adc_sar12/sample_width[6]
 u_afe_wb/wire266/X
  u_cf_adc_sar12/sample_width[7]
 u_afe_wb/wire267/X
  u_cf_adc_sar12/sample_width[8]
 u_afe_wb/wire268/X
  u_cf_adc_sar12/sample_width[9]
 u_afe_wb/wire269/X
  u_cf_adc_sar12/resolution[0]
 u_afe_wb/wire270/X
  u_cf_adc_sar12/resolution[1]
 u_afe_wb/wire291/X
  u_cf_adc_sar12_sar_refs/S_LV[0]
 u_afe_wb/wire292/X
  u_cf_adc_sar12_sar_refs/S_LV[1]
 u_afe_wb/wire293/X
  u_cf_adc_sar12_sar_refs/S_LV[2]
 u_afe_wb/wire294/X
  u_cf_adc_sar12_sar_refs/S_LV[3]
 u_afe_wb/wire295/X
  u_cf_adc_sar12_sar_refs/S_LV[4]
 u_afe_wb/wire296/X
  u_cf_adc_sar12_sar_refs/S_LV[5]
 u_afe_wb/wire297/X
  u_cf_adc_sar12_sar_refs/S_LV[6]
 u_afe_wb/wire298/X
  u_cf_adc_sar12_sar_refs/S_LV[7]
 u_afe_wb/wire313/X
  u_cf_adc_sar12_sar_refs/muxsarref[0]
 u_afe_wb/wire315/X
  u_cf_adc_sar12_sar_refs/muxsarref[2]
 u_afe_wb/wire317/X
  u_cf_adc_sar12_sar_refs/PWR_CTRL_VREF[0]
 u_afe_wb/wire318/X
  u_cf_adc_sar12_sar_refs/PWR_CTRL_VREF[1]
 u_afe_wb/wire319/X
  u_cf_adc_sar12_sar_refs/vref[0]
 u_afe_wb/wire320/X
  u_cf_adc_sar12_sar_refs/vref[1]
 u_afe_wb/wire322/X
  u_cf_adc_sar12_sar_refs/vref[3]
 u_afe_wb/wire323/X
  u_cf_adc_sar12_sar_refs/vref[4]
 u_afe_wb/wire324/X
  u_cf_adc_sar12/sel_csel_dft[0]
 u_afe_wb/wire325/X
  u_cf_adc_sar12/sel_csel_dft[1]
 u_afe_wb/wire326/X
  u_cf_adc_sar12/sel_csel_dft[2]
 u_afe_wb/wire328/X
  u_cf_adc_sar12/sel_csel_dft[3]
 u_afe_wb/wire329/X
  u_cf_adc_sar12/dft_outc[0]
 u_afe_wb/wire331/X
  u_cf_adc_sar12/dft_outc[2]
 u_afe_wb/wire332/X
  u_cf_adc_sar12/dft_inc[0]
 u_afe_wb/wire333/X
  u_cf_adc_sar12/dft_inc[1]
 u_afe_wb/wire334/X
  u_cf_adc_sar12/dft_inc[2]
 u_afe_wb/wire335/X
  u_cf_adc_sar12/dft_inc[3]
 u_afe_wb/wire336/X
  u_cf_adc_sar12/icont_lv[0]
 u_afe_wb/wire337/X
  u_cf_adc_sar12/icont_lv[1]
 u_afe_wb/wire339/X
  u_cf_adc_sar12/cap_trim[0]
 u_afe_wb/wire341/X
  u_cf_adc_sar12/cap_trim[2]
 u_afe_wb/wire342/X
  u_cf_adc_sar12/sample_width[0]
 u_afe_wb/wire343/X
  u_cf_adc_sar12/sample_width[1]
 u_afe_wb/wire344/X
  u_cf_adc_sar12/sample_width[2]
 u_afe_wb/wire390/X
  u_cf_bgr/mux1sel[0]
 u_afe_wb/wire391/X
  u_cf_bgr/mux1sel[1]
 u_afe_wb/wire392/X
  u_cf_bgr/inl_ctrl[0]
 u_afe_wb/wire393/X
  u_cf_bgr/inl_ctrl[1]
 u_afe_wb/wire394/X
  u_cf_bgr/inl_ctrl[2]
 u_afe_wb/wire396/X
  u_cf_bgr/inl_ctrl[4]
 u_afe_wb/wire397/X
  u_cf_bgr/inl_ctrl[5]
 u_afe_wb/wire398/X
  u_cf_bgr/inl_ctrl[6]
 u_afe_wb/wire399/X
  u_cf_bgr/CurrAbsTrim[0]
 u_afe_wb/wire400/X
  u_cf_bgr/CurrAbsTrim[1]
 u_afe_wb/wire401/X
  u_cf_bgr/CurrAbsTrim[2]
 u_afe_wb/wire402/X
  u_cf_bgr/CurrAbsTrim[3]
 u_afe_wb/wire403/X
  u_cf_bgr/CurrAbsTrim[4]
 u_afe_wb/wire404/X
  u_cf_bgr/CurrAbsTrim[5]
 u_afe_wb/wire405/X
  u_cf_bgr/trimCurr[0]
 u_afe_wb/wire406/X
  u_cf_bgr/trimCurr[1]
 u_afe_wb/wire407/X
  u_cf_bgr/trimCurr[2]
 u_afe_wb/wire408/X
  u_cf_bgr/trimCurr[3]
 u_afe_wb/wire409/X
  u_cf_bgr/trimCurr[4]
 u_afe_wb/wire410/X
  u_cf_bgr/trimCurr[5]
 u_afe_wb/wire411/X
  u_cf_bgr/trimTC[0]
 u_afe_wb/wire412/X
  u_cf_bgr/trimTC[1]
 u_afe_wb/wire413/X
  u_cf_bgr/trimTC[2]
 u_afe_wb/wire415/X
  u_cf_bgr/trimTC[4]
 u_afe_wb/wire416/X
  u_cf_bgr/trimTC[5]
 u_afe_wb/wire417/X
  u_cf_bgr/trimTC[6]

===========================================================================
max slew violation count 188
max fanout violation count 28
max cap violation count 11
============================================================================

===========================================================================
check_setup -verbose -unconstrained_endpoints -multiple_clock -no_clock -no_input_delay -loops -generated_clocks
===========================================================================
Warning: There are 68 input ports missing set_input_delay.
  analog_io[0]
  analog_io[10]
  analog_io[11]
  analog_io[12]
  analog_io[13]
  analog_io[14]
  analog_io[15]
  analog_io[16]
  analog_io[17]
  analog_io[18]
  analog_io[19]
  analog_io[1]
  analog_io[20]
  analog_io[21]
  analog_io[22]
  analog_io[23]
  analog_io[24]
  analog_io[25]
  analog_io[26]
  analog_io[27]
  analog_io[28]
  analog_io[2]
  analog_io[3]
  analog_io[4]
  analog_io[5]
  analog_io[6]
  analog_io[7]
  analog_io[8]
  analog_io[9]
  io_in[0]
  io_in[10]
  io_in[11]
  io_in[12]
  io_in[13]
  io_in[14]
  io_in[15]
  io_in[16]
  io_in[17]
  io_in[18]
  io_in[19]
  io_in[1]
  io_in[20]
  io_in[21]
  io_in[22]
  io_in[23]
  io_in[24]
  io_in[25]
  io_in[26]
  io_in[27]
  io_in[28]
  io_in[29]
  io_in[2]
  io_in[30]
  io_in[31]
  io_in[32]
  io_in[33]
  io_in[34]
  io_in[35]
  io_in[36]
  io_in[37]
  io_in[3]
  io_in[4]
  io_in[5]
  io_in[6]
  io_in[7]
  io_in[8]
  io_in[9]
  user_clock2
Warning: There are 180 unconstrained endpoints.
  analog_io[0]
  analog_io[10]
  analog_io[11]
  analog_io[12]
  analog_io[13]
  analog_io[14]
  analog_io[15]
  analog_io[16]
  analog_io[17]
  analog_io[18]
  analog_io[19]
  analog_io[1]
  analog_io[20]
  analog_io[21]
  analog_io[22]
  analog_io[23]
  analog_io[24]
  analog_io[25]
  analog_io[26]
  analog_io[27]
  analog_io[28]
  analog_io[2]
  analog_io[3]
  analog_io[4]
  analog_io[5]
  analog_io[6]
  analog_io[7]
  analog_io[8]
  analog_io[9]
  io_oeb[0]
  io_oeb[1]
  io_oeb[2]
  io_oeb[35]
  io_oeb[36]
  io_oeb[37]
  io_oeb[3]
  io_oeb[4]
  io_oeb[5]
  io_oeb[6]
  io_out[0]
  io_out[1]
  io_out[2]
  io_out[35]
  io_out[36]
  io_out[37]
  io_out[3]
  io_out[4]
  io_out[5]
  io_out[6]
  la_data_out[0]
  la_data_out[100]
  la_data_out[101]
  la_data_out[102]
  la_data_out[103]
  la_data_out[104]
  la_data_out[105]
  la_data_out[106]
  la_data_out[107]
  la_data_out[108]
  la_data_out[109]
  la_data_out[10]
  la_data_out[110]
  la_data_out[111]
  la_data_out[112]
  la_data_out[113]
  la_data_out[114]
  la_data_out[115]
  la_data_out[116]
  la_data_out[117]
  la_data_out[118]
  la_data_out[119]
  la_data_out[11]
  la_data_out[120]
  la_data_out[121]
  la_data_out[122]
  la_data_out[123]
  la_data_out[124]
  la_data_out[125]
  la_data_out[126]
  la_data_out[127]
  la_data_out[12]
  la_data_out[13]
  la_data_out[14]
  la_data_out[15]
  la_data_out[16]
  la_data_out[17]
  la_data_out[18]
  la_data_out[19]
  la_data_out[1]
  la_data_out[20]
  la_data_out[21]
  la_data_out[22]
  la_data_out[23]
  la_data_out[24]
  la_data_out[25]
  la_data_out[26]
  la_data_out[27]
  la_data_out[28]
  la_data_out[29]
  la_data_out[2]
  la_data_out[30]
  la_data_out[31]
  la_data_out[32]
  la_data_out[33]
  la_data_out[34]
  la_data_out[35]
  la_data_out[36]
  la_data_out[37]
  la_data_out[38]
  la_data_out[39]
  la_data_out[3]
  la_data_out[40]
  la_data_out[41]
  la_data_out[42]
  la_data_out[43]
  la_data_out[44]
  la_data_out[45]
  la_data_out[46]
  la_data_out[47]
  la_data_out[48]
  la_data_out[49]
  la_data_out[4]
  la_data_out[50]
  la_data_out[51]
  la_data_out[52]
  la_data_out[53]
  la_data_out[54]
  la_data_out[55]
  la_data_out[56]
  la_data_out[57]
  la_data_out[58]
  la_data_out[59]
  la_data_out[5]
  la_data_out[60]
  la_data_out[61]
  la_data_out[62]
  la_data_out[63]
  la_data_out[64]
  la_data_out[65]
  la_data_out[66]
  la_data_out[67]
  la_data_out[68]
  la_data_out[69]
  la_data_out[6]
  la_data_out[70]
  la_data_out[71]
  la_data_out[72]
  la_data_out[73]
  la_data_out[74]
  la_data_out[75]
  la_data_out[76]
  la_data_out[77]
  la_data_out[78]
  la_data_out[79]
  la_data_out[7]
  la_data_out[80]
  la_data_out[81]
  la_data_out[82]
  la_data_out[83]
  la_data_out[84]
  la_data_out[85]
  la_data_out[86]
  la_data_out[87]
  la_data_out[88]
  la_data_out[89]
  la_data_out[8]
  la_data_out[90]
  la_data_out[91]
  la_data_out[92]
  la_data_out[93]
  la_data_out[94]
  la_data_out[95]
  la_data_out[96]
  la_data_out[97]
  la_data_out[98]
  la_data_out[99]
  la_data_out[9]
  user_irq[0]
  user_irq[1]
  user_irq[2]
