Clock: clk
Sources: wb_clk_i 
Generated: no
Virtual: yes
Propagated: no
Period: 25.000000

===========================================================================
report_clock_properties
============================================================================
Clock                   Period          Waveform
----------------------------------------------------
clk                  25.000000    0.000000 12.500000

===========================================================================
report_clock_latency
============================================================================
Clock clk
rise -> rise
    min     max
4.650000 5.570000 source latency
5.777602         network latency u_afe_wb/_1685_/CLK
        6.924286 network latency u_afe_wb/_1474_/CLK
---------------
10.427602 12.494286 latency
        2.066684 skew

fall -> fall
    min     max
4.650000 5.570000 source latency
5.822433         network latency u_afe_wb/_1685_/CLK
        6.946669 network latency u_afe_wb/_1474_/CLK
---------------
10.472432 12.516669 latency
        2.044237 skew



===========================================================================
report_clock_min_period
============================================================================
clk period_min = 9.66 fmax = 103.52
