Clock: clk
Sources: wb_clk_i 
Generated: no
Virtual: yes
Propagated: no
Period: 25.000000

===========================================================================
report_clock_properties
============================================================================
Clock                   Period          Waveform
----------------------------------------------------
clk                  25.000000    0.000000 12.500000

===========================================================================
report_clock_latency
============================================================================
Clock clk
rise -> rise
    min     max
4.650000 5.570000 source latency
5.346066         network latency _1613_/CLK
        6.331496 network latency _1624_/CLK
---------------
9.996065 11.901497 latency
        1.905431 skew

fall -> fall
    min     max
4.650000 5.570000 source latency
5.447882         network latency _1613_/CLK
        6.416423 network latency _1650_/CLK
---------------
10.097882 11.986423 latency
        1.888541 skew



===========================================================================
report_clock_min_period
============================================================================
clk period_min = 3.07 fmax = 325.41
