2026-09-19 01:31:39 [INFO] Extracting compressed files in: /tmp/tmp3nr2oo_5/repo
2026-09-19 01:31:39 [INFO] make uncompress produced 2 gds/*.gds file(s): afe_wb.gds, user_project_wrapper.gds (make exit 0)
2026-09-19 01:31:39 [INFO] Project type: digital
2026-09-19 01:31:39 [INFO] GDS hash (user_project_wrapper): 68617f6ade8789178bd3988717d2844fc8858187
2026-09-19 01:31:39 [INFO] Tools: KLayout v0.29.2 | Magic v8.3.471
2026-09-19 01:31:39 [INFO] PDK: SKY130A unknown
2026-09-19 01:31:39 [INFO] Running 1 checks: [lvs]
2026-09-19 01:31:39 [INFO] Loading LVS environment from /tmp/tmp3nr2oo_5/repo/lvs/user_project_wrapper/lvs_config.json
2026-09-19 01:31:39 [INFO] EXTRACT_FLATGLOB: 
2026-09-19 01:31:39 [INFO] EXTRACT_ABSTRACT: *__fill_* *__fakediode_* *__tapvpwrvgnd_* *CF_BUF_HIZ_core *CF_ADC_SAR12_core *CF_ADC_SAR12_sar_refs_core *CF_BGR_core *CF_REFBUF_core
2026-09-19 01:31:39 [INFO] EXTRACT_CREATE_SUBCUT: 
2026-09-19 01:31:39 [INFO] LVS_FLATTEN: 
2026-09-19 01:31:39 [INFO] LVS_NOFLATTEN: CF_BUF_HIZ CF_ADC_SAR12 CF_ADC_SAR12_sar_refs CF_BGR CF_REFBUF
2026-09-19 01:31:39 [INFO] LVS_IGNORE: 
2026-09-19 01:31:39 [INFO] LVS_SPICE_FILES: /opt/pdks/sky130A/libs.ref/sky130_fd_sc_hd/spice/sky130_ef_sc_hd__decap*.spice /opt/pdks/sky130A/libs.ref/sky130_fd_sc_hd/spice/sky130_fd_sc_hd.spice
2026-09-19 01:31:39 [INFO] LVS_VERILOG_FILES: /tmp/tmp3nr2oo_5/repo/verilog/gl/CF_BUF_HIZ_core.v /tmp/tmp3nr2oo_5/repo/verilog/gl/CF_BUF_HIZ.v /tmp/tmp3nr2oo_5/repo/verilog/gl/CF_ADC_SAR12_core.v /tmp/tmp3nr2oo_5/repo/verilog/gl/CF_ADC_SAR12.v /tmp/tmp3nr2oo_5/repo/verilog/gl/CF_ADC_SAR12_sar_refs_core.v /tmp/tmp3nr2oo_5/repo/verilog/gl/CF_ADC_SAR12_sar_refs.v /tmp/tmp3nr2oo_5/repo/verilog/gl/CF_BGR_core.v /tmp/tmp3nr2oo_5/repo/verilog/gl/CF_BGR.v /tmp/tmp3nr2oo_5/repo/verilog/gl/CF_REFBUF_core.v /tmp/tmp3nr2oo_5/repo/verilog/gl/CF_REFBUF.v /tmp/tmp3nr2oo_5/repo/verilog/gl/afe_wb.v /tmp/tmp3nr2oo_5/repo/verilog/gl/user_project_wrapper.v
2026-09-19 01:31:39 [INFO] LAYOUT_FILE: /tmp/tmp3nr2oo_5/repo/gds/user_project_wrapper.gds
2026-09-19 01:31:39 [INFO] Running: run_be_checks --nooeb
2026-09-19 01:31:39 [INFO] LVS output directory: /tmp/tmp3nr2oo_5/repo/precheck_results/19_SEP_2026___01_31_39
2026-09-19 01:32:10 [WARNING] ERC check failed (stat=4), see /tmp/tmp3nr2oo_5/repo/precheck_results/19_SEP_2026___01_31_39/logs/LVS_check.log
