
===========================================================================
report_checks -unconstrained
===========================================================================
======================= min_ss_100C_1v60 Corner ===================================

Startpoint: wb_rst_i (input port clocked by clk)
Endpoint: _1714_ (rising edge-triggered flip-flop clocked by clk)
Path Group: clk
Path Type: max

Fanout         Cap        Slew       Delay        Time   Description
---------------------------------------------------------------------------------------------
                                  0.000000    0.000000   clock clk (rise edge)
                                  5.570000    5.570000   clock network delay (propagated)
                                 12.500000   18.070000 v input external delay
     1    0.002305    0.000000    0.000000   18.070000 v wb_rst_i (in)
                                                         wb_rst_i (net)
                      0.000027    0.000014   18.070013 v input14/A (sky130_fd_sc_hd__dlymetal6s2s_1)
     1    0.020179    0.211739    0.374092   18.444105 v input14/X (sky130_fd_sc_hd__dlymetal6s2s_1)
                                                         net14 (net)
                      0.211746    0.001588   18.445694 v _0738_/A (sky130_fd_sc_hd__inv_2)
     1    0.004793    0.074738    0.133918   18.579611 ^ _0738_/Y (sky130_fd_sc_hd__inv_2)
                                                         _0479_ (net)
                      0.074738    0.000050   18.579660 ^ fanout279/A (sky130_fd_sc_hd__clkbuf_8)
    10    0.106385    0.293779    0.396373   18.976034 ^ fanout279/X (sky130_fd_sc_hd__clkbuf_8)
                                                         net279 (net)
                      0.294272    0.009949   18.985983 ^ fanout260/A (sky130_fd_sc_hd__buf_4)
    15    0.072837    0.324565    0.493166   19.479149 ^ fanout260/X (sky130_fd_sc_hd__buf_4)
                                                         net260 (net)
                      0.324565    0.000187   19.479336 ^ fanout259/A (sky130_fd_sc_hd__buf_4)
    16    0.070961    0.318005    0.501528   19.980864 ^ fanout259/X (sky130_fd_sc_hd__buf_4)
                                                         net259 (net)
                      0.318005    0.000417   19.981281 ^ fanout258/A (sky130_fd_sc_hd__buf_4)
    16    0.069920    0.313682    0.495735   20.477016 ^ fanout258/X (sky130_fd_sc_hd__buf_4)
                                                         net258 (net)
                      0.313682    0.000854   20.477871 ^ _1373_/C1 (sky130_fd_sc_hd__o211a_1)
     1    0.002366    0.074878    0.361469   20.839340 ^ _1373_/X (sky130_fd_sc_hd__o211a_1)
                                                         _0238_ (net)
                      0.074878    0.000025   20.839365 ^ hold22/A (sky130_fd_sc_hd__dlygate4sd3_1)
     1    0.002032    0.085056    1.031179   21.870543 ^ hold22/X (sky130_fd_sc_hd__dlygate4sd3_1)
                                                         net308 (net)
                      0.085056    0.000018   21.870562 ^ _1714_/D (sky130_fd_sc_hd__dfxtp_1)
                                             21.870562   data arrival time

                                 25.000000   25.000000   clock clk (rise edge)
                                  4.650000   29.650000   clock source latency
     1    0.057623    0.610000    0.000000   29.650000 ^ wb_clk_i (in)
                                                         wb_clk_i (net)
                      0.626770    0.008386   29.658384 ^ clkbuf_0_wb_clk_i/A (sky130_fd_sc_hd__clkbuf_16)
     4    0.080484    0.153799    0.529642   30.188026 ^ clkbuf_0_wb_clk_i/X (sky130_fd_sc_hd__clkbuf_16)
                                                         clknet_0_wb_clk_i (net)
                      0.153855    0.002743   30.190769 ^ clkbuf_2_2__f_wb_clk_i/A (sky130_fd_sc_hd__clkbuf_16)
    13    0.127062    0.214065    0.382183   30.572952 ^ clkbuf_2_2__f_wb_clk_i/X (sky130_fd_sc_hd__clkbuf_16)
                                                         clknet_2_2__leaf_wb_clk_i (net)
                      0.214180    0.004594   30.577547 ^ clkbuf_leaf_3_wb_clk_i/A (sky130_fd_sc_hd__clkbuf_8)
    10    0.033216    0.113682    0.331649   30.909197 ^ clkbuf_leaf_3_wb_clk_i/X (sky130_fd_sc_hd__clkbuf_8)
                                                         clknet_leaf_3_wb_clk_i (net)
                      0.113682    0.000366   30.909561 ^ _1714_/CLK (sky130_fd_sc_hd__dfxtp_1)
                                 -0.250000   30.659561   clock uncertainty
                                  0.000000   30.659561   clock reconvergence pessimism
                                 -0.124896   30.534666   library setup time
                                             30.534666   data required time
---------------------------------------------------------------------------------------------
                                             30.534666   data required time
                                            -21.870562   data arrival time
---------------------------------------------------------------------------------------------
                                              8.664104   slack (MET)




===========================================================================
report_checks --slack_max -0.01
============================================================================
======================= min_ss_100C_1v60 Corner ===================================

No paths found.


===========================================================================
 report_check_types -max_slew -max_cap -max_fanout -violators
============================================================================
======================= min_ss_100C_1v60 Corner ===================================

max slew

Pin                                        Limit        Slew       Slack
------------------------------------------------------------------------
_0742_/Y                                1.000000    1.233668   -0.233668 (VIOLATED)
fanout251/A                             1.000000    1.233668   -0.233668 (VIOLATED)
wire252/A                               1.000000    1.233668   -0.233668 (VIOLATED)
_1025_/A1                               1.000000    1.107832   -0.107832 (VIOLATED)
_1091_/A1                               1.000000    1.107830   -0.107830 (VIOLATED)
_0959_/A1                               1.000000    1.107821   -0.107821 (VIOLATED)
_1157_/A1                               1.000000    1.107802   -0.107802 (VIOLATED)
_1289_/A1                               1.000000    1.107797   -0.107797 (VIOLATED)
_1355_/A1                               1.000000    1.107775   -0.107775 (VIOLATED)
_1223_/A1                               1.000000    1.107747   -0.107747 (VIOLATED)
_1421_/A1                               1.000000    1.107745   -0.107745 (VIOLATED)
hold61/X                                1.000000    1.107694   -0.107694 (VIOLATED)
_0905_/A2                               1.000000    1.015359   -0.015359 (VIOLATED)
_0745_/Y                                1.000000    1.015350   -0.015350 (VIOLATED)
_0852_/A2                               1.000000    1.015350   -0.015350 (VIOLATED)
_1345_/A                                1.000000    1.015350   -0.015350 (VIOLATED)
fanout247/A                             1.000000    1.015350   -0.015350 (VIOLATED)

max fanout

Pin                                   Limit Fanout  Slack
---------------------------------------------------------
fanout226/X                              16     18     -2 (VIOLATED)
fanout209/X                              16     17        (VIOLATED)
fanout222/X                              16     17        (VIOLATED)
fanout229/X                              16     17        (VIOLATED)
fanout230/X                              16     17        (VIOLATED)
fanout254/X                              16     17        (VIOLATED)



===========================================================================
report_parasitic_annotation -report_unannotated
============================================================================
Found 81 unannotated drivers.
 wbs_adr_i[0]
 wbs_adr_i[10]
 wbs_adr_i[11]
 wbs_adr_i[12]
 wbs_adr_i[13]
 wbs_adr_i[14]
 wbs_adr_i[15]
 wbs_adr_i[16]
 wbs_adr_i[17]
 wbs_adr_i[18]
 wbs_adr_i[19]
 wbs_adr_i[1]
 wbs_adr_i[20]
 wbs_adr_i[21]
 wbs_adr_i[22]
 wbs_adr_i[23]
 wbs_adr_i[24]
 wbs_adr_i[25]
 wbs_adr_i[26]
 wbs_adr_i[27]
 wbs_adr_i[28]
 wbs_adr_i[29]
 wbs_adr_i[30]
 wbs_adr_i[31]
 wbs_adr_i[6]
 wbs_adr_i[7]
 wbs_adr_i[8]
 wbs_adr_i[9]
 wbs_sel_i[0]
 wbs_sel_i[1]
 wbs_sel_i[2]
 wbs_sel_i[3]
 afe_wb_280/HI
 afe_wb_281/HI
 afe_wb_282/HI
 afe_wb_283/HI
 afe_wb_284/HI
 afe_wb_285/HI
 afe_wb_286/HI
 clkload0/Y
 clkload1/Y
 clkload10/Y
 clkload11/Y
 clkload12/Y
 clkload13/Y
 clkload14/X
 clkload15/Y
 clkload16/Y
 clkload17/Y
 clkload18/Y
 clkload19/X
 clkload2/X
 clkload20/X
 clkload21/Y
 clkload22/Y
 clkload23/Y
 clkload24/Y
 clkload25/Y
 clkload26/X
 clkload27/Y
 clkload28/Y
 clkload29/X
 clkload3/Y
 clkload30/Y
 clkload31/Y
 clkload32/Y
 clkload33/Y
 clkload34/X
 clkload35/Y
 clkload36/Y
 clkload37/X
 clkload38/Y
 clkload39/Y
 clkload4/Y
 clkload40/Y
 clkload41/Y
 clkload5/Y
 clkload6/X
 clkload7/Y
 clkload8/Y
 clkload9/X
Found 0 partially unannotated drivers.

===========================================================================
max slew violation count 17
max fanout violation count 6
max cap violation count 0
============================================================================

===========================================================================
check_setup -verbose -unconstrained_endpoints -multiple_clock -no_clock -no_input_delay -loops -generated_clocks
===========================================================================
Warning: There are 13 input ports missing set_input_delay.
  adc_data[0]
  adc_data[10]
  adc_data[11]
  adc_data[1]
  adc_data[2]
  adc_data[3]
  adc_data[4]
  adc_data[5]
  adc_data[6]
  adc_data[7]
  adc_data[8]
  adc_data[9]
  adc_eof
Warning: There are 123 unconstrained endpoints.
  analog_ctrl[0]
  analog_ctrl[100]
  analog_ctrl[101]
  analog_ctrl[102]
  analog_ctrl[103]
  analog_ctrl[104]
  analog_ctrl[105]
  analog_ctrl[106]
  analog_ctrl[107]
  analog_ctrl[108]
  analog_ctrl[109]
  analog_ctrl[10]
  analog_ctrl[110]
  analog_ctrl[111]
  analog_ctrl[112]
  analog_ctrl[113]
  analog_ctrl[114]
  analog_ctrl[115]
  analog_ctrl[116]
  analog_ctrl[117]
  analog_ctrl[118]
  analog_ctrl[119]
  analog_ctrl[11]
  analog_ctrl[120]
  analog_ctrl[121]
  analog_ctrl[122]
  analog_ctrl[12]
  analog_ctrl[13]
  analog_ctrl[14]
  analog_ctrl[15]
  analog_ctrl[16]
  analog_ctrl[17]
  analog_ctrl[18]
  analog_ctrl[19]
  analog_ctrl[1]
  analog_ctrl[20]
  analog_ctrl[21]
  analog_ctrl[22]
  analog_ctrl[23]
  analog_ctrl[24]
  analog_ctrl[25]
  analog_ctrl[26]
  analog_ctrl[27]
  analog_ctrl[28]
  analog_ctrl[29]
  analog_ctrl[2]
  analog_ctrl[30]
  analog_ctrl[31]
  analog_ctrl[32]
  analog_ctrl[33]
  analog_ctrl[34]
  analog_ctrl[35]
  analog_ctrl[36]
  analog_ctrl[37]
  analog_ctrl[38]
  analog_ctrl[39]
  analog_ctrl[3]
  analog_ctrl[40]
  analog_ctrl[41]
  analog_ctrl[42]
  analog_ctrl[43]
  analog_ctrl[44]
  analog_ctrl[45]
  analog_ctrl[46]
  analog_ctrl[47]
  analog_ctrl[48]
  analog_ctrl[49]
  analog_ctrl[4]
  analog_ctrl[50]
  analog_ctrl[51]
  analog_ctrl[52]
  analog_ctrl[53]
  analog_ctrl[54]
  analog_ctrl[55]
  analog_ctrl[56]
  analog_ctrl[57]
  analog_ctrl[58]
  analog_ctrl[59]
  analog_ctrl[5]
  analog_ctrl[60]
  analog_ctrl[61]
  analog_ctrl[62]
  analog_ctrl[63]
  analog_ctrl[64]
  analog_ctrl[65]
  analog_ctrl[66]
  analog_ctrl[67]
  analog_ctrl[68]
  analog_ctrl[69]
  analog_ctrl[6]
  analog_ctrl[70]
  analog_ctrl[71]
  analog_ctrl[72]
  analog_ctrl[73]
  analog_ctrl[74]
  analog_ctrl[75]
  analog_ctrl[76]
  analog_ctrl[77]
  analog_ctrl[78]
  analog_ctrl[79]
  analog_ctrl[7]
  analog_ctrl[80]
  analog_ctrl[81]
  analog_ctrl[82]
  analog_ctrl[83]
  analog_ctrl[84]
  analog_ctrl[85]
  analog_ctrl[86]
  analog_ctrl[87]
  analog_ctrl[88]
  analog_ctrl[89]
  analog_ctrl[8]
  analog_ctrl[90]
  analog_ctrl[91]
  analog_ctrl[92]
  analog_ctrl[93]
  analog_ctrl[94]
  analog_ctrl[95]
  analog_ctrl[96]
  analog_ctrl[97]
  analog_ctrl[98]
  analog_ctrl[99]
  analog_ctrl[9]
