Clock: clk
Sources: wb_clk_i 
Generated: no
Virtual: yes
Propagated: no
Period: 25.000000

===========================================================================
report_clock_properties
============================================================================
Clock                   Period          Waveform
----------------------------------------------------
clk                  25.000000    0.000000 12.500000

===========================================================================
report_clock_latency
============================================================================
Clock clk
rise -> rise
    min     max
4.650000 5.570000 source latency
5.813623         network latency _1613_/CLK
        6.833907 network latency _1627_/CLK
---------------
10.463623 12.403908 latency
        1.940284 skew

fall -> fall
    min     max
4.650000 5.570000 source latency
5.854787         network latency _1613_/CLK
        6.851220 network latency _1627_/CLK
---------------
10.504786 12.421220 latency
        1.916433 skew



===========================================================================
report_clock_min_period
============================================================================
clk period_min = 5.61 fmax = 178.40
