"polygons" in: met_min_ca_density.lydrc:35
    Polygons (raw): 106995 (flat)  6687 (hierarchical)
    Elapsed: 0.010s  Memory: 588.00M
"polygons" in: met_min_ca_density.lydrc:36
    Polygons (raw): 242629 (flat)  6611 (hierarchical)
    Elapsed: 0.010s  Memory: 588.00M
"polygons" in: met_min_ca_density.lydrc:38
    Polygons (raw): 81660 (flat)  10126 (hierarchical)
    Elapsed: 0.030s  Memory: 588.00M
"polygons" in: met_min_ca_density.lydrc:39
    Polygons (raw): 9136 (flat)  9072 (hierarchical)
    Elapsed: 0.020s  Memory: 588.00M
"polygons" in: met_min_ca_density.lydrc:41
    Polygons (raw): 9192 (flat)  8461 (hierarchical)
    Elapsed: 0.020s  Memory: 588.00M
"polygons" in: met_min_ca_density.lydrc:42
    Polygons (raw): 2794 (flat)  2127 (hierarchical)
    Elapsed: 0.000s  Memory: 588.00M
"polygons" in: met_min_ca_density.lydrc:44
    Polygons (raw): 3857 (flat)  2714 (hierarchical)
    Elapsed: 0.010s  Memory: 588.00M
"polygons" in: met_min_ca_density.lydrc:45
    Polygons (raw): 8261 (flat)  7785 (hierarchical)
    Elapsed: 0.010s  Memory: 588.00M
"polygons" in: met_min_ca_density.lydrc:47
    Polygons (raw): 5196 (flat)  1288 (hierarchical)
    Elapsed: 0.000s  Memory: 588.00M
"polygons" in: met_min_ca_density.lydrc:48
    Polygons (raw): 0 (flat)  0 (hierarchical)
    Elapsed: 0.000s  Memory: 588.00M
"polygons" in: met_min_ca_density.lydrc:49
    Polygons (raw): 13560 (flat)  7 (hierarchical)
    Elapsed: 0.000s  Memory: 588.00M
"polygons" in: met_min_ca_density.lydrc:51
    Polygons (raw): 3982 (flat)  550 (hierarchical)
    Elapsed: 0.000s  Memory: 588.00M
"input" in: met_min_ca_density.lydrc:53
    Polygons (raw): 11 (flat)  11 (hierarchical)
    Elapsed: 0.000s  Memory: 588.00M
"area" in: met_min_ca_density.lydrc:55
    Elapsed: 0.010s  Memory: 589.00M
"polygons" in: met_min_ca_density.lydrc:59
    Polygons (raw): 106995 (flat)  6687 (hierarchical)
    Elapsed: 0.010s  Memory: 589.00M
"area" in: met_min_ca_density.lydrc:59
    Elapsed: 0.660s  Memory: 598.00M
li1_ca_density is 0.9859162017045454
"polygons" in: met_min_ca_density.lydrc:69
    Polygons (raw): 81660 (flat)  10126 (hierarchical)
    Elapsed: 0.050s  Memory: 598.00M
"area" in: met_min_ca_density.lydrc:69
    Elapsed: 0.620s  Memory: 598.00M
m1_ca_density is 0.9883248140372043
"polygons" in: met_min_ca_density.lydrc:79
    Polygons (raw): 9192 (flat)  8461 (hierarchical)
    Elapsed: 0.040s  Memory: 598.00M
"area" in: met_min_ca_density.lydrc:79
    Elapsed: 0.080s  Memory: 599.00M
m2_ca_density is 0.9882518987804522
"polygons" in: met_min_ca_density.lydrc:89
    Polygons (raw): 3857 (flat)  2714 (hierarchical)
    Elapsed: 0.010s  Memory: 599.00M
"area" in: met_min_ca_density.lydrc:89
    Elapsed: 0.040s  Memory: 599.00M
m3_ca_density is 0.993273020402008
"polygons" in: met_min_ca_density.lydrc:99
    Polygons (raw): 5196 (flat)  1288 (hierarchical)
    Elapsed: 0.000s  Memory: 599.00M
"area" in: met_min_ca_density.lydrc:99
    Elapsed: 0.060s  Memory: 599.00M
m4_ca_density is 0.8293133832162594
"polygons" in: met_min_ca_density.lydrc:109
    Polygons (raw): 3982 (flat)  550 (hierarchical)
    Elapsed: 0.000s  Memory: 599.00M
"area" in: met_min_ca_density.lydrc:109
    Elapsed: 0.030s  Memory: 599.00M
m5_ca_density is 0.8433313823163138
Writing report database: /tmp/tmpt55hhcez/repo/precheck_results/19_SEP_2026___01_36_09/outputs/reports/klayout_met_min_ca_density_check.xml ..
Total elapsed: 1.990s  Memory: 599.00M
