Clock: clk
Sources: wb_clk_i 
Generated: no
Virtual: yes
Propagated: no
Period: 25.000000

===========================================================================
report_clock_properties
============================================================================
Clock                   Period          Waveform
----------------------------------------------------
clk                  25.000000    0.000000 12.500000

===========================================================================
report_clock_latency
============================================================================
Clock clk
rise -> rise
    min     max
4.650000 5.570000 source latency
5.107285         network latency _1613_/CLK
        6.083045 network latency _1650_/CLK
---------------
9.757285 11.653045 latency
        1.895760 skew

fall -> fall
    min     max
4.650000 5.570000 source latency
5.255039         network latency _1613_/CLK
        6.218084 network latency _1650_/CLK
---------------
9.905039 11.788084 latency
        1.883045 skew



===========================================================================
report_clock_min_period
============================================================================
clk period_min = 2.11 fmax = 473.55
