
===========================================================================
 report_power
============================================================================
======================= max_ff_n40C_1v95 Corner ===================================

Group                    Internal    Switching      Leakage        Total
                            Power        Power        Power        Power (Watts)
------------------------------------------------------------------------
Sequential           5.406468e-04 1.267796e-05 4.494328e-09 5.533292e-04  41.1%
Combinational        4.845749e-05 1.284870e-04 2.479451e-08 1.769692e-04  13.1%
Clock                3.087721e-04 3.083027e-04 3.694537e-09 6.170785e-04  45.8%
Macro                0.000000e+00 0.000000e+00 0.000000e+00 0.000000e+00   0.0%
Pad                  0.000000e+00 0.000000e+00 0.000000e+00 0.000000e+00   0.0%
------------------------------------------------------------------------
Total                8.978769e-04 4.494677e-04 3.298323e-08 1.347378e-03 100.0%
                            66.6%        33.4%         0.0%

