Clock: clk
Sources: wb_clk_i 
Generated: no
Virtual: yes
Propagated: no
Period: 25.000000

===========================================================================
report_clock_properties
============================================================================
Clock                   Period          Waveform
----------------------------------------------------
clk                  25.000000    0.000000 12.500000

===========================================================================
report_clock_latency
============================================================================
Clock clk
rise -> rise
    min     max
4.650000 5.570000 source latency
5.336808         network latency u_afe_wb/_1613_/CLK
        6.404414 network latency u_afe_wb/_1650_/CLK
---------------
9.986808 11.974415 latency
        1.987607 skew

fall -> fall
    min     max
4.650000 5.570000 source latency
5.434959         network latency u_afe_wb/_1613_/CLK
        6.494737 network latency u_afe_wb/_1650_/CLK
---------------
10.084959 12.064737 latency
        1.979778 skew



===========================================================================
report_clock_min_period
============================================================================
clk period_min = 3.31 fmax = 301.88
