
===========================================================================
 report_power
============================================================================
======================= max_tt_025C_1v80 Corner ===================================

Group                    Internal    Switching      Leakage        Total
                            Power        Power        Power        Power (Watts)
------------------------------------------------------------------------
Sequential           4.652817e-04 1.075656e-05 2.353005e-09 4.760406e-04  41.0%
Combinational        4.279546e-05 1.118399e-04 8.356750e-09 1.546437e-04  13.3%
Clock                2.702645e-04 2.599193e-04 1.493622e-09 5.301853e-04  45.7%
Macro                0.000000e+00 0.000000e+00 0.000000e+00 0.000000e+00   0.0%
Pad                  0.000000e+00 0.000000e+00 0.000000e+00 0.000000e+00   0.0%
------------------------------------------------------------------------
Total                7.783417e-04 3.825158e-04 1.220339e-08 1.160870e-03 100.0%
                            67.0%        33.0%         0.0%

