┏━━━━━━━━━━━━━━━━━━━━━━┳━━━━━━━━━━┳━━━━━━━━━━┳━━━━━━━━━━┳━━━━━━━━━━┳━━━━━━━━━━━┳━━━━━━━━━━┳━━━━━━━━━━━┳━━━━━━━━━━┳━━━━━━━━━━━┳━━━━━━━━━━┳━━━━━━━━━━━┳━━━━━━━━━━┓
┃                      ┃ Hold     ┃ Reg to   ┃          ┃          ┃ of which  ┃ Setup    ┃           ┃          ┃           ┃ of which ┃           ┃          ┃
┃                      ┃ Worst    ┃ Reg      ┃          ┃ Hold Vio ┃ reg to    ┃ Worst    ┃ Reg to    ┃ Setup    ┃ Setup Vio ┃ reg to   ┃ Max Cap   ┃ Max Slew ┃
┃ Corner/Group         ┃ Slack    ┃ Paths    ┃ Hold TNS ┃ Count    ┃ reg       ┃ Slack    ┃ Reg Paths ┃ TNS      ┃ Count     ┃ reg      ┃ Violatio… ┃ Violati… ┃
┡━━━━━━━━━━━━━━━━━━━━━━╇━━━━━━━━━━╇━━━━━━━━━━╇━━━━━━━━━━╇━━━━━━━━━━╇━━━━━━━━━━━╇━━━━━━━━━━╇━━━━━━━━━━━╇━━━━━━━━━━╇━━━━━━━━━━━╇━━━━━━━━━━╇━━━━━━━━━━━╇━━━━━━━━━━┩
│ Overall              │ 0.1059   │ 0.1087   │ 0.0000   │ 0        │ 0         │ 8.5585   │ N/A       │ 0.0000   │ 0         │ 0        │ 0         │ 1        │
│ nom_tt_025C_1v80     │ 0.2343   │ 0.3485   │ 0.0000   │ 0        │ 0         │ 9.9866   │ N/A       │ 0.0000   │ 0         │ 0        │ 0         │ 0        │
│ nom_ss_100C_1v60     │ 0.1291   │ 0.9806   │ 0.0000   │ 0        │ 0         │ 8.6104   │ N/A       │ 0.0000   │ 0         │ 0        │ 0         │ 0        │
│ nom_ff_n40C_1v95     │ 0.1103   │ 0.1103   │ 0.0000   │ 0        │ 0         │ 10.4413  │ N/A       │ 0.0000   │ 0         │ 0        │ 0         │ 0        │
│ min_tt_025C_1v80     │ 0.2434   │ 0.3460   │ 0.0000   │ 0        │ 0         │ 10.0153  │ N/A       │ 0.0000   │ 0         │ 0        │ 0         │ 0        │
│ min_ss_100C_1v60     │ 0.1376   │ 0.9791   │ 0.0000   │ 0        │ 0         │ 8.6698   │ N/A       │ 0.0000   │ 0         │ 0        │ 0         │ 0        │
│ min_ff_n40C_1v95     │ 0.1087   │ 0.1087   │ 0.0000   │ 0        │ 0         │ 10.4545  │ N/A       │ 0.0000   │ 0         │ 0        │ 0         │ 0        │
│ max_tt_025C_1v80     │ 0.2176   │ 0.3509   │ 0.0000   │ 0        │ 0         │ 9.9649   │ N/A       │ 0.0000   │ 0         │ 0        │ 0         │ 1        │
│ max_ss_100C_1v60     │ 0.1059   │ 0.9847   │ 0.0000   │ 0        │ 0         │ 8.5585   │ N/A       │ 0.0000   │ 0         │ 0        │ 0         │ 1        │
│ max_ff_n40C_1v95     │ 0.1114   │ 0.1114   │ 0.0000   │ 0        │ 0         │ 10.4344  │ N/A       │ 0.0000   │ 0         │ 0        │ 0         │ 1        │
└──────────────────────┴──────────┴──────────┴──────────┴──────────┴───────────┴──────────┴───────────┴──────────┴───────────┴──────────┴───────────┴──────────┘
