
===========================================================================
 report_power
============================================================================
======================= min_tt_025C_1v80 Corner ===================================

Group                    Internal    Switching      Leakage        Total
                            Power        Power        Power        Power (Watts)
------------------------------------------------------------------------
Sequential           4.654466e-04 9.638938e-06 2.353005e-09 4.750878e-04  42.1%
Combinational        4.277792e-05 1.025229e-04 8.356750e-09 1.453091e-04  12.9%
Clock                2.702370e-04 2.378800e-04 1.493622e-09 5.081185e-04  45.0%
Macro                0.000000e+00 0.000000e+00 0.000000e+00 0.000000e+00   0.0%
Pad                  0.000000e+00 0.000000e+00 0.000000e+00 0.000000e+00   0.0%
------------------------------------------------------------------------
Total                7.784613e-04 3.500415e-04 1.220339e-08 1.128515e-03 100.0%
                            69.0%        31.0%         0.0%

