2026-09-17 20:12:30 [INFO] Extracting compressed files in: /tmp/tmpr2wjz_re/repo
2026-09-17 20:12:30 [INFO] make uncompress produced 2 gds/*.gds file(s): afe_wb.gds, user_project_wrapper.gds (make exit 0)
2026-09-17 20:12:30 [INFO] Project type: digital
2026-09-17 20:12:30 [INFO] GDS hash (user_project_wrapper): 94863d8f30ed6e6a7d0308699f3408238a2fd2d0
2026-09-17 20:12:30 [INFO] Tools: KLayout v0.29.2 | Magic v8.3.471
2026-09-17 20:12:30 [INFO] PDK: SKY130A unknown
2026-09-17 20:12:30 [INFO] Running 13 checks: [topcell_check, gpio_defines, xor, klayout_feol, klayout_beol, klayout_offgrid, klayout_met_min_ca_density, klayout_pin_label_purposes_overlapping_drawing, klayout_zeroarea, spike_check, illegal_cellname_check, lvs, oeb]
2026-09-17 20:12:30 [INFO] Single top cell 'user_project_wrapper' found
2026-09-17 20:12:30 [INFO] GPIO defines: parsing verilog/rtl/user_defines.v
2026-09-17 20:12:31 [INFO] GPIO defines report: /tmp/tmpr2wjz_re/repo/precheck_results/17_SEP_2026___20_12_29/outputs/reports/gpio_defines.report
2026-09-17 20:12:37 [INFO] Total XOR differences: 0
2026-09-17 20:12:37 [INFO] Running: klayout -b -r /usr/local/lib/python3.9/site-packages/cf_precheck/drc_scripts/sky130A_mr.drc -rd input=/tmp/tmpr2wjz_re/repo/gds/user_project_wrapper.gds -rd topcell=user_project_wrapper -rd report=/tmp/tmpr2wjz_re/repo/precheck_results/17_SEP_2026___20_12_29/outputs/reports/klayout_feol_check.xml -rd thr=2 -rd feol=true
2026-09-17 20:12:49 [INFO] No DRC violations found
2026-09-17 20:12:49 [INFO] Running: klayout -b -r /usr/local/lib/python3.9/site-packages/cf_precheck/drc_scripts/sky130A_mr.drc -rd input=/tmp/tmpr2wjz_re/repo/gds/user_project_wrapper.gds -rd topcell=user_project_wrapper -rd report=/tmp/tmpr2wjz_re/repo/precheck_results/17_SEP_2026___20_12_29/outputs/reports/klayout_beol_check.xml -rd thr=2 -rd beol=true
2026-09-17 20:13:20 [INFO] No DRC violations found
2026-09-17 20:13:20 [INFO] Running: klayout -b -r /usr/local/lib/python3.9/site-packages/cf_precheck/drc_scripts/sky130A_mr.drc -rd input=/tmp/tmpr2wjz_re/repo/gds/user_project_wrapper.gds -rd topcell=user_project_wrapper -rd report=/tmp/tmpr2wjz_re/repo/precheck_results/17_SEP_2026___20_12_29/outputs/reports/klayout_offgrid_check.xml -rd thr=2 -rd offgrid=true
2026-09-17 20:13:28 [INFO] No DRC violations found
2026-09-17 20:13:28 [INFO] Running: klayout -b -r /usr/local/lib/python3.9/site-packages/cf_precheck/drc_scripts/met_min_ca_density.lydrc -rd input=/tmp/tmpr2wjz_re/repo/gds/user_project_wrapper.gds -rd topcell=user_project_wrapper -rd report=/tmp/tmpr2wjz_re/repo/precheck_results/17_SEP_2026___20_12_29/outputs/reports/klayout_met_min_ca_density_check.xml -rd thr=2
2026-09-17 20:13:31 [INFO] No DRC violations found
2026-09-17 20:13:31 [INFO] Running: klayout -b -r /usr/local/lib/python3.9/site-packages/cf_precheck/drc_scripts/pin_label_purposes_overlapping_drawing.rb.drc -rd input=/tmp/tmpr2wjz_re/repo/gds/user_project_wrapper.gds -rd topcell=user_project_wrapper -rd report=/tmp/tmpr2wjz_re/repo/precheck_results/17_SEP_2026___20_12_29/outputs/reports/klayout_pin_label_purposes_overlapping_drawing_check.xml -rd thr=2 -rd top_cell_name=user_project_wrapper
2026-09-17 20:13:35 [INFO] No DRC violations found
2026-09-17 20:13:35 [INFO] Running: klayout -b -r /usr/local/lib/python3.9/site-packages/cf_precheck/drc_scripts/zeroarea.rb.drc -rd input=/tmp/tmpr2wjz_re/repo/gds/user_project_wrapper.gds -rd topcell=user_project_wrapper -rd report=/tmp/tmpr2wjz_re/repo/precheck_results/17_SEP_2026___20_12_29/outputs/reports/klayout_zeroarea_check.xml -rd thr=2 -rd cleaned_output=/tmp/tmpr2wjz_re/repo/precheck_results/17_SEP_2026___20_12_29/outputs/user_project_wrapper_no_zero_areas.gds
2026-09-17 20:13:37 [INFO] No DRC violations found
2026-09-17 20:13:37 [INFO] Running: bash /usr/local/lib/python3.9/site-packages/cf_precheck/drc_scripts/gdsArea0 -V -m /tmp/tmpr2wjz_re/repo/precheck_results/17_SEP_2026___20_12_29/outputs/reports/spike_check.xml /tmp/tmpr2wjz_re/repo/gds/user_project_wrapper.gds
2026-09-17 20:13:39 [INFO] No spikes found
2026-09-17 20:13:40 [INFO] Loading LVS environment from /tmp/tmpr2wjz_re/repo/lvs/user_project_wrapper/lvs_config.json
2026-09-17 20:13:40 [INFO] EXTRACT_FLATGLOB: 
2026-09-17 20:13:40 [INFO] EXTRACT_ABSTRACT: *__fill_* *__fakediode_* *__tapvpwrvgnd_* *CF_BUF_HIZ_core *CF_ADC_SAR12_core *CF_ADC_SAR12_sar_refs_core *CF_BGR_core *CF_REFBUF_core
2026-09-17 20:13:40 [INFO] EXTRACT_CREATE_SUBCUT: 
2026-09-17 20:13:40 [INFO] LVS_FLATTEN: 
2026-09-17 20:13:40 [INFO] LVS_NOFLATTEN: 
2026-09-17 20:13:40 [INFO] LVS_IGNORE: 
2026-09-17 20:13:40 [INFO] LVS_SPICE_FILES: /opt/pdks/sky130A/libs.ref/sky130_fd_sc_hd/spice/sky130_ef_sc_hd__decap*.spice /opt/pdks/sky130A/libs.ref/sky130_fd_sc_hd/spice/sky130_fd_sc_hd.spice
2026-09-17 20:13:40 [INFO] LVS_VERILOG_FILES: /tmp/tmpr2wjz_re/repo/verilog/gl/CF_BUF_HIZ_core.v /tmp/tmpr2wjz_re/repo/verilog/gl/CF_BUF_HIZ.v /tmp/tmpr2wjz_re/repo/verilog/gl/CF_ADC_SAR12_core.v /tmp/tmpr2wjz_re/repo/verilog/gl/CF_ADC_SAR12.v /tmp/tmpr2wjz_re/repo/verilog/gl/CF_ADC_SAR12_sar_refs_core.v /tmp/tmpr2wjz_re/repo/verilog/gl/CF_ADC_SAR12_sar_refs.v /tmp/tmpr2wjz_re/repo/verilog/gl/CF_BGR_core.v /tmp/tmpr2wjz_re/repo/verilog/gl/CF_BGR.v /tmp/tmpr2wjz_re/repo/verilog/gl/CF_REFBUF_core.v /tmp/tmpr2wjz_re/repo/verilog/gl/CF_REFBUF.v /tmp/tmpr2wjz_re/repo/verilog/gl/afe_wb.v /tmp/tmpr2wjz_re/repo/verilog/gl/user_project_wrapper.v
2026-09-17 20:13:40 [INFO] LAYOUT_FILE: /tmp/tmpr2wjz_re/repo/gds/user_project_wrapper.gds
2026-09-17 20:13:40 [INFO] Running: run_be_checks --nooeb
2026-09-17 20:13:40 [INFO] LVS output directory: /tmp/tmpr2wjz_re/repo/precheck_results/17_SEP_2026___20_12_29
2026-09-17 20:14:10 [ERROR] LVS FAILED (stat=1), see /tmp/tmpr2wjz_re/repo/precheck_results/17_SEP_2026___20_12_29/logs/LVS_check.log
2026-09-17 20:14:10 [INFO] Loading LVS environment from /tmp/tmpr2wjz_re/repo/lvs/user_project_wrapper/lvs_config.json
2026-09-17 20:14:10 [INFO] EXTRACT_FLATGLOB: 
2026-09-17 20:14:10 [INFO] EXTRACT_ABSTRACT: *__fill_* *__fakediode_* *__tapvpwrvgnd_* *CF_BUF_HIZ_core *CF_ADC_SAR12_core *CF_ADC_SAR12_sar_refs_core *CF_BGR_core *CF_REFBUF_core
2026-09-17 20:14:10 [INFO] EXTRACT_CREATE_SUBCUT: 
2026-09-17 20:14:10 [INFO] LVS_FLATTEN: 
2026-09-17 20:14:10 [INFO] LVS_NOFLATTEN: 
2026-09-17 20:14:10 [INFO] LVS_IGNORE: 
2026-09-17 20:14:10 [INFO] LVS_SPICE_FILES: /opt/pdks/sky130A/libs.ref/sky130_fd_sc_hd/spice/sky130_ef_sc_hd__decap*.spice /opt/pdks/sky130A/libs.ref/sky130_fd_sc_hd/spice/sky130_fd_sc_hd.spice
2026-09-17 20:14:10 [INFO] LVS_VERILOG_FILES: /tmp/tmpr2wjz_re/repo/verilog/gl/CF_BUF_HIZ_core.v /tmp/tmpr2wjz_re/repo/verilog/gl/CF_BUF_HIZ.v /tmp/tmpr2wjz_re/repo/verilog/gl/CF_ADC_SAR12_core.v /tmp/tmpr2wjz_re/repo/verilog/gl/CF_ADC_SAR12.v /tmp/tmpr2wjz_re/repo/verilog/gl/CF_ADC_SAR12_sar_refs_core.v /tmp/tmpr2wjz_re/repo/verilog/gl/CF_ADC_SAR12_sar_refs.v /tmp/tmpr2wjz_re/repo/verilog/gl/CF_BGR_core.v /tmp/tmpr2wjz_re/repo/verilog/gl/CF_BGR.v /tmp/tmpr2wjz_re/repo/verilog/gl/CF_REFBUF_core.v /tmp/tmpr2wjz_re/repo/verilog/gl/CF_REFBUF.v /tmp/tmpr2wjz_re/repo/verilog/gl/afe_wb.v /tmp/tmpr2wjz_re/repo/verilog/gl/user_project_wrapper.v
2026-09-17 20:14:10 [INFO] LAYOUT_FILE: /tmp/tmpr2wjz_re/repo/gds/user_project_wrapper.gds
2026-09-17 20:14:10 [INFO] Running: run_oeb_check --noextract
2026-09-17 20:14:10 [INFO] OEB output directory: /tmp/tmpr2wjz_re/repo/precheck_results/17_SEP_2026___20_12_29
2026-09-17 20:14:10 [WARNING] ERC check failed (stat=4), see /tmp/tmpr2wjz_re/repo/precheck_results/17_SEP_2026___20_12_29/logs/OEB_check.log
