Reading file /tmp/tmpr2wjz_re/repo/gds/user_project_wrapper.gds for cell user_project_wrapper
dbu=0.001
cell user_project_wrapper dbu-bbox(ll;ur)=(-43630,-38270;2963250,3557950)
cell user_project_wrapper dbu-bbox(left,bottom,right,top)=(-43630,-38270,2963250,3557950)
cell user_project_wrapper dbu-size(width,height)=(3006880,3596220)
cell user_project_wrapper micron-bbox(left,bottom,right,top)=(-43.63,-38.27,2963.25,3557.9500000000003)
cell user_project_wrapper micron-size(width,height)=(3006.88,3596.2200000000003)
Done.

Magic 8.3 revision 471 - Compiled on Wed Apr 22 16:23:58 UTC 2026.
Starting magic under Tcl interpreter
Using the terminal as the console.
Using NULL graphics device.
Processing system .magicrc file
Sourcing design .magicrc for technology sky130A ...
2 Magic internal units = 1 Lambda
Input style sky130(): scaleFactor=2, multiplier=2
The following types are not handled by extraction and will be treated as non-electrical types:
    ubm 
Scaled tech values by 2 / 1 to match internal grid scaling
Loading sky130A Device Generator Menu ...
Loading "/usr/local/lib/python3.9/site-packages/cf_precheck/drc_scripts/erase_box.tcl" from command line.
Input style sky130(vendor): scaleFactor=2, multiplier=2
CIF input style is now "sky130(vendor)"
Warning: Calma reading is not undoable!  I hope that's OK.
Library written using GDS-II Release 6.0
Library name: LIB
Reading "sky130_fd_sc_hd__buf_1$1".
Reading "sky130_fd_sc_hd__or4bb_2$1".
Reading "sky130_fd_sc_hd__inv_2$1".
Reading "sky130_fd_sc_hd__clkbuf_2$1".
Reading "sky130_fd_sc_hd__nor4b_2$1".
Reading "sky130_fd_sc_hd__and4bb_2$1".
Reading "sky130_fd_sc_hd__and4b_2$1".
Reading "sky130_fd_sc_hd__nor4b_4$1".
Reading "sky130_fd_sc_hd__nand2_2$1".
Reading "sky130_fd_sc_hd__and2_2$1".
Reading "sky130_fd_sc_hd__or3_2$1".
Reading "sky130_fd_sc_hd__buf_6$1".
Reading "sky130_fd_sc_hd__or4_2$1".
Reading "sky130_fd_sc_hd__a21o_2$1".
Reading "sky130_fd_sc_hd__inv_6$1".
Reading "sky130_fd_sc_hd__clkbuf_16$1".
Reading "sky130_fd_sc_hd__a211o_2$1".
Reading "sky130_fd_sc_hd__o221a_2$1".
Reading "sky130_fd_sc_hd__diode_2$1".
Reading "sky130_fd_sc_hd__clkinv_2$1".
Reading "sky130_fd_sc_hd__a221o_2$1".
Reading "sky130_fd_sc_hd__a2111o_2$1".
Reading "sky130_fd_sc_hd__a22o_2$1".
Reading "sky130_fd_sc_hd__dlygate4sd3_1$1".
Reading "sky130_fd_sc_hd__clkbuf_4$1".
Reading "sky130_fd_sc_hd__clkbuf_8$1".
Reading "sky130_fd_sc_hd__or2_2$1".
Reading "sky130_fd_sc_hd__o211a_2$1".
Reading "sky130_fd_sc_hd__dfxtp_2$1".
Reading "sky130_fd_sc_hd__buf_2$1".
Reading "sky130_fd_sc_hd__buf_4$1".
Reading "sky130_fd_sc_hd__buf_12$1".
Reading "sky130_fd_sc_hd__fill_8$1".
Reading "sky130_fd_sc_hd__fill_2$1".
Reading "sky130_fd_sc_hd__fill_4$1".
Reading "sky130_fd_sc_hd__clkdlybuf4s25_1$1".
Reading "sky130_fd_sc_hd__tapvpwrvgnd_1$1".
Reading "sky130_fd_sc_hd__fill_1$1".
Reading "sky130_fd_sc_hd__conb_1$1".
Reading "sky130_fd_sc_hd__decap_3$1".
Reading "sky130_ef_sc_hd__decap_40_12$1".
Reading "CF_ADC_SAR12_sar_refs_core".
CIF file read warning: CIF style sky130(vendor): units rescaled by factor of 5 / 1
Error while reading cell "CF_ADC_SAR12_sar_refs_core" (byte position 261702): Unknown layer/datatype in boundary, layer=67 type=10
Error while reading cell "CF_ADC_SAR12_sar_refs_core" (byte position 261766): Unknown layer/datatype in boundary, layer=68 type=10
Error while reading cell "CF_ADC_SAR12_sar_refs_core" (byte position 263174): Unknown layer/datatype in boundary, layer=69 type=10
Error while reading cell "CF_ADC_SAR12_sar_refs_core" (byte position 285574): Unknown layer/datatype in boundary, layer=70 type=10
Error while reading cell "CF_ADC_SAR12_sar_refs_core" (byte position 296710): Unknown layer/datatype in boundary, layer=71 type=10
Reading "CF_REFBUF_core".
Error while reading cell "CF_REFBUF_core" (byte position 300404): Unknown layer/datatype in boundary, layer=68 type=10
Error while reading cell "CF_REFBUF_core" (byte position 301748): Unknown layer/datatype in boundary, layer=69 type=10
Reading "CF_BGR_core".
Error while reading cell "CF_BGR_core" (byte position 323286): Unknown layer/datatype in boundary, layer=67 type=10
Error while reading cell "CF_BGR_core" (byte position 323350): Unknown layer/datatype in boundary, layer=68 type=10
Error while reading cell "CF_BGR_core" (byte position 324182): Unknown layer/datatype in boundary, layer=69 type=10
Reading "CF_ADC_SAR12_core".
Error while reading cell "CF_ADC_SAR12_core" (byte position 363084): Unknown layer/datatype in boundary, layer=67 type=10
Error while reading cell "CF_ADC_SAR12_core" (byte position 363148): Unknown layer/datatype in boundary, layer=68 type=10
Error while reading cell "CF_ADC_SAR12_core" (byte position 367180): Unknown layer/datatype in boundary, layer=69 type=10
Error while reading cell "CF_ADC_SAR12_core" (byte position 378124): Unknown layer/datatype in boundary, layer=70 type=10
Error while reading cell "CF_ADC_SAR12_core" (byte position 388364): Unknown layer/datatype in boundary, layer=71 type=10
Reading "CF_BUF_HIZ_core".
Reading "VIA_M3M4_PR_MR".
Reading "VIA_M3M4_PR_M".
Reading "VIA_M2M3_PR_MR".
Reading "VIA_M1M2_PR_MR".
Reading "VIA_M2M3_PR_M".
Reading "VIA_M4M5_PR".
Reading "VIA_M3M4_PR".
Reading "VIA_M1M2_PR".
Reading "VIA_M2M3_PR".
Reading "VIA_via5_6_3100_3100_2_2_1600_1600".
Reading "VIA_via5_6_1600_3100_2_1_1600_1600".
Reading "CF_REFBUF".
Error while reading cell "CF_REFBUF" (byte position 444444): Unknown layer/datatype in boundary, layer=67 type=10
Error while reading cell "CF_REFBUF" (byte position 444508): Unknown layer/datatype in boundary, layer=68 type=10
Error while reading cell "CF_REFBUF" (byte position 446620): Unknown layer/datatype in boundary, layer=69 type=10
Reading "CF_BUF_HIZ".
Error while reading cell "CF_BUF_HIZ" (byte position 510298): Unknown layer/datatype in boundary, layer=67 type=10
Error while reading cell "CF_BUF_HIZ" (byte position 510362): Unknown layer/datatype in boundary, layer=68 type=10
Error while reading cell "CF_BUF_HIZ" (byte position 510746): Unknown layer/datatype in boundary, layer=69 type=10
Reading "CF_BGR".
Error while reading cell "CF_BGR" (byte position 617162): Unknown layer/datatype in boundary, layer=67 type=10
Error while reading cell "CF_BGR" (byte position 617226): Unknown layer/datatype in boundary, layer=68 type=10
Error while reading cell "CF_BGR" (byte position 618314): Unknown layer/datatype in boundary, layer=69 type=10
Reading "CF_ADC_SAR12_sar_refs".
Error while reading cell "CF_ADC_SAR12_sar_refs" (byte position 756016): Unknown layer/datatype in boundary, layer=67 type=10
Error while reading cell "CF_ADC_SAR12_sar_refs" (byte position 756080): Unknown layer/datatype in boundary, layer=68 type=10
Error while reading cell "CF_ADC_SAR12_sar_refs" (byte position 756720): Unknown layer/datatype in boundary, layer=69 type=10
Reading "CF_ADC_SAR12".
Error while reading cell "CF_ADC_SAR12" (byte position 903754): Unknown layer/datatype in boundary, layer=67 type=10
Error while reading cell "CF_ADC_SAR12" (byte position 903818): Unknown layer/datatype in boundary, layer=68 type=10
Error while reading cell "CF_ADC_SAR12" (byte position 908106): Unknown layer/datatype in boundary, layer=69 type=10
Reading "afe_wb".
    5000 uses
    10000 uses
    15000 uses
Reading "user_project_wrapper".
Error while reading cell "user_project_wrapper" (byte position 5375536): Warning: cell "VIA_via5_6_3100_3100_2_2_1600_1600" placed on top of itself.  Ignoring the extra one.
Error while reading cell "user_project_wrapper" (byte position 5378886): Warning: cell "VIA_via5_6_3100_3100_2_2_1600_1600" placed on top of itself.  Ignoring the extra one.
Error while reading cell "user_project_wrapper" (byte position 5379290): Warning: cell "VIA_via5_6_3100_3100_2_2_1600_1600" placed on top of itself.  Ignoring the extra one.
Error while reading cell "user_project_wrapper" (byte position 5379630): Warning: cell "VIA_via5_6_3100_3100_2_2_1600_1600" placed on top of itself.  Ignoring the extra one.
Error while reading cell "user_project_wrapper" (byte position 5381628): Warning: cell "VIA_via5_6_3100_3100_2_2_1600_1600" placed on top of itself.  Ignoring the extra one.
Error while reading cell "user_project_wrapper" (byte position 5382092): Warning: cell "VIA_via5_6_3100_3100_2_2_1600_1600" placed on top of itself.  Ignoring the extra one.
Error while reading cell "user_project_wrapper" (byte position 5382150): Warning: cell "VIA_via5_6_3100_3100_2_2_1600_1600" placed on top of itself.  Ignoring the extra one.
Error while reading cell "user_project_wrapper" (byte position 5382208): Warning: cell "VIA_via5_6_3100_3100_2_2_1600_1600" placed on top of itself.  Ignoring the extra one.
Error while reading cell "user_project_wrapper" (byte position 5382440): Warning: cell "VIA_via5_6_3100_3100_2_2_1600_1600" placed on top of itself.  Ignoring the extra one.
Error while reading cell "user_project_wrapper" (byte position 5387092): Warning: cell "VIA_via5_6_3100_3100_2_2_1600_1600" placed on top of itself.  Ignoring the extra one.
Error while reading cell "user_project_wrapper" (byte position 5387976): Warning: cell "VIA_via5_6_3100_3100_2_2_1600_1600" placed on top of itself.  Ignoring the extra one.
Error while reading cell "user_project_wrapper" (byte position 5388034): Warning: cell "VIA_via5_6_3100_3100_2_2_1600_1600" placed on top of itself.  Ignoring the extra one.
Error while reading cell "user_project_wrapper" (byte position 5389474): Warning: cell "VIA_via5_6_3100_3100_2_2_1600_1600" placed on top of itself.  Ignoring the extra one.
Error while reading cell "user_project_wrapper" (byte position 5389532): Warning: cell "VIA_via5_6_3100_3100_2_2_1600_1600" placed on top of itself.  Ignoring the extra one.
Error while reading cell "user_project_wrapper" (byte position 5389590): Warning: cell "VIA_via5_6_3100_3100_2_2_1600_1600" placed on top of itself.  Ignoring the extra one.
Error while reading cell "user_project_wrapper" (byte position 5392628): Warning: cell "VIA_via5_6_3100_3100_2_2_1600_1600" placed on top of itself.  Ignoring the extra one.
Error while reading cell "user_project_wrapper" (byte position 5393374): Warning: cell "VIA_via5_6_3100_3100_2_2_1600_1600" placed on top of itself.  Ignoring the extra one.
Error while reading cell "user_project_wrapper" (byte position 5393968): Warning: cell "VIA_via5_6_3100_3100_2_2_1600_1600" placed on top of itself.  Ignoring the extra one.
Error while reading cell "user_project_wrapper" (byte position 5394062): Warning: cell "VIA_via5_6_3100_3100_2_2_1600_1600" placed on top of itself.  Ignoring the extra one.
Error while reading cell "user_project_wrapper" (byte position 5394504): Warning: cell "VIA_via5_6_3100_3100_2_2_1600_1600" placed on top of itself.  Ignoring the extra one.
Error while reading cell "user_project_wrapper" (byte position 5394678): Warning: cell "VIA_via5_6_3100_3100_2_2_1600_1600" placed on top of itself.  Ignoring the extra one.
Error while reading cell "user_project_wrapper" (byte position 5396030): Warning: cell "VIA_via5_6_3100_3100_2_2_1600_1600" placed on top of itself.  Ignoring the extra one.
Error while reading cell "user_project_wrapper" (byte position 5396298): Warning: cell "VIA_via5_6_3100_3100_2_2_1600_1600" placed on top of itself.  Ignoring the extra one.
Error while reading cell "user_project_wrapper" (byte position 5399124): Warning: cell "VIA_via5_6_3100_3100_2_2_1600_1600" placed on top of itself.  Ignoring the extra one.
Error while reading cell "user_project_wrapper" (byte position 5400536): Warning: cell "VIA_via5_6_3100_3100_2_2_1600_1600" placed on top of itself.  Ignoring the extra one.
Error while reading cell "user_project_wrapper" (byte position 5400594): Warning: cell "VIA_via5_6_3100_3100_2_2_1600_1600" placed on top of itself.  Ignoring the extra one.
Error while reading cell "user_project_wrapper" (byte position 5402068): Warning: cell "VIA_via5_6_3100_3100_2_2_1600_1600" placed on top of itself.  Ignoring the extra one.
Error while reading cell "user_project_wrapper" (byte position 5402126): Warning: cell "VIA_via5_6_3100_3100_2_2_1600_1600" placed on top of itself.  Ignoring the extra one.
Error while reading cell "user_project_wrapper" (byte position 5402912): Warning: cell "VIA_via5_6_3100_3100_2_2_1600_1600" placed on top of itself.  Ignoring the extra one.
Error while reading cell "user_project_wrapper" (byte position 5403100): Warning: cell "VIA_via5_6_3100_3100_2_2_1600_1600" placed on top of itself.  Ignoring the extra one.
Error while reading cell "user_project_wrapper" (byte position 5403194): Warning: cell "VIA_via5_6_3100_3100_2_2_1600_1600" placed on top of itself.  Ignoring the extra one.
Error while reading cell "user_project_wrapper" (byte position 5404532): Warning: cell "VIA_via5_6_3100_3100_2_2_1600_1600" placed on top of itself.  Ignoring the extra one.
Error while reading cell "user_project_wrapper" (byte position 5407066): Warning: cell "VIA_via5_6_3100_3100_2_2_1600_1600" placed on top of itself.  Ignoring the extra one.
Error while reading cell "user_project_wrapper" (byte position 5408256): Warning: cell "VIA_via5_6_3100_3100_2_2_1600_1600" placed on top of itself.  Ignoring the extra one.
Error while reading cell "user_project_wrapper" (byte position 5410454): Warning: cell "VIA_via5_6_3100_3100_2_2_1600_1600" placed on top of itself.  Ignoring the extra one.
Error while reading cell "user_project_wrapper" (byte position 5410606): Warning: cell "VIA_via5_6_3100_3100_2_2_1600_1600" placed on top of itself.  Ignoring the extra one.
Error while reading cell "user_project_wrapper" (byte position 5412324): Warning: cell "VIA_via5_6_3100_3100_2_2_1600_1600" placed on top of itself.  Ignoring the extra one.
Error while reading cell "user_project_wrapper" (byte position 5413068): Warning: cell "VIA_via5_6_3100_3100_2_2_1600_1600" placed on top of itself.  Ignoring the extra one.
Error while reading cell "user_project_wrapper" (byte position 5413936): Warning: cell "VIA_via5_6_3100_3100_2_2_1600_1600" placed on top of itself.  Ignoring the extra one.
Error while reading cell "user_project_wrapper" (byte position 5414066): Warning: cell "VIA_via5_6_3100_3100_2_2_1600_1600" placed on top of itself.  Ignoring the extra one.
Error while reading cell "user_project_wrapper" (byte position 5414218): Warning: cell "VIA_via5_6_3100_3100_2_2_1600_1600" placed on top of itself.  Ignoring the extra one.
Error while reading cell "user_project_wrapper" (byte position 5414464): Warning: cell "VIA_via5_6_3100_3100_2_2_1600_1600" placed on top of itself.  Ignoring the extra one.
Error while reading cell "user_project_wrapper" (byte position 5415044): Warning: cell "VIA_via5_6_3100_3100_2_2_1600_1600" placed on top of itself.  Ignoring the extra one.
Error while reading cell "user_project_wrapper" (byte position 5415276): Warning: cell "VIA_via5_6_3100_3100_2_2_1600_1600" placed on top of itself.  Ignoring the extra one.
Error while reading cell "user_project_wrapper" (byte position 5415334): Warning: cell "VIA_via5_6_3100_3100_2_2_1600_1600" placed on top of itself.  Ignoring the extra one.
Error while reading cell "user_project_wrapper" (byte position 5415508): Warning: cell "VIA_via5_6_3100_3100_2_2_1600_1600" placed on top of itself.  Ignoring the extra one.
Error while reading cell "user_project_wrapper" (byte position 5416124): Warning: cell "VIA_via5_6_3100_3100_2_2_1600_1600" placed on top of itself.  Ignoring the extra one.
Error while reading cell "user_project_wrapper" (byte position 5416298): Warning: cell "VIA_via5_6_3100_3100_2_2_1600_1600" placed on top of itself.  Ignoring the extra one.
Error while reading cell "user_project_wrapper" (byte position 5416356): Warning: cell "VIA_via5_6_3100_3100_2_2_1600_1600" placed on top of itself.  Ignoring the extra one.
Error while reading cell "user_project_wrapper" (byte position 5416660): Warning: cell "VIA_via5_6_3100_3100_2_2_1600_1600" placed on top of itself.  Ignoring the extra one.
Error while reading cell "user_project_wrapper" (byte position 5417022): Warning: cell "VIA_via5_6_3100_3100_2_2_1600_1600" placed on top of itself.  Ignoring the extra one.
Error while reading cell "user_project_wrapper" (byte position 5417668): Warning: cell "VIA_via5_6_3100_3100_2_2_1600_1600" placed on top of itself.  Ignoring the extra one.
Error while reading cell "user_project_wrapper" (byte position 5418232): Warning: cell "VIA_via5_6_3100_3100_2_2_1600_1600" placed on top of itself.  Ignoring the extra one.
Error while reading cell "user_project_wrapper" (byte position 5418362): Warning: cell "VIA_via5_6_3100_3100_2_2_1600_1600" placed on top of itself.  Ignoring the extra one.
Error while reading cell "user_project_wrapper" (byte position 5418666): Warning: cell "VIA_via5_6_3100_3100_2_2_1600_1600" placed on top of itself.  Ignoring the extra one.
Error while reading cell "user_project_wrapper" (byte position 5423934): Warning: cell "VIA_via5_6_3100_3100_2_2_1600_1600" placed on top of itself.  Ignoring the extra one.
Error while reading cell "user_project_wrapper" (byte position 5424332): Warning: cell "VIA_via5_6_3100_3100_2_2_1600_1600" placed on top of itself.  Ignoring the extra one.
Error while reading cell "user_project_wrapper" (byte position 5424426): Warning: cell "VIA_via5_6_3100_3100_2_2_1600_1600" placed on top of itself.  Ignoring the extra one.
Error while reading cell "user_project_wrapper" (byte position 5424846): Warning: cell "VIA_via5_6_3100_3100_2_2_1600_1600" placed on top of itself.  Ignoring the extra one.
Error while reading cell "user_project_wrapper" (byte position 5425996): Warning: cell "VIA_via5_6_3100_3100_2_2_1600_1600" placed on top of itself.  Ignoring the extra one.
Error while reading cell "user_project_wrapper" (byte position 5429614): Warning: cell "VIA_via5_6_3100_3100_2_2_1600_1600" placed on top of itself.  Ignoring the extra one.
Error while reading cell "user_project_wrapper" (byte position 5429988): Warning: cell "VIA_via5_6_3100_3100_2_2_1600_1600" placed on top of itself.  Ignoring the extra one.
Error while reading cell "user_project_wrapper" (byte position 5430638): Warning: cell "VIA_via5_6_3100_3100_2_2_1600_1600" placed on top of itself.  Ignoring the extra one.
Error while reading cell "user_project_wrapper" (byte position 5430696): Warning: cell "VIA_via5_6_3100_3100_2_2_1600_1600" placed on top of itself.  Ignoring the extra one.
Error while reading cell "user_project_wrapper" (byte position 5430754): Warning: cell "VIA_via5_6_3100_3100_2_2_1600_1600" placed on top of itself.  Ignoring the extra one.
Error while reading cell "user_project_wrapper" (byte position 5430884): Warning: cell "VIA_via5_6_3100_3100_2_2_1600_1600" placed on top of itself.  Ignoring the extra one.
Error while reading cell "user_project_wrapper" (byte position 5431224): Warning: cell "VIA_via5_6_3100_3100_2_2_1600_1600" placed on top of itself.  Ignoring the extra one.
Error while reading cell "user_project_wrapper" (byte position 5431434): Warning: cell "VIA_via5_6_3100_3100_2_2_1600_1600" placed on top of itself.  Ignoring the extra one.
Error while reading cell "user_project_wrapper" (byte position 5431824): Warning: cell "VIA_via5_6_3100_3100_2_2_1600_1600" placed on top of itself.  Ignoring the extra one.
Error while reading cell "user_project_wrapper" (byte position 5432264): Warning: cell "VIA_via5_6_3100_3100_2_2_1600_1600" placed on top of itself.  Ignoring the extra one.
Error while reading cell "user_project_wrapper" (byte position 5432438): Warning: cell "VIA_via5_6_3100_3100_2_2_1600_1600" placed on top of itself.  Ignoring the extra one.
Error while reading cell "user_project_wrapper" (byte position 5433420): Warning: cell "VIA_via5_6_3100_3100_2_2_1600_1600" placed on top of itself.  Ignoring the extra one.
Error while reading cell "user_project_wrapper" (byte position 5433478): Warning: cell "VIA_via5_6_3100_3100_2_2_1600_1600" placed on top of itself.  Ignoring the extra one.
Error while reading cell "user_project_wrapper" (byte position 5435180): Warning: cell "VIA_via5_6_3100_3100_2_2_1600_1600" placed on top of itself.  Ignoring the extra one.
Error while reading cell "user_project_wrapper" (byte position 5436930): Warning: cell "VIA_via5_6_3100_3100_2_2_1600_1600" placed on top of itself.  Ignoring the extra one.
Error while reading cell "user_project_wrapper" (byte position 5437024): Warning: cell "VIA_via5_6_3100_3100_2_2_1600_1600" placed on top of itself.  Ignoring the extra one.
Error while reading cell "user_project_wrapper" (byte position 5437294): Warning: cell "VIA_via5_6_3100_3100_2_2_1600_1600" placed on top of itself.  Ignoring the extra one.
Error while reading cell "user_project_wrapper" (byte position 5437352): Warning: cell "VIA_via5_6_3100_3100_2_2_1600_1600" placed on top of itself.  Ignoring the extra one.
Error while reading cell "user_project_wrapper" (byte position 5437410): Warning: cell "VIA_via5_6_3100_3100_2_2_1600_1600" placed on top of itself.  Ignoring the extra one.
Error while reading cell "user_project_wrapper" (byte position 5437714): Warning: cell "VIA_via5_6_3100_3100_2_2_1600_1600" placed on top of itself.  Ignoring the extra one.
Error while reading cell "user_project_wrapper" (byte position 5437830): Warning: cell "VIA_via5_6_3100_3100_2_2_1600_1600" placed on top of itself.  Ignoring the extra one.
Error while reading cell "user_project_wrapper" (byte position 5456350): Warning: cell "VIA_via5_6_3100_3100_2_2_1600_1600" placed on top of itself.  Ignoring the extra one.
Error while reading cell "user_project_wrapper" (byte position 5456872): Warning: cell "VIA_via5_6_3100_3100_2_2_1600_1600" placed on top of itself.  Ignoring the extra one.
Error while reading cell "user_project_wrapper" (byte position 5457104): Warning: cell "VIA_via5_6_3100_3100_2_2_1600_1600" placed on top of itself.  Ignoring the extra one.
Error while reading cell "user_project_wrapper" (byte position 5457256): Warning: cell "VIA_via5_6_3100_3100_2_2_1600_1600" placed on top of itself.  Ignoring the extra one.
Error while reading cell "user_project_wrapper" (byte position 5457372): Warning: cell "VIA_via5_6_3100_3100_2_2_1600_1600" placed on top of itself.  Ignoring the extra one.
Error while reading cell "user_project_wrapper" (byte position 5457604): Warning: cell "VIA_via5_6_3100_3100_2_2_1600_1600" placed on top of itself.  Ignoring the extra one.
Error while reading cell "user_project_wrapper" (byte position 5458822): Warning: cell "VIA_via5_6_3100_3100_2_2_1600_1600" placed on top of itself.  Ignoring the extra one.
Error while reading cell "user_project_wrapper" (byte position 5458880): Warning: cell "VIA_via5_6_3100_3100_2_2_1600_1600" placed on top of itself.  Ignoring the extra one.
Error while reading cell "user_project_wrapper" (byte position 5461190): Warning: cell "VIA_via5_6_3100_3100_2_2_1600_1600" placed on top of itself.  Ignoring the extra one.
Error while reading cell "user_project_wrapper" (byte position 5461624): Warning: cell "VIA_via5_6_3100_3100_2_2_1600_1600" placed on top of itself.  Ignoring the extra one.
Error while reading cell "user_project_wrapper" (byte position 5462744): Warning: cell "VIA_via5_6_3100_3100_2_2_1600_1600" placed on top of itself.  Ignoring the extra one.
Error while reading cell "user_project_wrapper" (byte position 5463106): Warning: cell "VIA_via5_6_3100_3100_2_2_1600_1600" placed on top of itself.  Ignoring the extra one.
Error while reading cell "user_project_wrapper" (byte position 5463280): Warning: cell "VIA_via5_6_3100_3100_2_2_1600_1600" placed on top of itself.  Ignoring the extra one.
Error while reading cell "user_project_wrapper" (byte position 5463396): Warning: cell "VIA_via5_6_3100_3100_2_2_1600_1600" placed on top of itself.  Ignoring the extra one.
Error while reading cell "user_project_wrapper" (byte position 5463454): Warning: cell "VIA_via5_6_3100_3100_2_2_1600_1600" placed on top of itself.  Ignoring the extra one.
Error while reading cell "user_project_wrapper" (byte position 5499556): Warning: cell "VIA_via5_6_3100_3100_2_2_1600_1600" placed on top of itself.  Ignoring the extra one.
Error while reading cell "user_project_wrapper" (byte position 5499976): Warning: cell "VIA_via5_6_3100_3100_2_2_1600_1600" placed on top of itself.  Ignoring the extra one.
Error while reading cell "user_project_wrapper" (byte position 5500092): Warning: cell "VIA_via5_6_3100_3100_2_2_1600_1600" placed on top of itself.  Ignoring the extra one.
Root cell box:
           width x height  (   llx,  lly  ), (   urx,  ury  )  area (units^2)

microns:  43.630 x 3520.000  (-43.630,  0.000), ( 0.000,  3520.000)  153577.594
lambda:   4363.00 x 352000.00  (-4363.00,  0.00 ), (  0.00,  352000.00)  1535776000.00
internal:   8726 x 704000  ( -8726,  0    ), (     0,  704000)  6143104000
Root cell box:
           width x height  (   llx,  lly  ), (   urx,  ury  )  area (units^2)

microns:  43.250 x 3520.000  ( 2920.000,  0.000), ( 2963.250,  3520.000)  152240.000
lambda:   4325.00 x 352000.00  ( 292000.00,  0.00 ), ( 296325.00,  352000.00)  1522400000.00
internal:   8650 x 704000  ( 584000,  0    ), ( 592650,  704000)  6089600000
Root cell box:
           width x height  (   llx,  lly  ), (   urx,  ury  )  area (units^2)

microns:  3006.880 x 38.270  (-43.630, -38.270), ( 2963.250,  0.000)  115073.289
lambda:   300688.00 x 3827.00  (-4363.00, -3827.00), ( 296325.00,  0.00 )  1150732928.00
internal: 601376 x 7654    ( -8726, -7654 ), ( 592650,  0    )  4602931904
Root cell box:
           width x height  (   llx,  lly  ), (   urx,  ury  )  area (units^2)

microns:  3006.880 x 37.950  (-43.630,  3520.000), ( 2963.250,  3557.950)  114111.086
lambda:   300688.00 x 3795.00  (-4363.00,  352000.00), ( 296325.00,  355795.00)  1141110912.00
internal: 601376 x 7590    ( -8726,  704000), ( 592650,  711590)  4564443840
   Generating output for cell xor_target

Magic 8.3 revision 471 - Compiled on Wed Apr 22 16:23:58 UTC 2026.
Starting magic under Tcl interpreter
Using the terminal as the console.
Using NULL graphics device.
Processing system .magicrc file
Sourcing design .magicrc for technology sky130A ...
2 Magic internal units = 1 Lambda
Input style sky130(): scaleFactor=2, multiplier=2
The following types are not handled by extraction and will be treated as non-electrical types:
    ubm 
Scaled tech values by 2 / 1 to match internal grid scaling
Loading sky130A Device Generator Menu ...
Loading "/usr/local/lib/python3.9/site-packages/cf_precheck/drc_scripts/erase_box.tcl" from command line.
Input style sky130(vendor): scaleFactor=2, multiplier=2
CIF input style is now "sky130(vendor)"
Warning: Calma reading is not undoable!  I hope that's OK.
Library written using GDS-II Release 3.0
Library name: user_project_wrapper
Reading "user_project_wrapper".
Root cell box:
           width x height  (   llx,  lly  ), (   urx,  ury  )  area (units^2)

microns:  43.630 x 3520.000  (-43.630,  0.000), ( 0.000,  3520.000)  153577.594
lambda:   4363.00 x 352000.00  (-4363.00,  0.00 ), (  0.00,  352000.00)  1535776000.00
internal:   8726 x 704000  ( -8726,  0    ), (     0,  704000)  6143104000
Root cell box:
           width x height  (   llx,  lly  ), (   urx,  ury  )  area (units^2)

microns:  43.250 x 3520.000  ( 2920.000,  0.000), ( 2963.250,  3520.000)  152240.000
lambda:   4325.00 x 352000.00  ( 292000.00,  0.00 ), ( 296325.00,  352000.00)  1522400000.00
internal:   8650 x 704000  ( 584000,  0    ), ( 592650,  704000)  6089600000
Root cell box:
           width x height  (   llx,  lly  ), (   urx,  ury  )  area (units^2)

microns:  3006.880 x 38.270  (-43.630, -38.270), ( 2963.250,  0.000)  115073.289
lambda:   300688.00 x 3827.00  (-4363.00, -3827.00), ( 296325.00,  0.00 )  1150732928.00
internal: 601376 x 7654    ( -8726, -7654 ), ( 592650,  0    )  4602931904
Root cell box:
           width x height  (   llx,  lly  ), (   urx,  ury  )  area (units^2)

microns:  3006.880 x 37.950  (-43.630,  3520.000), ( 2963.250,  3557.950)  114111.086
lambda:   300688.00 x 3795.00  (-4363.00,  352000.00), ( 296325.00,  355795.00)  1141110912.00
internal: 601376 x 7590    ( -8726,  704000), ( 592650,  711590)  4564443840
   Generating output for cell xor_target
Reading /tmp/tmpr2wjz_re/repo/precheck_results/17_SEP_2026___20_12_29/outputs/user_project_wrapper_erased.gds ..
Reading /tmp/tmpr2wjz_re/repo/precheck_results/17_SEP_2026___20_12_29/outputs/user_project_wrapper_empty_erased.gds ..
--- Running XOR for 69/20 ---
"input" in: xor.rb.drc:39
    Polygons (raw): 530 (flat)  530 (hierarchical)
    Elapsed: 0.000s  Memory: 571.00M
"input" in: xor.rb.drc:39
    Polygons (raw): 530 (flat)  530 (hierarchical)
    Elapsed: 0.000s  Memory: 571.00M
"^" in: xor.rb.drc:39
    Polygons (raw): 0 (flat)  0 (hierarchical)
    Elapsed: 0.010s  Memory: 571.00M
XOR differences: 0
"output" in: xor.rb.drc:43
    Polygons (raw): 0 (flat)  0 (hierarchical)
    Elapsed: 0.000s  Memory: 571.00M
--- Running XOR for 70/20 ---
"input" in: xor.rb.drc:39
    Polygons (raw): 107 (flat)  107 (hierarchical)
    Elapsed: 0.000s  Memory: 571.00M
"input" in: xor.rb.drc:39
    Polygons (raw): 107 (flat)  107 (hierarchical)
    Elapsed: 0.000s  Memory: 571.00M
"^" in: xor.rb.drc:39
    Polygons (raw): 0 (flat)  0 (hierarchical)
    Elapsed: 0.000s  Memory: 571.00M
XOR differences: 0
"output" in: xor.rb.drc:43
    Polygons (raw): 0 (flat)  0 (hierarchical)
    Elapsed: 0.000s  Memory: 571.00M
--- Running XOR for 71/20 ---
"input" in: xor.rb.drc:39
    Polygons (raw): 16 (flat)  16 (hierarchical)
    Elapsed: 0.000s  Memory: 571.00M
"input" in: xor.rb.drc:39
    Polygons (raw): 16 (flat)  16 (hierarchical)
    Elapsed: 0.000s  Memory: 571.00M
"^" in: xor.rb.drc:39
    Polygons (raw): 0 (flat)  0 (hierarchical)
    Elapsed: 0.000s  Memory: 571.00M
XOR differences: 0
"output" in: xor.rb.drc:43
    Polygons (raw): 0 (flat)  0 (hierarchical)
    Elapsed: 0.000s  Memory: 571.00M
--- Running XOR for 71/44 ---
"input" in: xor.rb.drc:39
    Polygons (raw): 128 (flat)  128 (hierarchical)
    Elapsed: 0.000s  Memory: 571.00M
"input" in: xor.rb.drc:39
    Polygons (raw): 128 (flat)  128 (hierarchical)
    Elapsed: 0.000s  Memory: 571.00M
"^" in: xor.rb.drc:39
    Polygons (raw): 0 (flat)  0 (hierarchical)
    Elapsed: 0.000s  Memory: 571.00M
XOR differences: 0
"output" in: xor.rb.drc:43
    Polygons (raw): 0 (flat)  0 (hierarchical)
    Elapsed: 0.000s  Memory: 571.00M
--- Running XOR for 72/20 ---
"input" in: xor.rb.drc:39
    Polygons (raw): 16 (flat)  16 (hierarchical)
    Elapsed: 0.000s  Memory: 571.00M
"input" in: xor.rb.drc:39
    Polygons (raw): 16 (flat)  16 (hierarchical)
    Elapsed: 0.000s  Memory: 571.00M
"^" in: xor.rb.drc:39
    Polygons (raw): 0 (flat)  0 (hierarchical)
    Elapsed: 0.010s  Memory: 571.00M
XOR differences: 0
"output" in: xor.rb.drc:43
    Polygons (raw): 0 (flat)  0 (hierarchical)
    Elapsed: 0.000s  Memory: 571.00M
--- Running XOR for 81/14 ---
"input" in: xor.rb.drc:39
    Polygons (raw): 1 (flat)  1 (hierarchical)
    Elapsed: 0.000s  Memory: 571.00M
"input" in: xor.rb.drc:39
    Polygons (raw): 1 (flat)  1 (hierarchical)
    Elapsed: 0.000s  Memory: 571.00M
"^" in: xor.rb.drc:39
    Polygons (raw): 0 (flat)  0 (hierarchical)
    Elapsed: 0.000s  Memory: 571.00M
XOR differences: 0
"output" in: xor.rb.drc:43
    Polygons (raw): 0 (flat)  0 (hierarchical)
    Elapsed: 0.000s  Memory: 571.00M
Writing layout file: /tmp/tmpr2wjz_re/repo/precheck_results/17_SEP_2026___20_12_29/outputs/user_project_wrapper.xor.gds ..
Total elapsed: 0.090s  Memory: 571.00M
