2026-09-18 01:15:53 [INFO] Extracting compressed files in: /tmp/tmp7e_14m3k/repo
2026-09-18 01:15:53 [INFO] make uncompress produced 2 gds/*.gds file(s): afe_wb.gds, user_project_wrapper.gds (make exit 0)
2026-09-18 01:15:53 [INFO] Project type: digital
2026-09-18 01:15:53 [INFO] GDS hash (user_project_wrapper): 94863d8f30ed6e6a7d0308699f3408238a2fd2d0
2026-09-18 01:15:53 [INFO] Tools: KLayout v0.29.2 | Magic v8.3.471
2026-09-18 01:15:53 [INFO] PDK: SKY130A unknown
2026-09-18 01:15:53 [INFO] Running 1 checks: [lvs]
2026-09-18 01:15:53 [INFO] Loading LVS environment from /tmp/tmp7e_14m3k/repo/lvs/user_project_wrapper/lvs_config.json
2026-09-18 01:15:53 [INFO] EXTRACT_FLATGLOB: 
2026-09-18 01:15:53 [INFO] EXTRACT_ABSTRACT: *__fill_* *__fakediode_* *__tapvpwrvgnd_* *CF_BUF_HIZ_core *CF_ADC_SAR12_core *CF_ADC_SAR12_sar_refs_core *CF_BGR_core *CF_REFBUF_core
2026-09-18 01:15:53 [INFO] EXTRACT_CREATE_SUBCUT: 
2026-09-18 01:15:53 [INFO] LVS_FLATTEN: 
2026-09-18 01:15:53 [INFO] LVS_NOFLATTEN: CF_BUF_HIZ CF_ADC_SAR12 CF_ADC_SAR12_sar_refs CF_BGR CF_REFBUF
2026-09-18 01:15:53 [INFO] LVS_IGNORE: 
2026-09-18 01:15:53 [INFO] LVS_SPICE_FILES: /opt/pdks/sky130A/libs.ref/sky130_fd_sc_hd/spice/sky130_ef_sc_hd__decap*.spice /opt/pdks/sky130A/libs.ref/sky130_fd_sc_hd/spice/sky130_fd_sc_hd.spice
2026-09-18 01:15:53 [INFO] LVS_VERILOG_FILES: /tmp/tmp7e_14m3k/repo/verilog/gl/CF_BUF_HIZ_core.v /tmp/tmp7e_14m3k/repo/verilog/gl/CF_BUF_HIZ.v /tmp/tmp7e_14m3k/repo/verilog/gl/CF_ADC_SAR12_core.v /tmp/tmp7e_14m3k/repo/verilog/gl/CF_ADC_SAR12.v /tmp/tmp7e_14m3k/repo/verilog/gl/CF_ADC_SAR12_sar_refs_core.v /tmp/tmp7e_14m3k/repo/verilog/gl/CF_ADC_SAR12_sar_refs.v /tmp/tmp7e_14m3k/repo/verilog/gl/CF_BGR_core.v /tmp/tmp7e_14m3k/repo/verilog/gl/CF_BGR.v /tmp/tmp7e_14m3k/repo/verilog/gl/CF_REFBUF_core.v /tmp/tmp7e_14m3k/repo/verilog/gl/CF_REFBUF.v /tmp/tmp7e_14m3k/repo/verilog/gl/afe_wb.v /tmp/tmp7e_14m3k/repo/verilog/gl/user_project_wrapper.v
2026-09-18 01:15:53 [INFO] LAYOUT_FILE: /tmp/tmp7e_14m3k/repo/gds/user_project_wrapper.gds
2026-09-18 01:15:53 [INFO] Running: run_be_checks --nooeb
2026-09-18 01:15:53 [INFO] LVS output directory: /tmp/tmp7e_14m3k/repo/precheck_results/18_SEP_2026___01_15_52
2026-09-18 01:16:23 [ERROR] LVS FAILED (stat=1), see /tmp/tmp7e_14m3k/repo/precheck_results/18_SEP_2026___01_15_52/logs/LVS_check.log
