"polygons" in: met_min_ca_density.lydrc:35
    Polygons (raw): 106996 (flat)  6688 (hierarchical)
    Elapsed: 0.020s  Memory: 588.00M
"polygons" in: met_min_ca_density.lydrc:36
    Polygons (raw): 242629 (flat)  6611 (hierarchical)
    Elapsed: 0.010s  Memory: 588.00M
"polygons" in: met_min_ca_density.lydrc:38
    Polygons (raw): 81478 (flat)  10008 (hierarchical)
    Elapsed: 0.030s  Memory: 588.00M
"polygons" in: met_min_ca_density.lydrc:39
    Polygons (raw): 9105 (flat)  9105 (hierarchical)
    Elapsed: 0.010s  Memory: 588.00M
"polygons" in: met_min_ca_density.lydrc:41
    Polygons (raw): 8181 (flat)  8181 (hierarchical)
    Elapsed: 0.020s  Memory: 588.00M
"polygons" in: met_min_ca_density.lydrc:42
    Polygons (raw): 2852 (flat)  2852 (hierarchical)
    Elapsed: 0.000s  Memory: 588.00M
"polygons" in: met_min_ca_density.lydrc:44
    Polygons (raw): 2270 (flat)  2270 (hierarchical)
    Elapsed: 0.010s  Memory: 588.00M
"polygons" in: met_min_ca_density.lydrc:45
    Polygons (raw): 8330 (flat)  8330 (hierarchical)
    Elapsed: 0.010s  Memory: 588.00M
"polygons" in: met_min_ca_density.lydrc:47
    Polygons (raw): 1403 (flat)  1403 (hierarchical)
    Elapsed: 0.010s  Memory: 588.00M
"polygons" in: met_min_ca_density.lydrc:48
    Polygons (raw): 0 (flat)  0 (hierarchical)
    Elapsed: 0.000s  Memory: 588.00M
"polygons" in: met_min_ca_density.lydrc:49
    Polygons (raw): 13224 (flat)  13224 (hierarchical)
    Elapsed: 0.010s  Memory: 588.00M
"polygons" in: met_min_ca_density.lydrc:51
    Polygons (raw): 400 (flat)  400 (hierarchical)
    Elapsed: 0.000s  Memory: 588.00M
"input" in: met_min_ca_density.lydrc:53
    Polygons (raw): 11 (flat)  11 (hierarchical)
    Elapsed: 0.000s  Memory: 588.00M
"area" in: met_min_ca_density.lydrc:55
    Elapsed: 0.010s  Memory: 590.00M
"polygons" in: met_min_ca_density.lydrc:59
    Polygons (raw): 106996 (flat)  6688 (hierarchical)
    Elapsed: 0.010s  Memory: 590.00M
"area" in: met_min_ca_density.lydrc:59
    Elapsed: 0.760s  Memory: 598.00M
li1_ca_density is 0.9859162017045454
"polygons" in: met_min_ca_density.lydrc:69
    Polygons (raw): 81478 (flat)  10008 (hierarchical)
    Elapsed: 0.050s  Memory: 598.00M
"area" in: met_min_ca_density.lydrc:69
    Elapsed: 0.700s  Memory: 598.00M
m1_ca_density is 0.9883606074316041
"polygons" in: met_min_ca_density.lydrc:79
    Polygons (raw): 8181 (flat)  8181 (hierarchical)
    Elapsed: 0.050s  Memory: 598.00M
"area" in: met_min_ca_density.lydrc:79
    Elapsed: 0.070s  Memory: 599.00M
m2_ca_density is 0.9881204499873522
"polygons" in: met_min_ca_density.lydrc:89
    Polygons (raw): 2270 (flat)  2270 (hierarchical)
    Elapsed: 0.000s  Memory: 599.00M
"area" in: met_min_ca_density.lydrc:89
    Elapsed: 0.030s  Memory: 599.00M
m3_ca_density is 0.9932461590641539
"polygons" in: met_min_ca_density.lydrc:99
    Polygons (raw): 1403 (flat)  1403 (hierarchical)
    Elapsed: 0.010s  Memory: 599.00M
"area" in: met_min_ca_density.lydrc:99
    Elapsed: 0.020s  Memory: 599.00M
m4_ca_density is 0.8294357604101805
"polygons" in: met_min_ca_density.lydrc:109
    Polygons (raw): 400 (flat)  400 (hierarchical)
    Elapsed: 0.000s  Memory: 599.00M
"area" in: met_min_ca_density.lydrc:109
    Elapsed: 0.010s  Memory: 599.00M
m5_ca_density is 0.8432951883561643
Writing report database: /tmp/tmpit974p1_/repo/precheck_results/20_SEP_2026___06_41_40/outputs/reports/klayout_met_min_ca_density_check.xml ..
Total elapsed: 2.100s  Memory: 599.00M
