┏━━━━━━━┳━━━━━━━━━━┳━━━━━━━━━━┳━━━━━━━━━━━━━━━┳━━━━━━━━━━━━━━━━━━━━━━━━┳━━━━━━━┓
┃ P / R ┃ Partial  ┃ Required ┃ Net           ┃ Pin                    ┃ Layer ┃
┡━━━━━━━╇━━━━━━━━━━╇━━━━━━━━━━╇━━━━━━━━━━━━━━━╇━━━━━━━━━━━━━━━━━━━━━━━━╇━━━━━━━┩
│ 27.56 │ 11024.23 │ 400.00   │ afe_data[4\]  │ u_afe_wb/adc_data[4]   │ met5  │
│ 15.59 │ 6236.92  │ 400.00   │ afe_data[8\]  │ u_afe_wb/adc_data[8]   │ met3  │
│ 12.51 │ 5005.97  │ 400.00   │ afe_eof       │ u_afe_wb/adc_eof       │ met4  │
│ 10.41 │ 4163.15  │ 400.00   │ afe_data[5\]  │ u_afe_wb/adc_data[5]   │ met4  │
│ 10.20 │ 4081.35  │ 400.00   │ afe_data[8\]  │ u_afe_wb/adc_data[8]   │ met4  │
│ 9.92  │ 3968.34  │ 400.00   │ afe_data[4\]  │ u_afe_wb/adc_data[4]   │ met4  │
│ 5.72  │ 2286.86  │ 400.00   │ wbs_dat_i[26] │ u_afe_wb/wbs_dat_i[26] │ met3  │
│ 1.63  │ 650.17   │ 400.00   │ wbs_dat_i[0]  │ u_afe_wb/wbs_dat_i[0]  │ met2  │
│ 1.61  │ 645.11   │ 400.00   │ wbs_dat_i[1]  │ u_afe_wb/wbs_dat_i[1]  │ met2  │
│ 1.12  │ 446.48   │ 400.00   │ wbs_dat_i[14] │ u_afe_wb/wbs_dat_i[14] │ met5  │
│ 1.12  │ 446.48   │ 400.00   │ wbs_dat_i[27] │ u_afe_wb/wbs_dat_i[27] │ met5  │
│ 1.12  │ 446.48   │ 400.00   │ wbs_dat_i[30] │ u_afe_wb/wbs_dat_i[30] │ met5  │
└───────┴──────────┴──────────┴───────────────┴────────────────────────┴───────┘
