┏━━━━━━━┳━━━━━━━━━┳━━━━━━━━━━┳━━━━━━━━━━━━━━━┳━━━━━━━━━━━━━━━━━━━━━━━━┳━━━━━━━┓
┃ P / R ┃ Partial ┃ Required ┃ Net           ┃ Pin                    ┃ Layer ┃
┡━━━━━━━╇━━━━━━━━━╇━━━━━━━━━━╇━━━━━━━━━━━━━━━╇━━━━━━━━━━━━━━━━━━━━━━━━╇━━━━━━━┩
│ 15.18 │ 6071.25 │ 400.00   │ afe_data[2\]  │ u_afe_wb/adc_data[2]   │ met3  │
│ 13.19 │ 5276.51 │ 400.00   │ afe_data[5\]  │ u_afe_wb/adc_data[5]   │ met3  │
│ 12.97 │ 5186.67 │ 400.00   │ afe_data[6\]  │ u_afe_wb/adc_data[6]   │ met3  │
│ 12.90 │ 5159.21 │ 400.00   │ afe_data[1\]  │ u_afe_wb/adc_data[1]   │ met4  │
│ 12.80 │ 5118.35 │ 400.00   │ afe_data[3\]  │ u_afe_wb/adc_data[3]   │ met4  │
│ 12.51 │ 5005.26 │ 400.00   │ afe_data[11\] │ u_afe_wb/adc_data[11]  │ met4  │
│ 12.35 │ 4939.27 │ 400.00   │ afe_eof       │ u_afe_wb/adc_eof       │ met5  │
│ 11.93 │ 4772.02 │ 400.00   │ afe_data[7\]  │ u_afe_wb/adc_data[7]   │ met3  │
│ 11.91 │ 4765.11 │ 400.00   │ afe_data[8\]  │ u_afe_wb/adc_data[8]   │ met3  │
│ 11.86 │ 4745.39 │ 400.00   │ afe_data[7\]  │ u_afe_wb/adc_data[7]   │ met4  │
│ 11.36 │ 4543.96 │ 400.00   │ afe_data[9\]  │ u_afe_wb/adc_data[9]   │ met3  │
│ 11.30 │ 4520.64 │ 400.00   │ afe_data[6\]  │ u_afe_wb/adc_data[6]   │ met4  │
│ 10.89 │ 4357.18 │ 400.00   │ afe_data[5\]  │ u_afe_wb/adc_data[5]   │ met4  │
│ 10.45 │ 4178.40 │ 400.00   │ afe_data[2\]  │ u_afe_wb/adc_data[2]   │ met4  │
│ 10.24 │ 4095.17 │ 400.00   │ afe_data[8\]  │ u_afe_wb/adc_data[8]   │ met4  │
│ 9.95  │ 3979.19 │ 400.00   │ afe_data[4\]  │ u_afe_wb/adc_data[4]   │ met4  │
│ 9.74  │ 3897.54 │ 400.00   │ afe_data[9\]  │ u_afe_wb/adc_data[9]   │ met4  │
│ 9.65  │ 3860.58 │ 400.00   │ afe_data[0\]  │ u_afe_wb/adc_data[0]   │ met3  │
│ 6.75  │ 2701.59 │ 400.00   │ wbs_dat_i[31] │ u_afe_wb/wbs_dat_i[31] │ met3  │
│ 6.51  │ 2602.29 │ 400.00   │ wbs_dat_i[30] │ u_afe_wb/wbs_dat_i[30] │ met3  │
│ 6.36  │ 2543.87 │ 400.00   │ wbs_dat_i[29] │ u_afe_wb/wbs_dat_i[29] │ met3  │
│ 6.14  │ 2456.25 │ 400.00   │ wbs_dat_i[28] │ u_afe_wb/wbs_dat_i[28] │ met3  │
│ 5.91  │ 2362.79 │ 400.00   │ wbs_dat_i[27] │ u_afe_wb/wbs_dat_i[27] │ met3  │
│ 5.72  │ 2286.86 │ 400.00   │ wbs_dat_i[26] │ u_afe_wb/wbs_dat_i[26] │ met3  │
│ 5.54  │ 2216.76 │ 400.00   │ wbs_dat_i[25] │ u_afe_wb/wbs_dat_i[25] │ met3  │
│ 5.24  │ 2094.10 │ 400.00   │ wbs_dat_i[24] │ u_afe_wb/wbs_dat_i[24] │ met3  │
│ 5.17  │ 2067.83 │ 400.00   │ afe_data[11\] │ u_afe_wb/adc_data[11]  │ met5  │
│ 5.03  │ 2012.32 │ 400.00   │ wbs_dat_i[23] │ u_afe_wb/wbs_dat_i[23] │ met3  │
│ 4.83  │ 1930.54 │ 400.00   │ wbs_dat_i[22] │ u_afe_wb/wbs_dat_i[22] │ met3  │
│ 4.62  │ 1848.76 │ 400.00   │ wbs_dat_i[21] │ u_afe_wb/wbs_dat_i[21] │ met3  │
│ 4.42  │ 1766.98 │ 400.00   │ wbs_dat_i[20] │ u_afe_wb/wbs_dat_i[20] │ met3  │
│ 4.18  │ 1673.52 │ 400.00   │ wbs_dat_i[19] │ u_afe_wb/wbs_dat_i[19] │ met3  │
│ 4.05  │ 1620.95 │ 400.00   │ wbs_dat_i[18] │ u_afe_wb/wbs_dat_i[18] │ met3  │
│ 3.75  │ 1498.29 │ 400.00   │ wbs_dat_i[17] │ u_afe_wb/wbs_dat_i[17] │ met3  │
│ 3.57  │ 1428.19 │ 400.00   │ wbs_dat_i[16] │ u_afe_wb/wbs_dat_i[16] │ met3  │
│ 3.35  │ 1340.57 │ 400.00   │ wbs_dat_i[15] │ u_afe_wb/wbs_dat_i[15] │ met3  │
│ 3.15  │ 1258.79 │ 400.00   │ wbs_dat_i[14] │ u_afe_wb/wbs_dat_i[14] │ met3  │
│ 2.99  │ 1194.54 │ 400.00   │ wbs_dat_i[13] │ u_afe_wb/wbs_dat_i[13] │ met3  │
│ 2.69  │ 1077.71 │ 400.00   │ wbs_dat_i[12] │ u_afe_wb/wbs_dat_i[12] │ met3  │
│ 2.56  │ 1025.14 │ 400.00   │ wbs_dat_i[11] │ u_afe_wb/wbs_dat_i[11] │ met3  │
│ 2.26  │ 902.48  │ 400.00   │ wbs_dat_i[10] │ u_afe_wb/wbs_dat_i[10] │ met3  │
│ 2.11  │ 844.06  │ 400.00   │ wbs_dat_i[9]  │ u_afe_wb/wbs_dat_i[9]  │ met3  │
│ 1.88  │ 750.60  │ 400.00   │ wbs_dat_i[8]  │ u_afe_wb/wbs_dat_i[8]  │ met3  │
│ 1.64  │ 657.14  │ 400.00   │ wbs_dat_i[7]  │ u_afe_wb/wbs_dat_i[7]  │ met3  │
│ 1.63  │ 650.17  │ 400.00   │ wbs_dat_i[0]  │ u_afe_wb/wbs_dat_i[0]  │ met2  │
│ 1.61  │ 645.11  │ 400.00   │ wbs_dat_i[1]  │ u_afe_wb/wbs_dat_i[1]  │ met2  │
│ 1.60  │ 640.36  │ 400.00   │ wbs_dat_i[5]  │ u_afe_wb/wbs_dat_i[5]  │ met2  │
│ 1.60  │ 639.14  │ 400.00   │ wbs_adr_i[5]  │ u_afe_wb/wbs_adr_i[5]  │ met2  │
│ 1.59  │ 636.58  │ 400.00   │ wbs_dat_i[12] │ u_afe_wb/wbs_dat_i[12] │ met2  │
│ 1.58  │ 632.81  │ 400.00   │ wbs_adr_i[3]  │ u_afe_wb/wbs_adr_i[3]  │ met2  │
│ 1.54  │ 616.47  │ 400.00   │ wbs_dat_i[30] │ u_afe_wb/wbs_dat_i[30] │ met2  │
│ 1.53  │ 613.92  │ 400.00   │ wbs_dat_i[2]  │ u_afe_wb/wbs_dat_i[2]  │ met2  │
│ 1.53  │ 612.69  │ 400.00   │ wbs_dat_i[3]  │ u_afe_wb/wbs_dat_i[3]  │ met2  │
│ 1.51  │ 602.58  │ 400.00   │ wbs_adr_i[2]  │ u_afe_wb/wbs_adr_i[2]  │ met2  │
│ 1.48  │ 591.25  │ 400.00   │ wbs_dat_i[17] │ u_afe_wb/wbs_dat_i[17] │ met2  │
│ 1.47  │ 587.47  │ 400.00   │ wbs_dat_i[7]  │ u_afe_wb/wbs_dat_i[7]  │ met2  │
│ 1.45  │ 579.92  │ 400.00   │ wbs_dat_i[22] │ u_afe_wb/wbs_dat_i[22] │ met2  │
│ 1.43  │ 572.36  │ 400.00   │ wbs_adr_i[4]  │ u_afe_wb/wbs_adr_i[4]  │ met2  │
│ 1.42  │ 569.52  │ 400.00   │ wbs_dat_i[6]  │ u_afe_wb/wbs_dat_i[6]  │ met3  │
│ 1.42  │ 568.58  │ 400.00   │ wbs_dat_i[4]  │ u_afe_wb/wbs_dat_i[4]  │ met2  │
│ 1.37  │ 549.69  │ 400.00   │ wbs_dat_i[25] │ u_afe_wb/wbs_dat_i[25] │ met2  │
│ 1.36  │ 545.92  │ 400.00   │ wbs_dat_i[23] │ u_afe_wb/wbs_dat_i[23] │ met2  │
│ 1.34  │ 534.58  │ 400.00   │ wbs_dat_i[19] │ u_afe_wb/wbs_dat_i[19] │ met2  │
│ 1.33  │ 530.81  │ 400.00   │ wbs_dat_i[18] │ u_afe_wb/wbs_dat_i[18] │ met2  │
│ 1.20  │ 481.90  │ 400.00   │ wbs_dat_i[5]  │ u_afe_wb/wbs_dat_i[5]  │ met3  │
│ 1.18  │ 470.36  │ 400.00   │ wbs_dat_i[11] │ u_afe_wb/wbs_dat_i[11] │ met2  │
│ 1.16  │ 464.38  │ 400.00   │ wbs_adr_i[5]  │ u_afe_wb/wbs_adr_i[5]  │ met3  │
│ 1.09  │ 435.17  │ 400.00   │ wbs_dat_i[4]  │ u_afe_wb/wbs_dat_i[4]  │ met3  │
│ 1.08  │ 432.58  │ 400.00   │ wbs_dat_i[24] │ u_afe_wb/wbs_dat_i[24] │ met2  │
│ 1.08  │ 431.32  │ 400.00   │ afe_data[9\]  │ u_afe_wb/adc_data[9]   │ met2  │
│ 1.04  │ 415.68  │ 400.00   │ afe_data[8\]  │ u_afe_wb/adc_data[8]   │ met2  │
└───────┴─────────┴──────────┴───────────────┴────────────────────────┴───────┘
