┏━━━━━━━┳━━━━━━━━━┳━━━━━━━━━━┳━━━━━━━━━━━━━━━┳━━━━━━━━━━━━━━━━━━━━━━━━┳━━━━━━━┓
┃ P / R ┃ Partial ┃ Required ┃ Net           ┃ Pin                    ┃ Layer ┃
┡━━━━━━━╇━━━━━━━━━╇━━━━━━━━━━╇━━━━━━━━━━━━━━━╇━━━━━━━━━━━━━━━━━━━━━━━━╇━━━━━━━┩
│ 13.41 │ 5364.28 │ 400.00   │ afe_data[10\] │ u_afe_wb/adc_data[10]  │ met5  │
│ 12.55 │ 5021.30 │ 400.00   │ afe_eof       │ u_afe_wb/adc_eof       │ met4  │
│ 12.23 │ 4893.60 │ 400.00   │ afe_data[3\]  │ u_afe_wb/adc_data[3]   │ met4  │
│ 10.22 │ 4088.64 │ 400.00   │ afe_data[11\] │ u_afe_wb/adc_data[11]  │ met3  │
│ 5.72  │ 2286.86 │ 400.00   │ wbs_dat_i[26] │ u_afe_wb/wbs_dat_i[26] │ met3  │
│ 1.63  │ 650.17  │ 400.00   │ wbs_dat_i[0]  │ u_afe_wb/wbs_dat_i[0]  │ met2  │
│ 1.61  │ 645.11  │ 400.00   │ wbs_dat_i[1]  │ u_afe_wb/wbs_dat_i[1]  │ met2  │
│ 1.12  │ 446.48  │ 400.00   │ wbs_dat_i[14] │ u_afe_wb/wbs_dat_i[14] │ met5  │
│ 1.12  │ 446.48  │ 400.00   │ wbs_dat_i[22] │ u_afe_wb/wbs_dat_i[22] │ met5  │
│ 1.12  │ 446.48  │ 400.00   │ wbs_dat_i[27] │ u_afe_wb/wbs_dat_i[27] │ met5  │
│ 1.12  │ 446.48  │ 400.00   │ wbs_dat_i[30] │ u_afe_wb/wbs_dat_i[30] │ met5  │
└───────┴─────────┴──────────┴───────────────┴────────────────────────┴───────┘
