Netgen 1.5.316 compiled on Tue Feb 10 10:44:29 UTC 2026
Warning: netgen command 'format' use fully-qualified name '::netgen::format'
Warning: netgen command 'global' use fully-qualified name '::netgen::global'
Warning:  A case-insensitive file has been read and so the	verilog file must be treated case-insensitive to match.
Reading SPICE netlist file '/Users/jeffdi/Projects/chipignite-ip/cf-sensor-afe/dependencies/pdks/sky130A/libs.ref/sky130_fd_sc_hd/spice/sky130_ef_sc_hd__decap_12.spice'...
Call to undefined subcircuit sky130_fd_pr__pfet_01v8_hvt
Creating placeholder cell definition.
Call to undefined subcircuit sky130_fd_pr__nfet_01v8
Creating placeholder cell definition.
Reading SPICE netlist file '/Users/jeffdi/Projects/chipignite-ip/cf-sensor-afe/dependencies/pdks/sky130A/libs.ref/sky130_fd_sc_hd/spice/sky130_ef_sc_hd__decap_20_12.spice'...
Reading SPICE netlist file '/Users/jeffdi/Projects/chipignite-ip/cf-sensor-afe/dependencies/pdks/sky130A/libs.ref/sky130_fd_sc_hd/spice/sky130_ef_sc_hd__decap_40_12.spice'...
Reading SPICE netlist file '/Users/jeffdi/Projects/chipignite-ip/cf-sensor-afe/dependencies/pdks/sky130A/libs.ref/sky130_fd_sc_hd/spice/sky130_ef_sc_hd__decap_60_12.spice'...
Reading SPICE netlist file '/Users/jeffdi/Projects/chipignite-ip/cf-sensor-afe/dependencies/pdks/sky130A/libs.ref/sky130_fd_sc_hd/spice/sky130_ef_sc_hd__decap_80_12.spice'...
Reading SPICE netlist file '/Users/jeffdi/Projects/chipignite-ip/cf-sensor-afe/dependencies/pdks/sky130A/libs.ref/sky130_fd_sc_hd/spice/sky130_ef_sc_hd__fill_12.spice'...
Reading SPICE netlist file '/Users/jeffdi/Projects/chipignite-ip/cf-sensor-afe/dependencies/pdks/sky130A/libs.ref/sky130_fd_sc_hd/spice/sky130_ef_sc_hd__fill_2.spice'...
Reading SPICE netlist file '/Users/jeffdi/Projects/chipignite-ip/cf-sensor-afe/dependencies/pdks/sky130A/libs.ref/sky130_fd_sc_hd/spice/sky130_ef_sc_hd__fill_4.spice'...
Reading SPICE netlist file '/Users/jeffdi/Projects/chipignite-ip/cf-sensor-afe/dependencies/pdks/sky130A/libs.ref/sky130_fd_sc_hd/spice/sky130_ef_sc_hd__fill_8.spice'...
Reading SPICE netlist file '/Users/jeffdi/Projects/chipignite-ip/cf-sensor-afe/dependencies/pdks/sky130A/libs.ref/sky130_fd_sc_hd/spice/sky130_fd_sc_hd.spice'...
Call to undefined subcircuit sky130_fd_pr__res_generic_po
Creating placeholder cell definition.
Call to undefined subcircuit sky130_fd_pr__special_nfet_01v8
Creating placeholder cell definition.
Call to undefined subcircuit sky130_fd_pr__diode_pw2nd_05v5
Creating placeholder cell definition.
Call to undefined subcircuit sky130_fd_pr__special_pfet_01v8_hvt
Creating placeholder cell definition.
Call to undefined subcircuit sky130_fd_sc_hd__nand2_2
Creating placeholder cell definition.
Call to undefined subcircuit sky130_fd_sc_hd__nor2_2
Creating placeholder cell definition.
Reading Verilog netlist file '/Users/jeffdi/Projects/chipignite-ip/cf-sensor-afe/openlane/user_project_wrapper/runs/26_09_17_10_59/39-openroad-detailedrouting/user_project_wrapper.pnl.v'...
Warning:  A case-insensitive file has been read and so the	verilog file must be treated case-insensitive to match.
Creating placeholder cell definition for module afe_wb.
Creating placeholder cell definition for module CF_ADC_SAR12.
Creating placeholder cell definition for module CF_ADC_SAR12_sar_refs.
Creating placeholder cell definition for module CF_BGR.
Creating placeholder cell definition for module CF_BUF_HIZ.
Creating placeholder cell definition for module CF_REFBUF.
Treating empty subcircuits as black-box cells
Generating JSON file result

Reading setup file /nix/store/ckjsd6nb5fbsamh11i65v2b6dr9r0a90-python3-3.13.9-env/lib/python3.13/site-packages/librelane/scripts/netgen/setup.tcl

Model sky130_fd_pr__res_generic_po pin 1 == 2
No property value found for device sky130_fd_pr__res_generic_po
No property mult found for device sky130_fd_pr__res_generic_po
Model sky130_fd_pr__nfet_01v8 pin 1 == 3
No property mult found for device sky130_fd_pr__nfet_01v8
No property sa found for device sky130_fd_pr__nfet_01v8
No property sb found for device sky130_fd_pr__nfet_01v8
No property sd found for device sky130_fd_pr__nfet_01v8
No property nf found for device sky130_fd_pr__nfet_01v8
No property nrd found for device sky130_fd_pr__nfet_01v8
No property nrs found for device sky130_fd_pr__nfet_01v8
No property area found for device sky130_fd_pr__nfet_01v8
No property perim found for device sky130_fd_pr__nfet_01v8
No property topography found for device sky130_fd_pr__nfet_01v8
Model sky130_fd_pr__pfet_01v8_hvt pin 1 == 3
No property mult found for device sky130_fd_pr__pfet_01v8_hvt
No property sa found for device sky130_fd_pr__pfet_01v8_hvt
No property sb found for device sky130_fd_pr__pfet_01v8_hvt
No property sd found for device sky130_fd_pr__pfet_01v8_hvt
No property nf found for device sky130_fd_pr__pfet_01v8_hvt
No property nrd found for device sky130_fd_pr__pfet_01v8_hvt
No property nrs found for device sky130_fd_pr__pfet_01v8_hvt
No property area found for device sky130_fd_pr__pfet_01v8_hvt
No property perim found for device sky130_fd_pr__pfet_01v8_hvt
No property topography found for device sky130_fd_pr__pfet_01v8_hvt
Model sky130_fd_pr__special_nfet_01v8 pin 1 == 3
No property as found for device sky130_fd_pr__special_nfet_01v8
No property ad found for device sky130_fd_pr__special_nfet_01v8
No property ps found for device sky130_fd_pr__special_nfet_01v8
No property pd found for device sky130_fd_pr__special_nfet_01v8
No property mult found for device sky130_fd_pr__special_nfet_01v8
No property sa found for device sky130_fd_pr__special_nfet_01v8
No property sb found for device sky130_fd_pr__special_nfet_01v8
No property sd found for device sky130_fd_pr__special_nfet_01v8
No property nf found for device sky130_fd_pr__special_nfet_01v8
No property nrd found for device sky130_fd_pr__special_nfet_01v8
No property nrs found for device sky130_fd_pr__special_nfet_01v8
No property area found for device sky130_fd_pr__special_nfet_01v8
No property perim found for device sky130_fd_pr__special_nfet_01v8
No property topography found for device sky130_fd_pr__special_nfet_01v8
Model sky130_fd_pr__special_pfet_01v8_hvt pin 1 == 3
No property as found for device sky130_fd_pr__special_pfet_01v8_hvt
No property ad found for device sky130_fd_pr__special_pfet_01v8_hvt
No property ps found for device sky130_fd_pr__special_pfet_01v8_hvt
No property pd found for device sky130_fd_pr__special_pfet_01v8_hvt
No property mult found for device sky130_fd_pr__special_pfet_01v8_hvt
No property sa found for device sky130_fd_pr__special_pfet_01v8_hvt
No property sb found for device sky130_fd_pr__special_pfet_01v8_hvt
No property sd found for device sky130_fd_pr__special_pfet_01v8_hvt
No property nf found for device sky130_fd_pr__special_pfet_01v8_hvt
No property nrd found for device sky130_fd_pr__special_pfet_01v8_hvt
No property nrs found for device sky130_fd_pr__special_pfet_01v8_hvt
No property area found for device sky130_fd_pr__special_pfet_01v8_hvt
No property perim found for device sky130_fd_pr__special_pfet_01v8_hvt
No property topography found for device sky130_fd_pr__special_pfet_01v8_hvt
No property value found for device sky130_fd_pr__diode_pw2nd_05v5
No property mult found for device sky130_fd_pr__diode_pw2nd_05v5
Comparison output logged to file /Users/jeffdi/Projects/chipignite-ip/cf-sensor-afe/openlane/user_project_wrapper/runs/26_09_17_10_59/58-netgen-lvs/reports/lvs.netgen.rpt
Logging to file "/Users/jeffdi/Projects/chipignite-ip/cf-sensor-afe/openlane/user_project_wrapper/runs/26_09_17_10_59/58-netgen-lvs/reports/lvs.netgen.rpt" enabled

Contents of circuit 1:  Circuit: 'afe_wb'
Circuit afe_wb contains 0 device instances.
Circuit contains 0 nets, and 300 disconnected pins.
Contents of circuit 2:  Circuit: 'afe_wb'
Circuit afe_wb contains 0 device instances.
Circuit contains 0 nets.

Circuit afe_wb contains no devices.

Contents of circuit 1:  Circuit: 'CF_ADC_SAR12'
Circuit CF_ADC_SAR12 contains 0 device instances.
Circuit contains 0 nets, and 89 disconnected pins.
Contents of circuit 2:  Circuit: 'CF_ADC_SAR12'
Circuit CF_ADC_SAR12 contains 0 device instances.
Circuit contains 0 nets.

Circuit CF_ADC_SAR12 contains no devices.

Contents of circuit 1:  Circuit: 'CF_REFBUF'
Circuit CF_REFBUF contains 0 device instances.
Circuit contains 0 nets, and 14 disconnected pins.
Contents of circuit 2:  Circuit: 'CF_REFBUF'
Circuit CF_REFBUF contains 0 device instances.
Circuit contains 0 nets.

Circuit CF_REFBUF contains no devices.

Contents of circuit 1:  Circuit: 'CF_BUF_HIZ'
Circuit CF_BUF_HIZ contains 0 device instances.
Circuit contains 0 nets, and 30 disconnected pins.
Contents of circuit 2:  Circuit: 'CF_BUF_HIZ'
Circuit CF_BUF_HIZ contains 0 device instances.
Circuit contains 0 nets.

Circuit CF_BUF_HIZ contains no devices.

Contents of circuit 1:  Circuit: 'CF_ADC_SAR12_sar_refs'
Circuit CF_ADC_SAR12_sar_refs contains 0 device instances.
Circuit contains 0 nets, and 46 disconnected pins.
Contents of circuit 2:  Circuit: 'CF_ADC_SAR12_sar_refs'
Circuit CF_ADC_SAR12_sar_refs contains 0 device instances.
Circuit contains 0 nets.

Circuit CF_ADC_SAR12_sar_refs contains no devices.

Contents of circuit 1:  Circuit: 'CF_BGR'
Circuit CF_BGR contains 0 device instances.
Circuit contains 0 nets, and 54 disconnected pins.
Contents of circuit 2:  Circuit: 'CF_BGR'
Circuit CF_BGR contains 0 device instances.
Circuit contains 0 nets.

Circuit CF_BGR contains no devices.

Contents of circuit 1:  Circuit: 'user_project_wrapper'
Circuit user_project_wrapper contains 6 device instances.
  Class: CF_BGR                instances:   1
  Class: afe_wb                instances:   1
  Class: CF_REFBUF             instances:   1
  Class: CF_ADC_SAR12          instances:   1
  Class: CF_BUF_HIZ            instances:   1
  Class: CF_ADC_SAR12_sar_refs instances:   1
Circuit contains 373 nets, and 453 disconnected pins.
Contents of circuit 2:  Circuit: 'user_project_wrapper'
Circuit user_project_wrapper contains 6 device instances.
  Class: CF_BGR                instances:   1
  Class: afe_wb                instances:   1
  Class: CF_REFBUF             instances:   1
  Class: CF_ADC_SAR12          instances:   1
  Class: CF_BUF_HIZ            instances:   1
  Class: CF_ADC_SAR12_sar_refs instances:   1
Circuit contains 334 nets, and 453 disconnected pins.

Circuit 1 contains 6 devices, Circuit 2 contains 6 devices.
Circuit 1 contains 334 nets,    Circuit 2 contains 334 nets.


Final result: 
Circuits match uniquely.
.
Logging to file "/Users/jeffdi/Projects/chipignite-ip/cf-sensor-afe/openlane/user_project_wrapper/runs/26_09_17_10_59/58-netgen-lvs/reports/lvs.netgen.rpt" disabled
LVS Done.
