
===========================================================================
report_checks -unconstrained
===========================================================================
======================= max_tt_025C_1v80 Corner ===================================

Startpoint: wb_rst_i (input port clocked by clk)
Endpoint: _1668_ (rising edge-triggered flip-flop clocked by clk)
Path Group: clk
Path Type: max

Fanout         Cap        Slew       Delay        Time   Description
---------------------------------------------------------------------------------------------
                                  0.000000    0.000000   clock clk (rise edge)
                                  5.570000    5.570000   clock network delay (propagated)
                                 12.500000   18.070000 v input external delay
     1    0.003361    0.000000    0.000000   18.070000 v wb_rst_i (in)
                                                         wb_rst_i (net)
                      0.000175    0.000092   18.070091 v input14/A (sky130_fd_sc_hd__clkdlybuf4s25_1)
     1    0.005307    0.056022    0.250328   18.320419 v input14/X (sky130_fd_sc_hd__clkdlybuf4s25_1)
                                                         net14 (net)
                      0.056024    0.000407   18.320826 v _0737_/A (sky130_fd_sc_hd__inv_2)
     4    0.070537    0.322091    0.258835   18.579660 ^ _0737_/Y (sky130_fd_sc_hd__inv_2)
                                                         _0478_ (net)
                      0.323314    0.017142   18.596804 ^ fanout492/A (sky130_fd_sc_hd__clkdlybuf4s25_1)
     4    0.038341    0.386060    0.584938   19.181742 ^ fanout492/X (sky130_fd_sc_hd__clkdlybuf4s25_1)
                                                         net492 (net)
                      0.386087    0.003713   19.185453 ^ fanout491/A (sky130_fd_sc_hd__clkdlybuf4s25_1)
     9    0.069301    0.689849    0.810706   19.996161 ^ fanout491/X (sky130_fd_sc_hd__clkdlybuf4s25_1)
                                                         net491 (net)
                      0.690180    0.013264   20.009424 ^ fanout486/A (sky130_fd_sc_hd__clkdlybuf4s25_1)
    13    0.063091    0.628167    0.811573   20.820997 ^ fanout486/X (sky130_fd_sc_hd__clkdlybuf4s25_1)
                                                         net486 (net)
                      0.628478    0.007967   20.828964 ^ _1281_/C1 (sky130_fd_sc_hd__o211a_2)
     1    0.002016    0.046768    0.300473   21.129436 ^ _1281_/X (sky130_fd_sc_hd__o211a_2)
                                                         _0194_ (net)
                      0.046768    0.000151   21.129587 ^ hold585/A (sky130_fd_sc_hd__dlygate4sd3_1)
     1    0.002486    0.050220    0.559044   21.688631 ^ hold585/X (sky130_fd_sc_hd__dlygate4sd3_1)
                                                         net585 (net)
                      0.050220    0.000174   21.688807 ^ _1668_/D (sky130_fd_sc_hd__dfxtp_2)
                                             21.688807   data arrival time

                                 25.000000   25.000000   clock clk (rise edge)
                                  4.650000   29.650000   clock source latency
     1    0.061747    0.610000    0.000000   29.650000 ^ wb_clk_i (in)
                                                         wb_clk_i (net)
                      0.636142    0.012419   29.662416 ^ clkbuf_0_wb_clk_i/A (sky130_fd_sc_hd__clkbuf_16)
     4    0.079129    0.104924    0.295742   29.958160 ^ clkbuf_0_wb_clk_i/X (sky130_fd_sc_hd__clkbuf_16)
                                                         clknet_0_wb_clk_i (net)
                      0.105420    0.005805   29.963964 ^ clkbuf_2_3__f_wb_clk_i/A (sky130_fd_sc_hd__clkbuf_16)
    10    0.115534    0.129802    0.203237   30.167202 ^ clkbuf_2_3__f_wb_clk_i/X (sky130_fd_sc_hd__clkbuf_16)
                                                         clknet_2_3__leaf_wb_clk_i (net)
                      0.131171    0.010047   30.177248 ^ clkbuf_leaf_16_wb_clk_i/A (sky130_fd_sc_hd__clkbuf_8)
     9    0.036700    0.077103    0.174008   30.351257 ^ clkbuf_leaf_16_wb_clk_i/X (sky130_fd_sc_hd__clkbuf_8)
                                                         clknet_leaf_16_wb_clk_i (net)
                      0.077178    0.002039   30.353296 ^ _1668_/CLK (sky130_fd_sc_hd__dfxtp_2)
                                 -0.250000   30.103294   clock uncertainty
                                  0.000000   30.103294   clock reconvergence pessimism
                                 -0.055325   30.047968   library setup time
                                             30.047968   data required time
---------------------------------------------------------------------------------------------
                                             30.047968   data required time
                                            -21.688807   data arrival time
---------------------------------------------------------------------------------------------
                                              8.359162   slack (MET)




===========================================================================
report_checks --slack_max -0.01
============================================================================
======================= max_tt_025C_1v80 Corner ===================================

No paths found.


===========================================================================
 report_check_types -max_slew -max_cap -max_fanout -violators
============================================================================
======================= max_tt_025C_1v80 Corner ===================================

max slew

Pin                                        Limit        Slew       Slack
------------------------------------------------------------------------
_1296_/B                                1.000000    1.302898   -0.302898 (VIOLATED)
_1298_/B                                1.000000    1.302840   -0.302840 (VIOLATED)
_1292_/B                                1.000000    1.302770   -0.302770 (VIOLATED)
_1302_/B                                1.000000    1.302626   -0.302626 (VIOLATED)
_1290_/B                                1.000000    1.302456   -0.302456 (VIOLATED)
_1282_/B                                1.000000    1.302102   -0.302102 (VIOLATED)
_1286_/B                                1.000000    1.301888   -0.301888 (VIOLATED)
_1278_/B                                1.000000    1.301375   -0.301375 (VIOLATED)
_1280_/B                                1.000000    1.300675   -0.300675 (VIOLATED)
_1288_/B                                1.000000    1.300067   -0.300067 (VIOLATED)
_1338_/B                                1.000000    1.299959   -0.299959 (VIOLATED)
_1284_/B                                1.000000    1.299756   -0.299756 (VIOLATED)
_1336_/B                                1.000000    1.299207   -0.299207 (VIOLATED)
_1334_/B                                1.000000    1.299058   -0.299058 (VIOLATED)
_1320_/B                                1.000000    1.298861   -0.298861 (VIOLATED)
_1332_/B                                1.000000    1.298819   -0.298819 (VIOLATED)
fanout223/X                             1.000000    1.298809   -0.298809 (VIOLATED)
_1384_/B                                1.000000    1.275807   -0.275807 (VIOLATED)
_1360_/B                                1.000000    1.275739   -0.275739 (VIOLATED)
_1366_/B                                1.000000    1.275737   -0.275737 (VIOLATED)
_1378_/B                                1.000000    1.275655   -0.275655 (VIOLATED)
_1370_/B                                1.000000    1.275577   -0.275577 (VIOLATED)
_1372_/B                                1.000000    1.275452   -0.275452 (VIOLATED)
_1374_/B                                1.000000    1.275319   -0.275319 (VIOLATED)
_1380_/B                                1.000000    1.275280   -0.275280 (VIOLATED)
fanout216/A                             1.000000    1.275232   -0.275232 (VIOLATED)
_1396_/B                                1.000000    1.275209   -0.275209 (VIOLATED)
_1376_/B                                1.000000    1.275178   -0.275178 (VIOLATED)
_1394_/B                                1.000000    1.275177   -0.275177 (VIOLATED)
ANTENNA_7/DIODE                         1.000000    1.275162   -0.275162 (VIOLATED)
_1382_/B                                1.000000    1.275144   -0.275144 (VIOLATED)
_1392_/B                                1.000000    1.275105   -0.275105 (VIOLATED)
_1390_/B                                1.000000    1.275014   -0.275014 (VIOLATED)
_1388_/B                                1.000000    1.275011   -0.275011 (VIOLATED)
fanout217/X                             1.000000    1.274948   -0.274948 (VIOLATED)
_1054_/B                                1.000000    1.229758   -0.229758 (VIOLATED)
_1056_/B                                1.000000    1.229757   -0.229757 (VIOLATED)
_1052_/B                                1.000000    1.229732   -0.229732 (VIOLATED)
_1042_/B                                1.000000    1.229709   -0.229709 (VIOLATED)
_1044_/B                                1.000000    1.229697   -0.229697 (VIOLATED)
_1046_/B                                1.000000    1.229623   -0.229623 (VIOLATED)
_1058_/B                                1.000000    1.229511   -0.229511 (VIOLATED)
_1076_/B                                1.000000    1.229482   -0.229482 (VIOLATED)
_1070_/B                                1.000000    1.229481   -0.229481 (VIOLATED)
_1074_/B                                1.000000    1.229476   -0.229476 (VIOLATED)
_1072_/B                                1.000000    1.229471   -0.229471 (VIOLATED)
_1068_/B                                1.000000    1.229413   -0.229413 (VIOLATED)
_1066_/B                                1.000000    1.229373   -0.229373 (VIOLATED)
_1064_/B                                1.000000    1.229321   -0.229321 (VIOLATED)
_1062_/B                                1.000000    1.229320   -0.229320 (VIOLATED)
_1060_/B                                1.000000    1.229037   -0.229037 (VIOLATED)
fanout251/X                             1.000000    1.229037   -0.229037 (VIOLATED)
_1410_/B                                1.000000    1.198581   -0.198581 (VIOLATED)
_1466_/B                                1.000000    1.198567   -0.198567 (VIOLATED)
_1416_/B                                1.000000    1.198565   -0.198564 (VIOLATED)
_1414_/B                                1.000000    1.198526   -0.198526 (VIOLATED)
_1418_/B                                1.000000    1.198507   -0.198507 (VIOLATED)
_1420_/B                                1.000000    1.198494   -0.198494 (VIOLATED)
_1412_/B                                1.000000    1.198408   -0.198408 (VIOLATED)
_1438_/B                                1.000000    1.198327   -0.198327 (VIOLATED)
_1430_/B                                1.000000    1.198220   -0.198220 (VIOLATED)
_1428_/B                                1.000000    1.198012   -0.198012 (VIOLATED)
_1422_/B                                1.000000    1.197893   -0.197893 (VIOLATED)
_1424_/B                                1.000000    1.197864   -0.197864 (VIOLATED)
_1434_/B                                1.000000    1.197794   -0.197794 (VIOLATED)
_1452_/B                                1.000000    1.197547   -0.197547 (VIOLATED)
_1464_/B                                1.000000    1.197169   -0.197169 (VIOLATED)
_1462_/B                                1.000000    1.197076   -0.197076 (VIOLATED)
fanout208/X                             1.000000    1.197040   -0.197040 (VIOLATED)
_1176_/B                                1.000000    1.171444   -0.171444 (VIOLATED)
_1178_/B                                1.000000    1.171431   -0.171431 (VIOLATED)
_1192_/B                                1.000000    1.171409   -0.171409 (VIOLATED)
_1208_/B                                1.000000    1.171398   -0.171398 (VIOLATED)
_1174_/B                                1.000000    1.171397   -0.171397 (VIOLATED)
_1206_/B                                1.000000    1.171386   -0.171386 (VIOLATED)
_1190_/B                                1.000000    1.171380   -0.171380 (VIOLATED)
_1204_/B                                1.000000    1.171352   -0.171352 (VIOLATED)
_1182_/B                                1.000000    1.171334   -0.171334 (VIOLATED)
_1202_/B                                1.000000    1.171331   -0.171331 (VIOLATED)
_1184_/B                                1.000000    1.171306   -0.171306 (VIOLATED)
_1200_/B                                1.000000    1.171180   -0.171180 (VIOLATED)
_1188_/B                                1.000000    1.171141   -0.171141 (VIOLATED)
_1198_/B                                1.000000    1.170778   -0.170778 (VIOLATED)
_1196_/B                                1.000000    1.170611   -0.170611 (VIOLATED)
_1194_/B                                1.000000    1.170552   -0.170552 (VIOLATED)
fanout237/X                             1.000000    1.170522   -0.170522 (VIOLATED)
_1014_/B                                1.000000    1.159668   -0.159668 (VIOLATED)
_1018_/B                                1.000000    1.159664   -0.159664 (VIOLATED)
_1020_/B                                1.000000    1.159659   -0.159659 (VIOLATED)
_1016_/B                                1.000000    1.159643   -0.159643 (VIOLATED)
_1024_/B                                1.000000    1.159574   -0.159574 (VIOLATED)
_1026_/B                                1.000000    1.159512   -0.159512 (VIOLATED)
_1022_/B                                1.000000    1.159390   -0.159390 (VIOLATED)
_1032_/B                                1.000000    1.159232   -0.159232 (VIOLATED)
_1034_/B                                1.000000    1.158855   -0.158855 (VIOLATED)
_1050_/B                                1.000000    1.158551   -0.158551 (VIOLATED)
_1038_/B                                1.000000    1.158535   -0.158535 (VIOLATED)
_1028_/B                                1.000000    1.158293   -0.158294 (VIOLATED)
_1030_/B                                1.000000    1.157842   -0.157842 (VIOLATED)
_1036_/B                                1.000000    1.157740   -0.157740 (VIOLATED)
_1048_/B                                1.000000    1.157677   -0.157677 (VIOLATED)
_1040_/B                                1.000000    1.157585   -0.157585 (VIOLATED)
fanout250/X                             1.000000    1.157585   -0.157585 (VIOLATED)
_1154_/B                                1.000000    1.134746   -0.134746 (VIOLATED)
_1146_/B                                1.000000    1.134744   -0.134744 (VIOLATED)
_1156_/B                                1.000000    1.134742   -0.134742 (VIOLATED)
_1152_/B                                1.000000    1.134732   -0.134732 (VIOLATED)
_1150_/B                                1.000000    1.134637   -0.134637 (VIOLATED)
_1148_/B                                1.000000    1.134534   -0.134534 (VIOLATED)
_1164_/B                                1.000000    1.134365   -0.134365 (VIOLATED)
_1158_/B                                1.000000    1.134146   -0.134146 (VIOLATED)
_1166_/B                                1.000000    1.134046   -0.134046 (VIOLATED)
_1170_/B                                1.000000    1.133763   -0.133763 (VIOLATED)
_1160_/B                                1.000000    1.133213   -0.133213 (VIOLATED)
_1186_/B                                1.000000    1.133077   -0.133077 (VIOLATED)
_1168_/B                                1.000000    1.132765   -0.132765 (VIOLATED)
_1162_/B                                1.000000    1.132488   -0.132488 (VIOLATED)
_1172_/B                                1.000000    1.132330   -0.132330 (VIOLATED)
_1180_/B                                1.000000    1.132202   -0.132202 (VIOLATED)
fanout236/X                             1.000000    1.132172   -0.132172 (VIOLATED)
_1350_/B                                1.000000    1.087597   -0.087596 (VIOLATED)
_1344_/B                                1.000000    1.087596   -0.087596 (VIOLATED)
_1348_/B                                1.000000    1.087592   -0.087592 (VIOLATED)
_1352_/B                                1.000000    1.087577   -0.087577 (VIOLATED)
_1356_/B                                1.000000    1.087512   -0.087512 (VIOLATED)
_1364_/B                                1.000000    1.087404   -0.087404 (VIOLATED)
_1358_/B                                1.000000    1.087387   -0.087387 (VIOLATED)
_1368_/B                                1.000000    1.087381   -0.087381 (VIOLATED)
_1362_/B                                1.000000    1.087341   -0.087341 (VIOLATED)
_1346_/B                                1.000000    1.087064   -0.087064 (VIOLATED)
_1354_/B                                1.000000    1.087058   -0.087058 (VIOLATED)
_1386_/B                                1.000000    1.086832   -0.086832 (VIOLATED)
_1400_/B                                1.000000    1.086672   -0.086672 (VIOLATED)
_1404_/B                                1.000000    1.086505   -0.086505 (VIOLATED)
_1402_/B                                1.000000    1.086467   -0.086467 (VIOLATED)
_1398_/B                                1.000000    1.086424   -0.086424 (VIOLATED)
fanout216/X                             1.000000    1.086424   -0.086424 (VIOLATED)
_1226_/B                                1.000000    1.006778   -0.006778 (VIOLATED)
_1238_/B                                1.000000    1.006754   -0.006754 (VIOLATED)
_1234_/B                                1.000000    1.006712   -0.006712 (VIOLATED)
_1228_/B                                1.000000    1.006704   -0.006704 (VIOLATED)
_1252_/B                                1.000000    1.006676   -0.006676 (VIOLATED)
_1250_/B                                1.000000    1.006675   -0.006675 (VIOLATED)
_1248_/B                                1.000000    1.006666   -0.006666 (VIOLATED)
_1246_/B                                1.000000    1.006657   -0.006657 (VIOLATED)
_1244_/B                                1.000000    1.006632   -0.006632 (VIOLATED)
_1242_/B                                1.000000    1.006541   -0.006541 (VIOLATED)
_1258_/B                                1.000000    1.006409   -0.006409 (VIOLATED)
_1256_/B                                1.000000    1.006335   -0.006335 (VIOLATED)
_1264_/B                                1.000000    1.006295   -0.006295 (VIOLATED)
fanout230/A                             1.000000    1.006294   -0.006294 (VIOLATED)
_1262_/B                                1.000000    1.006271   -0.006271 (VIOLATED)
_1260_/B                                1.000000    1.006239   -0.006239 (VIOLATED)
fanout231/X                             1.000000    1.006206   -0.006206 (VIOLATED)

max fanout

Pin                                   Limit Fanout  Slack
---------------------------------------------------------
fanout217/X                              16     17        (VIOLATED)



===========================================================================
report_parasitic_annotation -report_unannotated
============================================================================
Found 125 unannotated drivers.
 wbs_adr_i[0]
 wbs_adr_i[10]
 wbs_adr_i[11]
 wbs_adr_i[12]
 wbs_adr_i[13]
 wbs_adr_i[14]
 wbs_adr_i[15]
 wbs_adr_i[16]
 wbs_adr_i[17]
 wbs_adr_i[18]
 wbs_adr_i[19]
 wbs_adr_i[1]
 wbs_adr_i[20]
 wbs_adr_i[21]
 wbs_adr_i[22]
 wbs_adr_i[23]
 wbs_adr_i[24]
 wbs_adr_i[25]
 wbs_adr_i[26]
 wbs_adr_i[27]
 wbs_adr_i[28]
 wbs_adr_i[29]
 wbs_adr_i[30]
 wbs_adr_i[31]
 wbs_adr_i[6]
 wbs_adr_i[7]
 wbs_adr_i[8]
 wbs_adr_i[9]
 wbs_sel_i[0]
 wbs_sel_i[1]
 wbs_sel_i[2]
 wbs_sel_i[3]
 afe_wb/HI
 afe_wb_502/HI
 afe_wb_503/HI
 afe_wb_504/HI
 afe_wb_505/HI
 afe_wb_506/HI
 afe_wb_507/HI
 afe_wb_508/HI
 afe_wb_509/HI
 afe_wb_510/HI
 afe_wb_511/HI
 afe_wb_512/HI
 afe_wb_513/HI
 afe_wb_514/HI
 afe_wb_515/HI
 afe_wb_516/HI
 afe_wb_517/HI
 afe_wb_518/HI
 afe_wb_519/HI
 afe_wb_520/HI
 afe_wb_521/HI
 afe_wb_522/HI
 afe_wb_523/HI
 afe_wb_524/HI
 afe_wb_525/HI
 afe_wb_526/HI
 afe_wb_527/HI
 afe_wb_528/HI
 afe_wb_529/HI
 afe_wb_530/HI
 afe_wb_531/HI
 afe_wb_532/HI
 afe_wb_533/HI
 afe_wb_534/HI
 afe_wb_535/HI
 afe_wb_536/LO
 afe_wb_537/LO
 afe_wb_538/LO
 afe_wb_539/LO
 afe_wb_540/LO
 afe_wb_541/LO
 afe_wb_542/LO
 afe_wb_543/LO
 afe_wb_544/LO
 afe_wb_545/LO
 afe_wb_546/LO
 afe_wb_547/LO
 afe_wb_548/LO
 afe_wb_549/LO
 afe_wb_550/LO
 afe_wb_551/LO
 afe_wb_552/LO
 afe_wb_553/LO
 afe_wb_554/LO
 afe_wb_555/LO
 afe_wb_556/LO
 afe_wb_557/LO
 afe_wb_558/LO
 afe_wb_559/LO
 afe_wb_560/LO
 afe_wb_561/LO
 afe_wb_562/LO
 afe_wb_563/LO
 clkload0/Y
 clkload1/X
 clkload10/X
 clkload11/X
 clkload12/X
 clkload13/Y
 clkload14/X
 clkload15/Y
 clkload16/X
 clkload17/X
 clkload18/X
 clkload19/X
 clkload2/X
 clkload20/X
 clkload21/X
 clkload22/X
 clkload23/X
 clkload24/X
 clkload25/X
 clkload26/Y
 clkload27/X
 clkload28/X
 clkload29/X
 clkload3/X
 clkload4/X
 clkload5/X
 clkload6/X
 clkload7/X
 clkload8/X
 clkload9/X
Found 0 partially unannotated drivers.

===========================================================================
max slew violation count 154
max fanout violation count 1
max cap violation count 0
============================================================================

===========================================================================
check_setup -verbose -unconstrained_endpoints -multiple_clock -no_clock -no_input_delay -loops -generated_clocks
===========================================================================
Warning: There are 13 input ports missing set_input_delay.
  adc_data[0]
  adc_data[10]
  adc_data[11]
  adc_data[1]
  adc_data[2]
  adc_data[3]
  adc_data[4]
  adc_data[5]
  adc_data[6]
  adc_data[7]
  adc_data[8]
  adc_data[9]
  adc_eof
Warning: There are 116 unconstrained endpoints.
  analog_ctrl[0]
  analog_ctrl[104]
  analog_ctrl[105]
  analog_ctrl[106]
  analog_ctrl[107]
  analog_ctrl[108]
  analog_ctrl[109]
  analog_ctrl[10]
  analog_ctrl[110]
  analog_ctrl[111]
  analog_ctrl[112]
  analog_ctrl[113]
  analog_ctrl[114]
  analog_ctrl[115]
  analog_ctrl[116]
  analog_ctrl[117]
  analog_ctrl[118]
  analog_ctrl[119]
  analog_ctrl[11]
  analog_ctrl[120]
  analog_ctrl[121]
  analog_ctrl[122]
  analog_ctrl[12]
  analog_ctrl[13]
  analog_ctrl[14]
  analog_ctrl[15]
  analog_ctrl[16]
  analog_ctrl[17]
  analog_ctrl[18]
  analog_ctrl[19]
  analog_ctrl[1]
  analog_ctrl[20]
  analog_ctrl[21]
  analog_ctrl[22]
  analog_ctrl[23]
  analog_ctrl[24]
  analog_ctrl[25]
  analog_ctrl[26]
  analog_ctrl[27]
  analog_ctrl[28]
  analog_ctrl[29]
  analog_ctrl[2]
  analog_ctrl[30]
  analog_ctrl[31]
  analog_ctrl[32]
  analog_ctrl[33]
  analog_ctrl[34]
  analog_ctrl[35]
  analog_ctrl[36]
  analog_ctrl[37]
  analog_ctrl[38]
  analog_ctrl[39]
  analog_ctrl[3]
  analog_ctrl[40]
  analog_ctrl[41]
  analog_ctrl[42]
  analog_ctrl[43]
  analog_ctrl[44]
  analog_ctrl[45]
  analog_ctrl[46]
  analog_ctrl[47]
  analog_ctrl[48]
  analog_ctrl[49]
  analog_ctrl[4]
  analog_ctrl[50]
  analog_ctrl[51]
  analog_ctrl[52]
  analog_ctrl[53]
  analog_ctrl[54]
  analog_ctrl[55]
  analog_ctrl[56]
  analog_ctrl[57]
  analog_ctrl[58]
  analog_ctrl[59]
  analog_ctrl[5]
  analog_ctrl[60]
  analog_ctrl[61]
  analog_ctrl[62]
  analog_ctrl[63]
  analog_ctrl[64]
  analog_ctrl[65]
  analog_ctrl[66]
  analog_ctrl[67]
  analog_ctrl[68]
  analog_ctrl[69]
  analog_ctrl[6]
  analog_ctrl[70]
  analog_ctrl[71]
  analog_ctrl[72]
  analog_ctrl[73]
  analog_ctrl[74]
  analog_ctrl[75]
  analog_ctrl[76]
  analog_ctrl[77]
  analog_ctrl[78]
  analog_ctrl[79]
  analog_ctrl[80]
  analog_ctrl[81]
  analog_ctrl[82]
  analog_ctrl[83]
  analog_ctrl[84]
  analog_ctrl[85]
  analog_ctrl[86]
  analog_ctrl[87]
  analog_ctrl[88]
  analog_ctrl[89]
  analog_ctrl[8]
  analog_ctrl[90]
  analog_ctrl[91]
  analog_ctrl[92]
  analog_ctrl[93]
  analog_ctrl[94]
  analog_ctrl[95]
  analog_ctrl[96]
  analog_ctrl[97]
  analog_ctrl[9]
