Clock: clk
Sources: wb_clk_i 
Generated: no
Virtual: yes
Propagated: no
Period: 25.000000

===========================================================================
report_clock_properties
============================================================================
Clock                   Period          Waveform
----------------------------------------------------
clk                  25.000000    0.000000 12.500000

===========================================================================
report_clock_latency
============================================================================
Clock clk
rise -> rise
    min     max
4.650000 5.570000 source latency
5.305927         network latency _1685_/CLK
        6.363606 network latency _1474_/CLK
---------------
9.955928 11.933606 latency
        1.977679 skew

fall -> fall
    min     max
4.650000 5.570000 source latency
5.406941         network latency _1685_/CLK
        6.458917 network latency _1474_/CLK
---------------
10.056940 12.028917 latency
        1.971976 skew



===========================================================================
report_clock_min_period
============================================================================
clk period_min = 5.16 fmax = 193.65
