
===========================================================================
 report_power
============================================================================
======================= nom_ff_n40C_1v95 Corner ===================================

Group                    Internal    Switching      Leakage        Total
                            Power        Power        Power        Power (Watts)
------------------------------------------------------------------------
Sequential           5.409756e-04 1.231836e-05 4.494203e-09 5.532985e-04  41.3%
Combinational        5.005285e-05 1.310098e-04 2.479579e-08 1.810874e-04  13.5%
Clock                3.088686e-04 2.951971e-04 3.694538e-09 6.040694e-04  45.1%
Macro                0.000000e+00 0.000000e+00 0.000000e+00 0.000000e+00   0.0%
Pad                  0.000000e+00 0.000000e+00 0.000000e+00 0.000000e+00   0.0%
------------------------------------------------------------------------
Total                8.998973e-04 4.385252e-04 3.298445e-08 1.338455e-03 100.0%
                            67.2%        32.8%         0.0%

