
===========================================================================
 report_power
============================================================================
======================= nom_ff_n40C_1v95 Corner ===================================

Group                    Internal    Switching      Leakage        Total
                            Power        Power        Power        Power (Watts)
------------------------------------------------------------------------
Sequential           5.416899e-04 1.104716e-05 5.935347e-09 5.527430e-04  43.3%
Combinational        6.087991e-05 1.354593e-04 3.366100e-08 1.963729e-04  15.4%
Clock                2.626133e-04 2.641137e-04 3.170811e-09 5.267301e-04  41.3%
Macro                0.000000e+00 0.000000e+00 0.000000e+00 0.000000e+00   0.0%
Pad                  0.000000e+00 0.000000e+00 0.000000e+00 0.000000e+00   0.0%
------------------------------------------------------------------------
Total                8.651830e-04 4.106204e-04 4.276730e-08 1.275846e-03 100.0%
                            67.8%        32.2%         0.0%

