
===========================================================================
 report_power
============================================================================
======================= nom_ff_n40C_1v95 Corner ===================================

Group                    Internal    Switching      Leakage        Total
                            Power        Power        Power        Power (Watts)
------------------------------------------------------------------------
Sequential           5.408353e-04 1.208387e-05 4.494328e-09 5.529236e-04  41.5%
Combinational        4.867734e-05 1.264455e-04 2.479451e-08 1.751477e-04  13.1%
Clock                3.088686e-04 2.951971e-04 3.694537e-09 6.040693e-04  45.3%
Macro                0.000000e+00 0.000000e+00 0.000000e+00 0.000000e+00   0.0%
Pad                  0.000000e+00 0.000000e+00 0.000000e+00 0.000000e+00   0.0%
------------------------------------------------------------------------
Total                8.983811e-04 4.337265e-04 3.298323e-08 1.332141e-03 100.0%
                            67.4%        32.6%         0.0%

