BEGIN: Wed Sep 16 21:40:02 2026
Netgen 1.5.272 compiled on Wed Apr 22 16:24:02 UTC 2026
Warning: netgen command 'format' use fully-qualified name '::netgen::format'
Warning: netgen command 'global' use fully-qualified name '::netgen::global'
Reading layout /tmp/tmpvjn2kage/repo/precheck_results/16_SEP_2026___21_38_25/tmp/ext/user_project_wrapper.gds.spice...
Call to undefined subcircuit sky130_fd_pr__pfet_01v8_hvt
Creating placeholder cell definition.
Call to undefined subcircuit sky130_fd_pr__nfet_01v8
Creating placeholder cell definition.
Call to undefined subcircuit sky130_fd_pr__special_nfet_01v8
Creating placeholder cell definition.
Call to undefined subcircuit sky130_fd_pr__diode_pw2nd_05v5
Creating placeholder cell definition.
Call to undefined subcircuit sky130_fd_pr__res_generic_po
Creating placeholder cell definition.
Reading source /opt/pdks/sky130A/libs.ref/sky130_fd_sc_hd/spice/sky130_ef_sc_hd__decap_12.spice...
Call to undefined subcircuit sky130_fd_pr__pfet_01v8_hvt
Creating placeholder cell definition.
Call to undefined subcircuit sky130_fd_pr__nfet_01v8
Creating placeholder cell definition.
Reading source /opt/pdks/sky130A/libs.ref/sky130_fd_sc_hd/spice/sky130_ef_sc_hd__decap_20_12.spice...
Reading source /opt/pdks/sky130A/libs.ref/sky130_fd_sc_hd/spice/sky130_ef_sc_hd__decap_40_12.spice...
Reading source /opt/pdks/sky130A/libs.ref/sky130_fd_sc_hd/spice/sky130_ef_sc_hd__decap_60_12.spice...
Reading source /opt/pdks/sky130A/libs.ref/sky130_fd_sc_hd/spice/sky130_ef_sc_hd__decap_80_12.spice...
Reading source /opt/pdks/sky130A/libs.ref/sky130_fd_sc_hd/spice/sky130_fd_sc_hd.spice...
Call to undefined subcircuit sky130_fd_pr__res_generic_po
Creating placeholder cell definition.
Call to undefined subcircuit sky130_fd_pr__special_nfet_01v8
Creating placeholder cell definition.
Call to undefined subcircuit sky130_fd_pr__diode_pw2nd_05v5
Creating placeholder cell definition.
Call to undefined subcircuit sky130_fd_pr__special_pfet_01v8_hvt
Creating placeholder cell definition.
Call to undefined subcircuit sky130_fd_sc_hd__nand2_2
Creating placeholder cell definition.
Call to undefined subcircuit sky130_fd_sc_hd__nor2_2
Creating placeholder cell definition.
Reading source /tmp/tmpvjn2kage/repo/verilog/gl/afe_wb.v...
Warning:  A case-insensitive file has been read and so the	verilog file must be treated case-insensitive to match.
Note:  Implicit pin HI in instance afe_wb_281 of sky130_fd_sc_hd__conb_1 in cell afe_wb
Note:  Implicit pin HI in instance afe_wb_282 of sky130_fd_sc_hd__conb_1 in cell afe_wb
Note:  Implicit pin HI in instance afe_wb_283 of sky130_fd_sc_hd__conb_1 in cell afe_wb
Note:  Implicit pin HI in instance afe_wb_284 of sky130_fd_sc_hd__conb_1 in cell afe_wb
Note:  Implicit pin HI in instance afe_wb_285 of sky130_fd_sc_hd__conb_1 in cell afe_wb
Note:  Implicit pin HI in instance afe_wb_286 of sky130_fd_sc_hd__conb_1 in cell afe_wb
Note:  Implicit pin HI in instance afe_wb_280 of sky130_fd_sc_hd__conb_1 in cell afe_wb
Note:  Implicit pin Y in instance clkload0 of sky130_fd_sc_hd__inv_8 in cell afe_wb
Note:  Implicit pin Y in instance clkload1 of sky130_fd_sc_hd__clkinvlp_4 in cell afe_wb
Note:  Implicit pin X in instance clkload2 of sky130_fd_sc_hd__clkbuf_4 in cell afe_wb
Note:  Implicit pin Y in instance clkload3 of sky130_fd_sc_hd__clkinv_2 in cell afe_wb
Note:  Implicit pin Y in instance clkload4 of sky130_fd_sc_hd__clkinv_4 in cell afe_wb
Note:  Implicit pin Y in instance clkload5 of sky130_fd_sc_hd__clkinv_4 in cell afe_wb
Note:  Implicit pin X in instance clkload6 of sky130_fd_sc_hd__clkbuf_8 in cell afe_wb
Note:  Implicit pin Y in instance clkload7 of sky130_fd_sc_hd__clkinv_2 in cell afe_wb
Note:  Implicit pin Y in instance clkload8 of sky130_fd_sc_hd__clkinv_2 in cell afe_wb
Note:  Implicit pin X in instance clkload9 of sky130_fd_sc_hd__clkbuf_4 in cell afe_wb
Note:  Implicit pin Y in instance clkload10 of sky130_fd_sc_hd__bufinv_16 in cell afe_wb
Note:  Implicit pin Y in instance clkload11 of sky130_fd_sc_hd__bufinv_16 in cell afe_wb
Note:  Implicit pin Y in instance clkload12 of sky130_fd_sc_hd__clkinv_2 in cell afe_wb
Note:  Implicit pin Y in instance clkload13 of sky130_fd_sc_hd__inv_4 in cell afe_wb
Note:  Implicit pin X in instance clkload14 of sky130_fd_sc_hd__clkbuf_4 in cell afe_wb
Note:  Implicit pin Y in instance clkload15 of sky130_fd_sc_hd__inv_6 in cell afe_wb
Note:  Implicit pin Y in instance clkload16 of sky130_fd_sc_hd__inv_4 in cell afe_wb
Note:  Implicit pin Y in instance clkload17 of sky130_fd_sc_hd__inv_6 in cell afe_wb
Note:  Implicit pin Y in instance clkload18 of sky130_fd_sc_hd__clkinvlp_4 in cell afe_wb
Note:  Implicit pin X in instance clkload19 of sky130_fd_sc_hd__clkbuf_8 in cell afe_wb
Note:  Implicit pin X in instance clkload20 of sky130_fd_sc_hd__clkbuf_4 in cell afe_wb
Note:  Implicit pin Y in instance clkload21 of sky130_fd_sc_hd__clkinv_2 in cell afe_wb
Note:  Implicit pin Y in instance clkload22 of sky130_fd_sc_hd__clkinvlp_4 in cell afe_wb
Note:  Implicit pin Y in instance clkload23 of sky130_fd_sc_hd__clkinv_4 in cell afe_wb
Note:  Implicit pin Y in instance clkload24 of sky130_fd_sc_hd__clkinv_4 in cell afe_wb
Note:  Implicit pin Y in instance clkload25 of sky130_fd_sc_hd__bufinv_16 in cell afe_wb
Note:  Implicit pin X in instance clkload26 of sky130_fd_sc_hd__clkbuf_8 in cell afe_wb
Note:  Implicit pin Y in instance clkload27 of sky130_fd_sc_hd__clkinv_2 in cell afe_wb
Note:  Implicit pin Y in instance clkload28 of sky130_fd_sc_hd__clkinv_4 in cell afe_wb
Note:  Implicit pin X in instance clkload29 of sky130_fd_sc_hd__clkbuf_8 in cell afe_wb
Note:  Implicit pin Y in instance clkload30 of sky130_fd_sc_hd__clkinvlp_4 in cell afe_wb
Note:  Implicit pin Y in instance clkload31 of sky130_fd_sc_hd__clkinv_2 in cell afe_wb
Note:  Implicit pin Y in instance clkload32 of sky130_fd_sc_hd__clkinv_4 in cell afe_wb
Note:  Implicit pin Y in instance clkload33 of sky130_fd_sc_hd__clkinv_4 in cell afe_wb
Note:  Implicit pin X in instance clkload34 of sky130_fd_sc_hd__clkbuf_4 in cell afe_wb
Note:  Implicit pin Y in instance clkload35 of sky130_fd_sc_hd__clkinv_2 in cell afe_wb
Note:  Implicit pin Y in instance clkload36 of sky130_fd_sc_hd__clkinv_2 in cell afe_wb
Note:  Implicit pin X in instance clkload37 of sky130_fd_sc_hd__clkbuf_4 in cell afe_wb
Note:  Implicit pin Y in instance clkload38 of sky130_fd_sc_hd__inv_4 in cell afe_wb
Note:  Implicit pin Y in instance clkload39 of sky130_fd_sc_hd__inv_4 in cell afe_wb
Note:  Implicit pin Y in instance clkload40 of sky130_fd_sc_hd__clkinv_2 in cell afe_wb
Note:  Implicit pin Y in instance clkload41 of sky130_fd_sc_hd__clkinvlp_4 in cell afe_wb
Reading source /tmp/tmpvjn2kage/repo/verilog/gl/user_project_wrapper.v...
Warning:  A case-insensitive file has been read and so the	verilog file must be treated case-insensitive to match.
Creating placeholder cell definition for module CF_ADC_SAR12.
Creating placeholder cell definition for module CF_ADC_SAR12_sar_refs.
Creating placeholder cell definition for module CF_BGR.
Creating placeholder cell definition for module CF_BUF_HIZ.
Creating placeholder cell definition for module CF_REFBUF.
Treating empty subcircuits as black-box cells
Generating JSON file result

Reading setup file /tmp/tmpvjn2kage/repo/precheck_results/16_SEP_2026___21_38_25/tmp/sky130A_setup.tcl

No property w found for device r
No property l found for device r
Model sky130_fd_pr__res_generic_po pin 1 == 2
No property value found for device sky130_fd_pr__res_generic_po
No property mult found for device sky130_fd_pr__res_generic_po
Model sky130_fd_pr__res_generic_po pin 1 == 2
No property value found for device sky130_fd_pr__res_generic_po
No property mult found for device sky130_fd_pr__res_generic_po
Model sky130_fd_pr__nfet_01v8 pin 1 == 3
No property mult found for device sky130_fd_pr__nfet_01v8
No property sa found for device sky130_fd_pr__nfet_01v8
No property sb found for device sky130_fd_pr__nfet_01v8
No property sd found for device sky130_fd_pr__nfet_01v8
No property nf found for device sky130_fd_pr__nfet_01v8
No property nrd found for device sky130_fd_pr__nfet_01v8
No property nrs found for device sky130_fd_pr__nfet_01v8
No property area found for device sky130_fd_pr__nfet_01v8
No property perim found for device sky130_fd_pr__nfet_01v8
No property topography found for device sky130_fd_pr__nfet_01v8
Model sky130_fd_pr__nfet_01v8 pin 1 == 3
No property mult found for device sky130_fd_pr__nfet_01v8
No property sa found for device sky130_fd_pr__nfet_01v8
No property sb found for device sky130_fd_pr__nfet_01v8
No property sd found for device sky130_fd_pr__nfet_01v8
No property nf found for device sky130_fd_pr__nfet_01v8
No property nrd found for device sky130_fd_pr__nfet_01v8
No property nrs found for device sky130_fd_pr__nfet_01v8
No property area found for device sky130_fd_pr__nfet_01v8
No property perim found for device sky130_fd_pr__nfet_01v8
No property topography found for device sky130_fd_pr__nfet_01v8
Model sky130_fd_pr__pfet_01v8_hvt pin 1 == 3
No property mult found for device sky130_fd_pr__pfet_01v8_hvt
No property sa found for device sky130_fd_pr__pfet_01v8_hvt
No property sb found for device sky130_fd_pr__pfet_01v8_hvt
No property sd found for device sky130_fd_pr__pfet_01v8_hvt
No property nf found for device sky130_fd_pr__pfet_01v8_hvt
No property nrd found for device sky130_fd_pr__pfet_01v8_hvt
No property nrs found for device sky130_fd_pr__pfet_01v8_hvt
No property area found for device sky130_fd_pr__pfet_01v8_hvt
No property perim found for device sky130_fd_pr__pfet_01v8_hvt
No property topography found for device sky130_fd_pr__pfet_01v8_hvt
Model sky130_fd_pr__pfet_01v8_hvt pin 1 == 3
No property mult found for device sky130_fd_pr__pfet_01v8_hvt
No property sa found for device sky130_fd_pr__pfet_01v8_hvt
No property sb found for device sky130_fd_pr__pfet_01v8_hvt
No property sd found for device sky130_fd_pr__pfet_01v8_hvt
No property nf found for device sky130_fd_pr__pfet_01v8_hvt
No property nrd found for device sky130_fd_pr__pfet_01v8_hvt
No property nrs found for device sky130_fd_pr__pfet_01v8_hvt
No property area found for device sky130_fd_pr__pfet_01v8_hvt
No property perim found for device sky130_fd_pr__pfet_01v8_hvt
No property topography found for device sky130_fd_pr__pfet_01v8_hvt
Model sky130_fd_pr__special_nfet_01v8 pin 1 == 3
No property mult found for device sky130_fd_pr__special_nfet_01v8
No property sa found for device sky130_fd_pr__special_nfet_01v8
No property sb found for device sky130_fd_pr__special_nfet_01v8
No property sd found for device sky130_fd_pr__special_nfet_01v8
No property nf found for device sky130_fd_pr__special_nfet_01v8
No property nrd found for device sky130_fd_pr__special_nfet_01v8
No property nrs found for device sky130_fd_pr__special_nfet_01v8
No property area found for device sky130_fd_pr__special_nfet_01v8
No property perim found for device sky130_fd_pr__special_nfet_01v8
No property topography found for device sky130_fd_pr__special_nfet_01v8
Model sky130_fd_pr__special_nfet_01v8 pin 1 == 3
No property as found for device sky130_fd_pr__special_nfet_01v8
No property ad found for device sky130_fd_pr__special_nfet_01v8
No property ps found for device sky130_fd_pr__special_nfet_01v8
No property pd found for device sky130_fd_pr__special_nfet_01v8
No property mult found for device sky130_fd_pr__special_nfet_01v8
No property sa found for device sky130_fd_pr__special_nfet_01v8
No property sb found for device sky130_fd_pr__special_nfet_01v8
No property sd found for device sky130_fd_pr__special_nfet_01v8
No property nf found for device sky130_fd_pr__special_nfet_01v8
No property nrd found for device sky130_fd_pr__special_nfet_01v8
No property nrs found for device sky130_fd_pr__special_nfet_01v8
No property area found for device sky130_fd_pr__special_nfet_01v8
No property perim found for device sky130_fd_pr__special_nfet_01v8
No property topography found for device sky130_fd_pr__special_nfet_01v8
Model sky130_fd_pr__special_pfet_01v8_hvt pin 1 == 3
No property as found for device sky130_fd_pr__special_pfet_01v8_hvt
No property ad found for device sky130_fd_pr__special_pfet_01v8_hvt
No property ps found for device sky130_fd_pr__special_pfet_01v8_hvt
No property pd found for device sky130_fd_pr__special_pfet_01v8_hvt
No property mult found for device sky130_fd_pr__special_pfet_01v8_hvt
No property sa found for device sky130_fd_pr__special_pfet_01v8_hvt
No property sb found for device sky130_fd_pr__special_pfet_01v8_hvt
No property sd found for device sky130_fd_pr__special_pfet_01v8_hvt
No property nf found for device sky130_fd_pr__special_pfet_01v8_hvt
No property nrd found for device sky130_fd_pr__special_pfet_01v8_hvt
No property nrs found for device sky130_fd_pr__special_pfet_01v8_hvt
No property area found for device sky130_fd_pr__special_pfet_01v8_hvt
No property perim found for device sky130_fd_pr__special_pfet_01v8_hvt
No property topography found for device sky130_fd_pr__special_pfet_01v8_hvt
No property value found for device sky130_fd_pr__diode_pw2nd_05v5
No property mult found for device sky130_fd_pr__diode_pw2nd_05v5
No property value found for device sky130_fd_pr__diode_pw2nd_05v5
No property mult found for device sky130_fd_pr__diode_pw2nd_05v5
Matching pins of sky130_fd_pr__nfet_01v8 in circuits 1 and 2

Subcircuit pins:
Circuit 1: sky130_fd_pr__nfet_01v8                                                |Circuit 2: sky130_fd_pr__nfet_01v8                                                
----------------------------------------------------------------------------------|----------------------------------------------------------------------------------
1                                                                                 |1                                                                                 
2                                                                                 |2                                                                                 
3                                                                                 |3                                                                                 
4                                                                                 |4                                                                                 
---------------------------------------------------------------------------------------------------------------------------------------------------------------------
Cell pin lists are equivalent.
Matching pins of sky130_fd_pr__pfet_01v8_hvt in circuits 1 and 2

Subcircuit pins:
Circuit 1: sky130_fd_pr__pfet_01v8_hvt                                            |Circuit 2: sky130_fd_pr__pfet_01v8_hvt                                            
----------------------------------------------------------------------------------|----------------------------------------------------------------------------------
1                                                                                 |1                                                                                 
2                                                                                 |2                                                                                 
3                                                                                 |3                                                                                 
4                                                                                 |4                                                                                 
---------------------------------------------------------------------------------------------------------------------------------------------------------------------
Cell pin lists are equivalent.
Matching pins of sky130_fd_pr__diode_pw2nd_05v5 in circuits 1 and 2

Subcircuit pins:
Circuit 1: sky130_fd_pr__diode_pw2nd_05v5                                         |Circuit 2: sky130_fd_pr__diode_pw2nd_05v5                                         
----------------------------------------------------------------------------------|----------------------------------------------------------------------------------
1                                                                                 |1                                                                                 
2                                                                                 |2                                                                                 
---------------------------------------------------------------------------------------------------------------------------------------------------------------------
Cell pin lists are equivalent.
Matching pins of sky130_fd_pr__res_generic_po in circuits 1 and 2

Subcircuit pins:
Circuit 1: sky130_fd_pr__res_generic_po                                           |Circuit 2: sky130_fd_pr__res_generic_po                                           
----------------------------------------------------------------------------------|----------------------------------------------------------------------------------
1                                                                                 |1                                                                                 
2                                                                                 |2                                                                                 
---------------------------------------------------------------------------------------------------------------------------------------------------------------------
Cell pin lists are equivalent.
Matching pins of sky130_fd_pr__special_nfet_01v8 in circuits 1 and 2

Subcircuit pins:
Circuit 1: sky130_fd_pr__special_nfet_01v8                                        |Circuit 2: sky130_fd_pr__special_nfet_01v8                                        
----------------------------------------------------------------------------------|----------------------------------------------------------------------------------
1                                                                                 |1                                                                                 
2                                                                                 |2                                                                                 
3                                                                                 |3                                                                                 
4                                                                                 |4                                                                                 
---------------------------------------------------------------------------------------------------------------------------------------------------------------------
Cell pin lists are equivalent.
Device classes sky130_fd_sc_hd__or4_1 and sky130_fd_sc_hd__or4_1$1 are equivalent.
Equating sky130_fd_sc_hd__or4_1$1 in circuit 1 and sky130_fd_sc_hd__or4_1 in circuit 2
Device classes sky130_fd_sc_hd__or3_1 and sky130_fd_sc_hd__or3_1$1 are equivalent.
Equating sky130_fd_sc_hd__or3_1$1 in circuit 1 and sky130_fd_sc_hd__or3_1 in circuit 2
Device classes sky130_fd_sc_hd__and2_2 and sky130_fd_sc_hd__and2_2$1 are equivalent.
Equating sky130_fd_sc_hd__and2_2$1 in circuit 1 and sky130_fd_sc_hd__and2_2 in circuit 2
Device classes sky130_fd_sc_hd__or2_1 and sky130_fd_sc_hd__or2_1$1 are equivalent.
Equating sky130_fd_sc_hd__or2_1$1 in circuit 1 and sky130_fd_sc_hd__or2_1 in circuit 2
Device classes sky130_fd_sc_hd__inv_8 and sky130_fd_sc_hd__inv_8$1 are equivalent.
Equating sky130_fd_sc_hd__inv_8$1 in circuit 1 and sky130_fd_sc_hd__inv_8 in circuit 2
Device classes sky130_fd_sc_hd__dfxtp_2 and sky130_fd_sc_hd__dfxtp_2$1 are equivalent.
Equating sky130_fd_sc_hd__dfxtp_2$1 in circuit 1 and sky130_fd_sc_hd__dfxtp_2 in circuit 2
Device classes sky130_fd_sc_hd__a22o_1 and sky130_fd_sc_hd__a22o_1$1 are equivalent.
Equating sky130_fd_sc_hd__a22o_1$1 in circuit 1 and sky130_fd_sc_hd__a22o_1 in circuit 2
Device classes sky130_fd_sc_hd__o21a_1 and sky130_fd_sc_hd__o21a_1$1 are equivalent.
Equating sky130_fd_sc_hd__o21a_1$1 in circuit 1 and sky130_fd_sc_hd__o21a_1 in circuit 2
Device classes sky130_fd_sc_hd__clkbuf_16 and sky130_fd_sc_hd__clkbuf_16$1 are equivalent.
Equating sky130_fd_sc_hd__clkbuf_16$1 in circuit 1 and sky130_fd_sc_hd__clkbuf_16 in circuit 2
Device classes sky130_fd_sc_hd__o211a_1 and sky130_fd_sc_hd__o211a_1$1 are equivalent.
Equating sky130_fd_sc_hd__o211a_1$1 in circuit 1 and sky130_fd_sc_hd__o211a_1 in circuit 2
Device classes sky130_fd_sc_hd__clkbuf_8 and sky130_fd_sc_hd__clkbuf_8$1 are equivalent.
Equating sky130_fd_sc_hd__clkbuf_8$1 in circuit 1 and sky130_fd_sc_hd__clkbuf_8 in circuit 2
Device classes sky130_fd_sc_hd__nand2_4 and sky130_fd_sc_hd__nand2_4$1 are equivalent.
Equating sky130_fd_sc_hd__nand2_4$1 in circuit 1 and sky130_fd_sc_hd__nand2_4 in circuit 2
Device classes sky130_fd_sc_hd__and2_1 and sky130_fd_sc_hd__and2_1$1 are equivalent.
Equating sky130_fd_sc_hd__and2_1$1 in circuit 1 and sky130_fd_sc_hd__and2_1 in circuit 2
Device classes sky130_fd_sc_hd__and4b_1 and sky130_fd_sc_hd__and4b_1$1 are equivalent.
Equating sky130_fd_sc_hd__and4b_1$1 in circuit 1 and sky130_fd_sc_hd__and4b_1 in circuit 2
Device classes sky130_fd_sc_hd__buf_4 and sky130_fd_sc_hd__buf_4$1 are equivalent.
Equating sky130_fd_sc_hd__buf_4$1 in circuit 1 and sky130_fd_sc_hd__buf_4 in circuit 2
Device classes sky130_fd_sc_hd__inv_2 and sky130_fd_sc_hd__inv_2$1 are equivalent.
Equating sky130_fd_sc_hd__inv_2$1 in circuit 1 and sky130_fd_sc_hd__inv_2 in circuit 2
Device classes sky130_fd_sc_hd__or4bb_4 and sky130_fd_sc_hd__or4bb_4$1 are equivalent.
Equating sky130_fd_sc_hd__or4bb_4$1 in circuit 1 and sky130_fd_sc_hd__or4bb_4 in circuit 2
Device classes sky130_fd_sc_hd__dfxtp_1 and sky130_fd_sc_hd__dfxtp_1$1 are equivalent.
Equating sky130_fd_sc_hd__dfxtp_1$1 in circuit 1 and sky130_fd_sc_hd__dfxtp_1 in circuit 2
Device classes sky130_fd_sc_hd__dlygate4sd3_1 and sky130_fd_sc_hd__dlygate4sd3_1$1 are equivalent.
Equating sky130_fd_sc_hd__dlygate4sd3_1$1 in circuit 1 and sky130_fd_sc_hd__dlygate4sd3_1 in circuit 2
Device classes sky130_fd_sc_hd__fill_4 and sky130_fd_sc_hd__fill_4$1 are equivalent.
Equating sky130_fd_sc_hd__fill_4$1 in circuit 1 and sky130_fd_sc_hd__fill_4 in circuit 2
Device classes sky130_fd_sc_hd__a21o_1 and sky130_fd_sc_hd__a21o_1$1 are equivalent.
Equating sky130_fd_sc_hd__a21o_1$1 in circuit 1 and sky130_fd_sc_hd__a21o_1 in circuit 2
Device classes sky130_fd_sc_hd__nor4b_2 and sky130_fd_sc_hd__nor4b_2$1 are equivalent.
Equating sky130_fd_sc_hd__nor4b_2$1 in circuit 1 and sky130_fd_sc_hd__nor4b_2 in circuit 2
Device classes sky130_fd_sc_hd__clkbuf_2 and sky130_fd_sc_hd__clkbuf_2$1 are equivalent.
Equating sky130_fd_sc_hd__clkbuf_2$1 in circuit 1 and sky130_fd_sc_hd__clkbuf_2 in circuit 2
Device classes sky130_fd_sc_hd__clkinv_2 and sky130_fd_sc_hd__clkinv_2$1 are equivalent.
Equating sky130_fd_sc_hd__clkinv_2$1 in circuit 1 and sky130_fd_sc_hd__clkinv_2 in circuit 2
Device classes sky130_fd_sc_hd__nand2_8 and sky130_fd_sc_hd__nand2_8$1 are equivalent.
Equating sky130_fd_sc_hd__nand2_8$1 in circuit 1 and sky130_fd_sc_hd__nand2_8 in circuit 2
Device classes sky130_fd_sc_hd__buf_8 and sky130_fd_sc_hd__buf_8$1 are equivalent.
Equating sky130_fd_sc_hd__buf_8$1 in circuit 1 and sky130_fd_sc_hd__buf_8 in circuit 2
Device classes sky130_fd_sc_hd__inv_6 and sky130_fd_sc_hd__inv_6$1 are equivalent.
Equating sky130_fd_sc_hd__inv_6$1 in circuit 1 and sky130_fd_sc_hd__inv_6 in circuit 2
Device classes sky130_ef_sc_hd__decap_40_12 and sky130_ef_sc_hd__decap_40_12$1 are equivalent.
Equating sky130_ef_sc_hd__decap_40_12$1 in circuit 1 and sky130_ef_sc_hd__decap_40_12 in circuit 2
Device classes sky130_fd_sc_hd__buf_12 and sky130_fd_sc_hd__buf_12$1 are equivalent.
Equating sky130_fd_sc_hd__buf_12$1 in circuit 1 and sky130_fd_sc_hd__buf_12 in circuit 2
Device classes sky130_fd_sc_hd__fill_8 and sky130_fd_sc_hd__fill_8$1 are equivalent.
Equating sky130_fd_sc_hd__fill_8$1 in circuit 1 and sky130_fd_sc_hd__fill_8 in circuit 2
Device classes sky130_fd_sc_hd__nor4b_1 and sky130_fd_sc_hd__nor4b_1$1 are equivalent.
Equating sky130_fd_sc_hd__nor4b_1$1 in circuit 1 and sky130_fd_sc_hd__nor4b_1 in circuit 2
Device classes sky130_fd_sc_hd__nand2_2 and sky130_fd_sc_hd__nand2_2$1 are equivalent.
Equating sky130_fd_sc_hd__nand2_2$1 in circuit 1 and sky130_fd_sc_hd__nand2_2 in circuit 2
Device classes sky130_fd_sc_hd__and4b_4 and sky130_fd_sc_hd__and4b_4$1 are equivalent.
Equating sky130_fd_sc_hd__and4b_4$1 in circuit 1 and sky130_fd_sc_hd__and4b_4 in circuit 2
Device classes sky130_fd_sc_hd__decap_3 and sky130_fd_sc_hd__decap_3$1 are equivalent.
Equating sky130_fd_sc_hd__decap_3$1 in circuit 1 and sky130_fd_sc_hd__decap_3 in circuit 2
Device classes sky130_fd_sc_hd__buf_2 and sky130_fd_sc_hd__buf_2$1 are equivalent.
Equating sky130_fd_sc_hd__buf_2$1 in circuit 1 and sky130_fd_sc_hd__buf_2 in circuit 2
Device classes sky130_fd_sc_hd__conb_1 and sky130_fd_sc_hd__conb_1$1 are equivalent.
Equating sky130_fd_sc_hd__conb_1$1 in circuit 1 and sky130_fd_sc_hd__conb_1 in circuit 2
Device classes sky130_fd_sc_hd__o31a_1 and sky130_fd_sc_hd__o31a_1$1 are equivalent.
Equating sky130_fd_sc_hd__o31a_1$1 in circuit 1 and sky130_fd_sc_hd__o31a_1 in circuit 2
Device classes sky130_fd_sc_hd__dfxtp_4 and sky130_fd_sc_hd__dfxtp_4$1 are equivalent.
Equating sky130_fd_sc_hd__dfxtp_4$1 in circuit 1 and sky130_fd_sc_hd__dfxtp_4 in circuit 2
Device classes sky130_fd_sc_hd__bufinv_16 and sky130_fd_sc_hd__bufinv_16$1 are equivalent.
Equating sky130_fd_sc_hd__bufinv_16$1 in circuit 1 and sky130_fd_sc_hd__bufinv_16 in circuit 2
Device classes sky130_fd_sc_hd__o221a_1 and sky130_fd_sc_hd__o221a_1$1 are equivalent.
Equating sky130_fd_sc_hd__o221a_1$1 in circuit 1 and sky130_fd_sc_hd__o221a_1 in circuit 2
Device classes sky130_fd_sc_hd__fill_2 and sky130_fd_sc_hd__fill_2$1 are equivalent.
Equating sky130_fd_sc_hd__fill_2$1 in circuit 1 and sky130_fd_sc_hd__fill_2 in circuit 2
Device classes sky130_fd_sc_hd__tapvpwrvgnd_1 and sky130_fd_sc_hd__tapvpwrvgnd_1$1 are equivalent.
Equating sky130_fd_sc_hd__tapvpwrvgnd_1$1 in circuit 1 and sky130_fd_sc_hd__tapvpwrvgnd_1 in circuit 2
Device classes sky130_fd_sc_hd__dlymetal6s2s_1 and sky130_fd_sc_hd__dlymetal6s2s_1$1 are equivalent.
Equating sky130_fd_sc_hd__dlymetal6s2s_1$1 in circuit 1 and sky130_fd_sc_hd__dlymetal6s2s_1 in circuit 2
Device classes sky130_fd_sc_hd__a2111o_1 and sky130_fd_sc_hd__a2111o_1$1 are equivalent.
Equating sky130_fd_sc_hd__a2111o_1$1 in circuit 1 and sky130_fd_sc_hd__a2111o_1 in circuit 2
Device classes sky130_fd_sc_hd__clkinvlp_4 and sky130_fd_sc_hd__clkinvlp_4$1 are equivalent.
Equating sky130_fd_sc_hd__clkinvlp_4$1 in circuit 1 and sky130_fd_sc_hd__clkinvlp_4 in circuit 2
Device classes sky130_fd_sc_hd__a221o_1 and sky130_fd_sc_hd__a221o_1$1 are equivalent.
Equating sky130_fd_sc_hd__a221o_1$1 in circuit 1 and sky130_fd_sc_hd__a221o_1 in circuit 2
Device classes sky130_fd_sc_hd__or4_2 and sky130_fd_sc_hd__or4_2$1 are equivalent.
Equating sky130_fd_sc_hd__or4_2$1 in circuit 1 and sky130_fd_sc_hd__or4_2 in circuit 2
Device classes sky130_fd_sc_hd__buf_1 and sky130_fd_sc_hd__buf_1$1 are equivalent.
Equating sky130_fd_sc_hd__buf_1$1 in circuit 1 and sky130_fd_sc_hd__buf_1 in circuit 2
Device classes sky130_fd_sc_hd__buf_6 and sky130_fd_sc_hd__buf_6$1 are equivalent.
Equating sky130_fd_sc_hd__buf_6$1 in circuit 1 and sky130_fd_sc_hd__buf_6 in circuit 2
Device classes sky130_fd_sc_hd__and4bb_4 and sky130_fd_sc_hd__and4bb_4$1 are equivalent.
Equating sky130_fd_sc_hd__and4bb_4$1 in circuit 1 and sky130_fd_sc_hd__and4bb_4 in circuit 2
Device classes sky130_fd_sc_hd__inv_4 and sky130_fd_sc_hd__inv_4$1 are equivalent.
Equating sky130_fd_sc_hd__inv_4$1 in circuit 1 and sky130_fd_sc_hd__inv_4 in circuit 2
Device classes sky130_fd_sc_hd__fill_1 and sky130_fd_sc_hd__fill_1$1 are equivalent.
Equating sky130_fd_sc_hd__fill_1$1 in circuit 1 and sky130_fd_sc_hd__fill_1 in circuit 2
Device classes sky130_fd_sc_hd__nor4b_4 and sky130_fd_sc_hd__nor4b_4$1 are equivalent.
Equating sky130_fd_sc_hd__nor4b_4$1 in circuit 1 and sky130_fd_sc_hd__nor4b_4 in circuit 2
Device classes sky130_fd_sc_hd__clkbuf_4 and sky130_fd_sc_hd__clkbuf_4$1 are equivalent.
Equating sky130_fd_sc_hd__clkbuf_4$1 in circuit 1 and sky130_fd_sc_hd__clkbuf_4 in circuit 2
Device classes sky130_fd_sc_hd__diode_2 and sky130_fd_sc_hd__diode_2$1 are equivalent.
Equating sky130_fd_sc_hd__diode_2$1 in circuit 1 and sky130_fd_sc_hd__diode_2 in circuit 2
Device classes sky130_fd_sc_hd__clkinv_4 and sky130_fd_sc_hd__clkinv_4$1 are equivalent.
Equating sky130_fd_sc_hd__clkinv_4$1 in circuit 1 and sky130_fd_sc_hd__clkinv_4 in circuit 2
Comparison output logged to file /tmp/tmpvjn2kage/repo/precheck_results/16_SEP_2026___21_38_25/tmp/lvs.report
Logging to file "/tmp/tmpvjn2kage/repo/precheck_results/16_SEP_2026___21_38_25/tmp/lvs.report" enabled
Circuit sky130_fd_pr__pfet_01v8_hvt contains no devices.
Circuit sky130_fd_pr__nfet_01v8 contains no devices.
Circuit sky130_fd_pr__special_nfet_01v8 contains no devices.
Circuit sky130_fd_pr__diode_pw2nd_05v5 contains no devices.
Circuit sky130_fd_pr__res_generic_po contains no devices.

Contents of circuit 1:  Circuit: 'sky130_fd_sc_hd__fill_2$1'
Circuit sky130_fd_sc_hd__fill_2$1 contains 0 device instances.
Circuit contains 0 nets, and 4 disconnected pins.
Contents of circuit 2:  Circuit: 'sky130_fd_sc_hd__fill_2'
Circuit sky130_fd_sc_hd__fill_2 contains 0 device instances.
Circuit contains 0 nets, and 4 disconnected pins.

Circuit sky130_fd_sc_hd__fill_2$1 contains no devices.

Contents of circuit 1:  Circuit: 'sky130_fd_sc_hd__tapvpwrvgnd_1$1'
Circuit sky130_fd_sc_hd__tapvpwrvgnd_1$1 contains 0 device instances.
Circuit contains 0 nets, and 2 disconnected pins.
Contents of circuit 2:  Circuit: 'sky130_fd_sc_hd__tapvpwrvgnd_1'
Circuit sky130_fd_sc_hd__tapvpwrvgnd_1 contains 0 device instances.
Circuit contains 0 nets, and 2 disconnected pins.

Circuit sky130_fd_sc_hd__tapvpwrvgnd_1$1 contains no devices.

Contents of circuit 1:  Circuit: 'sky130_fd_sc_hd__fill_4$1'
Circuit sky130_fd_sc_hd__fill_4$1 contains 0 device instances.
Circuit contains 0 nets, and 4 disconnected pins.
Contents of circuit 2:  Circuit: 'sky130_fd_sc_hd__fill_4'
Circuit sky130_fd_sc_hd__fill_4 contains 0 device instances.
Circuit contains 0 nets, and 4 disconnected pins.

Circuit sky130_fd_sc_hd__fill_4$1 contains no devices.

Contents of circuit 1:  Circuit: 'sky130_ef_sc_hd__decap_40_12$1'
Circuit sky130_ef_sc_hd__decap_40_12$1 contains 2 device instances.
  Class: sky130_fd_pr__nfet_01v8 instances:   1
  Class: sky130_fd_pr__pfet_01v8_hvt instances:   1
Circuit contains 4 nets.
Contents of circuit 2:  Circuit: 'sky130_ef_sc_hd__decap_40_12'
Circuit sky130_ef_sc_hd__decap_40_12 contains 2 device instances.
  Class: sky130_fd_pr__nfet_01v8 instances:   1
  Class: sky130_fd_pr__pfet_01v8_hvt instances:   1
Circuit contains 4 nets.

Circuit 1 contains 2 devices, Circuit 2 contains 2 devices.
Circuit 1 contains 4 nets,    Circuit 2 contains 4 nets.


Contents of circuit 1:  Circuit: 'sky130_fd_sc_hd__decap_3$1'
Circuit sky130_fd_sc_hd__decap_3$1 contains 2 device instances.
  Class: sky130_fd_pr__nfet_01v8 instances:   1
  Class: sky130_fd_pr__pfet_01v8_hvt instances:   1
Circuit contains 4 nets.
Contents of circuit 2:  Circuit: 'sky130_fd_sc_hd__decap_3'
Circuit sky130_fd_sc_hd__decap_3 contains 2 device instances.
  Class: sky130_fd_pr__nfet_01v8 instances:   1
  Class: sky130_fd_pr__pfet_01v8_hvt instances:   1
Circuit contains 4 nets.

Circuit 1 contains 2 devices, Circuit 2 contains 2 devices.
Circuit 1 contains 4 nets,    Circuit 2 contains 4 nets.


Contents of circuit 1:  Circuit: 'sky130_fd_sc_hd__fill_1$1'
Circuit sky130_fd_sc_hd__fill_1$1 contains 0 device instances.
Circuit contains 0 nets, and 4 disconnected pins.
Contents of circuit 2:  Circuit: 'sky130_fd_sc_hd__fill_1'
Circuit sky130_fd_sc_hd__fill_1 contains 0 device instances.
Circuit contains 0 nets, and 4 disconnected pins.

Circuit sky130_fd_sc_hd__fill_1$1 contains no devices.

Contents of circuit 1:  Circuit: 'sky130_fd_sc_hd__fill_8$1'
Circuit sky130_fd_sc_hd__fill_8$1 contains 0 device instances.
Circuit contains 0 nets, and 4 disconnected pins.
Contents of circuit 2:  Circuit: 'sky130_fd_sc_hd__fill_8'
Circuit sky130_fd_sc_hd__fill_8 contains 0 device instances.
Circuit contains 0 nets, and 4 disconnected pins.

Circuit sky130_fd_sc_hd__fill_8$1 contains no devices.

Contents of circuit 1:  Circuit: 'sky130_fd_sc_hd__or2_1$1'
Circuit sky130_fd_sc_hd__or2_1$1 contains 6 device instances.
  Class: sky130_fd_pr__nfet_01v8 instances:   3
  Class: sky130_fd_pr__pfet_01v8_hvt instances:   3
Circuit contains 9 nets.
Contents of circuit 2:  Circuit: 'sky130_fd_sc_hd__or2_1'
Circuit sky130_fd_sc_hd__or2_1 contains 6 device instances.
  Class: sky130_fd_pr__nfet_01v8 instances:   3
  Class: sky130_fd_pr__pfet_01v8_hvt instances:   3
Circuit contains 9 nets.

Circuit 1 contains 6 devices, Circuit 2 contains 6 devices.
Circuit 1 contains 9 nets,    Circuit 2 contains 9 nets.


Contents of circuit 1:  Circuit: 'sky130_fd_sc_hd__o211a_1$1'
Circuit sky130_fd_sc_hd__o211a_1$1 contains 10 device instances.
  Class: sky130_fd_pr__nfet_01v8 instances:   5
  Class: sky130_fd_pr__pfet_01v8_hvt instances:   5
Circuit contains 13 nets.
Contents of circuit 2:  Circuit: 'sky130_fd_sc_hd__o211a_1'
Circuit sky130_fd_sc_hd__o211a_1 contains 10 device instances.
  Class: sky130_fd_pr__nfet_01v8 instances:   5
  Class: sky130_fd_pr__pfet_01v8_hvt instances:   5
Circuit contains 13 nets.

Circuit 1 contains 10 devices, Circuit 2 contains 10 devices.
Circuit 1 contains 13 nets,    Circuit 2 contains 13 nets.


Contents of circuit 1:  Circuit: 'sky130_fd_sc_hd__dfxtp_1$1'
Circuit sky130_fd_sc_hd__dfxtp_1$1 contains 24 device instances.
  Class: sky130_fd_pr__nfet_01v8 instances:   8
  Class: sky130_fd_pr__pfet_01v8_hvt instances:  12
  Class: sky130_fd_pr__special_nfet_01v8 instances:   4
Circuit contains 18 nets.
Contents of circuit 2:  Circuit: 'sky130_fd_sc_hd__dfxtp_1'
Circuit sky130_fd_sc_hd__dfxtp_1 contains 24 device instances.
  Class: sky130_fd_pr__nfet_01v8 instances:   8
  Class: sky130_fd_pr__pfet_01v8_hvt instances:  12
  Class: sky130_fd_pr__special_nfet_01v8 instances:   4
Circuit contains 18 nets.

Circuit 1 contains 24 devices, Circuit 2 contains 24 devices.
Circuit 1 contains 18 nets,    Circuit 2 contains 18 nets.


Contents of circuit 1:  Circuit: 'sky130_fd_sc_hd__dlygate4sd3_1$1'
Circuit sky130_fd_sc_hd__dlygate4sd3_1$1 contains 8 device instances.
  Class: sky130_fd_pr__nfet_01v8 instances:   4
  Class: sky130_fd_pr__pfet_01v8_hvt instances:   4
Circuit contains 9 nets.
Contents of circuit 2:  Circuit: 'sky130_fd_sc_hd__dlygate4sd3_1'
Circuit sky130_fd_sc_hd__dlygate4sd3_1 contains 8 device instances.
  Class: sky130_fd_pr__nfet_01v8 instances:   4
  Class: sky130_fd_pr__pfet_01v8_hvt instances:   4
Circuit contains 9 nets.

Circuit 1 contains 8 devices, Circuit 2 contains 8 devices.
Circuit 1 contains 9 nets,    Circuit 2 contains 9 nets.


Contents of circuit 1:  Circuit: 'sky130_fd_sc_hd__a2111o_1$1'
Circuit sky130_fd_sc_hd__a2111o_1$1 contains 12 device instances.
  Class: sky130_fd_pr__nfet_01v8 instances:   6
  Class: sky130_fd_pr__pfet_01v8_hvt instances:   6
Circuit contains 15 nets.
Contents of circuit 2:  Circuit: 'sky130_fd_sc_hd__a2111o_1'
Circuit sky130_fd_sc_hd__a2111o_1 contains 12 device instances.
  Class: sky130_fd_pr__nfet_01v8 instances:   6
  Class: sky130_fd_pr__pfet_01v8_hvt instances:   6
Circuit contains 15 nets.

Circuit 1 contains 12 devices, Circuit 2 contains 12 devices.
Circuit 1 contains 15 nets,    Circuit 2 contains 15 nets.


Contents of circuit 1:  Circuit: 'sky130_fd_sc_hd__a22o_1$1'
Circuit sky130_fd_sc_hd__a22o_1$1 contains 10 device instances.
  Class: sky130_fd_pr__nfet_01v8 instances:   5
  Class: sky130_fd_pr__pfet_01v8_hvt instances:   5
Circuit contains 13 nets.
Contents of circuit 2:  Circuit: 'sky130_fd_sc_hd__a22o_1'
Circuit sky130_fd_sc_hd__a22o_1 contains 10 device instances.
  Class: sky130_fd_pr__nfet_01v8 instances:   5
  Class: sky130_fd_pr__pfet_01v8_hvt instances:   5
Circuit contains 13 nets.

Circuit 1 contains 10 devices, Circuit 2 contains 10 devices.
Circuit 1 contains 13 nets,    Circuit 2 contains 13 nets.


Contents of circuit 1:  Circuit: 'sky130_fd_sc_hd__and4bb_4$1'
Circuit sky130_fd_sc_hd__and4bb_4$1 contains 14 device instances.
  Class: sky130_fd_pr__nfet_01v8 instances:   7
  Class: sky130_fd_pr__pfet_01v8_hvt instances:   7
Circuit contains 15 nets.
Contents of circuit 2:  Circuit: 'sky130_fd_sc_hd__and4bb_4'
Circuit sky130_fd_sc_hd__and4bb_4 contains 20 device instances.
  Class: sky130_fd_pr__nfet_01v8 instances:  10
  Class: sky130_fd_pr__pfet_01v8_hvt instances:  10
Circuit contains 15 nets.

Circuit was modified by parallel/series device merging.
New circuit summary:

Contents of circuit 1:  Circuit: 'sky130_fd_sc_hd__and4bb_4$1'
Circuit sky130_fd_sc_hd__and4bb_4$1 contains 14 device instances.
  Class: sky130_fd_pr__nfet_01v8 instances:   7
  Class: sky130_fd_pr__pfet_01v8_hvt instances:   7
Circuit contains 15 nets.
Contents of circuit 2:  Circuit: 'sky130_fd_sc_hd__and4bb_4'
Circuit sky130_fd_sc_hd__and4bb_4 contains 14 device instances.
  Class: sky130_fd_pr__nfet_01v8 instances:   7
  Class: sky130_fd_pr__pfet_01v8_hvt instances:   7
Circuit contains 15 nets.

Circuit 1 contains 14 devices, Circuit 2 contains 14 devices.
Circuit 1 contains 15 nets,    Circuit 2 contains 15 nets.


Contents of circuit 1:  Circuit: 'sky130_fd_sc_hd__buf_2$1'
Circuit sky130_fd_sc_hd__buf_2$1 contains 4 device instances.
  Class: sky130_fd_pr__nfet_01v8 instances:   2
  Class: sky130_fd_pr__pfet_01v8_hvt instances:   2
Circuit contains 7 nets.
Contents of circuit 2:  Circuit: 'sky130_fd_sc_hd__buf_2'
Circuit sky130_fd_sc_hd__buf_2 contains 6 device instances.
  Class: sky130_fd_pr__nfet_01v8 instances:   3
  Class: sky130_fd_pr__pfet_01v8_hvt instances:   3
Circuit contains 7 nets.

Circuit was modified by parallel/series device merging.
New circuit summary:

Contents of circuit 1:  Circuit: 'sky130_fd_sc_hd__buf_2$1'
Circuit sky130_fd_sc_hd__buf_2$1 contains 4 device instances.
  Class: sky130_fd_pr__nfet_01v8 instances:   2
  Class: sky130_fd_pr__pfet_01v8_hvt instances:   2
Circuit contains 7 nets.
Contents of circuit 2:  Circuit: 'sky130_fd_sc_hd__buf_2'
Circuit sky130_fd_sc_hd__buf_2 contains 4 device instances.
  Class: sky130_fd_pr__nfet_01v8 instances:   2
  Class: sky130_fd_pr__pfet_01v8_hvt instances:   2
Circuit contains 7 nets.

Circuit 1 contains 4 devices, Circuit 2 contains 4 devices.
Circuit 1 contains 7 nets,    Circuit 2 contains 7 nets.


Contents of circuit 1:  Circuit: 'sky130_fd_sc_hd__clkbuf_2$1'
Circuit sky130_fd_sc_hd__clkbuf_2$1 contains 4 device instances.
  Class: sky130_fd_pr__nfet_01v8 instances:   2
  Class: sky130_fd_pr__pfet_01v8_hvt instances:   2
Circuit contains 7 nets.
Contents of circuit 2:  Circuit: 'sky130_fd_sc_hd__clkbuf_2'
Circuit sky130_fd_sc_hd__clkbuf_2 contains 6 device instances.
  Class: sky130_fd_pr__nfet_01v8 instances:   3
  Class: sky130_fd_pr__pfet_01v8_hvt instances:   3
Circuit contains 7 nets.

Circuit was modified by parallel/series device merging.
New circuit summary:

Contents of circuit 1:  Circuit: 'sky130_fd_sc_hd__clkbuf_2$1'
Circuit sky130_fd_sc_hd__clkbuf_2$1 contains 4 device instances.
  Class: sky130_fd_pr__nfet_01v8 instances:   2
  Class: sky130_fd_pr__pfet_01v8_hvt instances:   2
Circuit contains 7 nets.
Contents of circuit 2:  Circuit: 'sky130_fd_sc_hd__clkbuf_2'
Circuit sky130_fd_sc_hd__clkbuf_2 contains 4 device instances.
  Class: sky130_fd_pr__nfet_01v8 instances:   2
  Class: sky130_fd_pr__pfet_01v8_hvt instances:   2
Circuit contains 7 nets.

Circuit 1 contains 4 devices, Circuit 2 contains 4 devices.
Circuit 1 contains 7 nets,    Circuit 2 contains 7 nets.


Contents of circuit 1:  Circuit: 'sky130_fd_sc_hd__buf_4$1'
Circuit sky130_fd_sc_hd__buf_4$1 contains 4 device instances.
  Class: sky130_fd_pr__nfet_01v8 instances:   2
  Class: sky130_fd_pr__pfet_01v8_hvt instances:   2
Circuit contains 7 nets.
Contents of circuit 2:  Circuit: 'sky130_fd_sc_hd__buf_4'
Circuit sky130_fd_sc_hd__buf_4 contains 10 device instances.
  Class: sky130_fd_pr__nfet_01v8 instances:   5
  Class: sky130_fd_pr__pfet_01v8_hvt instances:   5
Circuit contains 7 nets.

Circuit was modified by parallel/series device merging.
New circuit summary:

Contents of circuit 1:  Circuit: 'sky130_fd_sc_hd__buf_4$1'
Circuit sky130_fd_sc_hd__buf_4$1 contains 4 device instances.
  Class: sky130_fd_pr__nfet_01v8 instances:   2
  Class: sky130_fd_pr__pfet_01v8_hvt instances:   2
Circuit contains 7 nets.
Contents of circuit 2:  Circuit: 'sky130_fd_sc_hd__buf_4'
Circuit sky130_fd_sc_hd__buf_4 contains 4 device instances.
  Class: sky130_fd_pr__nfet_01v8 instances:   2
  Class: sky130_fd_pr__pfet_01v8_hvt instances:   2
Circuit contains 7 nets.

Circuit 1 contains 4 devices, Circuit 2 contains 4 devices.
Circuit 1 contains 7 nets,    Circuit 2 contains 7 nets.


Contents of circuit 1:  Circuit: 'sky130_fd_sc_hd__clkbuf_8$1'
Circuit sky130_fd_sc_hd__clkbuf_8$1 contains 4 device instances.
  Class: sky130_fd_pr__nfet_01v8 instances:   2
  Class: sky130_fd_pr__pfet_01v8_hvt instances:   2
Circuit contains 7 nets.
Contents of circuit 2:  Circuit: 'sky130_fd_sc_hd__clkbuf_8'
Circuit sky130_fd_sc_hd__clkbuf_8 contains 20 device instances.
  Class: sky130_fd_pr__nfet_01v8 instances:  10
  Class: sky130_fd_pr__pfet_01v8_hvt instances:  10
Circuit contains 7 nets.

Circuit was modified by parallel/series device merging.
New circuit summary:

Contents of circuit 1:  Circuit: 'sky130_fd_sc_hd__clkbuf_8$1'
Circuit sky130_fd_sc_hd__clkbuf_8$1 contains 4 device instances.
  Class: sky130_fd_pr__nfet_01v8 instances:   2
  Class: sky130_fd_pr__pfet_01v8_hvt instances:   2
Circuit contains 7 nets.
Contents of circuit 2:  Circuit: 'sky130_fd_sc_hd__clkbuf_8'
Circuit sky130_fd_sc_hd__clkbuf_8 contains 4 device instances.
  Class: sky130_fd_pr__nfet_01v8 instances:   2
  Class: sky130_fd_pr__pfet_01v8_hvt instances:   2
Circuit contains 7 nets.

Circuit 1 contains 4 devices, Circuit 2 contains 4 devices.
Circuit 1 contains 7 nets,    Circuit 2 contains 7 nets.


Contents of circuit 1:  Circuit: 'sky130_fd_sc_hd__diode_2$1'
Circuit sky130_fd_sc_hd__diode_2$1 contains 1 device instances.
  Class: sky130_fd_pr__diode_pw2nd_05v5 instances:   1
Circuit contains 2 nets, and 3 disconnected pins.
Contents of circuit 2:  Circuit: 'sky130_fd_sc_hd__diode_2'
Circuit sky130_fd_sc_hd__diode_2 contains 1 device instances.
  Class: sky130_fd_pr__diode_pw2nd_05v5 instances:   1
Circuit contains 2 nets, and 3 disconnected pins.

Circuit 1 contains 1 devices, Circuit 2 contains 1 devices.
Circuit 1 contains 2 nets,    Circuit 2 contains 2 nets.


Contents of circuit 1:  Circuit: 'sky130_fd_sc_hd__buf_12$1'
Circuit sky130_fd_sc_hd__buf_12$1 contains 4 device instances.
  Class: sky130_fd_pr__nfet_01v8 instances:   2
  Class: sky130_fd_pr__pfet_01v8_hvt instances:   2
Circuit contains 7 nets.
Contents of circuit 2:  Circuit: 'sky130_fd_sc_hd__buf_12'
Circuit sky130_fd_sc_hd__buf_12 contains 32 device instances.
  Class: sky130_fd_pr__nfet_01v8 instances:  16
  Class: sky130_fd_pr__pfet_01v8_hvt instances:  16
Circuit contains 7 nets.

Circuit was modified by parallel/series device merging.
New circuit summary:

Contents of circuit 1:  Circuit: 'sky130_fd_sc_hd__buf_12$1'
Circuit sky130_fd_sc_hd__buf_12$1 contains 4 device instances.
  Class: sky130_fd_pr__nfet_01v8 instances:   2
  Class: sky130_fd_pr__pfet_01v8_hvt instances:   2
Circuit contains 7 nets.
Contents of circuit 2:  Circuit: 'sky130_fd_sc_hd__buf_12'
Circuit sky130_fd_sc_hd__buf_12 contains 4 device instances.
  Class: sky130_fd_pr__nfet_01v8 instances:   2
  Class: sky130_fd_pr__pfet_01v8_hvt instances:   2
Circuit contains 7 nets.

Circuit 1 contains 4 devices, Circuit 2 contains 4 devices.
Circuit 1 contains 7 nets,    Circuit 2 contains 7 nets.


Contents of circuit 1:  Circuit: 'sky130_fd_sc_hd__dfxtp_4$1'
Circuit sky130_fd_sc_hd__dfxtp_4$1 contains 24 device instances.
  Class: sky130_fd_pr__nfet_01v8 instances:   8
  Class: sky130_fd_pr__pfet_01v8_hvt instances:  12
  Class: sky130_fd_pr__special_nfet_01v8 instances:   4
Circuit contains 18 nets.
Contents of circuit 2:  Circuit: 'sky130_fd_sc_hd__dfxtp_4'
Circuit sky130_fd_sc_hd__dfxtp_4 contains 30 device instances.
  Class: sky130_fd_pr__nfet_01v8 instances:  11
  Class: sky130_fd_pr__pfet_01v8_hvt instances:  15
  Class: sky130_fd_pr__special_nfet_01v8 instances:   4
Circuit contains 18 nets.

Circuit was modified by parallel/series device merging.
New circuit summary:

Contents of circuit 1:  Circuit: 'sky130_fd_sc_hd__dfxtp_4$1'
Circuit sky130_fd_sc_hd__dfxtp_4$1 contains 24 device instances.
  Class: sky130_fd_pr__nfet_01v8 instances:   8
  Class: sky130_fd_pr__pfet_01v8_hvt instances:  12
  Class: sky130_fd_pr__special_nfet_01v8 instances:   4
Circuit contains 18 nets.
Contents of circuit 2:  Circuit: 'sky130_fd_sc_hd__dfxtp_4'
Circuit sky130_fd_sc_hd__dfxtp_4 contains 24 device instances.
  Class: sky130_fd_pr__nfet_01v8 instances:   8
  Class: sky130_fd_pr__pfet_01v8_hvt instances:  12
  Class: sky130_fd_pr__special_nfet_01v8 instances:   4
Circuit contains 18 nets.

Circuit 1 contains 24 devices, Circuit 2 contains 24 devices.
Circuit 1 contains 18 nets,    Circuit 2 contains 18 nets.


Contents of circuit 1:  Circuit: 'sky130_fd_sc_hd__o221a_1$1'
Circuit sky130_fd_sc_hd__o221a_1$1 contains 12 device instances.
  Class: sky130_fd_pr__nfet_01v8 instances:   6
  Class: sky130_fd_pr__pfet_01v8_hvt instances:   6
Circuit contains 15 nets.
Contents of circuit 2:  Circuit: 'sky130_fd_sc_hd__o221a_1'
Circuit sky130_fd_sc_hd__o221a_1 contains 12 device instances.
  Class: sky130_fd_pr__nfet_01v8 instances:   6
  Class: sky130_fd_pr__pfet_01v8_hvt instances:   6
Circuit contains 15 nets.

Circuit 1 contains 12 devices, Circuit 2 contains 12 devices.
Circuit 1 contains 15 nets,    Circuit 2 contains 15 nets.


Contents of circuit 1:  Circuit: 'sky130_fd_sc_hd__a221o_1$1'
Circuit sky130_fd_sc_hd__a221o_1$1 contains 12 device instances.
  Class: sky130_fd_pr__nfet_01v8 instances:   6
  Class: sky130_fd_pr__pfet_01v8_hvt instances:   6
Circuit contains 15 nets.
Contents of circuit 2:  Circuit: 'sky130_fd_sc_hd__a221o_1'
Circuit sky130_fd_sc_hd__a221o_1 contains 12 device instances.
  Class: sky130_fd_pr__nfet_01v8 instances:   6
  Class: sky130_fd_pr__pfet_01v8_hvt instances:   6
Circuit contains 15 nets.

Circuit 1 contains 12 devices, Circuit 2 contains 12 devices.
Circuit 1 contains 15 nets,    Circuit 2 contains 15 nets.


Contents of circuit 1:  Circuit: 'sky130_fd_sc_hd__nand2_8$1'
Circuit sky130_fd_sc_hd__nand2_8$1 contains 4 device instances.
  Class: sky130_fd_pr__nfet_01v8 instances:   2
  Class: sky130_fd_pr__pfet_01v8_hvt instances:   2
Circuit contains 8 nets.
Contents of circuit 2:  Circuit: 'sky130_fd_sc_hd__nand2_8'
Circuit sky130_fd_sc_hd__nand2_8 contains 32 device instances.
  Class: sky130_fd_pr__nfet_01v8 instances:  16
  Class: sky130_fd_pr__pfet_01v8_hvt instances:  16
Circuit contains 8 nets.

Circuit was modified by parallel/series device merging.
New circuit summary:

Contents of circuit 1:  Circuit: 'sky130_fd_sc_hd__nand2_8$1'
Circuit sky130_fd_sc_hd__nand2_8$1 contains 4 device instances.
  Class: sky130_fd_pr__nfet_01v8 instances:   2
  Class: sky130_fd_pr__pfet_01v8_hvt instances:   2
Circuit contains 8 nets.
Contents of circuit 2:  Circuit: 'sky130_fd_sc_hd__nand2_8'
Circuit sky130_fd_sc_hd__nand2_8 contains 4 device instances.
  Class: sky130_fd_pr__nfet_01v8 instances:   2
  Class: sky130_fd_pr__pfet_01v8_hvt instances:   2
Circuit contains 8 nets.

Circuit 1 contains 4 devices, Circuit 2 contains 4 devices.
Circuit 1 contains 8 nets,    Circuit 2 contains 8 nets.


Contents of circuit 1:  Circuit: 'sky130_fd_sc_hd__buf_1$1'
Circuit sky130_fd_sc_hd__buf_1$1 contains 4 device instances.
  Class: sky130_fd_pr__nfet_01v8 instances:   2
  Class: sky130_fd_pr__pfet_01v8_hvt instances:   2
Circuit contains 7 nets.
Contents of circuit 2:  Circuit: 'sky130_fd_sc_hd__buf_1'
Circuit sky130_fd_sc_hd__buf_1 contains 4 device instances.
  Class: sky130_fd_pr__nfet_01v8 instances:   2
  Class: sky130_fd_pr__pfet_01v8_hvt instances:   2
Circuit contains 7 nets.

Circuit 1 contains 4 devices, Circuit 2 contains 4 devices.
Circuit 1 contains 7 nets,    Circuit 2 contains 7 nets.


Contents of circuit 1:  Circuit: 'sky130_fd_sc_hd__or3_1$1'
Circuit sky130_fd_sc_hd__or3_1$1 contains 8 device instances.
  Class: sky130_fd_pr__nfet_01v8 instances:   4
  Class: sky130_fd_pr__pfet_01v8_hvt instances:   4
Circuit contains 11 nets.
Contents of circuit 2:  Circuit: 'sky130_fd_sc_hd__or3_1'
Circuit sky130_fd_sc_hd__or3_1 contains 8 device instances.
  Class: sky130_fd_pr__nfet_01v8 instances:   4
  Class: sky130_fd_pr__pfet_01v8_hvt instances:   4
Circuit contains 11 nets.

Circuit 1 contains 8 devices, Circuit 2 contains 8 devices.
Circuit 1 contains 11 nets,    Circuit 2 contains 11 nets.


Contents of circuit 1:  Circuit: 'sky130_fd_sc_hd__or4_2$1'
Circuit sky130_fd_sc_hd__or4_2$1 contains 10 device instances.
  Class: sky130_fd_pr__nfet_01v8 instances:   5
  Class: sky130_fd_pr__pfet_01v8_hvt instances:   5
Circuit contains 13 nets.
Contents of circuit 2:  Circuit: 'sky130_fd_sc_hd__or4_2'
Circuit sky130_fd_sc_hd__or4_2 contains 12 device instances.
  Class: sky130_fd_pr__nfet_01v8 instances:   6
  Class: sky130_fd_pr__pfet_01v8_hvt instances:   6
Circuit contains 13 nets.

Circuit was modified by parallel/series device merging.
New circuit summary:

Contents of circuit 1:  Circuit: 'sky130_fd_sc_hd__or4_2$1'
Circuit sky130_fd_sc_hd__or4_2$1 contains 10 device instances.
  Class: sky130_fd_pr__nfet_01v8 instances:   5
  Class: sky130_fd_pr__pfet_01v8_hvt instances:   5
Circuit contains 13 nets.
Contents of circuit 2:  Circuit: 'sky130_fd_sc_hd__or4_2'
Circuit sky130_fd_sc_hd__or4_2 contains 10 device instances.
  Class: sky130_fd_pr__nfet_01v8 instances:   5
  Class: sky130_fd_pr__pfet_01v8_hvt instances:   5
Circuit contains 13 nets.

Circuit 1 contains 10 devices, Circuit 2 contains 10 devices.
Circuit 1 contains 13 nets,    Circuit 2 contains 13 nets.


Contents of circuit 1:  Circuit: 'sky130_fd_sc_hd__nand2_2$1'
Circuit sky130_fd_sc_hd__nand2_2$1 contains 4 device instances.
  Class: sky130_fd_pr__nfet_01v8 instances:   2
  Class: sky130_fd_pr__pfet_01v8_hvt instances:   2
Circuit contains 8 nets.
Contents of circuit 2:  Circuit: 'sky130_fd_sc_hd__nand2_2'
Circuit sky130_fd_sc_hd__nand2_2 contains 8 device instances.
  Class: sky130_fd_pr__nfet_01v8 instances:   4
  Class: sky130_fd_pr__pfet_01v8_hvt instances:   4
Circuit contains 8 nets.

Circuit was modified by parallel/series device merging.
New circuit summary:

Contents of circuit 1:  Circuit: 'sky130_fd_sc_hd__nand2_2$1'
Circuit sky130_fd_sc_hd__nand2_2$1 contains 4 device instances.
  Class: sky130_fd_pr__nfet_01v8 instances:   2
  Class: sky130_fd_pr__pfet_01v8_hvt instances:   2
Circuit contains 8 nets.
Contents of circuit 2:  Circuit: 'sky130_fd_sc_hd__nand2_2'
Circuit sky130_fd_sc_hd__nand2_2 contains 4 device instances.
  Class: sky130_fd_pr__nfet_01v8 instances:   2
  Class: sky130_fd_pr__pfet_01v8_hvt instances:   2
Circuit contains 8 nets.

Circuit 1 contains 4 devices, Circuit 2 contains 4 devices.
Circuit 1 contains 8 nets,    Circuit 2 contains 8 nets.


Contents of circuit 1:  Circuit: 'sky130_fd_sc_hd__or4bb_4$1'
Circuit sky130_fd_sc_hd__or4bb_4$1 contains 14 device instances.
  Class: sky130_fd_pr__nfet_01v8 instances:   7
  Class: sky130_fd_pr__pfet_01v8_hvt instances:   7
Circuit contains 15 nets.
Contents of circuit 2:  Circuit: 'sky130_fd_sc_hd__or4bb_4'
Circuit sky130_fd_sc_hd__or4bb_4 contains 20 device instances.
  Class: sky130_fd_pr__nfet_01v8 instances:  10
  Class: sky130_fd_pr__pfet_01v8_hvt instances:  10
Circuit contains 15 nets.

Circuit was modified by parallel/series device merging.
New circuit summary:

Contents of circuit 1:  Circuit: 'sky130_fd_sc_hd__or4bb_4$1'
Circuit sky130_fd_sc_hd__or4bb_4$1 contains 14 device instances.
  Class: sky130_fd_pr__nfet_01v8 instances:   7
  Class: sky130_fd_pr__pfet_01v8_hvt instances:   7
Circuit contains 15 nets.
Contents of circuit 2:  Circuit: 'sky130_fd_sc_hd__or4bb_4'
Circuit sky130_fd_sc_hd__or4bb_4 contains 14 device instances.
  Class: sky130_fd_pr__nfet_01v8 instances:   7
  Class: sky130_fd_pr__pfet_01v8_hvt instances:   7
Circuit contains 15 nets.

Circuit 1 contains 14 devices, Circuit 2 contains 14 devices.
Circuit 1 contains 15 nets,    Circuit 2 contains 15 nets.


Contents of circuit 1:  Circuit: 'sky130_fd_sc_hd__and2_1$1'
Circuit sky130_fd_sc_hd__and2_1$1 contains 6 device instances.
  Class: sky130_fd_pr__nfet_01v8 instances:   3
  Class: sky130_fd_pr__pfet_01v8_hvt instances:   3
Circuit contains 9 nets.
Contents of circuit 2:  Circuit: 'sky130_fd_sc_hd__and2_1'
Circuit sky130_fd_sc_hd__and2_1 contains 6 device instances.
  Class: sky130_fd_pr__nfet_01v8 instances:   3
  Class: sky130_fd_pr__pfet_01v8_hvt instances:   3
Circuit contains 9 nets.

Circuit 1 contains 6 devices, Circuit 2 contains 6 devices.
Circuit 1 contains 9 nets,    Circuit 2 contains 9 nets.


Contents of circuit 1:  Circuit: 'sky130_fd_sc_hd__and4b_4$1'
Circuit sky130_fd_sc_hd__and4b_4$1 contains 12 device instances.
  Class: sky130_fd_pr__nfet_01v8 instances:   6
  Class: sky130_fd_pr__pfet_01v8_hvt instances:   6
Circuit contains 14 nets.
Contents of circuit 2:  Circuit: 'sky130_fd_sc_hd__and4b_4'
Circuit sky130_fd_sc_hd__and4b_4 contains 18 device instances.
  Class: sky130_fd_pr__nfet_01v8 instances:   9
  Class: sky130_fd_pr__pfet_01v8_hvt instances:   9
Circuit contains 14 nets.

Circuit was modified by parallel/series device merging.
New circuit summary:

Contents of circuit 1:  Circuit: 'sky130_fd_sc_hd__and4b_4$1'
Circuit sky130_fd_sc_hd__and4b_4$1 contains 12 device instances.
  Class: sky130_fd_pr__nfet_01v8 instances:   6
  Class: sky130_fd_pr__pfet_01v8_hvt instances:   6
Circuit contains 14 nets.
Contents of circuit 2:  Circuit: 'sky130_fd_sc_hd__and4b_4'
Circuit sky130_fd_sc_hd__and4b_4 contains 12 device instances.
  Class: sky130_fd_pr__nfet_01v8 instances:   6
  Class: sky130_fd_pr__pfet_01v8_hvt instances:   6
Circuit contains 14 nets.

Circuit 1 contains 12 devices, Circuit 2 contains 12 devices.
Circuit 1 contains 14 nets,    Circuit 2 contains 14 nets.


Contents of circuit 1:  Circuit: 'sky130_fd_sc_hd__inv_8$1'
Circuit sky130_fd_sc_hd__inv_8$1 contains 2 device instances.
  Class: sky130_fd_pr__nfet_01v8 instances:   1
  Class: sky130_fd_pr__pfet_01v8_hvt instances:   1
Circuit contains 6 nets.
Contents of circuit 2:  Circuit: 'sky130_fd_sc_hd__inv_8'
Circuit sky130_fd_sc_hd__inv_8 contains 16 device instances.
  Class: sky130_fd_pr__nfet_01v8 instances:   8
  Class: sky130_fd_pr__pfet_01v8_hvt instances:   8
Circuit contains 6 nets.

Circuit was modified by parallel/series device merging.
New circuit summary:

Contents of circuit 1:  Circuit: 'sky130_fd_sc_hd__inv_8$1'
Circuit sky130_fd_sc_hd__inv_8$1 contains 2 device instances.
  Class: sky130_fd_pr__nfet_01v8 instances:   1
  Class: sky130_fd_pr__pfet_01v8_hvt instances:   1
Circuit contains 6 nets.
Contents of circuit 2:  Circuit: 'sky130_fd_sc_hd__inv_8'
Circuit sky130_fd_sc_hd__inv_8 contains 2 device instances.
  Class: sky130_fd_pr__nfet_01v8 instances:   1
  Class: sky130_fd_pr__pfet_01v8_hvt instances:   1
Circuit contains 6 nets.

Circuit 1 contains 2 devices, Circuit 2 contains 2 devices.
Circuit 1 contains 6 nets,    Circuit 2 contains 6 nets.


Contents of circuit 1:  Circuit: 'sky130_fd_sc_hd__clkinv_2$1'
Circuit sky130_fd_sc_hd__clkinv_2$1 contains 2 device instances.
  Class: sky130_fd_pr__nfet_01v8 instances:   1
  Class: sky130_fd_pr__pfet_01v8_hvt instances:   1
Circuit contains 6 nets.
Contents of circuit 2:  Circuit: 'sky130_fd_sc_hd__clkinv_2'
Circuit sky130_fd_sc_hd__clkinv_2 contains 5 device instances.
  Class: sky130_fd_pr__nfet_01v8 instances:   2
  Class: sky130_fd_pr__pfet_01v8_hvt instances:   3
Circuit contains 6 nets.

Circuit was modified by parallel/series device merging.
New circuit summary:

Contents of circuit 1:  Circuit: 'sky130_fd_sc_hd__clkinv_2$1'
Circuit sky130_fd_sc_hd__clkinv_2$1 contains 2 device instances.
  Class: sky130_fd_pr__nfet_01v8 instances:   1
  Class: sky130_fd_pr__pfet_01v8_hvt instances:   1
Circuit contains 6 nets.
Contents of circuit 2:  Circuit: 'sky130_fd_sc_hd__clkinv_2'
Circuit sky130_fd_sc_hd__clkinv_2 contains 2 device instances.
  Class: sky130_fd_pr__nfet_01v8 instances:   1
  Class: sky130_fd_pr__pfet_01v8_hvt instances:   1
Circuit contains 6 nets.

Circuit 1 contains 2 devices, Circuit 2 contains 2 devices.
Circuit 1 contains 6 nets,    Circuit 2 contains 6 nets.


Contents of circuit 1:  Circuit: 'sky130_fd_sc_hd__a21o_1$1'
Circuit sky130_fd_sc_hd__a21o_1$1 contains 8 device instances.
  Class: sky130_fd_pr__nfet_01v8 instances:   4
  Class: sky130_fd_pr__pfet_01v8_hvt instances:   4
Circuit contains 11 nets.
Contents of circuit 2:  Circuit: 'sky130_fd_sc_hd__a21o_1'
Circuit sky130_fd_sc_hd__a21o_1 contains 8 device instances.
  Class: sky130_fd_pr__nfet_01v8 instances:   4
  Class: sky130_fd_pr__pfet_01v8_hvt instances:   4
Circuit contains 11 nets.

Circuit 1 contains 8 devices, Circuit 2 contains 8 devices.
Circuit 1 contains 11 nets,    Circuit 2 contains 11 nets.


Contents of circuit 1:  Circuit: 'sky130_fd_sc_hd__clkinvlp_4$1'
Circuit sky130_fd_sc_hd__clkinvlp_4$1 contains 5 device instances.
  Class: sky130_fd_pr__nfet_01v8 instances:   4
  Class: sky130_fd_pr__pfet_01v8_hvt instances:   1
Circuit contains 8 nets.
Contents of circuit 2:  Circuit: 'sky130_fd_sc_hd__clkinvlp_4'
Circuit sky130_fd_sc_hd__clkinvlp_4 contains 8 device instances.
  Class: sky130_fd_pr__nfet_01v8 instances:   4
  Class: sky130_fd_pr__pfet_01v8_hvt instances:   4
Circuit contains 8 nets.

Circuit was modified by parallel/series device merging.
New circuit summary:

Contents of circuit 1:  Circuit: 'sky130_fd_sc_hd__clkinvlp_4$1'
Circuit sky130_fd_sc_hd__clkinvlp_4$1 contains 5 device instances.
  Class: sky130_fd_pr__nfet_01v8 instances:   4
  Class: sky130_fd_pr__pfet_01v8_hvt instances:   1
Circuit contains 8 nets.
Contents of circuit 2:  Circuit: 'sky130_fd_sc_hd__clkinvlp_4'
Circuit sky130_fd_sc_hd__clkinvlp_4 contains 5 device instances.
  Class: sky130_fd_pr__nfet_01v8 instances:   4
  Class: sky130_fd_pr__pfet_01v8_hvt instances:   1
Circuit contains 8 nets.

Circuit 1 contains 5 devices, Circuit 2 contains 5 devices.
Circuit 1 contains 8 nets,    Circuit 2 contains 8 nets.


Contents of circuit 1:  Circuit: 'sky130_fd_sc_hd__clkbuf_4$1'
Circuit sky130_fd_sc_hd__clkbuf_4$1 contains 4 device instances.
  Class: sky130_fd_pr__nfet_01v8 instances:   2
  Class: sky130_fd_pr__pfet_01v8_hvt instances:   2
Circuit contains 7 nets.
Contents of circuit 2:  Circuit: 'sky130_fd_sc_hd__clkbuf_4'
Circuit sky130_fd_sc_hd__clkbuf_4 contains 10 device instances.
  Class: sky130_fd_pr__nfet_01v8 instances:   5
  Class: sky130_fd_pr__pfet_01v8_hvt instances:   5
Circuit contains 7 nets.

Circuit was modified by parallel/series device merging.
New circuit summary:

Contents of circuit 1:  Circuit: 'sky130_fd_sc_hd__clkbuf_4$1'
Circuit sky130_fd_sc_hd__clkbuf_4$1 contains 4 device instances.
  Class: sky130_fd_pr__nfet_01v8 instances:   2
  Class: sky130_fd_pr__pfet_01v8_hvt instances:   2
Circuit contains 7 nets.
Contents of circuit 2:  Circuit: 'sky130_fd_sc_hd__clkbuf_4'
Circuit sky130_fd_sc_hd__clkbuf_4 contains 4 device instances.
  Class: sky130_fd_pr__nfet_01v8 instances:   2
  Class: sky130_fd_pr__pfet_01v8_hvt instances:   2
Circuit contains 7 nets.

Circuit 1 contains 4 devices, Circuit 2 contains 4 devices.
Circuit 1 contains 7 nets,    Circuit 2 contains 7 nets.


Contents of circuit 1:  Circuit: 'sky130_fd_sc_hd__buf_6$1'
Circuit sky130_fd_sc_hd__buf_6$1 contains 4 device instances.
  Class: sky130_fd_pr__nfet_01v8 instances:   2
  Class: sky130_fd_pr__pfet_01v8_hvt instances:   2
Circuit contains 7 nets.
Contents of circuit 2:  Circuit: 'sky130_fd_sc_hd__buf_6'
Circuit sky130_fd_sc_hd__buf_6 contains 16 device instances.
  Class: sky130_fd_pr__nfet_01v8 instances:   8
  Class: sky130_fd_pr__pfet_01v8_hvt instances:   8
Circuit contains 7 nets.

Circuit was modified by parallel/series device merging.
New circuit summary:

Contents of circuit 1:  Circuit: 'sky130_fd_sc_hd__buf_6$1'
Circuit sky130_fd_sc_hd__buf_6$1 contains 4 device instances.
  Class: sky130_fd_pr__nfet_01v8 instances:   2
  Class: sky130_fd_pr__pfet_01v8_hvt instances:   2
Circuit contains 7 nets.
Contents of circuit 2:  Circuit: 'sky130_fd_sc_hd__buf_6'
Circuit sky130_fd_sc_hd__buf_6 contains 4 device instances.
  Class: sky130_fd_pr__nfet_01v8 instances:   2
  Class: sky130_fd_pr__pfet_01v8_hvt instances:   2
Circuit contains 7 nets.

Circuit 1 contains 4 devices, Circuit 2 contains 4 devices.
Circuit 1 contains 7 nets,    Circuit 2 contains 7 nets.


Contents of circuit 1:  Circuit: 'sky130_fd_sc_hd__dfxtp_2$1'
Circuit sky130_fd_sc_hd__dfxtp_2$1 contains 24 device instances.
  Class: sky130_fd_pr__nfet_01v8 instances:   8
  Class: sky130_fd_pr__pfet_01v8_hvt instances:  12
  Class: sky130_fd_pr__special_nfet_01v8 instances:   4
Circuit contains 18 nets.
Contents of circuit 2:  Circuit: 'sky130_fd_sc_hd__dfxtp_2'
Circuit sky130_fd_sc_hd__dfxtp_2 contains 26 device instances.
  Class: sky130_fd_pr__nfet_01v8 instances:   9
  Class: sky130_fd_pr__pfet_01v8_hvt instances:  13
  Class: sky130_fd_pr__special_nfet_01v8 instances:   4
Circuit contains 18 nets.

Circuit was modified by parallel/series device merging.
New circuit summary:

Contents of circuit 1:  Circuit: 'sky130_fd_sc_hd__dfxtp_2$1'
Circuit sky130_fd_sc_hd__dfxtp_2$1 contains 24 device instances.
  Class: sky130_fd_pr__nfet_01v8 instances:   8
  Class: sky130_fd_pr__pfet_01v8_hvt instances:  12
  Class: sky130_fd_pr__special_nfet_01v8 instances:   4
Circuit contains 18 nets.
Contents of circuit 2:  Circuit: 'sky130_fd_sc_hd__dfxtp_2'
Circuit sky130_fd_sc_hd__dfxtp_2 contains 24 device instances.
  Class: sky130_fd_pr__nfet_01v8 instances:   8
  Class: sky130_fd_pr__pfet_01v8_hvt instances:  12
  Class: sky130_fd_pr__special_nfet_01v8 instances:   4
Circuit contains 18 nets.

Circuit 1 contains 24 devices, Circuit 2 contains 24 devices.
Circuit 1 contains 18 nets,    Circuit 2 contains 18 nets.


Contents of circuit 1:  Circuit: 'sky130_fd_sc_hd__and2_2$1'
Circuit sky130_fd_sc_hd__and2_2$1 contains 6 device instances.
  Class: sky130_fd_pr__nfet_01v8 instances:   3
  Class: sky130_fd_pr__pfet_01v8_hvt instances:   3
Circuit contains 9 nets.
Contents of circuit 2:  Circuit: 'sky130_fd_sc_hd__and2_2'
Circuit sky130_fd_sc_hd__and2_2 contains 8 device instances.
  Class: sky130_fd_pr__nfet_01v8 instances:   4
  Class: sky130_fd_pr__pfet_01v8_hvt instances:   4
Circuit contains 9 nets.

Circuit was modified by parallel/series device merging.
New circuit summary:

Contents of circuit 1:  Circuit: 'sky130_fd_sc_hd__and2_2$1'
Circuit sky130_fd_sc_hd__and2_2$1 contains 6 device instances.
  Class: sky130_fd_pr__nfet_01v8 instances:   3
  Class: sky130_fd_pr__pfet_01v8_hvt instances:   3
Circuit contains 9 nets.
Contents of circuit 2:  Circuit: 'sky130_fd_sc_hd__and2_2'
Circuit sky130_fd_sc_hd__and2_2 contains 6 device instances.
  Class: sky130_fd_pr__nfet_01v8 instances:   3
  Class: sky130_fd_pr__pfet_01v8_hvt instances:   3
Circuit contains 9 nets.

Circuit 1 contains 6 devices, Circuit 2 contains 6 devices.
Circuit 1 contains 9 nets,    Circuit 2 contains 9 nets.


Contents of circuit 1:  Circuit: 'sky130_fd_sc_hd__bufinv_16$1'
Circuit sky130_fd_sc_hd__bufinv_16$1 contains 6 device instances.
  Class: sky130_fd_pr__nfet_01v8 instances:   3
  Class: sky130_fd_pr__pfet_01v8_hvt instances:   3
Circuit contains 8 nets.
Contents of circuit 2:  Circuit: 'sky130_fd_sc_hd__bufinv_16'
Circuit sky130_fd_sc_hd__bufinv_16 contains 50 device instances.
  Class: sky130_fd_pr__nfet_01v8 instances:  25
  Class: sky130_fd_pr__pfet_01v8_hvt instances:  25
Circuit contains 8 nets.

Circuit was modified by parallel/series device merging.
New circuit summary:

Contents of circuit 1:  Circuit: 'sky130_fd_sc_hd__bufinv_16$1'
Circuit sky130_fd_sc_hd__bufinv_16$1 contains 6 device instances.
  Class: sky130_fd_pr__nfet_01v8 instances:   3
  Class: sky130_fd_pr__pfet_01v8_hvt instances:   3
Circuit contains 8 nets.
Contents of circuit 2:  Circuit: 'sky130_fd_sc_hd__bufinv_16'
Circuit sky130_fd_sc_hd__bufinv_16 contains 6 device instances.
  Class: sky130_fd_pr__nfet_01v8 instances:   3
  Class: sky130_fd_pr__pfet_01v8_hvt instances:   3
Circuit contains 8 nets.

Circuit 1 contains 6 devices, Circuit 2 contains 6 devices.
Circuit 1 contains 8 nets,    Circuit 2 contains 8 nets.


Contents of circuit 1:  Circuit: 'sky130_fd_sc_hd__clkinv_4$1'
Circuit sky130_fd_sc_hd__clkinv_4$1 contains 2 device instances.
  Class: sky130_fd_pr__nfet_01v8 instances:   1
  Class: sky130_fd_pr__pfet_01v8_hvt instances:   1
Circuit contains 6 nets.
Contents of circuit 2:  Circuit: 'sky130_fd_sc_hd__clkinv_4'
Circuit sky130_fd_sc_hd__clkinv_4 contains 10 device instances.
  Class: sky130_fd_pr__nfet_01v8 instances:   4
  Class: sky130_fd_pr__pfet_01v8_hvt instances:   6
Circuit contains 6 nets.

Circuit was modified by parallel/series device merging.
New circuit summary:

Contents of circuit 1:  Circuit: 'sky130_fd_sc_hd__clkinv_4$1'
Circuit sky130_fd_sc_hd__clkinv_4$1 contains 2 device instances.
  Class: sky130_fd_pr__nfet_01v8 instances:   1
  Class: sky130_fd_pr__pfet_01v8_hvt instances:   1
Circuit contains 6 nets.
Contents of circuit 2:  Circuit: 'sky130_fd_sc_hd__clkinv_4'
Circuit sky130_fd_sc_hd__clkinv_4 contains 2 device instances.
  Class: sky130_fd_pr__nfet_01v8 instances:   1
  Class: sky130_fd_pr__pfet_01v8_hvt instances:   1
Circuit contains 6 nets.

Circuit 1 contains 2 devices, Circuit 2 contains 2 devices.
Circuit 1 contains 6 nets,    Circuit 2 contains 6 nets.


Contents of circuit 1:  Circuit: 'sky130_fd_sc_hd__buf_8$1'
Circuit sky130_fd_sc_hd__buf_8$1 contains 4 device instances.
  Class: sky130_fd_pr__nfet_01v8 instances:   2
  Class: sky130_fd_pr__pfet_01v8_hvt instances:   2
Circuit contains 7 nets.
Contents of circuit 2:  Circuit: 'sky130_fd_sc_hd__buf_8'
Circuit sky130_fd_sc_hd__buf_8 contains 22 device instances.
  Class: sky130_fd_pr__nfet_01v8 instances:  11
  Class: sky130_fd_pr__pfet_01v8_hvt instances:  11
Circuit contains 7 nets.

Circuit was modified by parallel/series device merging.
New circuit summary:

Contents of circuit 1:  Circuit: 'sky130_fd_sc_hd__buf_8$1'
Circuit sky130_fd_sc_hd__buf_8$1 contains 4 device instances.
  Class: sky130_fd_pr__nfet_01v8 instances:   2
  Class: sky130_fd_pr__pfet_01v8_hvt instances:   2
Circuit contains 7 nets.
Contents of circuit 2:  Circuit: 'sky130_fd_sc_hd__buf_8'
Circuit sky130_fd_sc_hd__buf_8 contains 4 device instances.
  Class: sky130_fd_pr__nfet_01v8 instances:   2
  Class: sky130_fd_pr__pfet_01v8_hvt instances:   2
Circuit contains 7 nets.

Circuit 1 contains 4 devices, Circuit 2 contains 4 devices.
Circuit 1 contains 7 nets,    Circuit 2 contains 7 nets.


Contents of circuit 1:  Circuit: 'sky130_fd_sc_hd__o31a_1$1'
Circuit sky130_fd_sc_hd__o31a_1$1 contains 10 device instances.
  Class: sky130_fd_pr__nfet_01v8 instances:   5
  Class: sky130_fd_pr__pfet_01v8_hvt instances:   5
Circuit contains 13 nets.
Contents of circuit 2:  Circuit: 'sky130_fd_sc_hd__o31a_1'
Circuit sky130_fd_sc_hd__o31a_1 contains 10 device instances.
  Class: sky130_fd_pr__nfet_01v8 instances:   5
  Class: sky130_fd_pr__pfet_01v8_hvt instances:   5
Circuit contains 13 nets.

Circuit 1 contains 10 devices, Circuit 2 contains 10 devices.
Circuit 1 contains 13 nets,    Circuit 2 contains 13 nets.


Contents of circuit 1:  Circuit: 'sky130_fd_sc_hd__o21a_1$1'
Circuit sky130_fd_sc_hd__o21a_1$1 contains 8 device instances.
  Class: sky130_fd_pr__nfet_01v8 instances:   4
  Class: sky130_fd_pr__pfet_01v8_hvt instances:   4
Circuit contains 11 nets.
Contents of circuit 2:  Circuit: 'sky130_fd_sc_hd__o21a_1'
Circuit sky130_fd_sc_hd__o21a_1 contains 8 device instances.
  Class: sky130_fd_pr__nfet_01v8 instances:   4
  Class: sky130_fd_pr__pfet_01v8_hvt instances:   4
Circuit contains 11 nets.

Circuit 1 contains 8 devices, Circuit 2 contains 8 devices.
Circuit 1 contains 11 nets,    Circuit 2 contains 11 nets.


Contents of circuit 1:  Circuit: 'sky130_fd_sc_hd__inv_4$1'
Circuit sky130_fd_sc_hd__inv_4$1 contains 2 device instances.
  Class: sky130_fd_pr__nfet_01v8 instances:   1
  Class: sky130_fd_pr__pfet_01v8_hvt instances:   1
Circuit contains 6 nets.
Contents of circuit 2:  Circuit: 'sky130_fd_sc_hd__inv_4'
Circuit sky130_fd_sc_hd__inv_4 contains 8 device instances.
  Class: sky130_fd_pr__nfet_01v8 instances:   4
  Class: sky130_fd_pr__pfet_01v8_hvt instances:   4
Circuit contains 6 nets.

Circuit was modified by parallel/series device merging.
New circuit summary:

Contents of circuit 1:  Circuit: 'sky130_fd_sc_hd__inv_4$1'
Circuit sky130_fd_sc_hd__inv_4$1 contains 2 device instances.
  Class: sky130_fd_pr__nfet_01v8 instances:   1
  Class: sky130_fd_pr__pfet_01v8_hvt instances:   1
Circuit contains 6 nets.
Contents of circuit 2:  Circuit: 'sky130_fd_sc_hd__inv_4'
Circuit sky130_fd_sc_hd__inv_4 contains 2 device instances.
  Class: sky130_fd_pr__nfet_01v8 instances:   1
  Class: sky130_fd_pr__pfet_01v8_hvt instances:   1
Circuit contains 6 nets.

Circuit 1 contains 2 devices, Circuit 2 contains 2 devices.
Circuit 1 contains 6 nets,    Circuit 2 contains 6 nets.


Contents of circuit 1:  Circuit: 'sky130_fd_sc_hd__inv_6$1'
Circuit sky130_fd_sc_hd__inv_6$1 contains 2 device instances.
  Class: sky130_fd_pr__nfet_01v8 instances:   1
  Class: sky130_fd_pr__pfet_01v8_hvt instances:   1
Circuit contains 6 nets.
Contents of circuit 2:  Circuit: 'sky130_fd_sc_hd__inv_6'
Circuit sky130_fd_sc_hd__inv_6 contains 12 device instances.
  Class: sky130_fd_pr__nfet_01v8 instances:   6
  Class: sky130_fd_pr__pfet_01v8_hvt instances:   6
Circuit contains 6 nets.

Circuit was modified by parallel/series device merging.
New circuit summary:

Contents of circuit 1:  Circuit: 'sky130_fd_sc_hd__inv_6$1'
Circuit sky130_fd_sc_hd__inv_6$1 contains 2 device instances.
  Class: sky130_fd_pr__nfet_01v8 instances:   1
  Class: sky130_fd_pr__pfet_01v8_hvt instances:   1
Circuit contains 6 nets.
Contents of circuit 2:  Circuit: 'sky130_fd_sc_hd__inv_6'
Circuit sky130_fd_sc_hd__inv_6 contains 2 device instances.
  Class: sky130_fd_pr__nfet_01v8 instances:   1
  Class: sky130_fd_pr__pfet_01v8_hvt instances:   1
Circuit contains 6 nets.

Circuit 1 contains 2 devices, Circuit 2 contains 2 devices.
Circuit 1 contains 6 nets,    Circuit 2 contains 6 nets.


Contents of circuit 1:  Circuit: 'sky130_fd_sc_hd__dlymetal6s2s_1$1'
Circuit sky130_fd_sc_hd__dlymetal6s2s_1$1 contains 12 device instances.
  Class: sky130_fd_pr__nfet_01v8 instances:   6
  Class: sky130_fd_pr__pfet_01v8_hvt instances:   6
Circuit contains 11 nets.
Contents of circuit 2:  Circuit: 'sky130_fd_sc_hd__dlymetal6s2s_1'
Circuit sky130_fd_sc_hd__dlymetal6s2s_1 contains 12 device instances.
  Class: sky130_fd_pr__nfet_01v8 instances:   6
  Class: sky130_fd_pr__pfet_01v8_hvt instances:   6
Circuit contains 11 nets.

Circuit 1 contains 12 devices, Circuit 2 contains 12 devices.
Circuit 1 contains 11 nets,    Circuit 2 contains 11 nets.


Contents of circuit 1:  Circuit: 'sky130_fd_sc_hd__clkbuf_16$1'
Circuit sky130_fd_sc_hd__clkbuf_16$1 contains 4 device instances.
  Class: sky130_fd_pr__nfet_01v8 instances:   2
  Class: sky130_fd_pr__pfet_01v8_hvt instances:   2
Circuit contains 7 nets.
Contents of circuit 2:  Circuit: 'sky130_fd_sc_hd__clkbuf_16'
Circuit sky130_fd_sc_hd__clkbuf_16 contains 40 device instances.
  Class: sky130_fd_pr__nfet_01v8 instances:  20
  Class: sky130_fd_pr__pfet_01v8_hvt instances:  20
Circuit contains 7 nets.

Circuit was modified by parallel/series device merging.
New circuit summary:

Contents of circuit 1:  Circuit: 'sky130_fd_sc_hd__clkbuf_16$1'
Circuit sky130_fd_sc_hd__clkbuf_16$1 contains 4 device instances.
  Class: sky130_fd_pr__nfet_01v8 instances:   2
  Class: sky130_fd_pr__pfet_01v8_hvt instances:   2
Circuit contains 7 nets.
Contents of circuit 2:  Circuit: 'sky130_fd_sc_hd__clkbuf_16'
Circuit sky130_fd_sc_hd__clkbuf_16 contains 4 device instances.
  Class: sky130_fd_pr__nfet_01v8 instances:   2
  Class: sky130_fd_pr__pfet_01v8_hvt instances:   2
Circuit contains 7 nets.

Circuit 1 contains 4 devices, Circuit 2 contains 4 devices.
Circuit 1 contains 7 nets,    Circuit 2 contains 7 nets.


Contents of circuit 1:  Circuit: 'sky130_fd_sc_hd__nor4b_4$1'
Circuit sky130_fd_sc_hd__nor4b_4$1 contains 10 device instances.
  Class: sky130_fd_pr__nfet_01v8 instances:   5
  Class: sky130_fd_pr__pfet_01v8_hvt instances:   5
Circuit contains 13 nets.
Contents of circuit 2:  Circuit: 'sky130_fd_sc_hd__nor4b_4'
Circuit sky130_fd_sc_hd__nor4b_4 contains 34 device instances.
  Class: sky130_fd_pr__nfet_01v8 instances:  17
  Class: sky130_fd_pr__pfet_01v8_hvt instances:  17
Circuit contains 13 nets.

Circuit was modified by parallel/series device merging.
New circuit summary:

Contents of circuit 1:  Circuit: 'sky130_fd_sc_hd__nor4b_4$1'
Circuit sky130_fd_sc_hd__nor4b_4$1 contains 10 device instances.
  Class: sky130_fd_pr__nfet_01v8 instances:   5
  Class: sky130_fd_pr__pfet_01v8_hvt instances:   5
Circuit contains 13 nets.
Contents of circuit 2:  Circuit: 'sky130_fd_sc_hd__nor4b_4'
Circuit sky130_fd_sc_hd__nor4b_4 contains 10 device instances.
  Class: sky130_fd_pr__nfet_01v8 instances:   5
  Class: sky130_fd_pr__pfet_01v8_hvt instances:   5
Circuit contains 13 nets.

Circuit 1 contains 10 devices, Circuit 2 contains 10 devices.
Circuit 1 contains 13 nets,    Circuit 2 contains 13 nets.


Contents of circuit 1:  Circuit: 'sky130_fd_sc_hd__conb_1$1'
Circuit sky130_fd_sc_hd__conb_1$1 contains 2 device instances.
  Class: sky130_fd_pr__res_generic_po instances:   2
Circuit contains 4 nets, and 2 disconnected pins.
Contents of circuit 2:  Circuit: 'sky130_fd_sc_hd__conb_1'
Circuit sky130_fd_sc_hd__conb_1 contains 2 device instances.
  Class: sky130_fd_pr__res_generic_po instances:   2
Circuit contains 4 nets, and 2 disconnected pins.

Circuit 1 contains 2 devices, Circuit 2 contains 2 devices.
Circuit 1 contains 4 nets,    Circuit 2 contains 4 nets.


Contents of circuit 1:  Circuit: 'sky130_fd_sc_hd__nor4b_2$1'
Circuit sky130_fd_sc_hd__nor4b_2$1 contains 10 device instances.
  Class: sky130_fd_pr__nfet_01v8 instances:   5
  Class: sky130_fd_pr__pfet_01v8_hvt instances:   5
Circuit contains 13 nets.
Contents of circuit 2:  Circuit: 'sky130_fd_sc_hd__nor4b_2'
Circuit sky130_fd_sc_hd__nor4b_2 contains 18 device instances.
  Class: sky130_fd_pr__nfet_01v8 instances:   9
  Class: sky130_fd_pr__pfet_01v8_hvt instances:   9
Circuit contains 13 nets.

Circuit was modified by parallel/series device merging.
New circuit summary:

Contents of circuit 1:  Circuit: 'sky130_fd_sc_hd__nor4b_2$1'
Circuit sky130_fd_sc_hd__nor4b_2$1 contains 10 device instances.
  Class: sky130_fd_pr__nfet_01v8 instances:   5
  Class: sky130_fd_pr__pfet_01v8_hvt instances:   5
Circuit contains 13 nets.
Contents of circuit 2:  Circuit: 'sky130_fd_sc_hd__nor4b_2'
Circuit sky130_fd_sc_hd__nor4b_2 contains 10 device instances.
  Class: sky130_fd_pr__nfet_01v8 instances:   5
  Class: sky130_fd_pr__pfet_01v8_hvt instances:   5
Circuit contains 13 nets.

Circuit 1 contains 10 devices, Circuit 2 contains 10 devices.
Circuit 1 contains 13 nets,    Circuit 2 contains 13 nets.


Contents of circuit 1:  Circuit: 'sky130_fd_sc_hd__nor4b_1$1'
Circuit sky130_fd_sc_hd__nor4b_1$1 contains 10 device instances.
  Class: sky130_fd_pr__nfet_01v8 instances:   5
  Class: sky130_fd_pr__pfet_01v8_hvt instances:   5
Circuit contains 13 nets.
Contents of circuit 2:  Circuit: 'sky130_fd_sc_hd__nor4b_1'
Circuit sky130_fd_sc_hd__nor4b_1 contains 10 device instances.
  Class: sky130_fd_pr__nfet_01v8 instances:   5
  Class: sky130_fd_pr__pfet_01v8_hvt instances:   5
Circuit contains 13 nets.

Circuit 1 contains 10 devices, Circuit 2 contains 10 devices.
Circuit 1 contains 13 nets,    Circuit 2 contains 13 nets.


Contents of circuit 1:  Circuit: 'sky130_fd_sc_hd__or4_1$1'
Circuit sky130_fd_sc_hd__or4_1$1 contains 10 device instances.
  Class: sky130_fd_pr__nfet_01v8 instances:   5
  Class: sky130_fd_pr__pfet_01v8_hvt instances:   5
Circuit contains 13 nets.
Contents of circuit 2:  Circuit: 'sky130_fd_sc_hd__or4_1'
Circuit sky130_fd_sc_hd__or4_1 contains 10 device instances.
  Class: sky130_fd_pr__nfet_01v8 instances:   5
  Class: sky130_fd_pr__pfet_01v8_hvt instances:   5
Circuit contains 13 nets.

Circuit 1 contains 10 devices, Circuit 2 contains 10 devices.
Circuit 1 contains 13 nets,    Circuit 2 contains 13 nets.


Contents of circuit 1:  Circuit: 'sky130_fd_sc_hd__nand2_4$1'
Circuit sky130_fd_sc_hd__nand2_4$1 contains 4 device instances.
  Class: sky130_fd_pr__nfet_01v8 instances:   2
  Class: sky130_fd_pr__pfet_01v8_hvt instances:   2
Circuit contains 8 nets.
Contents of circuit 2:  Circuit: 'sky130_fd_sc_hd__nand2_4'
Circuit sky130_fd_sc_hd__nand2_4 contains 16 device instances.
  Class: sky130_fd_pr__nfet_01v8 instances:   8
  Class: sky130_fd_pr__pfet_01v8_hvt instances:   8
Circuit contains 8 nets.

Circuit was modified by parallel/series device merging.
New circuit summary:

Contents of circuit 1:  Circuit: 'sky130_fd_sc_hd__nand2_4$1'
Circuit sky130_fd_sc_hd__nand2_4$1 contains 4 device instances.
  Class: sky130_fd_pr__nfet_01v8 instances:   2
  Class: sky130_fd_pr__pfet_01v8_hvt instances:   2
Circuit contains 8 nets.
Contents of circuit 2:  Circuit: 'sky130_fd_sc_hd__nand2_4'
Circuit sky130_fd_sc_hd__nand2_4 contains 4 device instances.
  Class: sky130_fd_pr__nfet_01v8 instances:   2
  Class: sky130_fd_pr__pfet_01v8_hvt instances:   2
Circuit contains 8 nets.

Circuit 1 contains 4 devices, Circuit 2 contains 4 devices.
Circuit 1 contains 8 nets,    Circuit 2 contains 8 nets.


Contents of circuit 1:  Circuit: 'sky130_fd_sc_hd__and4b_1$1'
Circuit sky130_fd_sc_hd__and4b_1$1 contains 12 device instances.
  Class: sky130_fd_pr__nfet_01v8 instances:   6
  Class: sky130_fd_pr__pfet_01v8_hvt instances:   6
Circuit contains 14 nets.
Contents of circuit 2:  Circuit: 'sky130_fd_sc_hd__and4b_1'
Circuit sky130_fd_sc_hd__and4b_1 contains 12 device instances.
  Class: sky130_fd_pr__nfet_01v8 instances:   6
  Class: sky130_fd_pr__pfet_01v8_hvt instances:   6
Circuit contains 14 nets.

Circuit 1 contains 12 devices, Circuit 2 contains 12 devices.
Circuit 1 contains 14 nets,    Circuit 2 contains 14 nets.


Contents of circuit 1:  Circuit: 'sky130_fd_sc_hd__inv_2$1'
Circuit sky130_fd_sc_hd__inv_2$1 contains 2 device instances.
  Class: sky130_fd_pr__nfet_01v8 instances:   1
  Class: sky130_fd_pr__pfet_01v8_hvt instances:   1
Circuit contains 6 nets.
Contents of circuit 2:  Circuit: 'sky130_fd_sc_hd__inv_2'
Circuit sky130_fd_sc_hd__inv_2 contains 4 device instances.
  Class: sky130_fd_pr__nfet_01v8 instances:   2
  Class: sky130_fd_pr__pfet_01v8_hvt instances:   2
Circuit contains 6 nets.

Circuit was modified by parallel/series device merging.
New circuit summary:

Contents of circuit 1:  Circuit: 'sky130_fd_sc_hd__inv_2$1'
Circuit sky130_fd_sc_hd__inv_2$1 contains 2 device instances.
  Class: sky130_fd_pr__nfet_01v8 instances:   1
  Class: sky130_fd_pr__pfet_01v8_hvt instances:   1
Circuit contains 6 nets.
Contents of circuit 2:  Circuit: 'sky130_fd_sc_hd__inv_2'
Circuit sky130_fd_sc_hd__inv_2 contains 2 device instances.
  Class: sky130_fd_pr__nfet_01v8 instances:   1
  Class: sky130_fd_pr__pfet_01v8_hvt instances:   1
Circuit contains 6 nets.

Circuit 1 contains 2 devices, Circuit 2 contains 2 devices.
Circuit 1 contains 6 nets,    Circuit 2 contains 6 nets.


Contents of circuit 1:  Circuit: 'afe_wb'
Circuit afe_wb contains 17447 device instances.
  Class: sky130_fd_sc_hd__or4_1$1 instances:   1
  Class: sky130_fd_sc_hd__or3_1$1 instances:   9
  Class: sky130_fd_sc_hd__and2_2$1 instances:   4
  Class: sky130_fd_sc_hd__or2_1$1 instances: 256
  Class: sky130_fd_sc_hd__inv_8$1 instances:   1
  Class: sky130_fd_sc_hd__dfxtp_2$1 instances:  28
  Class: sky130_fd_sc_hd__a22o_1$1 instances:  96
  Class: sky130_fd_sc_hd__o21a_1$1 instances:   1
  Class: sky130_fd_sc_hd__clkbuf_16$1 instances:   5
  Class: sky130_fd_sc_hd__o211a_1$1 instances: 256
  Class: sky130_fd_sc_hd__clkbuf_8$1 instances:  70
  Class: sky130_fd_sc_hd__nand2_4$1 instances:   1
  Class: sky130_fd_sc_hd__and2_1$1 instances:   4
  Class: sky130_fd_sc_hd__and4b_1$1 instances:   1
  Class: sky130_fd_sc_hd__buf_4$1 instances:  39
  Class: sky130_fd_sc_hd__inv_2$1 instances:   1
  Class: sky130_fd_sc_hd__or4bb_4$1 instances:   1
  Class: sky130_fd_sc_hd__dfxtp_1$1 instances: 252
  Class: sky130_fd_sc_hd__dlygate4sd3_1$1 instances: 212
  Class: sky130_fd_sc_hd__fill_4$1 instances: 1740
  Class: sky130_fd_sc_hd__a21o_1$1 instances:  12
  Class: sky130_fd_sc_hd__nor4b_2$1 instances:   1
  Class: sky130_fd_sc_hd__clkbuf_2$1 instances:  55
  Class: sky130_fd_sc_hd__clkinv_2$1 instances:  10
  Class: sky130_fd_sc_hd__nand2_8$1 instances:   1
  Class: sky130_fd_sc_hd__buf_8$1 instances:   8
  Class: sky130_fd_sc_hd__inv_6$1 instances:   2
  Class: sky130_ef_sc_hd__decap_40_12$1 instances: 6804
  Class: sky130_fd_sc_hd__buf_12$1 instances: 149
  Class: sky130_fd_sc_hd__fill_8$1 instances: 429
  Class: sky130_fd_sc_hd__nor4b_1$1 instances:   1
  Class: sky130_fd_sc_hd__nand2_2$1 instances:   7
  Class: sky130_fd_sc_hd__and4b_4$1 instances:   2
  Class: sky130_fd_sc_hd__decap_3$1 instances: 278
  Class: sky130_fd_sc_hd__buf_2$1 instances:  26
  Class: sky130_fd_sc_hd__conb_1$1 instances:   7
  Class: sky130_fd_sc_hd__o31a_1$1 instances:   1
  Class: sky130_fd_sc_hd__dfxtp_4$1 instances:   9
  Class: sky130_fd_sc_hd__bufinv_16$1 instances:   3
  Class: sky130_fd_sc_hd__o221a_1$1 instances:  31
  Class: sky130_fd_sc_hd__fill_2$1 instances: 2028
  Class: sky130_fd_sc_hd__tapvpwrvgnd_1$1 instances: 2115
  Class: sky130_fd_sc_hd__dlymetal6s2s_1$1 instances:   3
  Class: sky130_fd_sc_hd__a2111o_1$1 instances:  21
  Class: sky130_fd_sc_hd__clkinvlp_4$1 instances:   5
  Class: sky130_fd_sc_hd__a221o_1$1 instances:  22
  Class: sky130_fd_sc_hd__or4_2$1 instances:   1
  Class: sky130_fd_sc_hd__buf_1$1 instances:  33
  Class: sky130_fd_sc_hd__buf_6$1 instances:  21
  Class: sky130_fd_sc_hd__and4bb_4$1 instances:   5
  Class: sky130_fd_sc_hd__inv_4$1 instances:   4
  Class: sky130_fd_sc_hd__fill_1$1 instances: 2316
  Class: sky130_fd_sc_hd__nor4b_4$1 instances:   2
  Class: sky130_fd_sc_hd__clkbuf_4$1 instances:  20
  Class: sky130_fd_sc_hd__diode_2$1 instances:  30
  Class: sky130_fd_sc_hd__clkinv_4$1 instances:   7
Circuit contains 1770 nets, and 32 disconnected pins.
Contents of circuit 2:  Circuit: 'afe_wb'
Circuit afe_wb contains 17447 device instances.
  Class: sky130_fd_sc_hd__bufinv_16 instances:   3
  Class: sky130_fd_sc_hd__a21o_1 instances:  12
  Class: sky130_fd_sc_hd__clkbuf_16 instances:   5
  Class: sky130_fd_sc_hd__dfxtp_1 instances: 252
  Class: sky130_fd_sc_hd__dfxtp_2 instances:  28
  Class: sky130_fd_sc_hd__dfxtp_4 instances:   9
  Class: sky130_fd_sc_hd__or4_1 instances:   1
  Class: sky130_fd_sc_hd__or4_2 instances:   1
  Class: sky130_fd_sc_hd__buf_1 instances:  33
  Class: sky130_fd_sc_hd__buf_2 instances:  26
  Class: sky130_fd_sc_hd__buf_4 instances:  39
  Class: sky130_fd_sc_hd__buf_6 instances:  21
  Class: sky130_fd_sc_hd__buf_8 instances:   8
  Class: sky130_fd_sc_hd__inv_2 instances:   1
  Class: sky130_fd_sc_hd__inv_4 instances:   4
  Class: sky130_fd_sc_hd__inv_6 instances:   2
  Class: sky130_fd_sc_hd__inv_8 instances:   1
  Class: sky130_fd_sc_hd__clkbuf_2 instances:  55
  Class: sky130_fd_sc_hd__clkbuf_4 instances:  20
  Class: sky130_fd_sc_hd__clkbuf_8 instances:  70
  Class: sky130_fd_sc_hd__or3_1 instances:   9
  Class: sky130_fd_sc_hd__conb_1 instances:   7
  Class: sky130_fd_sc_hd__buf_12 instances: 149
  Class: sky130_fd_sc_hd__clkinv_2 instances:  10
  Class: sky130_fd_sc_hd__clkinv_4 instances:   7
  Class: sky130_fd_sc_hd__a2111o_1 instances:  21
  Class: sky130_fd_sc_hd__decap_3 instances: 278
  Class: sky130_fd_sc_hd__dlygate4sd3_1 instances: 212
  Class: sky130_fd_sc_hd__or2_1 instances: 256
  Class: sky130_fd_sc_hd__nand2_2 instances:   7
  Class: sky130_fd_sc_hd__nand2_4 instances:   1
  Class: sky130_fd_sc_hd__nor4b_1 instances:   1
  Class: sky130_fd_sc_hd__nor4b_2 instances:   1
  Class: sky130_fd_sc_hd__nand2_8 instances:   1
  Class: sky130_fd_sc_hd__nor4b_4 instances:   2
  Class: sky130_fd_sc_hd__and2_1 instances:   4
  Class: sky130_fd_sc_hd__and2_2 instances:   4
  Class: sky130_fd_sc_hd__clkinvlp_4 instances:   5
  Class: sky130_fd_sc_hd__o221a_1 instances:  31
  Class: sky130_fd_sc_hd__o211a_1 instances: 256
  Class: sky130_fd_sc_hd__diode_2 instances:  30
  Class: sky130_fd_sc_hd__a221o_1 instances:  22
  Class: sky130_fd_sc_hd__dlymetal6s2s_1 instances:   3
  Class: sky130_fd_sc_hd__or4bb_4 instances:   1
  Class: sky130_fd_sc_hd__a22o_1 instances:  96
  Class: sky130_fd_sc_hd__o31a_1 instances:   1
  Class: sky130_fd_sc_hd__o21a_1 instances:   1
  Class: sky130_fd_sc_hd__and4b_1 instances:   1
  Class: sky130_fd_sc_hd__tapvpwrvgnd_1 instances: 2115
  Class: sky130_fd_sc_hd__and4b_4 instances:   2
  Class: sky130_fd_sc_hd__fill_1 instances: 2316
  Class: sky130_fd_sc_hd__fill_2 instances: 2028
  Class: sky130_fd_sc_hd__fill_4 instances: 1740
  Class: sky130_fd_sc_hd__fill_8 instances: 429
  Class: sky130_ef_sc_hd__decap_40_12 instances: 6804
  Class: sky130_fd_sc_hd__and4bb_4 instances:   5
Circuit contains 1770 nets, and 32 disconnected pins.

Circuit was modified by parallel/series device merging.
New circuit summary:

Contents of circuit 1:  Circuit: 'afe_wb'
Circuit afe_wb contains 1740 device instances.
  Class: sky130_fd_sc_hd__or4_1$1 instances:   1
  Class: sky130_fd_sc_hd__or3_1$1 instances:   9
  Class: sky130_fd_sc_hd__and2_2$1 instances:   4
  Class: sky130_fd_sc_hd__or2_1$1 instances: 256
  Class: sky130_fd_sc_hd__inv_8$1 instances:   1
  Class: sky130_fd_sc_hd__dfxtp_2$1 instances:  28
  Class: sky130_fd_sc_hd__a22o_1$1 instances:  96
  Class: sky130_fd_sc_hd__o21a_1$1 instances:   1
  Class: sky130_fd_sc_hd__clkbuf_16$1 instances:   5
  Class: sky130_fd_sc_hd__o211a_1$1 instances: 256
  Class: sky130_fd_sc_hd__clkbuf_8$1 instances:  70
  Class: sky130_fd_sc_hd__nand2_4$1 instances:   1
  Class: sky130_fd_sc_hd__and2_1$1 instances:   4
  Class: sky130_fd_sc_hd__and4b_1$1 instances:   1
  Class: sky130_fd_sc_hd__buf_4$1 instances:  39
  Class: sky130_fd_sc_hd__inv_2$1 instances:   1
  Class: sky130_fd_sc_hd__or4bb_4$1 instances:   1
  Class: sky130_fd_sc_hd__dfxtp_1$1 instances: 252
  Class: sky130_fd_sc_hd__dlygate4sd3_1$1 instances: 212
  Class: sky130_fd_sc_hd__fill_4$1 instances:   1
  Class: sky130_fd_sc_hd__a21o_1$1 instances:  12
  Class: sky130_fd_sc_hd__nor4b_2$1 instances:   1
  Class: sky130_fd_sc_hd__clkbuf_2$1 instances:  55
  Class: sky130_fd_sc_hd__clkinv_2$1 instances:  10
  Class: sky130_fd_sc_hd__nand2_8$1 instances:   1
  Class: sky130_fd_sc_hd__buf_8$1 instances:   8
  Class: sky130_fd_sc_hd__inv_6$1 instances:   2
  Class: sky130_ef_sc_hd__decap_40_12$1 instances:   1
  Class: sky130_fd_sc_hd__buf_12$1 instances: 149
  Class: sky130_fd_sc_hd__fill_8$1 instances:   1
  Class: sky130_fd_sc_hd__nor4b_1$1 instances:   1
  Class: sky130_fd_sc_hd__nand2_2$1 instances:   7
  Class: sky130_fd_sc_hd__and4b_4$1 instances:   2
  Class: sky130_fd_sc_hd__decap_3$1 instances:   1
  Class: sky130_fd_sc_hd__buf_2$1 instances:  26
  Class: sky130_fd_sc_hd__conb_1$1 instances:   7
  Class: sky130_fd_sc_hd__o31a_1$1 instances:   1
  Class: sky130_fd_sc_hd__dfxtp_4$1 instances:   9
  Class: sky130_fd_sc_hd__bufinv_16$1 instances:   3
  Class: sky130_fd_sc_hd__o221a_1$1 instances:  31
  Class: sky130_fd_sc_hd__fill_2$1 instances:   1
  Class: sky130_fd_sc_hd__tapvpwrvgnd_1$1 instances:   1
  Class: sky130_fd_sc_hd__dlymetal6s2s_1$1 instances:   3
  Class: sky130_fd_sc_hd__a2111o_1$1 instances:  21
  Class: sky130_fd_sc_hd__clkinvlp_4$1 instances:   5
  Class: sky130_fd_sc_hd__a221o_1$1 instances:  22
  Class: sky130_fd_sc_hd__or4_2$1 instances:   1
  Class: sky130_fd_sc_hd__buf_1$1 instances:  33
  Class: sky130_fd_sc_hd__buf_6$1 instances:  21
  Class: sky130_fd_sc_hd__and4bb_4$1 instances:   5
  Class: sky130_fd_sc_hd__inv_4$1 instances:   4
  Class: sky130_fd_sc_hd__fill_1$1 instances:   1
  Class: sky130_fd_sc_hd__nor4b_4$1 instances:   2
  Class: sky130_fd_sc_hd__clkbuf_4$1 instances:  20
  Class: sky130_fd_sc_hd__diode_2$1 instances:  26
  Class: sky130_fd_sc_hd__clkinv_4$1 instances:   7
Circuit contains 1770 nets, and 32 disconnected pins.
Contents of circuit 2:  Circuit: 'afe_wb'
Circuit afe_wb contains 1740 device instances.
  Class: sky130_fd_sc_hd__bufinv_16 instances:   3
  Class: sky130_fd_sc_hd__a21o_1 instances:  12
  Class: sky130_fd_sc_hd__clkbuf_16 instances:   5
  Class: sky130_fd_sc_hd__dfxtp_1 instances: 252
  Class: sky130_fd_sc_hd__dfxtp_2 instances:  28
  Class: sky130_fd_sc_hd__dfxtp_4 instances:   9
  Class: sky130_fd_sc_hd__or4_1 instances:   1
  Class: sky130_fd_sc_hd__or4_2 instances:   1
  Class: sky130_fd_sc_hd__buf_1 instances:  33
  Class: sky130_fd_sc_hd__buf_2 instances:  26
  Class: sky130_fd_sc_hd__buf_4 instances:  39
  Class: sky130_fd_sc_hd__buf_6 instances:  21
  Class: sky130_fd_sc_hd__buf_8 instances:   8
  Class: sky130_fd_sc_hd__inv_2 instances:   1
  Class: sky130_fd_sc_hd__inv_4 instances:   4
  Class: sky130_fd_sc_hd__inv_6 instances:   2
  Class: sky130_fd_sc_hd__inv_8 instances:   1
  Class: sky130_fd_sc_hd__clkbuf_2 instances:  55
  Class: sky130_fd_sc_hd__clkbuf_4 instances:  20
  Class: sky130_fd_sc_hd__clkbuf_8 instances:  70
  Class: sky130_fd_sc_hd__or3_1 instances:   9
  Class: sky130_fd_sc_hd__conb_1 instances:   7
  Class: sky130_fd_sc_hd__buf_12 instances: 149
  Class: sky130_fd_sc_hd__clkinv_2 instances:  10
  Class: sky130_fd_sc_hd__clkinv_4 instances:   7
  Class: sky130_fd_sc_hd__a2111o_1 instances:  21
  Class: sky130_fd_sc_hd__decap_3 instances:   1
  Class: sky130_fd_sc_hd__dlygate4sd3_1 instances: 212
  Class: sky130_fd_sc_hd__or2_1 instances: 256
  Class: sky130_fd_sc_hd__nand2_2 instances:   7
  Class: sky130_fd_sc_hd__nand2_4 instances:   1
  Class: sky130_fd_sc_hd__nor4b_1 instances:   1
  Class: sky130_fd_sc_hd__nor4b_2 instances:   1
  Class: sky130_fd_sc_hd__nand2_8 instances:   1
  Class: sky130_fd_sc_hd__nor4b_4 instances:   2
  Class: sky130_fd_sc_hd__and2_1 instances:   4
  Class: sky130_fd_sc_hd__and2_2 instances:   4
  Class: sky130_fd_sc_hd__clkinvlp_4 instances:   5
  Class: sky130_fd_sc_hd__o221a_1 instances:  31
  Class: sky130_fd_sc_hd__o211a_1 instances: 256
  Class: sky130_fd_sc_hd__diode_2 instances:  26
  Class: sky130_fd_sc_hd__a221o_1 instances:  22
  Class: sky130_fd_sc_hd__dlymetal6s2s_1 instances:   3
  Class: sky130_fd_sc_hd__or4bb_4 instances:   1
  Class: sky130_fd_sc_hd__a22o_1 instances:  96
  Class: sky130_fd_sc_hd__o31a_1 instances:   1
  Class: sky130_fd_sc_hd__o21a_1 instances:   1
  Class: sky130_fd_sc_hd__and4b_1 instances:   1
  Class: sky130_fd_sc_hd__tapvpwrvgnd_1 instances:   1
  Class: sky130_fd_sc_hd__and4b_4 instances:   2
  Class: sky130_fd_sc_hd__fill_1 instances:   1
  Class: sky130_fd_sc_hd__fill_2 instances:   1
  Class: sky130_fd_sc_hd__fill_4 instances:   1
  Class: sky130_fd_sc_hd__fill_8 instances:   1
  Class: sky130_ef_sc_hd__decap_40_12 instances:   1
  Class: sky130_fd_sc_hd__and4bb_4 instances:   5
Circuit contains 1770 nets, and 32 disconnected pins.

Circuit 1 contains 1740 devices, Circuit 2 contains 1740 devices.
Circuit 1 contains 1770 nets,    Circuit 2 contains 1770 nets.

Circuit CF_BUF_HIZ contains no devices.

Contents of circuit 1:  Circuit: 'user_project_wrapper'
Circuit user_project_wrapper contains 2 device instances.
  Class: afe_wb                instances:   1
  Class: CF_BUF_HIZ            instances:   1
Circuit contains 259 nets, and 520 disconnected pins.
Contents of circuit 2:  Circuit: 'user_project_wrapper'
Circuit user_project_wrapper contains 6 device instances.
  Class: CF_BGR                instances:   1
  Class: afe_wb                instances:   1
  Class: CF_REFBUF             instances:   1
  Class: CF_ADC_SAR12          instances:   1
  Class: CF_BUF_HIZ            instances:   1
  Class: CF_ADC_SAR12_sar_refs instances:   1
Circuit contains 280 nets, and 509 disconnected pins.

Circuit 1 contains 2 devices, Circuit 2 contains 6 devices. *** MISMATCH ***
Circuit 1 contains 259 nets,    Circuit 2 contains 280 nets. *** MISMATCH ***


Final result: 
Top level cell failed pin matching.

Logging to file "/tmp/tmpvjn2kage/repo/precheck_results/16_SEP_2026___21_38_25/tmp/lvs.report" disabled
LVS Done.
Notice: LVS completed with these abstracted cells: 
CF_BUF_HIZ is a black box in the source
CF_BUF_HIZ contains no devices
END: Wed Sep 16 21:40:04 2026
Runtime: 0:00:02 (hh:mm:ss)
