Clock: clk
Sources: wb_clk_i 
Generated: no
Virtual: yes
Propagated: no
Period: 25.000000

===========================================================================
report_clock_properties
============================================================================
Clock                   Period          Waveform
----------------------------------------------------
clk                  25.000000    0.000000 12.500000

===========================================================================
report_clock_latency
============================================================================
Clock clk
rise -> rise
    min     max
4.650000 5.570000 source latency
5.753342         network latency u_afe_wb/_1685_/CLK
        6.887803 network latency u_afe_wb/_1474_/CLK
---------------
10.403341 12.457802 latency
        2.054461 skew

fall -> fall
    min     max
4.650000 5.570000 source latency
5.801250         network latency u_afe_wb/_1685_/CLK
        6.915880 network latency u_afe_wb/_1474_/CLK
---------------
10.451249 12.485879 latency
        2.034630 skew



===========================================================================
report_clock_min_period
============================================================================
clk period_min = 9.36 fmax = 106.79
