
===========================================================================
 report_power
============================================================================
======================= nom_ss_100C_1v60 Corner ===================================

Group                    Internal    Switching      Leakage        Total
                            Power        Power        Power        Power (Watts)
------------------------------------------------------------------------
Sequential           3.600935e-04 8.040108e-06 3.995225e-06 3.721288e-04  40.7%
Combinational        3.453612e-05 8.470724e-05 9.419643e-06 1.286630e-04  14.1%
Clock                2.216810e-04 1.916476e-04 8.869407e-07 4.142155e-04  45.3%
Macro                0.000000e+00 0.000000e+00 0.000000e+00 0.000000e+00   0.0%
Pad                  0.000000e+00 0.000000e+00 0.000000e+00 0.000000e+00   0.0%
------------------------------------------------------------------------
Total                6.163099e-04 2.843946e-04 1.430181e-05 9.150063e-04 100.0%
                            67.4%        31.1%         1.6%

