
===========================================================================
 report_power
============================================================================
======================= nom_ss_100C_1v60 Corner ===================================

Group                    Internal    Switching      Leakage        Total
                            Power        Power        Power        Power (Watts)
------------------------------------------------------------------------
Sequential           3.600854e-04 7.363838e-06 4.321172e-06 3.717704e-04  42.5%
Combinational        4.287885e-05 9.070501e-05 1.069240e-05 1.442763e-04  16.5%
Clock                1.881188e-04 1.706735e-04 7.240913e-07 3.595164e-04  41.1%
Macro                0.000000e+00 0.000000e+00 0.000000e+00 0.000000e+00   0.0%
Pad                  0.000000e+00 0.000000e+00 0.000000e+00 0.000000e+00   0.0%
------------------------------------------------------------------------
Total                5.910825e-04 2.687425e-04 1.573764e-05 8.755627e-04 100.0%
                            67.5%        30.7%         1.8%

