Clock: clk
Sources: wb_clk_i 
Generated: no
Virtual: yes
Propagated: no
Period: 25.000000

===========================================================================
report_clock_properties
============================================================================
Clock                   Period          Waveform
----------------------------------------------------
clk                  25.000000    0.000000 12.500000

===========================================================================
report_clock_latency
============================================================================
Clock clk
rise -> rise
    min     max
4.650000 5.570000 source latency
5.082605         network latency _1613_/CLK
        6.047182 network latency _1627_/CLK
---------------
9.732606 11.617182 latency
        1.884576 skew

fall -> fall
    min     max
4.650000 5.570000 source latency
5.229889         network latency _1613_/CLK
        6.184672 network latency _1650_/CLK
---------------
9.879889 11.754672 latency
        1.874783 skew



===========================================================================
report_clock_min_period
============================================================================
clk period_min = 2.03 fmax = 492.44
