
===========================================================================
 report_power
============================================================================
======================= min_ff_n40C_1v95 Corner ===================================

Group                    Internal    Switching      Leakage        Total
                            Power        Power        Power        Power (Watts)
------------------------------------------------------------------------
Sequential           5.409894e-04 1.136631e-05 4.494328e-09 5.523602e-04  42.1%
Combinational        4.843942e-05 1.211437e-04 2.479451e-08 1.696080e-04  12.9%
Clock                3.088407e-04 2.824370e-04 3.694537e-09 5.912814e-04  45.0%
Macro                0.000000e+00 0.000000e+00 0.000000e+00 0.000000e+00   0.0%
Pad                  0.000000e+00 0.000000e+00 0.000000e+00 0.000000e+00   0.0%
------------------------------------------------------------------------
Total                8.982699e-04 4.149471e-04 3.298323e-08 1.313250e-03 100.0%
                            68.4%        31.6%         0.0%

