
===========================================================================
 report_power
============================================================================
======================= min_ff_n40C_1v95 Corner ===================================

Group                    Internal    Switching      Leakage        Total
                            Power        Power        Power        Power (Watts)
------------------------------------------------------------------------
Sequential           5.418184e-04 1.021757e-05 5.935347e-09 5.520419e-04  44.0%
Combinational        6.058190e-05 1.297745e-04 3.366100e-08 1.903901e-04  15.2%
Clock                2.624962e-04 2.510732e-04 3.170811e-09 5.135726e-04  40.9%
Macro                0.000000e+00 0.000000e+00 0.000000e+00 0.000000e+00   0.0%
Pad                  0.000000e+00 0.000000e+00 0.000000e+00 0.000000e+00   0.0%
------------------------------------------------------------------------
Total                8.648964e-04 3.910655e-04 4.276730e-08 1.256005e-03 100.0%
                            68.9%        31.1%         0.0%

