
===========================================================================
report_checks -unconstrained
===========================================================================
======================= nom_ss_100C_1v60 Corner ===================================

Startpoint: wb_rst_i (input port clocked by clk)
Endpoint: _1668_ (rising edge-triggered flip-flop clocked by clk)
Path Group: clk
Path Type: max

Fanout         Cap        Slew       Delay        Time   Description
---------------------------------------------------------------------------------------------
                                  0.000000    0.000000   clock clk (rise edge)
                                  5.570000    5.570000   clock network delay (propagated)
                                 12.500000   18.070000 v input external delay
     1    0.003310    0.000000    0.000000   18.070000 v wb_rst_i (in)
                                                         wb_rst_i (net)
                      0.000096    0.000050   18.070049 v input14/A (sky130_fd_sc_hd__clkdlybuf4s25_1)
     1    0.005232    0.102386    0.475922   18.545971 v input14/X (sky130_fd_sc_hd__clkdlybuf4s25_1)
                                                         net14 (net)
                      0.102386    0.000176   18.546146 v _0737_/A (sky130_fd_sc_hd__inv_2)
     4    0.066184    0.474677    0.413184   18.959332 ^ _0737_/Y (sky130_fd_sc_hd__inv_2)
                                                         _0478_ (net)
                      0.474965    0.010251   18.969582 ^ fanout492/A (sky130_fd_sc_hd__clkdlybuf4s25_1)
     4    0.036267    0.584665    1.040769   20.010351 ^ fanout492/X (sky130_fd_sc_hd__clkdlybuf4s25_1)
                                                         net492 (net)
                      0.584665    0.002116   20.012466 ^ fanout491/A (sky130_fd_sc_hd__clkdlybuf4s25_1)
     9    0.065435    1.041190    1.419425   21.431892 ^ fanout491/X (sky130_fd_sc_hd__clkdlybuf4s25_1)
                                                         net491 (net)
                      1.041218    0.006885   21.438776 ^ fanout486/A (sky130_fd_sc_hd__clkdlybuf4s25_1)
    13    0.059706    0.950627    1.470907   22.909683 ^ fanout486/X (sky130_fd_sc_hd__clkdlybuf4s25_1)
                                                         net486 (net)
                      0.950631    0.004075   22.913759 ^ _1281_/C1 (sky130_fd_sc_hd__o211a_2)
     1    0.001889    0.079715    0.677282   23.591042 ^ _1281_/X (sky130_fd_sc_hd__o211a_2)
                                                         _0194_ (net)
                      0.079715    0.000057   23.591097 ^ hold585/A (sky130_fd_sc_hd__dlygate4sd3_1)
     1    0.002252    0.085629    1.088461   24.679558 ^ hold585/X (sky130_fd_sc_hd__dlygate4sd3_1)
                                                         net585 (net)
                      0.085629    0.000068   24.679626 ^ _1668_/D (sky130_fd_sc_hd__dfxtp_2)
                                             24.679626   data arrival time

                                 25.000000   25.000000   clock clk (rise edge)
                                  4.650000   29.650000   clock source latency
     1    0.057003    0.610000    0.000000   29.650000 ^ wb_clk_i (in)
                                                         wb_clk_i (net)
                      0.628723    0.008894   29.658894 ^ clkbuf_0_wb_clk_i/A (sky130_fd_sc_hd__clkbuf_16)
     4    0.074746    0.146083    0.497757   30.156649 ^ clkbuf_0_wb_clk_i/X (sky130_fd_sc_hd__clkbuf_16)
                                                         clknet_0_wb_clk_i (net)
                      0.146218    0.003727   30.160376 ^ clkbuf_2_3__f_wb_clk_i/A (sky130_fd_sc_hd__clkbuf_16)
    10    0.110457    0.191621    0.340734   30.501110 ^ clkbuf_2_3__f_wb_clk_i/X (sky130_fd_sc_hd__clkbuf_16)
                                                         clknet_2_3__leaf_wb_clk_i (net)
                      0.192069    0.006246   30.507357 ^ clkbuf_leaf_16_wb_clk_i/A (sky130_fd_sc_hd__clkbuf_8)
     9    0.033520    0.114261    0.305651   30.813005 ^ clkbuf_leaf_16_wb_clk_i/X (sky130_fd_sc_hd__clkbuf_8)
                                                         clknet_leaf_16_wb_clk_i (net)
                      0.114264    0.000732   30.813738 ^ _1668_/CLK (sky130_fd_sc_hd__dfxtp_2)
                                 -0.250000   30.563738   clock uncertainty
                                  0.000000   30.563738   clock reconvergence pessimism
                                 -0.137464   30.426271   library setup time
                                             30.426271   data required time
---------------------------------------------------------------------------------------------
                                             30.426271   data required time
                                            -24.679626   data arrival time
---------------------------------------------------------------------------------------------
                                              5.746646   slack (MET)




===========================================================================
report_checks --slack_max -0.01
============================================================================
======================= nom_ss_100C_1v60 Corner ===================================

No paths found.


===========================================================================
 report_check_types -max_slew -max_cap -max_fanout -violators
============================================================================
======================= nom_ss_100C_1v60 Corner ===================================

max slew

Pin                                        Limit        Slew       Slack
------------------------------------------------------------------------
_1296_/B                                1.000000    1.891036   -0.891036 (VIOLATED)
_1298_/B                                1.000000    1.891022   -0.891022 (VIOLATED)
_1292_/B                                1.000000    1.891010   -0.891010 (VIOLATED)
_1302_/B                                1.000000    1.890984   -0.890984 (VIOLATED)
_1290_/B                                1.000000    1.890956   -0.890956 (VIOLATED)
_1282_/B                                1.000000    1.890879   -0.890879 (VIOLATED)
_1286_/B                                1.000000    1.890833   -0.890833 (VIOLATED)
_1278_/B                                1.000000    1.890736   -0.890736 (VIOLATED)
_1280_/B                                1.000000    1.890581   -0.890581 (VIOLATED)
_1288_/B                                1.000000    1.890486   -0.890486 (VIOLATED)
_1338_/B                                1.000000    1.890472   -0.890472 (VIOLATED)
_1284_/B                                1.000000    1.890434   -0.890434 (VIOLATED)
_1336_/B                                1.000000    1.890329   -0.890329 (VIOLATED)
_1334_/B                                1.000000    1.890301   -0.890302 (VIOLATED)
_1320_/B                                1.000000    1.890272   -0.890272 (VIOLATED)
_1332_/B                                1.000000    1.890265   -0.890265 (VIOLATED)
fanout223/X                             1.000000    1.890265   -0.890265 (VIOLATED)
_1384_/B                                1.000000    1.870156   -0.870156 (VIOLATED)
_1360_/B                                1.000000    1.870138   -0.870138 (VIOLATED)
_1366_/B                                1.000000    1.870137   -0.870137 (VIOLATED)
_1378_/B                                1.000000    1.870122   -0.870122 (VIOLATED)
_1370_/B                                1.000000    1.870105   -0.870105 (VIOLATED)
_1372_/B                                1.000000    1.870079   -0.870079 (VIOLATED)
_1374_/B                                1.000000    1.870051   -0.870051 (VIOLATED)
_1380_/B                                1.000000    1.870046   -0.870045 (VIOLATED)
fanout216/A                             1.000000    1.870023   -0.870023 (VIOLATED)
_1396_/B                                1.000000    1.870019   -0.870019 (VIOLATED)
_1376_/B                                1.000000    1.870016   -0.870016 (VIOLATED)
_1394_/B                                1.000000    1.870013   -0.870013 (VIOLATED)
ANTENNA_7/DIODE                         1.000000    1.870011   -0.870011 (VIOLATED)
_1382_/B                                1.000000    1.870007   -0.870007 (VIOLATED)
_1392_/B                                1.000000    1.869999   -0.869999 (VIOLATED)
_1388_/B                                1.000000    1.869978   -0.869978 (VIOLATED)
_1390_/B                                1.000000    1.869979   -0.869979 (VIOLATED)
fanout217/X                             1.000000    1.869973   -0.869973 (VIOLATED)
_1054_/B                                1.000000    1.809726   -0.809726 (VIOLATED)
_1056_/B                                1.000000    1.809726   -0.809726 (VIOLATED)
_1042_/B                                1.000000    1.809724   -0.809724 (VIOLATED)
_1044_/B                                1.000000    1.809721   -0.809721 (VIOLATED)
_1052_/B                                1.000000    1.809720   -0.809720 (VIOLATED)
_1046_/B                                1.000000    1.809701   -0.809701 (VIOLATED)
_1070_/B                                1.000000    1.809670   -0.809670 (VIOLATED)
_1076_/B                                1.000000    1.809669   -0.809669 (VIOLATED)
_1058_/B                                1.000000    1.809668   -0.809668 (VIOLATED)
_1074_/B                                1.000000    1.809668   -0.809668 (VIOLATED)
_1072_/B                                1.000000    1.809667   -0.809667 (VIOLATED)
_1068_/B                                1.000000    1.809652   -0.809652 (VIOLATED)
_1066_/B                                1.000000    1.809640   -0.809640 (VIOLATED)
_1064_/B                                1.000000    1.809625   -0.809624 (VIOLATED)
_1062_/B                                1.000000    1.809622   -0.809622 (VIOLATED)
_1060_/B                                1.000000    1.809573   -0.809573 (VIOLATED)
fanout251/X                             1.000000    1.809573   -0.809573 (VIOLATED)
_1410_/B                                1.000000    1.749648   -0.749648 (VIOLATED)
_1466_/B                                1.000000    1.749648   -0.749648 (VIOLATED)
_1416_/B                                1.000000    1.749644   -0.749644 (VIOLATED)
_1414_/B                                1.000000    1.749640   -0.749640 (VIOLATED)
_1418_/B                                1.000000    1.749633   -0.749633 (VIOLATED)
_1420_/B                                1.000000    1.749632   -0.749632 (VIOLATED)
_1412_/B                                1.000000    1.749610   -0.749610 (VIOLATED)
_1438_/B                                1.000000    1.749585   -0.749585 (VIOLATED)
_1430_/B                                1.000000    1.749553   -0.749553 (VIOLATED)
_1428_/B                                1.000000    1.749515   -0.749515 (VIOLATED)
_1422_/B                                1.000000    1.749491   -0.749491 (VIOLATED)
_1424_/B                                1.000000    1.749483   -0.749483 (VIOLATED)
_1434_/B                                1.000000    1.749461   -0.749461 (VIOLATED)
_1452_/B                                1.000000    1.749416   -0.749416 (VIOLATED)
_1462_/B                                1.000000    1.748836   -0.748836 (VIOLATED)
_1464_/B                                1.000000    1.748836   -0.748836 (VIOLATED)
fanout208/X                             1.000000    1.748836   -0.748836 (VIOLATED)
_1176_/B                                1.000000    1.718151   -0.718151 (VIOLATED)
_1178_/B                                1.000000    1.718148   -0.718148 (VIOLATED)
_1192_/B                                1.000000    1.718143   -0.718143 (VIOLATED)
_1190_/B                                1.000000    1.718137   -0.718137 (VIOLATED)
_1182_/B                                1.000000    1.718128   -0.718128 (VIOLATED)
_1174_/B                                1.000000    1.718127   -0.718127 (VIOLATED)
_1208_/B                                1.000000    1.718127   -0.718127 (VIOLATED)
_1206_/B                                1.000000    1.718123   -0.718123 (VIOLATED)
_1184_/B                                1.000000    1.718120   -0.718120 (VIOLATED)
_1204_/B                                1.000000    1.718117   -0.718116 (VIOLATED)
_1202_/B                                1.000000    1.718110   -0.718111 (VIOLATED)
_1188_/B                                1.000000    1.718079   -0.718079 (VIOLATED)
_1200_/B                                1.000000    1.718077   -0.718077 (VIOLATED)
_1198_/B                                1.000000    1.718008   -0.718008 (VIOLATED)
_1196_/B                                1.000000    1.717971   -0.717971 (VIOLATED)
_1194_/B                                1.000000    1.717962   -0.717962 (VIOLATED)
fanout237/X                             1.000000    1.717960   -0.717960 (VIOLATED)
_1014_/B                                1.000000    1.713622   -0.713622 (VIOLATED)
_1018_/B                                1.000000    1.713621   -0.713621 (VIOLATED)
_1020_/B                                1.000000    1.713620   -0.713620 (VIOLATED)
_1016_/B                                1.000000    1.713615   -0.713615 (VIOLATED)
_1024_/B                                1.000000    1.713603   -0.713603 (VIOLATED)
_1026_/B                                1.000000    1.713588   -0.713588 (VIOLATED)
_1022_/B                                1.000000    1.713552   -0.713552 (VIOLATED)
_1032_/B                                1.000000    1.713515   -0.713515 (VIOLATED)
_1034_/B                                1.000000    1.713425   -0.713425 (VIOLATED)
_1050_/B                                1.000000    1.713369   -0.713369 (VIOLATED)
_1038_/B                                1.000000    1.713364   -0.713364 (VIOLATED)
_1028_/B                                1.000000    1.713308   -0.713308 (VIOLATED)
_1030_/B                                1.000000    1.713216   -0.713216 (VIOLATED)
_1036_/B                                1.000000    1.713192   -0.713192 (VIOLATED)
_1048_/B                                1.000000    1.713172   -0.713172 (VIOLATED)
_1040_/B                                1.000000    1.713153   -0.713153 (VIOLATED)
fanout250/X                             1.000000    1.713153   -0.713153 (VIOLATED)
_1154_/B                                1.000000    1.658256   -0.658256 (VIOLATED)
_1156_/B                                1.000000    1.658255   -0.658255 (VIOLATED)
_1146_/B                                1.000000    1.658254   -0.658254 (VIOLATED)
_1152_/B                                1.000000    1.658252   -0.658252 (VIOLATED)
_1150_/B                                1.000000    1.658239   -0.658239 (VIOLATED)
_1148_/B                                1.000000    1.658216   -0.658216 (VIOLATED)
_1164_/B                                1.000000    1.658180   -0.658180 (VIOLATED)
_1158_/B                                1.000000    1.658143   -0.658143 (VIOLATED)
_1166_/B                                1.000000    1.658127   -0.658127 (VIOLATED)
_1170_/B                                1.000000    1.658063   -0.658063 (VIOLATED)
_1160_/B                                1.000000    1.657977   -0.657977 (VIOLATED)
_1186_/B                                1.000000    1.657953   -0.657953 (VIOLATED)
_1168_/B                                1.000000    1.657889   -0.657890 (VIOLATED)
_1162_/B                                1.000000    1.657840   -0.657840 (VIOLATED)
_1172_/B                                1.000000    1.657802   -0.657802 (VIOLATED)
_1180_/B                                1.000000    1.657773   -0.657773 (VIOLATED)
fanout236/X                             1.000000    1.657770   -0.657770 (VIOLATED)
_1344_/B                                1.000000    1.609385   -0.609385 (VIOLATED)
_1348_/B                                1.000000    1.609384   -0.609384 (VIOLATED)
_1350_/B                                1.000000    1.609385   -0.609385 (VIOLATED)
_1352_/B                                1.000000    1.609381   -0.609381 (VIOLATED)
_1356_/B                                1.000000    1.609371   -0.609371 (VIOLATED)
_1364_/B                                1.000000    1.609351   -0.609351 (VIOLATED)
_1358_/B                                1.000000    1.609348   -0.609348 (VIOLATED)
_1368_/B                                1.000000    1.609347   -0.609347 (VIOLATED)
_1362_/B                                1.000000    1.609339   -0.609339 (VIOLATED)
_1346_/B                                1.000000    1.609295   -0.609295 (VIOLATED)
_1354_/B                                1.000000    1.609293   -0.609293 (VIOLATED)
_1386_/B                                1.000000    1.609257   -0.609257 (VIOLATED)
_1400_/B                                1.000000    1.609235   -0.609235 (VIOLATED)
_1398_/B                                1.000000    1.609226   -0.609226 (VIOLATED)
_1402_/B                                1.000000    1.609226   -0.609226 (VIOLATED)
_1404_/B                                1.000000    1.609226   -0.609226 (VIOLATED)
fanout216/X                             1.000000    1.609226   -0.609226 (VIOLATED)
_1226_/B                                1.000000    1.476891   -0.476891 (VIOLATED)
_1238_/B                                1.000000    1.476887   -0.476887 (VIOLATED)
_1234_/B                                1.000000    1.476879   -0.476879 (VIOLATED)
_1228_/B                                1.000000    1.476878   -0.476878 (VIOLATED)
_1252_/B                                1.000000    1.476873   -0.476873 (VIOLATED)
_1250_/B                                1.000000    1.476872   -0.476872 (VIOLATED)
_1248_/B                                1.000000    1.476870   -0.476870 (VIOLATED)
_1246_/B                                1.000000    1.476868   -0.476868 (VIOLATED)
_1244_/B                                1.000000    1.476862   -0.476862 (VIOLATED)
_1242_/B                                1.000000    1.476846   -0.476846 (VIOLATED)
_1258_/B                                1.000000    1.476817   -0.476817 (VIOLATED)
_1256_/B                                1.000000    1.476429   -0.476429 (VIOLATED)
_1260_/B                                1.000000    1.476429   -0.476429 (VIOLATED)
_1262_/B                                1.000000    1.476429   -0.476429 (VIOLATED)
_1264_/B                                1.000000    1.476429   -0.476429 (VIOLATED)
fanout230/A                             1.000000    1.476429   -0.476429 (VIOLATED)
fanout231/X                             1.000000    1.476429   -0.476429 (VIOLATED)
_1240_/B                                1.000000    1.427886   -0.427886 (VIOLATED)
_1214_/B                                1.000000    1.427882   -0.427882 (VIOLATED)
_1220_/B                                1.000000    1.427879   -0.427879 (VIOLATED)
_1216_/B                                1.000000    1.427877   -0.427877 (VIOLATED)
_1218_/B                                1.000000    1.427865   -0.427865 (VIOLATED)
_1212_/B                                1.000000    1.427864   -0.427864 (VIOLATED)
_1222_/B                                1.000000    1.427851   -0.427851 (VIOLATED)
_1230_/B                                1.000000    1.427848   -0.427848 (VIOLATED)
_1224_/B                                1.000000    1.427844   -0.427844 (VIOLATED)
_1232_/B                                1.000000    1.427832   -0.427832 (VIOLATED)
_1236_/B                                1.000000    1.427819   -0.427819 (VIOLATED)
_1272_/B                                1.000000    1.427808   -0.427808 (VIOLATED)
_1270_/B                                1.000000    1.427803   -0.427803 (VIOLATED)
_1254_/B                                1.000000    1.427802   -0.427802 (VIOLATED)
_1268_/B                                1.000000    1.427802   -0.427802 (VIOLATED)
_1266_/B                                1.000000    1.427798   -0.427798 (VIOLATED)
fanout230/X                             1.000000    1.427798   -0.427798 (VIOLATED)
_1088_/B                                1.000000    1.426996   -0.426996 (VIOLATED)
_1080_/B                                1.000000    1.426992   -0.426992 (VIOLATED)
_1084_/B                                1.000000    1.426986   -0.426986 (VIOLATED)
_1086_/B                                1.000000    1.426981   -0.426981 (VIOLATED)
_1082_/B                                1.000000    1.426975   -0.426975 (VIOLATED)
_1090_/B                                1.000000    1.426960   -0.426960 (VIOLATED)
_1100_/B                                1.000000    1.426955   -0.426955 (VIOLATED)
_1092_/B                                1.000000    1.426918   -0.426918 (VIOLATED)
_1098_/B                                1.000000    1.426910   -0.426910 (VIOLATED)
_1094_/B                                1.000000    1.426857   -0.426857 (VIOLATED)
_1102_/B                                1.000000    1.426831   -0.426831 (VIOLATED)
_1096_/B                                1.000000    1.426774   -0.426774 (VIOLATED)
_1114_/B                                1.000000    1.426721   -0.426721 (VIOLATED)
_1106_/B                                1.000000    1.426674   -0.426673 (VIOLATED)
_1116_/B                                1.000000    1.426670   -0.426670 (VIOLATED)
_1110_/B                                1.000000    1.426654   -0.426654 (VIOLATED)
fanout243/X                             1.000000    1.426654   -0.426654 (VIOLATED)
_0839_/A2                               1.000000    1.271700   -0.271700 (VIOLATED)
_0921_/A2                               1.000000    1.271689   -0.271689 (VIOLATED)
_0933_/B1                               1.000000    1.271653   -0.271653 (VIOLATED)
_0929_/A2                               1.000000    1.271619   -0.271619 (VIOLATED)
_0915_/A2                               1.000000    1.271598   -0.271598 (VIOLATED)
_0909_/A2                               1.000000    1.271556   -0.271556 (VIOLATED)
_0903_/A2                               1.000000    1.271538   -0.271538 (VIOLATED)
_0893_/A2                               1.000000    1.271172   -0.271172 (VIOLATED)
_0898_/A2                               1.000000    1.271172   -0.271172 (VIOLATED)
fanout444/X                             1.000000    1.271172   -0.271172 (VIOLATED)
wire445/A                               1.000000    1.271172   -0.271172 (VIOLATED)
_0749_/A1                               1.000000    1.241982   -0.241982 (VIOLATED)
input1/X                                1.000000    1.241341   -0.241341 (VIOLATED)
_1279_/A2                               1.000000    1.229346   -0.229346 (VIOLATED)
_1281_/A2                               1.000000    1.229330   -0.229330 (VIOLATED)
_1289_/A2                               1.000000    1.229321   -0.229321 (VIOLATED)
_1339_/A2                               1.000000    1.229320   -0.229320 (VIOLATED)
_1285_/A2                               1.000000    1.229303   -0.229303 (VIOLATED)
load_slew219/A                          1.000000    1.229269   -0.229269 (VIOLATED)
_1335_/A2                               1.000000    1.229263   -0.229263 (VIOLATED)
_1321_/A2                               1.000000    1.229257   -0.229257 (VIOLATED)
_1333_/A2                               1.000000    1.229257   -0.229257 (VIOLATED)
fanout218/X                             1.000000    1.229257   -0.229257 (VIOLATED)
_1471_/A2                               1.000000    1.183736   -0.183736 (VIOLATED)
_1473_/A2                               1.000000    1.183730   -0.183730 (VIOLATED)
fanout203/A                             1.000000    1.183692   -0.183692 (VIOLATED)
ANTENNA_6/DIODE                         1.000000    1.183685   -0.183685 (VIOLATED)
_1449_/A2                               1.000000    1.183669   -0.183669 (VIOLATED)
_1461_/A2                               1.000000    1.183666   -0.183666 (VIOLATED)
_1459_/A2                               1.000000    1.183642   -0.183642 (VIOLATED)
_1457_/A2                               1.000000    1.183637   -0.183637 (VIOLATED)
fanout206/X                             1.000000    1.183637   -0.183637 (VIOLATED)
wire207/A                               1.000000    1.183637   -0.183637 (VIOLATED)
_1325_/A1                               1.000000    1.139806   -0.139806 (VIOLATED)
_1391_/A1                               1.000000    1.139805   -0.139805 (VIOLATED)
_1259_/A1                               1.000000    1.139804   -0.139804 (VIOLATED)
_1193_/A1                               1.000000    1.139794   -0.139794 (VIOLATED)
_0995_/A1                               1.000000    1.139774   -0.139774 (VIOLATED)
_1061_/A1                               1.000000    1.139772   -0.139772 (VIOLATED)
_1457_/A1                               1.000000    1.139769   -0.139769 (VIOLATED)
_1127_/A1                               1.000000    1.139726   -0.139726 (VIOLATED)
input35/X                               1.000000    1.139340   -0.139340 (VIOLATED)
_1108_/B                                1.000000    1.130223   -0.130223 (VIOLATED)
_1136_/B                                1.000000    1.130201   -0.130201 (VIOLATED)
_1140_/B                                1.000000    1.130152   -0.130152 (VIOLATED)
_1138_/B                                1.000000    1.130128   -0.130128 (VIOLATED)
_1134_/B                                1.000000    1.130110   -0.130110 (VIOLATED)
_1132_/B                                1.000000    1.130063   -0.130063 (VIOLATED)
_1130_/B                                1.000000    1.129721   -0.129721 (VIOLATED)
_1128_/B                                1.000000    1.129718   -0.129718 (VIOLATED)
fanout244/X                             1.000000    1.129718   -0.129718 (VIOLATED)
max_cap245/A                            1.000000    1.129718   -0.129718 (VIOLATED)
_0758_/A2                               1.000000    1.129322   -0.129322 (VIOLATED)
_0776_/A2                               1.000000    1.129318   -0.129318 (VIOLATED)
_0764_/A2                               1.000000    1.129301   -0.129301 (VIOLATED)
_0812_/A2                               1.000000    1.129289   -0.129289 (VIOLATED)
_0878_/A2                               1.000000    1.129263   -0.129263 (VIOLATED)
_0866_/A2                               1.000000    1.129248   -0.129248 (VIOLATED)
max_cap349/A                            1.000000    1.129226   -0.129226 (VIOLATED)
_0842_/A2                               1.000000    1.129218   -0.129218 (VIOLATED)
_0848_/A2                               1.000000    1.129218   -0.129218 (VIOLATED)
fanout348/X                             1.000000    1.129218   -0.129218 (VIOLATED)
_1009_/A2                               1.000000    1.128567   -0.128567 (VIOLATED)
_1001_/A2                               1.000000    1.128559   -0.128559 (VIOLATED)
wire253/A                               1.000000    1.128552   -0.128552 (VIOLATED)
_0979_/A2                               1.000000    1.128545   -0.128545 (VIOLATED)
_0981_/A2                               1.000000    1.128545   -0.128545 (VIOLATED)
_0993_/A2                               1.000000    1.128545   -0.128545 (VIOLATED)
_0995_/A2                               1.000000    1.128545   -0.128545 (VIOLATED)
_0997_/A2                               1.000000    1.128545   -0.128545 (VIOLATED)
fanout252/X                             1.000000    1.128545   -0.128545 (VIOLATED)
_0983_/A1                               1.000000    1.123208   -0.123208 (VIOLATED)
_1313_/A1                               1.000000    1.123206   -0.123206 (VIOLATED)
_1379_/A1                               1.000000    1.123206   -0.123206 (VIOLATED)
_1115_/A1                               1.000000    1.123204   -0.123204 (VIOLATED)
_1445_/A1                               1.000000    1.123190   -0.123190 (VIOLATED)
_1049_/A1                               1.000000    1.123136   -0.123136 (VIOLATED)
_1181_/A1                               1.000000    1.123105   -0.123105 (VIOLATED)
_1247_/A1                               1.000000    1.123068   -0.123068 (VIOLATED)
input28/X                               1.000000    1.122941   -0.122941 (VIOLATED)
_0865_/A2                               1.000000    1.120977   -0.120977 (VIOLATED)
_0870_/A2                               1.000000    1.120969   -0.120969 (VIOLATED)
_0910_/B1                               1.000000    1.120956   -0.120956 (VIOLATED)
_0904_/A2                               1.000000    1.120952   -0.120952 (VIOLATED)
_0899_/B1                               1.000000    1.120943   -0.120943 (VIOLATED)
_1276_/A                                1.000000    1.120943   -0.120943 (VIOLATED)
_1277_/A                                1.000000    1.120943   -0.120943 (VIOLATED)
fanout449/X                             1.000000    1.120943   -0.120943 (VIOLATED)
load_slew450/A                          1.000000    1.120943   -0.120943 (VIOLATED)
_1043_/A2                               1.000000    1.084709   -0.084709 (VIOLATED)
_1045_/A2                               1.000000    1.084705   -0.084705 (VIOLATED)
_1047_/A2                               1.000000    1.084698   -0.084698 (VIOLATED)
_1059_/A2                               1.000000    1.084692   -0.084692 (VIOLATED)
_1061_/A2                               1.000000    1.084690   -0.084690 (VIOLATED)
_1063_/A2                               1.000000    1.084690   -0.084690 (VIOLATED)
_1065_/A2                               1.000000    1.084690   -0.084690 (VIOLATED)
fanout248/X                             1.000000    1.084690   -0.084690 (VIOLATED)
load_slew249/A                          1.000000    1.084690   -0.084690 (VIOLATED)
_0867_/B1                               1.000000    1.070802   -0.070802 (VIOLATED)
_0905_/A2                               1.000000    1.070801   -0.070801 (VIOLATED)
_0911_/A2                               1.000000    1.070801   -0.070801 (VIOLATED)
_0885_/B1                               1.000000    1.070796   -0.070795 (VIOLATED)
_0892_/A2                               1.000000    1.070796   -0.070795 (VIOLATED)
_0897_/A2                               1.000000    1.070796   -0.070795 (VIOLATED)
_1408_/A                                1.000000    1.070796   -0.070795 (VIOLATED)
_1409_/A                                1.000000    1.070796   -0.070795 (VIOLATED)
fanout436/X                             1.000000    1.070796   -0.070795 (VIOLATED)
load_slew437/A                          1.000000    1.070796   -0.070795 (VIOLATED)
_1035_/A2                               1.000000    1.067260   -0.067260 (VIOLATED)
_1031_/A2                               1.000000    1.067258   -0.067258 (VIOLATED)
_1037_/A2                               1.000000    1.067258   -0.067258 (VIOLATED)
_1039_/A2                               1.000000    1.067258   -0.067258 (VIOLATED)
_1041_/A2                               1.000000    1.067258   -0.067258 (VIOLATED)
_1049_/A2                               1.000000    1.067258   -0.067258 (VIOLATED)
_1051_/A2                               1.000000    1.067258   -0.067258 (VIOLATED)
fanout246/X                             1.000000    1.067258   -0.067258 (VIOLATED)
load_slew247/A                          1.000000    1.067258   -0.067258 (VIOLATED)
_1470_/B                                1.000000    1.056855   -0.056855 (VIOLATED)
_1472_/B                                1.000000    1.056855   -0.056855 (VIOLATED)
fanout208/A                             1.000000    1.056834   -0.056834 (VIOLATED)
_1448_/B                                1.000000    1.056823   -0.056823 (VIOLATED)
_1460_/B                                1.000000    1.056820   -0.056820 (VIOLATED)
_1458_/B                                1.000000    1.056789   -0.056789 (VIOLATED)
_1456_/B                                1.000000    1.056781   -0.056781 (VIOLATED)
fanout209/X                             1.000000    1.056781   -0.056781 (VIOLATED)
max_cap210/A                            1.000000    1.056781   -0.056781 (VIOLATED)
_0911_/B1                               1.000000    1.047213   -0.047213 (VIOLATED)
load_slew419/A                          1.000000    1.047211   -0.047211 (VIOLATED)
_0897_/B1                               1.000000    1.047206   -0.047206 (VIOLATED)
_0845_/A2                               1.000000    1.047201   -0.047201 (VIOLATED)
_0852_/B1                               1.000000    1.047201   -0.047201 (VIOLATED)
_0888_/B1                               1.000000    1.047201   -0.047201 (VIOLATED)
_0892_/B1                               1.000000    1.047201   -0.047201 (VIOLATED)
_0946_/A                                1.000000    1.047201   -0.047201 (VIOLATED)
_0947_/A                                1.000000    1.047201   -0.047201 (VIOLATED)
fanout418/X                             1.000000    1.047201   -0.047201 (VIOLATED)
_0779_/B1                               1.000000    1.046600   -0.046600 (VIOLATED)
_0742_/B1                               1.000000    1.046588   -0.046588 (VIOLATED)
_0863_/A2                               1.000000    1.046527   -0.046527 (VIOLATED)
wire443/A                               1.000000    1.046495   -0.046495 (VIOLATED)
_0832_/B1                               1.000000    1.046492   -0.046492 (VIOLATED)
_0843_/B1                               1.000000    1.046488   -0.046488 (VIOLATED)
fanout442/X                             1.000000    1.046488   -0.046488 (VIOLATED)
fanout484/A                             1.000000    1.041226   -0.041226 (VIOLATED)
fanout486/A                             1.000000    1.041218   -0.041218 (VIOLATED)
_1339_/C1                               1.000000    1.041217   -0.041217 (VIOLATED)
_1341_/C1                               1.000000    1.041216   -0.041216 (VIOLATED)
_1471_/C1                               1.000000    1.041214   -0.041214 (VIOLATED)
_1405_/C1                               1.000000    1.041201   -0.041201 (VIOLATED)
_1469_/C1                               1.000000    1.041190   -0.041190 (VIOLATED)
fanout487/A                             1.000000    1.041190   -0.041190 (VIOLATED)
fanout489/A                             1.000000    1.041190   -0.041190 (VIOLATED)
fanout491/X                             1.000000    1.041190   -0.041190 (VIOLATED)
_1323_/A1                               1.000000    1.037467   -0.037467 (VIOLATED)
_0993_/A1                               1.000000    1.037461   -0.037461 (VIOLATED)
_1389_/A1                               1.000000    1.037461   -0.037461 (VIOLATED)
_1455_/A1                               1.000000    1.037458   -0.037458 (VIOLATED)
_1059_/A1                               1.000000    1.037451   -0.037451 (VIOLATED)
_1125_/A1                               1.000000    1.037446   -0.037446 (VIOLATED)
_1191_/A1                               1.000000    1.037426   -0.037426 (VIOLATED)
_1257_/A1                               1.000000    1.037413   -0.037413 (VIOLATED)
input34/X                               1.000000    1.037043   -0.037043 (VIOLATED)
_1091_/A1                               1.000000    1.032610   -0.032610 (VIOLATED)
_1025_/A1                               1.000000    1.032596   -0.032596 (VIOLATED)
_0959_/A1                               1.000000    1.032458   -0.032458 (VIOLATED)
_1157_/A1                               1.000000    1.032263   -0.032263 (VIOLATED)
_1223_/A1                               1.000000    1.032089   -0.032089 (VIOLATED)
_1355_/A1                               1.000000    1.031794   -0.031794 (VIOLATED)
_1289_/A1                               1.000000    1.031710   -0.031710 (VIOLATED)
_1421_/A1                               1.000000    1.031707   -0.031707 (VIOLATED)
input47/X                               1.000000    1.029243   -0.029242 (VIOLATED)
_0923_/B1                               1.000000    1.024137   -0.024137 (VIOLATED)
_0936_/A2                               1.000000    1.024134   -0.024134 (VIOLATED)
_0929_/B1                               1.000000    1.024129   -0.024129 (VIOLATED)
_0915_/B1                               1.000000    1.024120   -0.024120 (VIOLATED)
_0909_/B1                               1.000000    1.024104   -0.024104 (VIOLATED)
_0903_/B1                               1.000000    1.024096   -0.024096 (VIOLATED)
_0898_/B1                               1.000000    1.024084   -0.024084 (VIOLATED)
_0893_/B1                               1.000000    1.024082   -0.024082 (VIOLATED)
_1012_/A                                1.000000    1.024082   -0.024082 (VIOLATED)
fanout425/X                             1.000000    1.024082   -0.024082 (VIOLATED)
max_cap426/A                            1.000000    1.024082   -0.024082 (VIOLATED)
_0761_/B2                               1.000000    1.016546   -0.016547 (VIOLATED)
input4/X                                1.000000    1.016244   -0.016244 (VIOLATED)
_0862_/A2                               1.000000    1.007881   -0.007881 (VIOLATED)
_0847_/A2                               1.000000    1.007877   -0.007877 (VIOLATED)
_0869_/A2                               1.000000    1.007876   -0.007876 (VIOLATED)
_0849_/A2                               1.000000    1.007875   -0.007875 (VIOLATED)
_0894_/A2                               1.000000    1.007874   -0.007874 (VIOLATED)
_0886_/A2                               1.000000    1.007863   -0.007863 (VIOLATED)
_1144_/A                                1.000000    1.007858   -0.007858 (VIOLATED)
_1145_/A                                1.000000    1.007858   -0.007858 (VIOLATED)
fanout438/X                             1.000000    1.007858   -0.007858 (VIOLATED)
max_cap439/A                            1.000000    1.007858   -0.007858 (VIOLATED)
_0858_/A2                               1.000000    1.003634   -0.003634 (VIOLATED)
wire454/A                               1.000000    1.003632   -0.003632 (VIOLATED)
_0819_/A2                               1.000000    1.003629   -0.003629 (VIOLATED)
_0804_/A2                               1.000000    1.003627   -0.003627 (VIOLATED)
_0832_/A2                               1.000000    1.003602   -0.003602 (VIOLATED)
_0837_/A2                               1.000000    1.003567   -0.003566 (VIOLATED)
fanout451/A                             1.000000    1.003540   -0.003540 (VIOLATED)
fanout453/X                             1.000000    1.003540   -0.003540 (VIOLATED)

max fanout

Pin                                   Limit Fanout  Slack
---------------------------------------------------------
fanout217/X                              16     17        (VIOLATED)

max capacitance

Pin                                        Limit         Cap       Slack
------------------------------------------------------------------------
fanout223/X                             0.094309    0.120177   -0.025868 (VIOLATED)
fanout217/X                             0.094309    0.118937   -0.024628 (VIOLATED)
fanout251/X                             0.094309    0.115016   -0.020707 (VIOLATED)
fanout208/X                             0.094309    0.111072   -0.016763 (VIOLATED)
fanout237/X                             0.094309    0.108888   -0.014579 (VIOLATED)
fanout250/X                             0.094309    0.108313   -0.014004 (VIOLATED)
fanout236/X                             0.094309    0.104756   -0.010447 (VIOLATED)
fanout216/X                             0.094309    0.101932   -0.007623 (VIOLATED)



===========================================================================
report_parasitic_annotation -report_unannotated
============================================================================
Found 125 unannotated drivers.
 wbs_adr_i[0]
 wbs_adr_i[10]
 wbs_adr_i[11]
 wbs_adr_i[12]
 wbs_adr_i[13]
 wbs_adr_i[14]
 wbs_adr_i[15]
 wbs_adr_i[16]
 wbs_adr_i[17]
 wbs_adr_i[18]
 wbs_adr_i[19]
 wbs_adr_i[1]
 wbs_adr_i[20]
 wbs_adr_i[21]
 wbs_adr_i[22]
 wbs_adr_i[23]
 wbs_adr_i[24]
 wbs_adr_i[25]
 wbs_adr_i[26]
 wbs_adr_i[27]
 wbs_adr_i[28]
 wbs_adr_i[29]
 wbs_adr_i[30]
 wbs_adr_i[31]
 wbs_adr_i[6]
 wbs_adr_i[7]
 wbs_adr_i[8]
 wbs_adr_i[9]
 wbs_sel_i[0]
 wbs_sel_i[1]
 wbs_sel_i[2]
 wbs_sel_i[3]
 afe_wb/HI
 afe_wb_502/HI
 afe_wb_503/HI
 afe_wb_504/HI
 afe_wb_505/HI
 afe_wb_506/HI
 afe_wb_507/HI
 afe_wb_508/HI
 afe_wb_509/HI
 afe_wb_510/HI
 afe_wb_511/HI
 afe_wb_512/HI
 afe_wb_513/HI
 afe_wb_514/HI
 afe_wb_515/HI
 afe_wb_516/HI
 afe_wb_517/HI
 afe_wb_518/HI
 afe_wb_519/HI
 afe_wb_520/HI
 afe_wb_521/HI
 afe_wb_522/HI
 afe_wb_523/HI
 afe_wb_524/HI
 afe_wb_525/HI
 afe_wb_526/HI
 afe_wb_527/HI
 afe_wb_528/HI
 afe_wb_529/HI
 afe_wb_530/HI
 afe_wb_531/HI
 afe_wb_532/HI
 afe_wb_533/HI
 afe_wb_534/HI
 afe_wb_535/HI
 afe_wb_536/LO
 afe_wb_537/LO
 afe_wb_538/LO
 afe_wb_539/LO
 afe_wb_540/LO
 afe_wb_541/LO
 afe_wb_542/LO
 afe_wb_543/LO
 afe_wb_544/LO
 afe_wb_545/LO
 afe_wb_546/LO
 afe_wb_547/LO
 afe_wb_548/LO
 afe_wb_549/LO
 afe_wb_550/LO
 afe_wb_551/LO
 afe_wb_552/LO
 afe_wb_553/LO
 afe_wb_554/LO
 afe_wb_555/LO
 afe_wb_556/LO
 afe_wb_557/LO
 afe_wb_558/LO
 afe_wb_559/LO
 afe_wb_560/LO
 afe_wb_561/LO
 afe_wb_562/LO
 afe_wb_563/LO
 clkload0/Y
 clkload1/X
 clkload10/X
 clkload11/X
 clkload12/X
 clkload13/Y
 clkload14/X
 clkload15/Y
 clkload16/X
 clkload17/X
 clkload18/X
 clkload19/X
 clkload2/X
 clkload20/X
 clkload21/X
 clkload22/X
 clkload23/X
 clkload24/X
 clkload25/X
 clkload26/Y
 clkload27/X
 clkload28/X
 clkload29/X
 clkload3/X
 clkload4/X
 clkload5/X
 clkload6/X
 clkload7/X
 clkload8/X
 clkload9/X
Found 0 partially unannotated drivers.

===========================================================================
max slew violation count 390
max fanout violation count 1
max cap violation count 8
============================================================================

===========================================================================
check_setup -verbose -unconstrained_endpoints -multiple_clock -no_clock -no_input_delay -loops -generated_clocks
===========================================================================
Warning: There are 13 input ports missing set_input_delay.
  adc_data[0]
  adc_data[10]
  adc_data[11]
  adc_data[1]
  adc_data[2]
  adc_data[3]
  adc_data[4]
  adc_data[5]
  adc_data[6]
  adc_data[7]
  adc_data[8]
  adc_data[9]
  adc_eof
Warning: There are 116 unconstrained endpoints.
  analog_ctrl[0]
  analog_ctrl[104]
  analog_ctrl[105]
  analog_ctrl[106]
  analog_ctrl[107]
  analog_ctrl[108]
  analog_ctrl[109]
  analog_ctrl[10]
  analog_ctrl[110]
  analog_ctrl[111]
  analog_ctrl[112]
  analog_ctrl[113]
  analog_ctrl[114]
  analog_ctrl[115]
  analog_ctrl[116]
  analog_ctrl[117]
  analog_ctrl[118]
  analog_ctrl[119]
  analog_ctrl[11]
  analog_ctrl[120]
  analog_ctrl[121]
  analog_ctrl[122]
  analog_ctrl[12]
  analog_ctrl[13]
  analog_ctrl[14]
  analog_ctrl[15]
  analog_ctrl[16]
  analog_ctrl[17]
  analog_ctrl[18]
  analog_ctrl[19]
  analog_ctrl[1]
  analog_ctrl[20]
  analog_ctrl[21]
  analog_ctrl[22]
  analog_ctrl[23]
  analog_ctrl[24]
  analog_ctrl[25]
  analog_ctrl[26]
  analog_ctrl[27]
  analog_ctrl[28]
  analog_ctrl[29]
  analog_ctrl[2]
  analog_ctrl[30]
  analog_ctrl[31]
  analog_ctrl[32]
  analog_ctrl[33]
  analog_ctrl[34]
  analog_ctrl[35]
  analog_ctrl[36]
  analog_ctrl[37]
  analog_ctrl[38]
  analog_ctrl[39]
  analog_ctrl[3]
  analog_ctrl[40]
  analog_ctrl[41]
  analog_ctrl[42]
  analog_ctrl[43]
  analog_ctrl[44]
  analog_ctrl[45]
  analog_ctrl[46]
  analog_ctrl[47]
  analog_ctrl[48]
  analog_ctrl[49]
  analog_ctrl[4]
  analog_ctrl[50]
  analog_ctrl[51]
  analog_ctrl[52]
  analog_ctrl[53]
  analog_ctrl[54]
  analog_ctrl[55]
  analog_ctrl[56]
  analog_ctrl[57]
  analog_ctrl[58]
  analog_ctrl[59]
  analog_ctrl[5]
  analog_ctrl[60]
  analog_ctrl[61]
  analog_ctrl[62]
  analog_ctrl[63]
  analog_ctrl[64]
  analog_ctrl[65]
  analog_ctrl[66]
  analog_ctrl[67]
  analog_ctrl[68]
  analog_ctrl[69]
  analog_ctrl[6]
  analog_ctrl[70]
  analog_ctrl[71]
  analog_ctrl[72]
  analog_ctrl[73]
  analog_ctrl[74]
  analog_ctrl[75]
  analog_ctrl[76]
  analog_ctrl[77]
  analog_ctrl[78]
  analog_ctrl[79]
  analog_ctrl[80]
  analog_ctrl[81]
  analog_ctrl[82]
  analog_ctrl[83]
  analog_ctrl[84]
  analog_ctrl[85]
  analog_ctrl[86]
  analog_ctrl[87]
  analog_ctrl[88]
  analog_ctrl[89]
  analog_ctrl[8]
  analog_ctrl[90]
  analog_ctrl[91]
  analog_ctrl[92]
  analog_ctrl[93]
  analog_ctrl[94]
  analog_ctrl[95]
  analog_ctrl[96]
  analog_ctrl[97]
  analog_ctrl[9]
