Clock: clk
Sources: wb_clk_i 
Generated: no
Virtual: yes
Propagated: no
Period: 25.000000

===========================================================================
report_clock_properties
============================================================================
Clock                   Period          Waveform
----------------------------------------------------
clk                  25.000000    0.000000 12.500000

===========================================================================
report_clock_latency
============================================================================
Clock clk
rise -> rise
    min     max
4.650000 5.570000 source latency
5.745717         network latency _1685_/CLK
        6.879375 network latency _1474_/CLK
---------------
10.395717 12.449375 latency
        2.053659 skew

fall -> fall
    min     max
4.650000 5.570000 source latency
5.792922         network latency _1685_/CLK
        6.906676 network latency _1474_/CLK
---------------
10.442922 12.476676 latency
        2.033755 skew



===========================================================================
report_clock_min_period
============================================================================
clk period_min = 9.36 fmax = 106.79
