
===========================================================================
 report_power
============================================================================
======================= nom_ss_100C_1v60 Corner ===================================

Group                    Internal    Switching      Leakage        Total
                            Power        Power        Power        Power (Watts)
------------------------------------------------------------------------
Sequential           3.600935e-04 8.040108e-06 3.995225e-06 3.721288e-04  40.7%
Combinational        3.465990e-05 8.371165e-05 9.419643e-06 1.277912e-04  14.0%
Clock                2.216819e-04 1.916476e-04 8.869407e-07 4.142165e-04  45.3%
Macro                0.000000e+00 0.000000e+00 0.000000e+00 0.000000e+00   0.0%
Pad                  0.000000e+00 0.000000e+00 0.000000e+00 0.000000e+00   0.0%
------------------------------------------------------------------------
Total                6.164348e-04 2.833990e-04 1.430181e-05 9.141356e-04 100.0%
                            67.4%        31.0%         1.6%

